rg32402:2730064:2730606 [0] NCCL INFO AllReduce: opCount 1 sendbuff 0x149d7aff6a00 recvbuff 0x149d7aff6a00 count 292 datatype 2 op 0 root 0 comm 0x5590904df340 [nranks=8] stream 0x559086329830
rg32402:2730065:2730287 [1] NCCL INFO New proxy send connection 10 from local rank 1, transport 1
rg32402:2730065:2730287 [1] NCCL INFO proxyProgressAsync opId=0x1499a0012d50 op.type=1 op.reqBuff=0x149ac4010e20 op.respSize=16 done
rg32402:2730065:2730957 [1] NCCL INFO ncclPollProxyResponse Received new opId=0x1499a0012d50
rg32402:2730065:2730287 [1] NCCL INFO Received and initiated operation=Init res=0
rg32402:2730065:2730957 [1] NCCL INFO resp.opId=0x1499a0012d50 matches expected opId=0x1499a0012d50
rg32402:2730065:2730957 [1] NCCL INFO Connected to proxy localRank 1 -> connection 0x149ac40053f0
rg32402:2730066:2730284 [2] NCCL INFO New proxy recv connection 10 from local rank 2, transport 1
rg32402:2730066:2730284 [2] NCCL INFO proxyProgressAsync opId=0x153aac012d50 op.type=1 op.reqBuff=0x153ba001d5f0 op.respSize=16 done
rg32402:2730066:2730284 [2] NCCL INFO Received and initiated operation=Init res=0
rg32402:2730067:2730474 [3] NCCL INFO AllReduce: opCount 0 sendbuff 0x145890ff6a00 recvbuff 0x145890ff6a00 count 292 datatype 2 op 0 root 0 comm 0x55f173d4ee00 [nranks=8] stream 0x55f1731d48e0
rg32402:2730064:2730286 [0] NCCL INFO New proxy send connection 10 from local rank 0, transport 1
rg32402:2730064:2730286 [0] NCCL INFO proxyProgressAsync opId=0x149c24012d50 op.type=1 op.reqBuff=0x149d0801d610 op.respSize=16 done
rg32402:2730066:2730958 [2] NCCL INFO ncclPollProxyResponse Received new opId=0x153aac012d50
rg32402:2730066:2730958 [2] NCCL INFO resp.opId=0x153aac012d50 matches expected opId=0x153aac012d50
rg32402:2730066:2730958 [2] NCCL INFO Connected to proxy localRank 2 -> connection 0x153ba00053f0
rg32402:2730064:2730286 [0] NCCL INFO Received and initiated operation=Init res=0
rg32402:2730064:2730959 [0] NCCL INFO ncclPollProxyResponse Received new opId=0x149c24012d50
rg32402:2730064:2730959 [0] NCCL INFO resp.opId=0x149c24012d50 matches expected opId=0x149c24012d50
rg32402:2730064:2730959 [0] NCCL INFO Connected to proxy localRank 0 -> connection 0x149d080053f0
rg32402:2730067:2730285 [3] NCCL INFO New proxy recv connection 10 from local rank 3, transport 1
rg32402:2730067:2730285 [3] NCCL INFO proxyProgressAsync opId=0x145764012d50 op.type=1 op.reqBuff=0x14581c0163a0 op.respSize=16 done
rg32402:2730067:2730285 [3] NCCL INFO Received and initiated operation=Init res=0
rg32402:2730067:2730960 [3] NCCL INFO ncclPollProxyResponse Received new opId=0x145764012d50
rg32402:2730067:2730960 [3] NCCL INFO resp.opId=0x145764012d50 matches expected opId=0x145764012d50
rg32402:2730067:2730960 [3] NCCL INFO Connected to proxy localRank 3 -> connection 0x14581c0053f0
rg32403:3964447:3965243 [2] NCCL INFO AllReduce: opCount 3 sendbuff 0x14aec8ff6a00 recvbuff 0x14aec8ff6a00 count 292 datatype 2 op 0 root 0 comm 0x55a685f96e80 [nranks=8] stream 0x55a6855d4db0
rg32403:3964445:3965235 [0] NCCL INFO AllReduce: opCount 1 sendbuff 0x14cdf0ff6a00 recvbuff 0x14cdf0ff6a00 count 292 datatype 2 op 0 root 0 comm 0x55e679418bc0 [nranks=8] stream 0x55e67aaecc40
rg32403:3964446:3965311 [1] NCCL INFO AllReduce: opCount 3 sendbuff 0x147b84ff6a00 recvbuff 0x147b84ff6a00 count 292 datatype 2 op 0 root 0 comm 0x55d52d8da0c0 [nranks=8] stream 0x55d52cd607f0
rg32403:3964448:3965245 [3] NCCL INFO AllReduce: opCount 0 sendbuff 0x150dccff6a00 recvbuff 0x150dccff6a00 count 292 datatype 2 op 0 root 0 comm 0x55fa19709000 [nranks=8] stream 0x55fa18bc47c0
rg32403:3964445:3964979 [0] NCCL INFO New proxy send connection 10 from local rank 0, transport 1
rg32403:3964445:3964979 [0] NCCL INFO proxyProgressAsync opId=0x14cc48012d50 op.type=1 op.reqBuff=0x14cd7c01d5f0 op.respSize=16 done
rg32403:3964446:3964978 [1] NCCL INFO New proxy send connection 10 from local rank 1, transport 1
rg32403:3964446:3964978 [1] NCCL INFO proxyProgressAsync opId=0x1479e8012d50 op.type=1 op.reqBuff=0x147b10019ce0 op.respSize=16 done
rg32403:3964445:3964979 [0] NCCL INFO Received and initiated operation=Init res=0
rg32403:3964445:3965359 [0] NCCL INFO ncclPollProxyResponse Received new opId=0x14cc48012d50
rg32403:3964445:3965359 [0] NCCL INFO resp.opId=0x14cc48012d50 matches expected opId=0x14cc48012d50
rg32403:3964445:3965359 [0] NCCL INFO Connected to proxy localRank 0 -> connection 0x14cd7c0053f0
rg32403:3964446:3964978 [1] NCCL INFO Received and initiated operation=Init res=0
rg32403:3964446:3965360 [1] NCCL INFO ncclPollProxyResponse Received new opId=0x1479e8012d50
rg32403:3964447:3964980 [2] NCCL INFO New proxy recv connection 10 from local rank 2, transport 1
rg32403:3964447:3964980 [2] NCCL INFO proxyProgressAsync opId=0x14ad5c012d50 op.type=1 op.reqBuff=0x14ae5401d5f0 op.respSize=16 done
rg32403:3964447:3964980 [2] NCCL INFO Received and initiated operation=Init res=0
rg32403:3964448:3964976 [3] NCCL INFO New proxy recv connection 10 from local rank 3, transport 1
rg32403:3964448:3964976 [3] NCCL INFO proxyProgressAsync opId=0x150c28012d50 op.type=1 op.reqBuff=0x150d580163a0 op.respSize=16 done
rg32403:3964448:3964976 [3] NCCL INFO Received and initiated operation=Init res=0
rg32403:3964446:3965360 [1] NCCL INFO resp.opId=0x1479e8012d50 matches expected opId=0x1479e8012d50
rg32403:3964446:3965360 [1] NCCL INFO Connected to proxy localRank 1 -> connection 0x147b100053f0
rg32403:3964447:3965358 [2] NCCL INFO ncclPollProxyResponse Received new opId=0x14ad5c012d50
rg32403:3964447:3965358 [2] NCCL INFO resp.opId=0x14ad5c012d50 matches expected opId=0x14ad5c012d50
rg32403:3964447:3965358 [2] NCCL INFO Connected to proxy localRank 2 -> connection 0x14ae540053f0
rg32403:3964448:3965361 [3] NCCL INFO ncclPollProxyResponse Received new opId=0x150c28012d50
rg32403:3964448:3965361 [3] NCCL INFO resp.opId=0x150c28012d50 matches expected opId=0x150c28012d50
rg32403:3964448:3965361 [3] NCCL INFO Connected to proxy localRank 3 -> connection 0x150d580053f0
rg32402:2730065:2730287 [1] NCCL INFO CUMEM Host Alloc Size 2097152 pointer 0x148ad0400000 handle 149ac4019e40 numa 0 dev 1 granularity 2097152
rg32402:2730065:2730287 [1] NCCL INFO CUMEM allocated shareable buffer 0x148ad0400000 size 4096
rg32402:2730065:2730287 [1] NCCL INFO proxyProgressAsync opId=0x1499a0012d50 op.type=3 op.reqBuff=0x149ac4010e20 op.respSize=112 done
rg32402:2730065:2730957 [1] NCCL INFO ncclPollProxyResponse Received new opId=0x1499a0012d50
rg32402:2730065:2730287 [1] NCCL INFO Received and initiated operation=Setup res=0
rg32402:2730065:2730957 [1] NCCL INFO resp.opId=0x1499a0012d50 matches expected opId=0x1499a0012d50
rg32402:2730065:2730957 [1] NCCL INFO Channel 00 : 1[1] -> 2[2] via SHM/direct/direct
rg32402:2730064:2730286 [0] NCCL INFO CUMEM Host Alloc Size 2097152 pointer 0x148d80a00000 handle 149d0801d790 numa 1 dev 0 granularity 2097152
rg32402:2730064:2730286 [0] NCCL INFO CUMEM allocated shareable buffer 0x148d80a00000 size 4096
rg32402:2730064:2730286 [0] NCCL INFO proxyProgressAsync opId=0x149c24012d50 op.type=3 op.reqBuff=0x149d0801d5f0 op.respSize=112 done
rg32402:2730065:2730287 [1] NCCL INFO New proxy send connection 11 from local rank 1, transport 1
rg32402:2730065:2730287 [1] NCCL INFO proxyProgressAsync opId=0x1499a0012d50 op.type=1 op.reqBuff=0x149ac4010e20 op.respSize=16 done
rg32402:2730065:2730957 [1] NCCL INFO ncclPollProxyResponse Received new opId=0x1499a0012d50
rg32402:2730065:2730287 [1] NCCL INFO Received and initiated operation=Init res=0
rg32402:2730064:2730959 [0] NCCL INFO ncclPollProxyResponse Received new opId=0x149c24012d50
rg32402:2730064:2730286 [0] NCCL INFO Received and initiated operation=Setup res=0
rg32402:2730064:2730959 [0] NCCL INFO resp.opId=0x149c24012d50 matches expected opId=0x149c24012d50
rg32402:2730064:2730959 [0] NCCL INFO Channel 01 : 0[0] -> 3[3] via SHM/direct/direct
rg32402:2730065:2730957 [1] NCCL INFO resp.opId=0x1499a0012d50 matches expected opId=0x1499a0012d50
rg32402:2730065:2730957 [1] NCCL INFO Connected to proxy localRank 1 -> connection 0x149ac4005468
rg32402:2730064:2730286 [0] NCCL INFO New proxy send connection 11 from local rank 0, transport 1
rg32402:2730064:2730286 [0] NCCL INFO proxyProgressAsync opId=0x149c24012d50 op.type=1 op.reqBuff=0x149d0801d5f0 op.respSize=16 done
rg32402:2730064:2730959 [0] NCCL INFO ncclPollProxyResponse Received new opId=0x149c24012d50
rg32402:2730064:2730286 [0] NCCL INFO Received and initiated operation=Init res=0
rg32402:2730064:2730959 [0] NCCL INFO resp.opId=0x149c24012d50 matches expected opId=0x149c24012d50
rg32402:2730064:2730959 [0] NCCL INFO Connected to proxy localRank 0 -> connection 0x149d08005468
rg32402:2730066:2730284 [2] NCCL INFO CUMEM Host Alloc Size 10485760 pointer 0x152dbf000000 handle 153ba001d790 numa 3 dev 2 granularity 2097152
rg32402:2730066:2730284 [2] NCCL INFO CUMEM allocated shareable buffer 0x152dbf000000 size 9637888
rg32402:2730066:2730284 [2] NCCL INFO proxyProgressAsync opId=0x153aac012d50 op.type=3 op.reqBuff=0x153ba001d610 op.respSize=112 done
rg32402:2730067:2730285 [3] NCCL INFO CUMEM Host Alloc Size 10485760 pointer 0x144891000000 handle 14581c018310 numa 2 dev 3 granularity 2097152
rg32402:2730067:2730285 [3] NCCL INFO CUMEM allocated shareable buffer 0x144891000000 size 9637888
rg32402:2730067:2730285 [3] NCCL INFO proxyProgressAsync opId=0x145764012d50 op.type=3 op.reqBuff=0x14581c018210 op.respSize=112 done
rg32402:2730067:2730960 [3] NCCL INFO ncclPollProxyResponse Received new opId=0x145764012d50
rg32402:2730066:2730958 [2] NCCL INFO ncclPollProxyResponse Received new opId=0x153aac012d50
rg32402:2730066:2730284 [2] NCCL INFO Received and initiated operation=Setup res=0
rg32402:2730066:2730958 [2] NCCL INFO resp.opId=0x153aac012d50 matches expected opId=0x153aac012d50
rg32402:2730067:2730285 [3] NCCL INFO Received and initiated operation=Setup res=0
rg32402:2730067:2730960 [3] NCCL INFO resp.opId=0x145764012d50 matches expected opId=0x145764012d50
rg32402:2730066:2730284 [2] NCCL INFO New proxy recv connection 11 from local rank 2, transport 1
rg32402:2730066:2730284 [2] NCCL INFO proxyProgressAsync opId=0x153aac012d50 op.type=1 op.reqBuff=0x153ba001d610 op.respSize=16 done
rg32402:2730067:2730285 [3] NCCL INFO New proxy recv connection 11 from local rank 3, transport 1
rg32402:2730067:2730285 [3] NCCL INFO proxyProgressAsync opId=0x145764012d50 op.type=1 op.reqBuff=0x14581c018210 op.respSize=16 done
rg32402:2730067:2730960 [3] NCCL INFO ncclPollProxyResponse Received new opId=0x145764012d50
rg32402:2730067:2730285 [3] NCCL INFO Received and initiated operation=Init res=0
rg32402:2730067:2730960 [3] NCCL INFO resp.opId=0x145764012d50 matches expected opId=0x145764012d50
rg32402:2730066:2730958 [2] NCCL INFO ncclPollProxyResponse Received new opId=0x153aac012d50
rg32402:2730066:2730284 [2] NCCL INFO Received and initiated operation=Init res=0
rg32402:2730066:2730958 [2] NCCL INFO resp.opId=0x153aac012d50 matches expected opId=0x153aac012d50
rg32402:2730066:2730958 [2] NCCL INFO Connected to proxy localRank 2 -> connection 0x153ba0005468
rg32402:2730067:2730960 [3] NCCL INFO Connected to proxy localRank 3 -> connection 0x14581c005468
rg32403:3964445:3964979 [0] NCCL INFO CUMEM Host Alloc Size 2097152 pointer 0x14bdf0c00000 handle 14cd7c01d790 numa 1 dev 0 granularity 2097152
rg32403:3964445:3964979 [0] NCCL INFO CUMEM allocated shareable buffer 0x14bdf0c00000 size 4096
rg32403:3964445:3964979 [0] NCCL INFO proxyProgressAsync opId=0x14cc48012d50 op.type=3 op.reqBuff=0x14cd7c01d610 op.respSize=112 done
rg32403:3964445:3965359 [0] NCCL INFO ncclPollProxyResponse Received new opId=0x14cc48012d50
rg32403:3964445:3964979 [0] NCCL INFO Received and initiated operation=Setup res=0
rg32403:3964445:3965359 [0] NCCL INFO resp.opId=0x14cc48012d50 matches expected opId=0x14cc48012d50
rg32403:3964445:3965359 [0] NCCL INFO Channel 01 : 4[0] -> 7[3] via SHM/direct/direct
rg32403:3964446:3964978 [1] NCCL INFO CUMEM Host Alloc Size 2097152 pointer 0x146b54400000 handle 147b10019e60 numa 0 dev 1 granularity 2097152
rg32403:3964446:3964978 [1] NCCL INFO CUMEM allocated shareable buffer 0x146b54400000 size 4096
rg32403:3964446:3964978 [1] NCCL INFO proxyProgressAsync opId=0x1479e8012d50 op.type=3 op.reqBuff=0x147b10010e20 op.respSize=112 done
rg32403:3964445:3964979 [0] NCCL INFO New proxy send connection 11 from local rank 0, transport 1
rg32403:3964445:3964979 [0] NCCL INFO proxyProgressAsync opId=0x14cc48012d50 op.type=1 op.reqBuff=0x14cd7c01d610 op.respSize=16 done
rg32403:3964445:3965359 [0] NCCL INFO ncclPollProxyResponse Received new opId=0x14cc48012d50
rg32403:3964445:3964979 [0] NCCL INFO Received and initiated operation=Init res=0
rg32403:3964446:3965360 [1] NCCL INFO ncclPollProxyResponse Received new opId=0x1479e8012d50
rg32403:3964446:3964978 [1] NCCL INFO Received and initiated operation=Setup res=0
rg32403:3964446:3965360 [1] NCCL INFO resp.opId=0x1479e8012d50 matches expected opId=0x1479e8012d50
rg32403:3964445:3965359 [0] NCCL INFO resp.opId=0x14cc48012d50 matches expected opId=0x14cc48012d50
rg32403:3964445:3965359 [0] NCCL INFO Connected to proxy localRank 0 -> connection 0x14cd7c005468
rg32403:3964446:3965360 [1] NCCL INFO Channel 00 : 5[1] -> 6[2] via SHM/direct/direct
rg32403:3964446:3964978 [1] NCCL INFO New proxy send connection 11 from local rank 1, transport 1
rg32403:3964446:3964978 [1] NCCL INFO proxyProgressAsync opId=0x1479e8012d50 op.type=1 op.reqBuff=0x147b10010e20 op.respSize=16 done
rg32403:3964446:3965360 [1] NCCL INFO ncclPollProxyResponse Received new opId=0x1479e8012d50
rg32403:3964446:3964978 [1] NCCL INFO Received and initiated operation=Init res=0
rg32403:3964446:3965360 [1] NCCL INFO resp.opId=0x1479e8012d50 matches expected opId=0x1479e8012d50
rg32403:3964446:3965360 [1] NCCL INFO Connected to proxy localRank 1 -> connection 0x147b10005468
rg32403:3964447:3964980 [2] NCCL INFO CUMEM Host Alloc Size 10485760 pointer 0x149fb7000000 handle 14ae5401d790 numa 3 dev 2 granularity 2097152
rg32403:3964447:3964980 [2] NCCL INFO CUMEM allocated shareable buffer 0x149fb7000000 size 9637888
rg32403:3964447:3964980 [2] NCCL INFO proxyProgressAsync opId=0x14ad5c012d50 op.type=3 op.reqBuff=0x14ae5401d610 op.respSize=112 done
rg32403:3964448:3964976 [3] NCCL INFO CUMEM Host Alloc Size 10485760 pointer 0x14fe2d200000 handle 150d58018310 numa 2 dev 3 granularity 2097152
rg32403:3964448:3964976 [3] NCCL INFO CUMEM allocated shareable buffer 0x14fe2d200000 size 9637888
rg32403:3964448:3964976 [3] NCCL INFO proxyProgressAsync opId=0x150c28012d50 op.type=3 op.reqBuff=0x150d58018210 op.respSize=112 done
rg32403:3964448:3965361 [3] NCCL INFO ncclPollProxyResponse Received new opId=0x150c28012d50
rg32403:3964447:3965358 [2] NCCL INFO ncclPollProxyResponse Received new opId=0x14ad5c012d50
rg32403:3964447:3964980 [2] NCCL INFO Received and initiated operation=Setup res=0
rg32403:3964447:3965358 [2] NCCL INFO resp.opId=0x14ad5c012d50 matches expected opId=0x14ad5c012d50
rg32403:3964448:3964976 [3] NCCL INFO Received and initiated operation=Setup res=0
rg32403:3964448:3965361 [3] NCCL INFO resp.opId=0x150c28012d50 matches expected opId=0x150c28012d50
rg32403:3964447:3964980 [2] NCCL INFO New proxy recv connection 11 from local rank 2, transport 1
rg32403:3964447:3964980 [2] NCCL INFO proxyProgressAsync opId=0x14ad5c012d50 op.type=1 op.reqBuff=0x14ae5401d610 op.respSize=16 done
rg32403:3964447:3965358 [2] NCCL INFO ncclPollProxyResponse Received new opId=0x14ad5c012d50
rg32403:3964447:3964980 [2] NCCL INFO Received and initiated operation=Init res=0
rg32403:3964448:3964976 [3] NCCL INFO New proxy recv connection 11 from local rank 3, transport 1
rg32403:3964448:3964976 [3] NCCL INFO proxyProgressAsync opId=0x150c28012d50 op.type=1 op.reqBuff=0x150d58018210 op.respSize=16 done
rg32403:3964448:3965361 [3] NCCL INFO ncclPollProxyResponse Received new opId=0x150c28012d50
rg32403:3964448:3964976 [3] NCCL INFO Received and initiated operation=Init res=0
rg32403:3964447:3965358 [2] NCCL INFO resp.opId=0x14ad5c012d50 matches expected opId=0x14ad5c012d50
rg32403:3964447:3965358 [2] NCCL INFO Connected to proxy localRank 2 -> connection 0x14ae54005468
rg32403:3964448:3965361 [3] NCCL INFO resp.opId=0x150c28012d50 matches expected opId=0x150c28012d50
rg32403:3964448:3965361 [3] NCCL INFO Connected to proxy localRank 3 -> connection 0x150d58005468
rg32402:2730064:2730286 [0] NCCL INFO CUMEM Host Alloc Size 2097152 pointer 0x148d80c00000 handle 149d08026c60 numa 1 dev 0 granularity 2097152
rg32402:2730064:2730286 [0] NCCL INFO CUMEM allocated shareable buffer 0x148d80c00000 size 4096
rg32402:2730064:2730286 [0] NCCL INFO proxyProgressAsync opId=0x149c24012d50 op.type=3 op.reqBuff=0x149d08026ae0 op.respSize=112 done
rg32402:2730064:2730959 [0] NCCL INFO ncclPollProxyResponse Received new opId=0x149c24012d50
rg32402:2730064:2730286 [0] NCCL INFO Received and initiated operation=Setup res=0
rg32402:2730064:2730959 [0] NCCL INFO resp.opId=0x149c24012d50 matches expected opId=0x149c24012d50
rg32402:2730064:2730959 [0] NCCL INFO Channel 03 : 0[0] -> 3[3] via SHM/direct/direct
rg32402:2730065:2730287 [1] NCCL INFO CUMEM Host Alloc Size 2097152 pointer 0x148ad0600000 handle 149ac4033580 numa 0 dev 1 granularity 2097152
rg32402:2730065:2730287 [1] NCCL INFO CUMEM allocated shareable buffer 0x148ad0600000 size 4096
rg32402:2730065:2730287 [1] NCCL INFO proxyProgressAsync opId=0x1499a0012d50 op.type=3 op.reqBuff=0x149ac4033400 op.respSize=112 done
rg32402:2730065:2730957 [1] NCCL INFO ncclPollProxyResponse Received new opId=0x1499a0012d50
rg32402:2730065:2730287 [1] NCCL INFO Received and initiated operation=Setup res=0
rg32402:2730065:2730957 [1] NCCL INFO resp.opId=0x1499a0012d50 matches expected opId=0x1499a0012d50
rg32402:2730065:2730957 [1] NCCL INFO Channel 02 : 1[1] -> 2[2] via SHM/direct/direct
rg32402:2730067:2730285 [3] NCCL INFO CUMEM Host Alloc Size 10485760 pointer 0x144a26c00000 handle 14581c01a380 numa 2 dev 3 granularity 2097152
rg32402:2730067:2730285 [3] NCCL INFO CUMEM allocated shareable buffer 0x144a26c00000 size 9637888
rg32402:2730067:2730285 [3] NCCL INFO proxyProgressAsync opId=0x145764012d50 op.type=3 op.reqBuff=0x14581c01a280 op.respSize=112 done
rg32402:2730067:2730960 [3] NCCL INFO ncclPollProxyResponse Received new opId=0x145764012d50
rg32402:2730067:2730285 [3] NCCL INFO Received and initiated operation=Setup res=0
rg32402:2730067:2730960 [3] NCCL INFO resp.opId=0x145764012d50 matches expected opId=0x145764012d50
rg32402:2730066:2730284 [2] NCCL INFO CUMEM Host Alloc Size 10485760 pointer 0x152f55000000 handle 153ba0026c60 numa 3 dev 2 granularity 2097152
rg32402:2730066:2730284 [2] NCCL INFO CUMEM allocated shareable buffer 0x152f55000000 size 9637888
rg32402:2730066:2730284 [2] NCCL INFO proxyProgressAsync opId=0x153aac012d50 op.type=3 op.reqBuff=0x153ba0026ae0 op.respSize=112 done
rg32402:2730066:2730958 [2] NCCL INFO ncclPollProxyResponse Received new opId=0x153aac012d50
rg32402:2730066:2730284 [2] NCCL INFO Received and initiated operation=Setup res=0
rg32402:2730066:2730958 [2] NCCL INFO resp.opId=0x153aac012d50 matches expected opId=0x153aac012d50
rg32402:2730066:2730284 [2] NCCL INFO New proxy send connection 12 from local rank 2, transport 1
rg32402:2730066:2730284 [2] NCCL INFO proxyProgressAsync opId=0x153aac012d50 op.type=1 op.reqBuff=0x153ba0026ae0 op.respSize=16 done
rg32402:2730066:2730958 [2] NCCL INFO ncclPollProxyResponse Received new opId=0x153aac012d50
rg32402:2730066:2730284 [2] NCCL INFO Received and initiated operation=Init res=0
rg32402:2730066:2730958 [2] NCCL INFO resp.opId=0x153aac012d50 matches expected opId=0x153aac012d50
rg32402:2730066:2730958 [2] NCCL INFO Connected to proxy localRank 2 -> connection 0x153ba00054e0
rg32402:2730066:2730284 [2] NCCL INFO CUMEM Host Alloc Size 2097152 pointer 0x152c29c00000 handle 153ba0028cd0 numa 3 dev 2 granularity 2097152
rg32402:2730066:2730284 [2] NCCL INFO CUMEM allocated shareable buffer 0x152c29c00000 size 4096
rg32402:2730066:2730284 [2] NCCL INFO proxyProgressAsync opId=0x153aac012d50 op.type=3 op.reqBuff=0x153ba0028bd0 op.respSize=112 done
rg32402:2730066:2730958 [2] NCCL INFO ncclPollProxyResponse Received new opId=0x153aac012d50
rg32402:2730066:2730284 [2] NCCL INFO Received and initiated operation=Setup res=0
rg32402:2730066:2730958 [2] NCCL INFO resp.opId=0x153aac012d50 matches expected opId=0x153aac012d50
rg32402:2730066:2730958 [2] NCCL INFO Channel 00 : 2[2] -> 3[3] via SHM/direct/direct
rg32402:2730066:2730284 [2] NCCL INFO New proxy send connection 13 from local rank 2, transport 1
rg32402:2730066:2730284 [2] NCCL INFO proxyProgressAsync opId=0x153aac012d50 op.type=1 op.reqBuff=0x153ba0028bd0 op.respSize=16 done
rg32402:2730066:2730958 [2] NCCL INFO ncclPollProxyResponse Received new opId=0x153aac012d50
rg32402:2730066:2730284 [2] NCCL INFO Received and initiated operation=Init res=0
rg32402:2730066:2730958 [2] NCCL INFO resp.opId=0x153aac012d50 matches expected opId=0x153aac012d50
rg32402:2730066:2730958 [2] NCCL INFO Connected to proxy localRank 2 -> connection 0x153ba0005558
rg32403:3964445:3964979 [0] NCCL INFO CUMEM Host Alloc Size 2097152 pointer 0x14bdf0e00000 handle 14cd7c026c60 numa 1 dev 0 granularity 2097152
rg32403:3964445:3964979 [0] NCCL INFO CUMEM allocated shareable buffer 0x14bdf0e00000 size 4096
rg32403:3964445:3964979 [0] NCCL INFO proxyProgressAsync opId=0x14cc48012d50 op.type=3 op.reqBuff=0x14cd7c026ae0 op.respSize=112 done
rg32403:3964445:3965359 [0] NCCL INFO ncclPollProxyResponse Received new opId=0x14cc48012d50
rg32403:3964445:3964979 [0] NCCL INFO Received and initiated operation=Setup res=0
rg32403:3964445:3965359 [0] NCCL INFO resp.opId=0x14cc48012d50 matches expected opId=0x14cc48012d50
rg32403:3964445:3965359 [0] NCCL INFO Channel 03 : 4[0] -> 7[3] via SHM/direct/direct
rg32403:3964446:3964978 [1] NCCL INFO CUMEM Host Alloc Size 2097152 pointer 0x146b54600000 handle 147b100334c0 numa 0 dev 1 granularity 2097152
rg32403:3964446:3964978 [1] NCCL INFO CUMEM allocated shareable buffer 0x146b54600000 size 4096
rg32403:3964446:3964978 [1] NCCL INFO proxyProgressAsync opId=0x1479e8012d50 op.type=3 op.reqBuff=0x147b10033340 op.respSize=112 done
rg32403:3964446:3965360 [1] NCCL INFO ncclPollProxyResponse Received new opId=0x1479e8012d50
rg32403:3964446:3964978 [1] NCCL INFO Received and initiated operation=Setup res=0
rg32403:3964446:3965360 [1] NCCL INFO resp.opId=0x1479e8012d50 matches expected opId=0x1479e8012d50
rg32403:3964446:3965360 [1] NCCL INFO Channel 02 : 5[1] -> 6[2] via SHM/direct/direct
rg32403:3964447:3964980 [2] NCCL INFO CUMEM Host Alloc Size 10485760 pointer 0x14a00f000000 handle 14ae54026d00 numa 3 dev 2 granularity 2097152
rg32403:3964447:3964980 [2] NCCL INFO CUMEM allocated shareable buffer 0x14a00f000000 size 9637888
rg32403:3964447:3964980 [2] NCCL INFO proxyProgressAsync opId=0x14ad5c012d50 op.type=3 op.reqBuff=0x14ae54026b80 op.respSize=112 done
rg32403:3964447:3965358 [2] NCCL INFO ncclPollProxyResponse Received new opId=0x14ad5c012d50
rg32403:3964447:3964980 [2] NCCL INFO Received and initiated operation=Setup res=0
rg32403:3964447:3965358 [2] NCCL INFO resp.opId=0x14ad5c012d50 matches expected opId=0x14ad5c012d50
rg32403:3964448:3964976 [3] NCCL INFO CUMEM Host Alloc Size 10485760 pointer 0x14fe86c00000 handle 150d5801a380 numa 2 dev 3 granularity 2097152
rg32403:3964448:3964976 [3] NCCL INFO CUMEM allocated shareable buffer 0x14fe86c00000 size 9637888
rg32403:3964448:3964976 [3] NCCL INFO proxyProgressAsync opId=0x150c28012d50 op.type=3 op.reqBuff=0x150d5801a280 op.respSize=112 done
rg32403:3964447:3964980 [2] NCCL INFO New proxy send connection 12 from local rank 2, transport 1
rg32403:3964447:3964980 [2] NCCL INFO proxyProgressAsync opId=0x14ad5c012d50 op.type=1 op.reqBuff=0x14ae54026b80 op.respSize=16 done
rg32403:3964448:3965361 [3] NCCL INFO ncclPollProxyResponse Received new opId=0x150c28012d50
rg32403:3964448:3964976 [3] NCCL INFO Received and initiated operation=Setup res=0
rg32403:3964448:3965361 [3] NCCL INFO resp.opId=0x150c28012d50 matches expected opId=0x150c28012d50
rg32403:3964447:3965358 [2] NCCL INFO ncclPollProxyResponse Received new opId=0x14ad5c012d50
rg32403:3964447:3964980 [2] NCCL INFO Received and initiated operation=Init res=0
rg32403:3964447:3965358 [2] NCCL INFO resp.opId=0x14ad5c012d50 matches expected opId=0x14ad5c012d50
rg32403:3964447:3965358 [2] NCCL INFO Connected to proxy localRank 2 -> connection 0x14ae540054e0
rg32402:2730066:2730284 [2] NCCL INFO CUMEM Host Alloc Size 2097152 pointer 0x152c29e00000 handle 153ba002ad40 numa 3 dev 2 granularity 2097152
rg32402:2730066:2730284 [2] NCCL INFO CUMEM allocated shareable buffer 0x152c29e00000 size 4096
rg32402:2730066:2730284 [2] NCCL INFO proxyProgressAsync opId=0x153aac012d50 op.type=3 op.reqBuff=0x153ba002ac40 op.respSize=112 done
rg32402:2730066:2730958 [2] NCCL INFO ncclPollProxyResponse Received new opId=0x153aac012d50
rg32402:2730066:2730284 [2] NCCL INFO Received and initiated operation=Setup res=0
rg32402:2730066:2730958 [2] NCCL INFO resp.opId=0x153aac012d50 matches expected opId=0x153aac012d50
rg32402:2730066:2730958 [2] NCCL INFO Channel 02 : 2[2] -> 3[3] via SHM/direct/direct
rg32402:2730065:2730287 [1] NCCL INFO New proxy recv connection 12 from local rank 1, transport 2
rg32402:2730065:2730287 [1] NCCL INFO proxyProgressAsync opId=0x1499a0012d50 op.type=1 op.reqBuff=0x149ac4033400 op.respSize=16 done
rg32402:2730065:2730957 [1] NCCL INFO ncclPollProxyResponse Received new opId=0x1499a0012d50
rg32402:2730065:2730287 [1] NCCL INFO Received and initiated operation=Init res=0
rg32402:2730065:2730957 [1] NCCL INFO resp.opId=0x1499a0012d50 matches expected opId=0x1499a0012d50
rg32402:2730065:2730957 [1] NCCL INFO Connected to proxy localRank 1 -> connection 0x149ac40054e0
rg32402:2730067:2730285 [3] NCCL INFO New proxy recv connection 12 from local rank 3, transport 1
rg32402:2730067:2730285 [3] NCCL INFO proxyProgressAsync opId=0x145764012d50 op.type=1 op.reqBuff=0x14581c01a280 op.respSize=16 done
rg32402:2730067:2730960 [3] NCCL INFO ncclPollProxyResponse Received new opId=0x145764012d50
rg32402:2730067:2730285 [3] NCCL INFO Received and initiated operation=Init res=0
rg32402:2730067:2730960 [3] NCCL INFO resp.opId=0x145764012d50 matches expected opId=0x145764012d50
rg32402:2730067:2730960 [3] NCCL INFO Connected to proxy localRank 3 -> connection 0x14581c0054e0
rg32402:2730066:2730284 [2] NCCL INFO New proxy recv connection 14 from local rank 2, transport 1
rg32402:2730066:2730284 [2] NCCL INFO proxyProgressAsync opId=0x153aac012d50 op.type=1 op.reqBuff=0x153ba002ac40 op.respSize=16 done
rg32402:2730066:2730958 [2] NCCL INFO ncclPollProxyResponse Received new opId=0x153aac012d50
rg32402:2730066:2730284 [2] NCCL INFO Received and initiated operation=Init res=0
rg32402:2730066:2730958 [2] NCCL INFO resp.opId=0x153aac012d50 matches expected opId=0x153aac012d50
rg32402:2730066:2730958 [2] NCCL INFO Connected to proxy localRank 2 -> connection 0x153ba00055d0
rg32403:3964447:3964980 [2] NCCL INFO CUMEM Host Alloc Size 2097152 pointer 0x149f5f800000 handle 14ae54028d70 numa 3 dev 2 granularity 2097152
rg32403:3964447:3964980 [2] NCCL INFO CUMEM allocated shareable buffer 0x149f5f800000 size 4096
rg32403:3964447:3964980 [2] NCCL INFO proxyProgressAsync opId=0x14ad5c012d50 op.type=3 op.reqBuff=0x14ae54028c70 op.respSize=112 done
rg32403:3964447:3965358 [2] NCCL INFO ncclPollProxyResponse Received new opId=0x14ad5c012d50
rg32402:2730065:2730287 [1] NCCL INFO proxyProgressAsync opId=0x1499a0012d50 op.type=3 op.reqBuff=0x149ac4035290 op.respSize=128 done
rg32402:2730065:2730957 [1] NCCL INFO ncclPollProxyResponse Received new opId=0x1499a0012d50
rg32402:2730065:2730287 [1] NCCL INFO Received and initiated operation=Setup res=0
rg32403:3964447:3964980 [2] NCCL INFO Received and initiated operation=Setup res=0
rg32403:3964447:3965358 [2] NCCL INFO resp.opId=0x14ad5c012d50 matches expected opId=0x14ad5c012d50
rg32403:3964447:3965358 [2] NCCL INFO Channel 00 : 6[2] -> 7[3] via SHM/direct/direct
rg32402:2730065:2730957 [1] NCCL INFO resp.opId=0x1499a0012d50 matches expected opId=0x1499a0012d50
rg32402:2730065:2730957 [1] NCCL INFO Channel 00/0 : 5[1] -> 1[1] [receive] via NET/Socket/0
rg32403:3964447:3964980 [2] NCCL INFO New proxy send connection 13 from local rank 2, transport 1
rg32403:3964447:3964980 [2] NCCL INFO proxyProgressAsync opId=0x14ad5c012d50 op.type=1 op.reqBuff=0x14ae54028c70 op.respSize=16 done
rg32403:3964447:3965358 [2] NCCL INFO ncclPollProxyResponse Received new opId=0x14ad5c012d50
rg32402:2730065:2730287 [1] NCCL INFO New proxy recv connection 13 from local rank 1, transport 2
rg32402:2730065:2730287 [1] NCCL INFO proxyProgressAsync opId=0x1499a0012d50 op.type=1 op.reqBuff=0x149ac4035270 op.respSize=16 done
rg32402:2730065:2730957 [1] NCCL INFO ncclPollProxyResponse Received new opId=0x1499a0012d50
rg32402:2730065:2730287 [1] NCCL INFO Received and initiated operation=Init res=0
rg32402:2730065:2730957 [1] NCCL INFO resp.opId=0x1499a0012d50 matches expected opId=0x1499a0012d50
rg32402:2730065:2730957 [1] NCCL INFO Connected to proxy localRank 1 -> connection 0x149ac4005558
rg32403:3964447:3964980 [2] NCCL INFO Received and initiated operation=Init res=0
rg32403:3964447:3965358 [2] NCCL INFO resp.opId=0x14ad5c012d50 matches expected opId=0x14ad5c012d50
rg32403:3964447:3965358 [2] NCCL INFO Connected to proxy localRank 2 -> connection 0x14ae54005558
rg32402:2730065:2730287 [1] NCCL INFO proxyProgressAsync opId=0x1499a0012d50 op.type=3 op.reqBuff=0x149ac40352c0 op.respSize=128 done
rg32402:2730065:2730957 [1] NCCL INFO ncclPollProxyResponse Received new opId=0x1499a0012d50
rg32402:2730065:2730287 [1] NCCL INFO Received and initiated operation=Setup res=0
rg32402:2730065:2730957 [1] NCCL INFO resp.opId=0x1499a0012d50 matches expected opId=0x1499a0012d50
rg32402:2730065:2730957 [1] NCCL INFO Channel 01/0 : 5[1] -> 1[1] [receive] via NET/Socket/0
rg32402:2730065:2730287 [1] NCCL INFO New proxy recv connection 14 from local rank 1, transport 2
rg32402:2730065:2730287 [1] NCCL INFO proxyProgressAsync opId=0x1499a0012d50 op.type=1 op.reqBuff=0x149ac4033400 op.respSize=16 done
rg32402:2730065:2730957 [1] NCCL INFO ncclPollProxyResponse Received new opId=0x1499a0012d50
rg32402:2730065:2730287 [1] NCCL INFO Received and initiated operation=Init res=0
rg32402:2730065:2730957 [1] NCCL INFO resp.opId=0x1499a0012d50 matches expected opId=0x1499a0012d50
rg32402:2730065:2730957 [1] NCCL INFO Connected to proxy localRank 1 -> connection 0x149ac40055d0
rg32402:2730065:2730287 [1] NCCL INFO proxyProgressAsync opId=0x1499a0012d50 op.type=3 op.reqBuff=0x149ac40352f0 op.respSize=128 done
rg32402:2730065:2730957 [1] NCCL INFO ncclPollProxyResponse Received new opId=0x1499a0012d50
rg32402:2730065:2730287 [1] NCCL INFO Received and initiated operation=Setup res=0
rg32402:2730065:2730957 [1] NCCL INFO resp.opId=0x1499a0012d50 matches expected opId=0x1499a0012d50
rg32402:2730065:2730957 [1] NCCL INFO Channel 02/0 : 5[1] -> 1[1] [receive] via NET/Socket/0
rg32402:2730065:2730287 [1] NCCL INFO New proxy recv connection 15 from local rank 1, transport 2
rg32402:2730065:2730287 [1] NCCL INFO proxyProgressAsync opId=0x1499a0012d50 op.type=1 op.reqBuff=0x149ac4035270 op.respSize=16 done
rg32402:2730065:2730957 [1] NCCL INFO ncclPollProxyResponse Received new opId=0x1499a0012d50
rg32402:2730065:2730287 [1] NCCL INFO Received and initiated operation=Init res=0
rg32402:2730065:2730957 [1] NCCL INFO resp.opId=0x1499a0012d50 matches expected opId=0x1499a0012d50
rg32402:2730065:2730957 [1] NCCL INFO Connected to proxy localRank 1 -> connection 0x149ac4005648
rg32402:2730065:2730287 [1] NCCL INFO proxyProgressAsync opId=0x1499a0012d50 op.type=3 op.reqBuff=0x149ac40352f0 op.respSize=128 done
rg32402:2730065:2730957 [1] NCCL INFO ncclPollProxyResponse Received new opId=0x1499a0012d50
rg32402:2730065:2730287 [1] NCCL INFO Received and initiated operation=Setup res=0
rg32402:2730065:2730957 [1] NCCL INFO resp.opId=0x1499a0012d50 matches expected opId=0x1499a0012d50
rg32402:2730065:2730957 [1] NCCL INFO Channel 03/0 : 5[1] -> 1[1] [receive] via NET/Socket/0
rg32402:2730065:2730287 [1] NCCL INFO New proxy send connection 16 from local rank 1, transport 2
rg32402:2730065:2730287 [1] NCCL INFO proxyProgressAsync opId=0x1499a0012d50 op.type=1 op.reqBuff=0x149ac4033400 op.respSize=16 done
rg32402:2730065:2730957 [1] NCCL INFO ncclPollProxyResponse Received new opId=0x1499a0012d50
rg32402:2730065:2730287 [1] NCCL INFO Received and initiated operation=Init res=0
rg32402:2730065:2730957 [1] NCCL INFO resp.opId=0x1499a0012d50 matches expected opId=0x1499a0012d50
rg32402:2730065:2730957 [1] NCCL INFO Connected to proxy localRank 1 -> connection 0x149ac40056c0
rg32402:2730065:2730287 [1] NCCL INFO proxyProgressAsync opId=0x1499a0012d50 op.type=3 op.reqBuff=0x149ac40352f0 op.respSize=0 done
rg32402:2730065:2730287 [1] NCCL INFO Received and initiated operation=Setup res=0
rg32402:2730065:2730957 [1] NCCL INFO ncclPollProxyResponse Received new opId=0x1499a0012d50
rg32402:2730065:2730957 [1] NCCL INFO resp.opId=0x1499a0012d50 matches expected opId=0x1499a0012d50
rg32402:2730065:2730957 [1] NCCL INFO Channel 00/0 : 1[1] -> 5[1] [send] via NET/Socket/0
rg32403:3964447:3964980 [2] NCCL INFO CUMEM Host Alloc Size 2097152 pointer 0x149f5fa00000 handle 14ae5402ade0 numa 3 dev 2 granularity 2097152
rg32403:3964447:3964980 [2] NCCL INFO CUMEM allocated shareable buffer 0x149f5fa00000 size 4096
rg32403:3964447:3964980 [2] NCCL INFO proxyProgressAsync opId=0x14ad5c012d50 op.type=3 op.reqBuff=0x14ae5402ace0 op.respSize=112 done
rg32402:2730065:2730287 [1] NCCL INFO New proxy send connection 17 from local rank 1, transport 2
rg32402:2730065:2730287 [1] NCCL INFO proxyProgressAsync opId=0x1499a0012d50 op.type=1 op.reqBuff=0x149ac4035270 op.respSize=16 done
rg32402:2730065:2730957 [1] NCCL INFO ncclPollProxyResponse Received new opId=0x1499a0012d50
rg32402:2730065:2730287 [1] NCCL INFO Received and initiated operation=Init res=0
rg32402:2730065:2730957 [1] NCCL INFO resp.opId=0x1499a0012d50 matches expected opId=0x1499a0012d50
rg32402:2730065:2730957 [1] NCCL INFO Connected to proxy localRank 1 -> connection 0x149ac4005738
rg32403:3964447:3965358 [2] NCCL INFO ncclPollProxyResponse Received new opId=0x14ad5c012d50
rg32403:3964447:3964980 [2] NCCL INFO Received and initiated operation=Setup res=0
rg32403:3964447:3965358 [2] NCCL INFO resp.opId=0x14ad5c012d50 matches expected opId=0x14ad5c012d50
rg32403:3964447:3965358 [2] NCCL INFO Channel 02 : 6[2] -> 7[3] via SHM/direct/direct
rg32402:2730065:2730287 [1] NCCL INFO proxyProgressAsync opId=0x1499a0012d50 op.type=3 op.reqBuff=0x149ac40352f0 op.respSize=0 done
rg32402:2730065:2730287 [1] NCCL INFO Received and initiated operation=Setup res=0
rg32402:2730065:2730957 [1] NCCL INFO ncclPollProxyResponse Received new opId=0x1499a0012d50
rg32402:2730065:2730957 [1] NCCL INFO resp.opId=0x1499a0012d50 matches expected opId=0x1499a0012d50
rg32402:2730065:2730957 [1] NCCL INFO Channel 01/0 : 1[1] -> 5[1] [send] via NET/Socket/0
rg32402:2730065:2730287 [1] NCCL INFO New proxy send connection 18 from local rank 1, transport 2
rg32402:2730065:2730287 [1] NCCL INFO proxyProgressAsync opId=0x1499a0012d50 op.type=1 op.reqBuff=0x149ac4033400 op.respSize=16 done
rg32402:2730065:2730957 [1] NCCL INFO ncclPollProxyResponse Received new opId=0x1499a0012d50
rg32402:2730065:2730287 [1] NCCL INFO Received and initiated operation=Init res=0
rg32402:2730065:2730957 [1] NCCL INFO resp.opId=0x1499a0012d50 matches expected opId=0x1499a0012d50
rg32402:2730065:2730957 [1] NCCL INFO Connected to proxy localRank 1 -> connection 0x149ac40057b0
rg32403:3964446:3964978 [1] NCCL INFO New proxy recv connection 12 from local rank 1, transport 2
rg32403:3964446:3964978 [1] NCCL INFO proxyProgressAsync opId=0x1479e8012d50 op.type=1 op.reqBuff=0x147b10033340 op.respSize=16 done
rg32403:3964446:3965360 [1] NCCL INFO ncclPollProxyResponse Received new opId=0x1479e8012d50
rg32403:3964446:3964978 [1] NCCL INFO Received and initiated operation=Init res=0
rg32403:3964446:3965360 [1] NCCL INFO resp.opId=0x1479e8012d50 matches expected opId=0x1479e8012d50
rg32403:3964446:3965360 [1] NCCL INFO Connected to proxy localRank 1 -> connection 0x147b100054e0
rg32403:3964448:3964976 [3] NCCL INFO New proxy recv connection 12 from local rank 3, transport 1
rg32403:3964448:3964976 [3] NCCL INFO proxyProgressAsync opId=0x150c28012d50 op.type=1 op.reqBuff=0x150d5801a280 op.respSize=16 done
rg32402:2730065:2730287 [1] NCCL INFO proxyProgressAsync opId=0x1499a0012d50 op.type=3 op.reqBuff=0x149ac40352f0 op.respSize=0 done
rg32402:2730065:2730287 [1] NCCL INFO Received and initiated operation=Setup res=0
rg32402:2730065:2730957 [1] NCCL INFO ncclPollProxyResponse Received new opId=0x1499a0012d50
rg32403:3964448:3965361 [3] NCCL INFO ncclPollProxyResponse Received new opId=0x150c28012d50
rg32403:3964448:3964976 [3] NCCL INFO Received and initiated operation=Init res=0
rg32403:3964448:3965361 [3] NCCL INFO resp.opId=0x150c28012d50 matches expected opId=0x150c28012d50
rg32402:2730065:2730957 [1] NCCL INFO resp.opId=0x1499a0012d50 matches expected opId=0x1499a0012d50
rg32402:2730065:2730957 [1] NCCL INFO Channel 02/0 : 1[1] -> 5[1] [send] via NET/Socket/0
rg32403:3964448:3965361 [3] NCCL INFO Connected to proxy localRank 3 -> connection 0x150d580054e0
rg32402:2730065:2730287 [1] NCCL INFO New proxy send connection 19 from local rank 1, transport 2
rg32402:2730065:2730287 [1] NCCL INFO proxyProgressAsync opId=0x1499a0012d50 op.type=1 op.reqBuff=0x149ac4035270 op.respSize=16 done
rg32402:2730065:2730957 [1] NCCL INFO ncclPollProxyResponse Received new opId=0x1499a0012d50
rg32402:2730065:2730287 [1] NCCL INFO Received and initiated operation=Init res=0
rg32402:2730065:2730957 [1] NCCL INFO resp.opId=0x1499a0012d50 matches expected opId=0x1499a0012d50
rg32402:2730065:2730957 [1] NCCL INFO Connected to proxy localRank 1 -> connection 0x149ac4005828
rg32403:3964447:3964980 [2] NCCL INFO New proxy recv connection 14 from local rank 2, transport 1
rg32403:3964447:3964980 [2] NCCL INFO proxyProgressAsync opId=0x14ad5c012d50 op.type=1 op.reqBuff=0x14ae5402ace0 op.respSize=16 done
rg32403:3964447:3965358 [2] NCCL INFO ncclPollProxyResponse Received new opId=0x14ad5c012d50
rg32403:3964447:3964980 [2] NCCL INFO Received and initiated operation=Init res=0
rg32403:3964447:3965358 [2] NCCL INFO resp.opId=0x14ad5c012d50 matches expected opId=0x14ad5c012d50
rg32403:3964447:3965358 [2] NCCL INFO Connected to proxy localRank 2 -> connection 0x14ae540055d0
rg32402:2730065:2730287 [1] NCCL INFO proxyProgressAsync opId=0x1499a0012d50 op.type=3 op.reqBuff=0x149ac40352f0 op.respSize=0 done
rg32402:2730065:2730287 [1] NCCL INFO Received and initiated operation=Setup res=0
rg32402:2730065:2730957 [1] NCCL INFO ncclPollProxyResponse Received new opId=0x1499a0012d50
rg32402:2730065:2730957 [1] NCCL INFO resp.opId=0x1499a0012d50 matches expected opId=0x1499a0012d50
rg32402:2730065:2730957 [1] NCCL INFO Channel 03/0 : 1[1] -> 5[1] [send] via NET/Socket/0
rg32403:3964446:3964978 [1] NCCL INFO proxyProgressAsync opId=0x1479e8012d50 op.type=3 op.reqBuff=0x147b100351d0 op.respSize=128 done
rg32403:3964446:3965360 [1] NCCL INFO ncclPollProxyResponse Received new opId=0x1479e8012d50
rg32403:3964446:3964978 [1] NCCL INFO Received and initiated operation=Setup res=0
rg32403:3964446:3965360 [1] NCCL INFO resp.opId=0x1479e8012d50 matches expected opId=0x1479e8012d50
rg32403:3964446:3965360 [1] NCCL INFO Channel 00/0 : 1[1] -> 5[1] [receive] via NET/Socket/0
rg32403:3964446:3964978 [1] NCCL INFO New proxy recv connection 13 from local rank 1, transport 2
rg32403:3964446:3964978 [1] NCCL INFO proxyProgressAsync opId=0x1479e8012d50 op.type=1 op.reqBuff=0x147b100351b0 op.respSize=16 done
rg32403:3964446:3965360 [1] NCCL INFO ncclPollProxyResponse Received new opId=0x1479e8012d50
rg32403:3964446:3964978 [1] NCCL INFO Received and initiated operation=Init res=0
rg32403:3964446:3965360 [1] NCCL INFO resp.opId=0x1479e8012d50 matches expected opId=0x1479e8012d50
rg32403:3964446:3965360 [1] NCCL INFO Connected to proxy localRank 1 -> connection 0x147b10005558
rg32403:3964446:3964978 [1] NCCL INFO proxyProgressAsync opId=0x1479e8012d50 op.type=3 op.reqBuff=0x147b10035200 op.respSize=128 done
rg32403:3964446:3965360 [1] NCCL INFO ncclPollProxyResponse Received new opId=0x1479e8012d50
rg32403:3964446:3964978 [1] NCCL INFO Received and initiated operation=Setup res=0
rg32403:3964446:3965360 [1] NCCL INFO resp.opId=0x1479e8012d50 matches expected opId=0x1479e8012d50
rg32403:3964446:3965360 [1] NCCL INFO Channel 01/0 : 1[1] -> 5[1] [receive] via NET/Socket/0
rg32403:3964446:3964978 [1] NCCL INFO New proxy recv connection 14 from local rank 1, transport 2
rg32403:3964446:3964978 [1] NCCL INFO proxyProgressAsync opId=0x1479e8012d50 op.type=1 op.reqBuff=0x147b10033340 op.respSize=16 done
rg32403:3964446:3965360 [1] NCCL INFO ncclPollProxyResponse Received new opId=0x1479e8012d50
rg32403:3964446:3964978 [1] NCCL INFO Received and initiated operation=Init res=0
rg32403:3964446:3965360 [1] NCCL INFO resp.opId=0x1479e8012d50 matches expected opId=0x1479e8012d50
rg32403:3964446:3965360 [1] NCCL INFO Connected to proxy localRank 1 -> connection 0x147b100055d0
rg32403:3964446:3964978 [1] NCCL INFO proxyProgressAsync opId=0x1479e8012d50 op.type=3 op.reqBuff=0x147b10035230 op.respSize=128 done
rg32403:3964446:3965360 [1] NCCL INFO ncclPollProxyResponse Received new opId=0x1479e8012d50
rg32403:3964446:3964978 [1] NCCL INFO Received and initiated operation=Setup res=0
rg32403:3964446:3965360 [1] NCCL INFO resp.opId=0x1479e8012d50 matches expected opId=0x1479e8012d50
rg32403:3964446:3965360 [1] NCCL INFO Channel 02/0 : 1[1] -> 5[1] [receive] via NET/Socket/0
rg32403:3964446:3964978 [1] NCCL INFO New proxy recv connection 15 from local rank 1, transport 2
rg32403:3964446:3964978 [1] NCCL INFO proxyProgressAsync opId=0x1479e8012d50 op.type=1 op.reqBuff=0x147b100351b0 op.respSize=16 done
rg32403:3964446:3965360 [1] NCCL INFO ncclPollProxyResponse Received new opId=0x1479e8012d50
rg32403:3964446:3964978 [1] NCCL INFO Received and initiated operation=Init res=0
rg32403:3964446:3965360 [1] NCCL INFO resp.opId=0x1479e8012d50 matches expected opId=0x1479e8012d50
rg32403:3964446:3965360 [1] NCCL INFO Connected to proxy localRank 1 -> connection 0x147b10005648
rg32403:3964446:3964978 [1] NCCL INFO proxyProgressAsync opId=0x1479e8012d50 op.type=3 op.reqBuff=0x147b10035260 op.respSize=128 done
rg32403:3964446:3965360 [1] NCCL INFO ncclPollProxyResponse Received new opId=0x1479e8012d50
rg32403:3964446:3964978 [1] NCCL INFO Received and initiated operation=Setup res=0
rg32403:3964446:3965360 [1] NCCL INFO resp.opId=0x1479e8012d50 matches expected opId=0x1479e8012d50
rg32403:3964446:3965360 [1] NCCL INFO Channel 03/0 : 1[1] -> 5[1] [receive] via NET/Socket/0
rg32403:3964446:3964978 [1] NCCL INFO New proxy send connection 16 from local rank 1, transport 2
rg32403:3964446:3964978 [1] NCCL INFO proxyProgressAsync opId=0x1479e8012d50 op.type=1 op.reqBuff=0x147b10033340 op.respSize=16 done
rg32403:3964446:3965360 [1] NCCL INFO ncclPollProxyResponse Received new opId=0x1479e8012d50
rg32403:3964446:3964978 [1] NCCL INFO Received and initiated operation=Init res=0
rg32403:3964446:3965360 [1] NCCL INFO resp.opId=0x1479e8012d50 matches expected opId=0x1479e8012d50
rg32403:3964446:3965360 [1] NCCL INFO Connected to proxy localRank 1 -> connection 0x147b100056c0
rg32403:3964446:3964978 [1] NCCL INFO proxyProgressAsync opId=0x1479e8012d50 op.type=3 op.reqBuff=0x147b10035260 op.respSize=0 done
rg32403:3964446:3964978 [1] NCCL INFO Received and initiated operation=Setup res=0
rg32403:3964446:3965360 [1] NCCL INFO ncclPollProxyResponse Received new opId=0x1479e8012d50
rg32403:3964446:3965360 [1] NCCL INFO resp.opId=0x1479e8012d50 matches expected opId=0x1479e8012d50
rg32403:3964446:3965360 [1] NCCL INFO Channel 00/0 : 5[1] -> 1[1] [send] via NET/Socket/0
rg32403:3964446:3964978 [1] NCCL INFO New proxy send connection 17 from local rank 1, transport 2
rg32403:3964446:3964978 [1] NCCL INFO proxyProgressAsync opId=0x1479e8012d50 op.type=1 op.reqBuff=0x147b100351b0 op.respSize=16 done
rg32403:3964446:3965360 [1] NCCL INFO ncclPollProxyResponse Received new opId=0x1479e8012d50
rg32403:3964446:3964978 [1] NCCL INFO Received and initiated operation=Init res=0
rg32403:3964446:3965360 [1] NCCL INFO resp.opId=0x1479e8012d50 matches expected opId=0x1479e8012d50
rg32403:3964446:3965360 [1] NCCL INFO Connected to proxy localRank 1 -> connection 0x147b10005738
rg32403:3964446:3964978 [1] NCCL INFO proxyProgressAsync opId=0x1479e8012d50 op.type=3 op.reqBuff=0x147b10035260 op.respSize=0 done
rg32403:3964446:3964978 [1] NCCL INFO Received and initiated operation=Setup res=0
rg32403:3964446:3965360 [1] NCCL INFO ncclPollProxyResponse Received new opId=0x1479e8012d50
rg32403:3964446:3965360 [1] NCCL INFO resp.opId=0x1479e8012d50 matches expected opId=0x1479e8012d50
rg32403:3964446:3965360 [1] NCCL INFO Channel 01/0 : 5[1] -> 1[1] [send] via NET/Socket/0
rg32403:3964446:3964978 [1] NCCL INFO New proxy send connection 18 from local rank 1, transport 2
rg32403:3964446:3964978 [1] NCCL INFO proxyProgressAsync opId=0x1479e8012d50 op.type=1 op.reqBuff=0x147b10033340 op.respSize=16 done
rg32403:3964446:3965360 [1] NCCL INFO ncclPollProxyResponse Received new opId=0x1479e8012d50
rg32403:3964446:3964978 [1] NCCL INFO Received and initiated operation=Init res=0
rg32403:3964446:3965360 [1] NCCL INFO resp.opId=0x1479e8012d50 matches expected opId=0x1479e8012d50
rg32403:3964446:3965360 [1] NCCL INFO Connected to proxy localRank 1 -> connection 0x147b100057b0
rg32403:3964446:3964978 [1] NCCL INFO proxyProgressAsync opId=0x1479e8012d50 op.type=3 op.reqBuff=0x147b10035260 op.respSize=0 done
rg32403:3964446:3964978 [1] NCCL INFO Received and initiated operation=Setup res=0
rg32403:3964446:3965360 [1] NCCL INFO ncclPollProxyResponse Received new opId=0x1479e8012d50
rg32403:3964446:3965360 [1] NCCL INFO resp.opId=0x1479e8012d50 matches expected opId=0x1479e8012d50
rg32403:3964446:3965360 [1] NCCL INFO Channel 02/0 : 5[1] -> 1[1] [send] via NET/Socket/0
rg32403:3964446:3964978 [1] NCCL INFO New proxy send connection 19 from local rank 1, transport 2
rg32403:3964446:3964978 [1] NCCL INFO proxyProgressAsync opId=0x1479e8012d50 op.type=1 op.reqBuff=0x147b100351b0 op.respSize=16 done
rg32403:3964446:3965360 [1] NCCL INFO ncclPollProxyResponse Received new opId=0x1479e8012d50
rg32403:3964446:3964978 [1] NCCL INFO Received and initiated operation=Init res=0
rg32403:3964446:3965360 [1] NCCL INFO resp.opId=0x1479e8012d50 matches expected opId=0x1479e8012d50
rg32403:3964446:3965360 [1] NCCL INFO Connected to proxy localRank 1 -> connection 0x147b10005828
rg32403:3964446:3964978 [1] NCCL INFO proxyProgressAsync opId=0x1479e8012d50 op.type=3 op.reqBuff=0x147b10035260 op.respSize=0 done
rg32403:3964446:3964978 [1] NCCL INFO Received and initiated operation=Setup res=0
rg32403:3964446:3965360 [1] NCCL INFO ncclPollProxyResponse Received new opId=0x1479e8012d50
rg32403:3964446:3965360 [1] NCCL INFO resp.opId=0x1479e8012d50 matches expected opId=0x1479e8012d50
rg32403:3964446:3965360 [1] NCCL INFO Channel 03/0 : 5[1] -> 1[1] [send] via NET/Socket/0
rg32402:2730065:2730287 [1] NCCL INFO New proxy recv connection 20 from local rank 1, transport 1
rg32402:2730065:2730287 [1] NCCL INFO proxyProgressAsync opId=0x1499a0012d50 op.type=1 op.reqBuff=0x149ac4033400 op.respSize=16 done
rg32402:2730065:2730957 [1] NCCL INFO ncclPollProxyResponse Received new opId=0x1499a0012d50
rg32402:2730065:2730287 [1] NCCL INFO Received and initiated operation=Init res=0
rg32402:2730065:2730957 [1] NCCL INFO resp.opId=0x1499a0012d50 matches expected opId=0x1499a0012d50
rg32402:2730065:2730957 [1] NCCL INFO Connected to proxy localRank 1 -> connection 0x149ac40058a0
rg32403:3964446:3964978 [1] NCCL INFO New proxy recv connection 20 from local rank 1, transport 1
rg32403:3964446:3964978 [1] NCCL INFO proxyProgressAsync opId=0x1479e8012d50 op.type=1 op.reqBuff=0x147b10033340 op.respSize=16 done
rg32403:3964446:3965360 [1] NCCL INFO ncclPollProxyResponse Received new opId=0x1479e8012d50
rg32403:3964446:3964978 [1] NCCL INFO Received and initiated operation=Init res=0
rg32403:3964446:3965360 [1] NCCL INFO resp.opId=0x1479e8012d50 matches expected opId=0x1479e8012d50
rg32403:3964446:3965360 [1] NCCL INFO Connected to proxy localRank 1 -> connection 0x147b100058a0
rg32402:2730067:2730285 [3] NCCL INFO CUMEM Host Alloc Size 10485760 pointer 0x144a27600000 handle 14581c01c3f0 numa 2 dev 3 granularity 2097152
rg32402:2730067:2730285 [3] NCCL INFO CUMEM allocated shareable buffer 0x144a27600000 size 9637888
rg32402:2730067:2730285 [3] NCCL INFO proxyProgressAsync opId=0x145764012d50 op.type=3 op.reqBuff=0x14581c01c2f0 op.respSize=112 done
rg32402:2730067:2730960 [3] NCCL INFO ncclPollProxyResponse Received new opId=0x145764012d50
rg32402:2730066:2730284 [2] NCCL INFO CUMEM Host Alloc Size 10485760 pointer 0x1530eb000000 handle 153ba002c9f0 numa 3 dev 2 granularity 2097152
rg32402:2730066:2730284 [2] NCCL INFO CUMEM allocated shareable buffer 0x1530eb000000 size 9637888
rg32402:2730067:2730285 [3] NCCL INFO Received and initiated operation=Setup res=0
rg32402:2730067:2730960 [3] NCCL INFO resp.opId=0x145764012d50 matches expected opId=0x145764012d50
rg32402:2730066:2730284 [2] NCCL INFO proxyProgressAsync opId=0x153aac012d50 op.type=3 op.reqBuff=0x153ba002c8f0 op.respSize=112 done
rg32402:2730066:2730958 [2] NCCL INFO ncclPollProxyResponse Received new opId=0x153aac012d50
rg32402:2730066:2730284 [2] NCCL INFO Received and initiated operation=Setup res=0
rg32402:2730066:2730958 [2] NCCL INFO resp.opId=0x153aac012d50 matches expected opId=0x153aac012d50
