rg32403:3964446:3964978 [1] NCCL INFO transport/net.cc:805 Cuda Host Alloc Size 9641984 pointer 0x146cc5600000
rg32403:3964446:3964978 [1] NCCL INFO proxyProgressAsync opId=0x147b433d7048 op.type=4 op.reqBuff=0x147b1005e940 op.respSize=1400 done
rg32403:3964446:3965360 [1] NCCL INFO ncclPollProxyResponse Received new opId=0x147b433d7048
rg32403:3964446:3965360 [1] NCCL INFO resp.opId=0x147b433d7048 matches expected opId=0x147b433d7048
rg32403:3964446:3965360 [1] NCCL INFO sendConnect ncclPollProxyResponse opId=0x147b433d7048
rg32403:3964446:3964978 [1] NCCL INFO Received and initiated operation=Connect res=0
rg32403:3964446:3964978 [1] NCCL INFO transport/net.cc:958 Cuda Host Alloc Size 9641984 pointer 0x146cf3200000
rg32403:3964446:3964978 [1] NCCL INFO proxyProgressAsync opId=0x147b433d71f8 op.type=4 op.reqBuff=0x147b1005ee90 op.respSize=1400 done
rg32403:3964446:3965360 [1] NCCL INFO ncclPollProxyResponse Received new opId=0x147b433d71f8
rg32403:3964446:3965360 [1] NCCL INFO resp.opId=0x147b433d71f8 matches expected opId=0x147b433d71f8
rg32403:3964446:3965360 [1] NCCL INFO recvConnect ncclPollProxyResponse opId=0x147b433d71f8
rg32403:3964446:3964978 [1] NCCL INFO Received and initiated operation=Connect res=0
rg32403:3964448:3965361 [3] NCCL INFO Connected all trees
rg32402:2730065:2730957 [1] NCCL INFO Connected all trees
rg32403:3964446:3965360 [1] NCCL INFO Connected all trees
rg32402:2730066:2730958 [2] NCCL INFO Connected all trees
rg32403:3964447:3965358 [2] NCCL INFO Connected all trees
rg32402:2730066:2730397 [2] NCCL INFO AllReduce: opCount 3 sendbuff 0x153b66600000 recvbuff 0x153b66600000 count 3234308 datatype 7 op 0 root 0 comm 0x55dea986fa00 [nranks=8] stream 0x55dea8eae960
rg32402:2730065:2730611 [1] NCCL INFO AllReduce: opCount 4 sendbuff 0x149a8a600000 recvbuff 0x149a8a600000 count 3234308 datatype 7 op 0 root 0 comm 0x5596d7df5dc0 [nranks=8] stream 0x5596d74344c0
rg32403:3964447:3965243 [2] NCCL INFO AllReduce: opCount 3 sendbuff 0x14ae1a600000 recvbuff 0x14ae1a600000 count 3234308 datatype 7 op 0 root 0 comm 0x55a685f96e80 [nranks=8] stream 0x55a6855d4db0
rg32402:2730067:2730474 [3] NCCL INFO AllReduce: opCount 0 sendbuff 0x1457ea600000 recvbuff 0x1457ea600000 count 3234308 datatype 7 op 0 root 0 comm 0x55f173d4ee00 [nranks=8] stream 0x55f1731d48e0
rg32403:3964446:3965311 [1] NCCL INFO AllReduce: opCount 4 sendbuff 0x147ad6600000 recvbuff 0x147ad6600000 count 3234308 datatype 7 op 0 root 0 comm 0x55d52d8da0c0 [nranks=8] stream 0x55d52cd607f0
rg32403:3964448:3965245 [3] NCCL INFO AllReduce: opCount 0 sendbuff 0x150d26600000 recvbuff 0x150d26600000 count 3234308 datatype 7 op 0 root 0 comm 0x55fa19709000 [nranks=8] stream 0x55fa18bc47c0
rg32402:2730064:2730606 [0] NCCL INFO AllReduce: opCount 1 sendbuff 0x149cce600000 recvbuff 0x149cce600000 count 3234308 datatype 7 op 0 root 0 comm 0x5590904df340 [nranks=8] stream 0x559086329830
rg32402:2730064:2730606 [0] NCCL INFO AllReduce: 12937232 Bytes -> Algo RING proto SIMPLE channel{Lo..Hi}={0..3}
rg32403:3964445:3965235 [0] NCCL INFO AllReduce: opCount 1 sendbuff 0x14cd42600000 recvbuff 0x14cd42600000 count 3234308 datatype 7 op 0 root 0 comm 0x55e679418bc0 [nranks=8] stream 0x55e67aaecc40
rg32402:2730066:2730397 [2] NCCL INFO AllReduce: opCount 4 sendbuff 0x153b66600000 recvbuff 0x153b66600000 count 3234308 datatype 7 op 0 root 0 comm 0x55dea986fa00 [nranks=8] stream 0x55dea8eae960
rg32403:3964447:3965243 [2] NCCL INFO AllReduce: opCount 4 sendbuff 0x14ae1a600000 recvbuff 0x14ae1a600000 count 3234308 datatype 7 op 0 root 0 comm 0x55a685f96e80 [nranks=8] stream 0x55a6855d4db0
rg32402:2730067:2730474 [3] NCCL INFO AllReduce: opCount 0 sendbuff 0x1457ea600000 recvbuff 0x1457ea600000 count 3234308 datatype 7 op 0 root 0 comm 0x55f173d4ee00 [nranks=8] stream 0x55f1731d48e0
rg32402:2730065:2730611 [1] NCCL INFO AllReduce: opCount 5 sendbuff 0x149a8a600000 recvbuff 0x149a8a600000 count 3234308 datatype 7 op 0 root 0 comm 0x5596d7df5dc0 [nranks=8] stream 0x5596d74344c0
rg32403:3964446:3965311 [1] NCCL INFO AllReduce: opCount 5 sendbuff 0x147ad6600000 recvbuff 0x147ad6600000 count 3234308 datatype 7 op 0 root 0 comm 0x55d52d8da0c0 [nranks=8] stream 0x55d52cd607f0
rg32403:3964448:3965245 [3] NCCL INFO AllReduce: opCount 0 sendbuff 0x150d26600000 recvbuff 0x150d26600000 count 3234308 datatype 7 op 0 root 0 comm 0x55fa19709000 [nranks=8] stream 0x55fa18bc47c0
rg32403:3964445:3965235 [0] NCCL INFO AllReduce: opCount 2 sendbuff 0x14cd42600000 recvbuff 0x14cd42600000 count 3234308 datatype 7 op 0 root 0 comm 0x55e679418bc0 [nranks=8] stream 0x55e67aaecc40
rg32402:2730064:2730606 [0] NCCL INFO AllReduce: opCount 2 sendbuff 0x149cce600000 recvbuff 0x149cce600000 count 3234308 datatype 7 op 0 root 0 comm 0x5590904df340 [nranks=8] stream 0x559086329830
rg32402:2730064:2730606 [0] NCCL INFO AllReduce: 12937232 Bytes -> Algo RING proto SIMPLE channel{Lo..Hi}={0..3}
rg32402:2730065:2730065 [1] NCCL INFO Broadcast: opCount 6 sendbuff 0x149b36ff7200 recvbuff 0x149b36ff7200 count 293 datatype 2 op 0 root 0 comm 0x5596d7df5dc0 [nranks=8] stream 0x5596d74344c0
rg32403:3964447:3964447 [2] NCCL INFO Broadcast: opCount 5 sendbuff 0x14aec8ff7200 recvbuff 0x14aec8ff7200 count 293 datatype 2 op 0 root 0 comm 0x55a685f96e80 [nranks=8] stream 0x55a6855d4db0
rg32402:2730066:2730066 [2] NCCL INFO Broadcast: opCount 5 sendbuff 0x153c12ff7200 recvbuff 0x153c12ff7200 count 293 datatype 2 op 0 root 0 comm 0x55dea986fa00 [nranks=8] stream 0x55dea8eae960
rg32403:3964446:3964446 [1] NCCL INFO Broadcast: opCount 6 sendbuff 0x147b84ff7200 recvbuff 0x147b84ff7200 count 293 datatype 2 op 0 root 0 comm 0x55d52d8da0c0 [nranks=8] stream 0x55d52cd607f0
rg32402:2730067:2730067 [3] NCCL INFO Broadcast: opCount 0 sendbuff 0x145890ff7200 recvbuff 0x145890ff7200 count 293 datatype 2 op 0 root 0 comm 0x55f173d4ee00 [nranks=8] stream 0x55f1731d48e0
rg32403:3964448:3964448 [3] NCCL INFO Broadcast: opCount 0 sendbuff 0x150dccff7200 recvbuff 0x150dccff7200 count 293 datatype 2 op 0 root 0 comm 0x55fa19709000 [nranks=8] stream 0x55fa18bc47c0
rg32403:3964445:3964445 [0] NCCL INFO Broadcast: opCount 3 sendbuff 0x14cdf0ff7200 recvbuff 0x14cdf0ff7200 count 293 datatype 2 op 0 root 0 comm 0x55e679418bc0 [nranks=8] stream 0x55e67aaecc40
rg32402:2730064:2730064 [0] NCCL INFO Broadcast: opCount 3 sendbuff 0x149d7aff7200 recvbuff 0x149d7aff7200 count 293 datatype 2 op 0 root 0 comm 0x5590904df340 [nranks=8] stream 0x559086329830
rg32402:2730064:2730064 [0] NCCL INFO Broadcast: 1172 Bytes -> Algo RING proto LL channel{Lo..Hi}={0..0}
rg32402:2730066:2730066 [2] NCCL INFO Broadcast: opCount 6 sendbuff 0x153c12ff7800 recvbuff 0x153c12ff7800 count 2 datatype 2 op 0 root 0 comm 0x55dea986fa00 [nranks=8] stream 0x55dea8eae960
rg32403:3964446:3964446 [1] NCCL INFO Broadcast: opCount 7 sendbuff 0x147b84ff7800 recvbuff 0x147b84ff7800 count 2 datatype 2 op 0 root 0 comm 0x55d52d8da0c0 [nranks=8] stream 0x55d52cd607f0
rg32402:2730067:2730067 [3] NCCL INFO Broadcast: opCount 0 sendbuff 0x145890ff7800 recvbuff 0x145890ff7800 count 2 datatype 2 op 0 root 0 comm 0x55f173d4ee00 [nranks=8] stream 0x55f1731d48e0
rg32402:2730065:2730065 [1] NCCL INFO Broadcast: opCount 7 sendbuff 0x149b36ff7800 recvbuff 0x149b36ff7800 count 2 datatype 2 op 0 root 0 comm 0x5596d7df5dc0 [nranks=8] stream 0x5596d74344c0
rg32403:3964447:3964447 [2] NCCL INFO Broadcast: opCount 6 sendbuff 0x14aec8ff7800 recvbuff 0x14aec8ff7800 count 2 datatype 2 op 0 root 0 comm 0x55a685f96e80 [nranks=8] stream 0x55a6855d4db0
rg32403:3964445:3964445 [0] NCCL INFO Broadcast: opCount 3 sendbuff 0x14cdf0ff7800 recvbuff 0x14cdf0ff7800 count 2 datatype 2 op 0 root 0 comm 0x55e679418bc0 [nranks=8] stream 0x55e67aaecc40
rg32403:3964448:3964448 [3] NCCL INFO Broadcast: opCount 0 sendbuff 0x150dccff7800 recvbuff 0x150dccff7800 count 2 datatype 2 op 0 root 0 comm 0x55fa19709000 [nranks=8] stream 0x55fa18bc47c0
rg32402:2730064:2730064 [0] NCCL INFO Broadcast: opCount 3 sendbuff 0x149d7aff7800 recvbuff 0x149d7aff7800 count 2 datatype 2 op 0 root 0 comm 0x5590904df340 [nranks=8] stream 0x559086329830
rg32402:2730064:2730064 [0] NCCL INFO Broadcast: 8 Bytes -> Algo RING proto LL channel{Lo..Hi}={0..0}
rg32402:2730066:2730397 [2] NCCL INFO AllReduce: opCount 7 sendbuff 0x1536fbadfa00 recvbuff 0x1536fbadfa00 count 264196 datatype 7 op 0 root 0 comm 0x55dea986fa00 [nranks=8] stream 0x55dea8eae960
rg32403:3964447:3965243 [2] NCCL INFO AllReduce: opCount 7 sendbuff 0x14ae21baba00 recvbuff 0x14ae21baba00 count 264196 datatype 7 op 0 root 0 comm 0x55a685f96e80 [nranks=8] stream 0x55a6855d4db0
rg32402:2730065:2730611 [1] NCCL INFO AllReduce: opCount 8 sendbuff 0x149492feee00 recvbuff 0x149492feee00 count 264196 datatype 7 op 0 root 0 comm 0x5596d7df5dc0 [nranks=8] stream 0x5596d74344c0
rg32403:3964446:3965311 [1] NCCL INFO AllReduce: opCount 8 sendbuff 0x1475d0cde800 recvbuff 0x1475d0cde800 count 264196 datatype 7 op 0 root 0 comm 0x55d52d8da0c0 [nranks=8] stream 0x55d52cd607f0
rg32402:2730067:2730474 [3] NCCL INFO AllReduce: opCount 0 sendbuff 0x145362a01800 recvbuff 0x145362a01800 count 264196 datatype 7 op 0 root 0 comm 0x55f173d4ee00 [nranks=8] stream 0x55f1731d48e0
rg32402:2730064:2730606 [0] NCCL INFO AllReduce: opCount 3 sendbuff 0x149d2d34f000 recvbuff 0x149d2d34f000 count 264196 datatype 7 op 0 root 0 comm 0x5590904df340 [nranks=8] stream 0x559086329830
rg32402:2730064:2730606 [0] NCCL INFO AllReduce: 1056784 Bytes -> Algo RING proto LL channel{Lo..Hi}={0..3}
rg32403:3964448:3965245 [3] NCCL INFO AllReduce: opCount 0 sendbuff 0x150d2e98e600 recvbuff 0x150d2e98e600 count 264196 datatype 7 op 0 root 0 comm 0x55fa19709000 [nranks=8] stream 0x55fa18bc47c0
rg32403:3964445:3965235 [0] NCCL INFO AllReduce: opCount 3 sendbuff 0x14cda32c6600 recvbuff 0x14cda32c6600 count 264196 datatype 7 op 0 root 0 comm 0x55e679418bc0 [nranks=8] stream 0x55e67aaecc40
rg32403:3964447:3965243 [2] NCCL INFO AllReduce: opCount 8 sendbuff 0x14ae43f6da00 recvbuff 0x14ae43f6da00 count 2970112 datatype 7 op 0 root 0 comm 0x55a685f96e80 [nranks=8] stream 0x55a6855d4db0
rg32402:2730065:2730611 [1] NCCL INFO AllReduce: opCount 9 sendbuff 0x149a94a00000 recvbuff 0x149a94a00000 count 2970112 datatype 7 op 0 root 0 comm 0x5596d7df5dc0 [nranks=8] stream 0x5596d74344c0
rg32402:2730066:2730397 [2] NCCL INFO AllReduce: opCount 8 sendbuff 0x153b90a57200 recvbuff 0x153b90a57200 count 2970112 datatype 7 op 0 root 0 comm 0x55dea986fa00 [nranks=8] stream 0x55dea8eae960
rg32403:3964446:3965311 [1] NCCL INFO AllReduce: opCount 9 sendbuff 0x147ae0a00000 recvbuff 0x147ae0a00000 count 2970112 datatype 7 op 0 root 0 comm 0x55d52d8da0c0 [nranks=8] stream 0x55d52cd607f0
rg32402:2730067:2730474 [3] NCCL INFO AllReduce: opCount 0 sendbuff 0x145362c00000 recvbuff 0x145362c00000 count 2970112 datatype 7 op 0 root 0 comm 0x55f173d4ee00 [nranks=8] stream 0x55f1731d48e0
rg32403:3964448:3965245 [3] NCCL INFO AllReduce: opCount 0 sendbuff 0x150d3138be00 recvbuff 0x150d3138be00 count 2970112 datatype 7 op 0 root 0 comm 0x55fa19709000 [nranks=8] stream 0x55fa18bc47c0
rg32402:2730064:2730606 [0] NCCL INFO AllReduce: opCount 4 sendbuff 0x149d2d451200 recvbuff 0x149d2d451200 count 2970112 datatype 7 op 0 root 0 comm 0x5590904df340 [nranks=8] stream 0x559086329830
rg32403:3964445:3965235 [0] NCCL INFO AllReduce: opCount 4 sendbuff 0x14cd4ca00000 recvbuff 0x14cd4ca00000 count 2970112 datatype 7 op 0 root 0 comm 0x55e679418bc0 [nranks=8] stream 0x55e67aaecc40
rg32402:2730064:2730606 [0] NCCL INFO AllReduce: 11880448 Bytes -> Algo RING proto SIMPLE channel{Lo..Hi}={0..3}
rg32402:2730065:2730611 [1] NCCL INFO AllReduce: opCount a sendbuff 0x149492feee00 recvbuff 0x149492feee00 count 264196 datatype 7 op 0 root 0 comm 0x5596d7df5dc0 [nranks=8] stream 0x5596d74344c0
rg32403:3964447:3965243 [2] NCCL INFO AllReduce: opCount 9 sendbuff 0x14ae21baba00 recvbuff 0x14ae21baba00 count 264196 datatype 7 op 0 root 0 comm 0x55a685f96e80 [nranks=8] stream 0x55a6855d4db0
rg32402:2730064:2730606 [0] NCCL INFO AllReduce: opCount 5 sendbuff 0x149d2d34f000 recvbuff 0x149d2d34f000 count 264196 datatype 7 op 0 root 0 comm 0x5590904df340 [nranks=8] stream 0x559086329830
rg32403:3964448:3965245 [3] NCCL INFO AllReduce: opCount 0 sendbuff 0x150d2e98e600 recvbuff 0x150d2e98e600 count 264196 datatype 7 op 0 root 0 comm 0x55fa19709000 [nranks=8] stream 0x55fa18bc47c0
rg32402:2730066:2730397 [2] NCCL INFO AllReduce: opCount 9 sendbuff 0x1536fbadfa00 recvbuff 0x1536fbadfa00 count 264196 datatype 7 op 0 root 0 comm 0x55dea986fa00 [nranks=8] stream 0x55dea8eae960
rg32402:2730064:2730606 [0] NCCL INFO AllReduce: 1056784 Bytes -> Algo RING proto LL channel{Lo..Hi}={0..3}
rg32403:3964446:3965311 [1] NCCL INFO AllReduce: opCount a sendbuff 0x1475d0cde800 recvbuff 0x1475d0cde800 count 264196 datatype 7 op 0 root 0 comm 0x55d52d8da0c0 [nranks=8] stream 0x55d52cd607f0
rg32402:2730067:2730474 [3] NCCL INFO AllReduce: opCount 0 sendbuff 0x145362a01800 recvbuff 0x145362a01800 count 264196 datatype 7 op 0 root 0 comm 0x55f173d4ee00 [nranks=8] stream 0x55f1731d48e0
rg32403:3964445:3965235 [0] NCCL INFO AllReduce: opCount 5 sendbuff 0x14cda32c6600 recvbuff 0x14cda32c6600 count 264196 datatype 7 op 0 root 0 comm 0x55e679418bc0 [nranks=8] stream 0x55e67aaecc40
rg32402:2730066:2730397 [2] NCCL INFO AllReduce: opCount a sendbuff 0x153b90a57200 recvbuff 0x153b90a57200 count 2970112 datatype 7 op 0 root 0 comm 0x55dea986fa00 [nranks=8] stream 0x55dea8eae960
rg32403:3964446:3965311 [1] NCCL INFO AllReduce: opCount b sendbuff 0x147ae0a00000 recvbuff 0x147ae0a00000 count 2970112 datatype 7 op 0 root 0 comm 0x55d52d8da0c0 [nranks=8] stream 0x55d52cd607f0
rg32402:2730065:2730611 [1] NCCL INFO AllReduce: opCount b sendbuff 0x149a94a00000 recvbuff 0x149a94a00000 count 2970112 datatype 7 op 0 root 0 comm 0x5596d7df5dc0 [nranks=8] stream 0x5596d74344c0
rg32402:2730067:2730474 [3] NCCL INFO AllReduce: opCount 0 sendbuff 0x145362c00000 recvbuff 0x145362c00000 count 2970112 datatype 7 op 0 root 0 comm 0x55f173d4ee00 [nranks=8] stream 0x55f1731d48e0
rg32403:3964447:3965243 [2] NCCL INFO AllReduce: opCount a sendbuff 0x14ae43f6da00 recvbuff 0x14ae43f6da00 count 2970112 datatype 7 op 0 root 0 comm 0x55a685f96e80 [nranks=8] stream 0x55a6855d4db0
rg32403:3964445:3965235 [0] NCCL INFO AllReduce: opCount 6 sendbuff 0x14cd4ca00000 recvbuff 0x14cd4ca00000 count 2970112 datatype 7 op 0 root 0 comm 0x55e679418bc0 [nranks=8] stream 0x55e67aaecc40
rg32402:2730064:2730606 [0] NCCL INFO AllReduce: opCount 6 sendbuff 0x149d2d451200 recvbuff 0x149d2d451200 count 2970112 datatype 7 op 0 root 0 comm 0x5590904df340 [nranks=8] stream 0x559086329830
rg32403:3964448:3965245 [3] NCCL INFO AllReduce: opCount 0 sendbuff 0x150d3138be00 recvbuff 0x150d3138be00 count 2970112 datatype 7 op 0 root 0 comm 0x55fa19709000 [nranks=8] stream 0x55fa18bc47c0
rg32402:2730064:2730606 [0] NCCL INFO AllReduce: 11880448 Bytes -> Algo RING proto SIMPLE channel{Lo..Hi}={0..3}
rg32403:3964447:3965243 [2] NCCL INFO AllReduce: opCount b sendbuff 0x14ae21baba00 recvbuff 0x14ae21baba00 count 264196 datatype 7 op 0 root 0 comm 0x55a685f96e80 [nranks=8] stream 0x55a6855d4db0
rg32402:2730065:2730611 [1] NCCL INFO AllReduce: opCount c sendbuff 0x149492feee00 recvbuff 0x149492feee00 count 264196 datatype 7 op 0 root 0 comm 0x5596d7df5dc0 [nranks=8] stream 0x5596d74344c0
rg32402:2730066:2730397 [2] NCCL INFO AllReduce: opCount b sendbuff 0x1536fbadfa00 recvbuff 0x1536fbadfa00 count 264196 datatype 7 op 0 root 0 comm 0x55dea986fa00 [nranks=8] stream 0x55dea8eae960
rg32403:3964446:3965311 [1] NCCL INFO AllReduce: opCount c sendbuff 0x1475d0cde800 recvbuff 0x1475d0cde800 count 264196 datatype 7 op 0 root 0 comm 0x55d52d8da0c0 [nranks=8] stream 0x55d52cd607f0
rg32402:2730064:2730606 [0] NCCL INFO AllReduce: opCount 7 sendbuff 0x149d2d34f000 recvbuff 0x149d2d34f000 count 264196 datatype 7 op 0 root 0 comm 0x5590904df340 [nranks=8] stream 0x559086329830
rg32402:2730064:2730606 [0] NCCL INFO AllReduce: 1056784 Bytes -> Algo RING proto LL channel{Lo..Hi}={0..3}
rg32403:3964448:3965245 [3] NCCL INFO AllReduce: opCount 0 sendbuff 0x150d2e98e600 recvbuff 0x150d2e98e600 count 264196 datatype 7 op 0 root 0 comm 0x55fa19709000 [nranks=8] stream 0x55fa18bc47c0
rg32402:2730067:2730474 [3] NCCL INFO AllReduce: opCount 0 sendbuff 0x145362a01800 recvbuff 0x145362a01800 count 264196 datatype 7 op 0 root 0 comm 0x55f173d4ee00 [nranks=8] stream 0x55f1731d48e0
rg32403:3964445:3965235 [0] NCCL INFO AllReduce: opCount 7 sendbuff 0x14cda32c6600 recvbuff 0x14cda32c6600 count 264196 datatype 7 op 0 root 0 comm 0x55e679418bc0 [nranks=8] stream 0x55e67aaecc40
rg32403:3964447:3965243 [2] NCCL INFO AllReduce: opCount c sendbuff 0x14ae43f6da00 recvbuff 0x14ae43f6da00 count 2970112 datatype 7 op 0 root 0 comm 0x55a685f96e80 [nranks=8] stream 0x55a6855d4db0
rg32402:2730065:2730611 [1] NCCL INFO AllReduce: opCount d sendbuff 0x149a94a00000 recvbuff 0x149a94a00000 count 2970112 datatype 7 op 0 root 0 comm 0x5596d7df5dc0 [nranks=8] stream 0x5596d74344c0
rg32402:2730066:2730397 [2] NCCL INFO AllReduce: opCount c sendbuff 0x153b90a57200 recvbuff 0x153b90a57200 count 2970112 datatype 7 op 0 root 0 comm 0x55dea986fa00 [nranks=8] stream 0x55dea8eae960
rg32403:3964446:3965311 [1] NCCL INFO AllReduce: opCount d sendbuff 0x147ae0a00000 recvbuff 0x147ae0a00000 count 2970112 datatype 7 op 0 root 0 comm 0x55d52d8da0c0 [nranks=8] stream 0x55d52cd607f0
rg32403:3964448:3965245 [3] NCCL INFO AllReduce: opCount 0 sendbuff 0x150d3138be00 recvbuff 0x150d3138be00 count 2970112 datatype 7 op 0 root 0 comm 0x55fa19709000 [nranks=8] stream 0x55fa18bc47c0
rg32402:2730067:2730474 [3] NCCL INFO AllReduce: opCount 0 sendbuff 0x145362c00000 recvbuff 0x145362c00000 count 2970112 datatype 7 op 0 root 0 comm 0x55f173d4ee00 [nranks=8] stream 0x55f1731d48e0
rg32403:3964445:3965235 [0] NCCL INFO AllReduce: opCount 8 sendbuff 0x14cd4ca00000 recvbuff 0x14cd4ca00000 count 2970112 datatype 7 op 0 root 0 comm 0x55e679418bc0 [nranks=8] stream 0x55e67aaecc40
rg32402:2730064:2730606 [0] NCCL INFO AllReduce: opCount 8 sendbuff 0x149d2d451200 recvbuff 0x149d2d451200 count 2970112 datatype 7 op 0 root 0 comm 0x5590904df340 [nranks=8] stream 0x559086329830
rg32402:2730064:2730606 [0] NCCL INFO AllReduce: 11880448 Bytes -> Algo RING proto SIMPLE channel{Lo..Hi}={0..3}
rg32403:3964447:3965243 [2] NCCL INFO AllReduce: opCount d sendbuff 0x14ae21baba00 recvbuff 0x14ae21baba00 count 264196 datatype 7 op 0 root 0 comm 0x55a685f96e80 [nranks=8] stream 0x55a6855d4db0
rg32402:2730065:2730611 [1] NCCL INFO AllReduce: opCount e sendbuff 0x149492feee00 recvbuff 0x149492feee00 count 264196 datatype 7 op 0 root 0 comm 0x5596d7df5dc0 [nranks=8] stream 0x5596d74344c0
rg32402:2730066:2730397 [2] NCCL INFO AllReduce: opCount d sendbuff 0x1536fbadfa00 recvbuff 0x1536fbadfa00 count 264196 datatype 7 op 0 root 0 comm 0x55dea986fa00 [nranks=8] stream 0x55dea8eae960
rg32403:3964448:3965245 [3] NCCL INFO AllReduce: opCount 0 sendbuff 0x150d2e98e600 recvbuff 0x150d2e98e600 count 264196 datatype 7 op 0 root 0 comm 0x55fa19709000 [nranks=8] stream 0x55fa18bc47c0
rg32402:2730064:2730606 [0] NCCL INFO AllReduce: opCount 9 sendbuff 0x149d2d34f000 recvbuff 0x149d2d34f000 count 264196 datatype 7 op 0 root 0 comm 0x5590904df340 [nranks=8] stream 0x559086329830
rg32402:2730064:2730606 [0] NCCL INFO AllReduce: 1056784 Bytes -> Algo RING proto LL channel{Lo..Hi}={0..3}
rg32403:3964446:3965311 [1] NCCL INFO AllReduce: opCount e sendbuff 0x1475d0cde800 recvbuff 0x1475d0cde800 count 264196 datatype 7 op 0 root 0 comm 0x55d52d8da0c0 [nranks=8] stream 0x55d52cd607f0
rg32402:2730067:2730474 [3] NCCL INFO AllReduce: opCount 0 sendbuff 0x145362a01800 recvbuff 0x145362a01800 count 264196 datatype 7 op 0 root 0 comm 0x55f173d4ee00 [nranks=8] stream 0x55f1731d48e0
rg32403:3964445:3965235 [0] NCCL INFO AllReduce: opCount 9 sendbuff 0x14cda32c6600 recvbuff 0x14cda32c6600 count 264196 datatype 7 op 0 root 0 comm 0x55e679418bc0 [nranks=8] stream 0x55e67aaecc40
rg32403:3964447:3965243 [2] NCCL INFO AllReduce: opCount e sendbuff 0x14ae43f6da00 recvbuff 0x14ae43f6da00 count 2970112 datatype 7 op 0 root 0 comm 0x55a685f96e80 [nranks=8] stream 0x55a6855d4db0
rg32402:2730065:2730611 [1] NCCL INFO AllReduce: opCount f sendbuff 0x149a94a00000 recvbuff 0x149a94a00000 count 2970112 datatype 7 op 0 root 0 comm 0x5596d7df5dc0 [nranks=8] stream 0x5596d74344c0
rg32402:2730066:2730397 [2] NCCL INFO AllReduce: opCount e sendbuff 0x153b90a57200 recvbuff 0x153b90a57200 count 2970112 datatype 7 op 0 root 0 comm 0x55dea986fa00 [nranks=8] stream 0x55dea8eae960
rg32403:3964446:3965311 [1] NCCL INFO AllReduce: opCount f sendbuff 0x147ae0a00000 recvbuff 0x147ae0a00000 count 2970112 datatype 7 op 0 root 0 comm 0x55d52d8da0c0 [nranks=8] stream 0x55d52cd607f0
rg32403:3964448:3965245 [3] NCCL INFO AllReduce: opCount 0 sendbuff 0x150d3138be00 recvbuff 0x150d3138be00 count 2970112 datatype 7 op 0 root 0 comm 0x55fa19709000 [nranks=8] stream 0x55fa18bc47c0
rg32402:2730067:2730474 [3] NCCL INFO AllReduce: opCount 0 sendbuff 0x145362c00000 recvbuff 0x145362c00000 count 2970112 datatype 7 op 0 root 0 comm 0x55f173d4ee00 [nranks=8] stream 0x55f1731d48e0
rg32403:3964445:3965235 [0] NCCL INFO AllReduce: opCount a sendbuff 0x14cd4ca00000 recvbuff 0x14cd4ca00000 count 2970112 datatype 7 op 0 root 0 comm 0x55e679418bc0 [nranks=8] stream 0x55e67aaecc40
rg32402:2730064:2730606 [0] NCCL INFO AllReduce: opCount a sendbuff 0x149d2d451200 recvbuff 0x149d2d451200 count 2970112 datatype 7 op 0 root 0 comm 0x5590904df340 [nranks=8] stream 0x559086329830
rg32402:2730064:2730606 [0] NCCL INFO AllReduce: 11880448 Bytes -> Algo RING proto SIMPLE channel{Lo..Hi}={0..3}
rg32403:3964447:3965243 [2] NCCL INFO AllReduce: opCount f sendbuff 0x14ae21baba00 recvbuff 0x14ae21baba00 count 264196 datatype 7 op 0 root 0 comm 0x55a685f96e80 [nranks=8] stream 0x55a6855d4db0
rg32402:2730065:2730611 [1] NCCL INFO AllReduce: opCount 10 sendbuff 0x149492feee00 recvbuff 0x149492feee00 count 264196 datatype 7 op 0 root 0 comm 0x5596d7df5dc0 [nranks=8] stream 0x5596d74344c0
rg32402:2730066:2730397 [2] NCCL INFO AllReduce: opCount f sendbuff 0x1536fbadfa00 recvbuff 0x1536fbadfa00 count 264196 datatype 7 op 0 root 0 comm 0x55dea986fa00 [nranks=8] stream 0x55dea8eae960
rg32403:3964446:3965311 [1] NCCL INFO AllReduce: opCount 10 sendbuff 0x1475d0cde800 recvbuff 0x1475d0cde800 count 264196 datatype 7 op 0 root 0 comm 0x55d52d8da0c0 [nranks=8] stream 0x55d52cd607f0
rg32403:3964448:3965245 [3] NCCL INFO AllReduce: opCount 0 sendbuff 0x150d2e98e600 recvbuff 0x150d2e98e600 count 264196 datatype 7 op 0 root 0 comm 0x55fa19709000 [nranks=8] stream 0x55fa18bc47c0
rg32402:2730067:2730474 [3] NCCL INFO AllReduce: opCount 0 sendbuff 0x145362a01800 recvbuff 0x145362a01800 count 264196 datatype 7 op 0 root 0 comm 0x55f173d4ee00 [nranks=8] stream 0x55f1731d48e0
rg32402:2730064:2730606 [0] NCCL INFO AllReduce: opCount b sendbuff 0x149d2d34f000 recvbuff 0x149d2d34f000 count 264196 datatype 7 op 0 root 0 comm 0x5590904df340 [nranks=8] stream 0x559086329830
rg32402:2730064:2730606 [0] NCCL INFO AllReduce: 1056784 Bytes -> Algo RING proto LL channel{Lo..Hi}={0..3}
rg32403:3964445:3965235 [0] NCCL INFO AllReduce: opCount b sendbuff 0x14cda32c6600 recvbuff 0x14cda32c6600 count 264196 datatype 7 op 0 root 0 comm 0x55e679418bc0 [nranks=8] stream 0x55e67aaecc40
rg32403:3964447:3965243 [2] NCCL INFO AllReduce: opCount 10 sendbuff 0x14ae43f6da00 recvbuff 0x14ae43f6da00 count 2970112 datatype 7 op 0 root 0 comm 0x55a685f96e80 [nranks=8] stream 0x55a6855d4db0
rg32402:2730066:2730397 [2] NCCL INFO AllReduce: opCount 10 sendbuff 0x153b90a57200 recvbuff 0x153b90a57200 count 2970112 datatype 7 op 0 root 0 comm 0x55dea986fa00 [nranks=8] stream 0x55dea8eae960
rg32402:2730065:2730611 [1] NCCL INFO AllReduce: opCount 11 sendbuff 0x149a94a00000 recvbuff 0x149a94a00000 count 2970112 datatype 7 op 0 root 0 comm 0x5596d7df5dc0 [nranks=8] stream 0x5596d74344c0
rg32403:3964446:3965311 [1] NCCL INFO AllReduce: opCount 11 sendbuff 0x147ae0a00000 recvbuff 0x147ae0a00000 count 2970112 datatype 7 op 0 root 0 comm 0x55d52d8da0c0 [nranks=8] stream 0x55d52cd607f0
rg32402:2730067:2730474 [3] NCCL INFO AllReduce: opCount 0 sendbuff 0x145362c00000 recvbuff 0x145362c00000 count 2970112 datatype 7 op 0 root 0 comm 0x55f173d4ee00 [nranks=8] stream 0x55f1731d48e0
rg32403:3964448:3965245 [3] NCCL INFO AllReduce: opCount 0 sendbuff 0x150d3138be00 recvbuff 0x150d3138be00 count 2970112 datatype 7 op 0 root 0 comm 0x55fa19709000 [nranks=8] stream 0x55fa18bc47c0
rg32403:3964445:3965235 [0] NCCL INFO AllReduce: opCount c sendbuff 0x14cd4ca00000 recvbuff 0x14cd4ca00000 count 2970112 datatype 7 op 0 root 0 comm 0x55e679418bc0 [nranks=8] stream 0x55e67aaecc40
rg32402:2730064:2730606 [0] NCCL INFO AllReduce: opCount c sendbuff 0x149d2d451200 recvbuff 0x149d2d451200 count 2970112 datatype 7 op 0 root 0 comm 0x5590904df340 [nranks=8] stream 0x559086329830
rg32402:2730064:2730606 [0] NCCL INFO AllReduce: 11880448 Bytes -> Algo RING proto SIMPLE channel{Lo..Hi}={0..3}
rg32402:2730066:2730397 [2] NCCL INFO AllReduce: opCount 11 sendbuff 0x1536fbadfa00 recvbuff 0x1536fbadfa00 count 264196 datatype 7 op 0 root 0 comm 0x55dea986fa00 [nranks=8] stream 0x55dea8eae960
rg32402:2730065:2730611 [1] NCCL INFO AllReduce: opCount 12 sendbuff 0x149492feee00 recvbuff 0x149492feee00 count 264196 datatype 7 op 0 root 0 comm 0x5596d7df5dc0 [nranks=8] stream 0x5596d74344c0
rg32403:3964447:3965243 [2] NCCL INFO AllReduce: opCount 11 sendbuff 0x14ae21baba00 recvbuff 0x14ae21baba00 count 264196 datatype 7 op 0 root 0 comm 0x55a685f96e80 [nranks=8] stream 0x55a6855d4db0
rg32403:3964446:3965311 [1] NCCL INFO AllReduce: opCount 12 sendbuff 0x1475d0cde800 recvbuff 0x1475d0cde800 count 264196 datatype 7 op 0 root 0 comm 0x55d52d8da0c0 [nranks=8] stream 0x55d52cd607f0
rg32403:3964448:3965245 [3] NCCL INFO AllReduce: opCount 0 sendbuff 0x150d2e98e600 recvbuff 0x150d2e98e600 count 264196 datatype 7 op 0 root 0 comm 0x55fa19709000 [nranks=8] stream 0x55fa18bc47c0
rg32402:2730067:2730474 [3] NCCL INFO AllReduce: opCount 0 sendbuff 0x145362a01800 recvbuff 0x145362a01800 count 264196 datatype 7 op 0 root 0 comm 0x55f173d4ee00 [nranks=8] stream 0x55f1731d48e0
rg32402:2730064:2730606 [0] NCCL INFO AllReduce: opCount d sendbuff 0x149d2d34f000 recvbuff 0x149d2d34f000 count 264196 datatype 7 op 0 root 0 comm 0x5590904df340 [nranks=8] stream 0x559086329830
rg32402:2730064:2730606 [0] NCCL INFO AllReduce: 1056784 Bytes -> Algo RING proto LL channel{Lo..Hi}={0..3}
rg32403:3964445:3965235 [0] NCCL INFO AllReduce: opCount d sendbuff 0x14cda32c6600 recvbuff 0x14cda32c6600 count 264196 datatype 7 op 0 root 0 comm 0x55e679418bc0 [nranks=8] stream 0x55e67aaecc40
rg32403:3964447:3965243 [2] NCCL INFO AllReduce: opCount 12 sendbuff 0x14ae43f6da00 recvbuff 0x14ae43f6da00 count 2970112 datatype 7 op 0 root 0 comm 0x55a685f96e80 [nranks=8] stream 0x55a6855d4db0
rg32402:2730065:2730611 [1] NCCL INFO AllReduce: opCount 13 sendbuff 0x149a94a00000 recvbuff 0x149a94a00000 count 2970112 datatype 7 op 0 root 0 comm 0x5596d7df5dc0 [nranks=8] stream 0x5596d74344c0
rg32402:2730066:2730397 [2] NCCL INFO AllReduce: opCount 12 sendbuff 0x153b90a57200 recvbuff 0x153b90a57200 count 2970112 datatype 7 op 0 root 0 comm 0x55dea986fa00 [nranks=8] stream 0x55dea8eae960
rg32403:3964446:3965311 [1] NCCL INFO AllReduce: opCount 13 sendbuff 0x147ae0a00000 recvbuff 0x147ae0a00000 count 2970112 datatype 7 op 0 root 0 comm 0x55d52d8da0c0 [nranks=8] stream 0x55d52cd607f0
rg32402:2730067:2730474 [3] NCCL INFO AllReduce: opCount 0 sendbuff 0x145362c00000 recvbuff 0x145362c00000 count 2970112 datatype 7 op 0 root 0 comm 0x55f173d4ee00 [nranks=8] stream 0x55f1731d48e0
rg32403:3964448:3965245 [3] NCCL INFO AllReduce: opCount 0 sendbuff 0x150d3138be00 recvbuff 0x150d3138be00 count 2970112 datatype 7 op 0 root 0 comm 0x55fa19709000 [nranks=8] stream 0x55fa18bc47c0
rg32402:2730064:2730606 [0] NCCL INFO AllReduce: opCount e sendbuff 0x149d2d451200 recvbuff 0x149d2d451200 count 2970112 datatype 7 op 0 root 0 comm 0x5590904df340 [nranks=8] stream 0x559086329830
rg32402:2730064:2730606 [0] NCCL INFO AllReduce: 11880448 Bytes -> Algo RING proto SIMPLE channel{Lo..Hi}={0..3}
rg32403:3964445:3965235 [0] NCCL INFO AllReduce: opCount e sendbuff 0x14cd4ca00000 recvbuff 0x14cd4ca00000 count 2970112 datatype 7 op 0 root 0 comm 0x55e679418bc0 [nranks=8] stream 0x55e67aaecc40
rg32403:3964447:3965243 [2] NCCL INFO AllReduce: opCount 13 sendbuff 0x14ae21baba00 recvbuff 0x14ae21baba00 count 264196 datatype 7 op 0 root 0 comm 0x55a685f96e80 [nranks=8] stream 0x55a6855d4db0
rg32402:2730065:2730611 [1] NCCL INFO AllReduce: opCount 14 sendbuff 0x149492feee00 recvbuff 0x149492feee00 count 264196 datatype 7 op 0 root 0 comm 0x5596d7df5dc0 [nranks=8] stream 0x5596d74344c0
rg32402:2730066:2730397 [2] NCCL INFO AllReduce: opCount 13 sendbuff 0x1536fbadfa00 recvbuff 0x1536fbadfa00 count 264196 datatype 7 op 0 root 0 comm 0x55dea986fa00 [nranks=8] stream 0x55dea8eae960
rg32402:2730067:2730474 [3] NCCL INFO AllReduce: opCount 0 sendbuff 0x145362a01800 recvbuff 0x145362a01800 count 264196 datatype 7 op 0 root 0 comm 0x55f173d4ee00 [nranks=8] stream 0x55f1731d48e0
rg32402:2730064:2730606 [0] NCCL INFO AllReduce: opCount f sendbuff 0x149d2d34f000 recvbuff 0x149d2d34f000 count 264196 datatype 7 op 0 root 0 comm 0x5590904df340 [nranks=8] stream 0x559086329830
rg32403:3964446:3965311 [1] NCCL INFO AllReduce: opCount 14 sendbuff 0x1475d0cde800 recvbuff 0x1475d0cde800 count 264196 datatype 7 op 0 root 0 comm 0x55d52d8da0c0 [nranks=8] stream 0x55d52cd607f0
rg32402:2730064:2730606 [0] NCCL INFO AllReduce: 1056784 Bytes -> Algo RING proto LL channel{Lo..Hi}={0..3}
rg32403:3964448:3965245 [3] NCCL INFO AllReduce: opCount 0 sendbuff 0x150d2e98e600 recvbuff 0x150d2e98e600 count 264196 datatype 7 op 0 root 0 comm 0x55fa19709000 [nranks=8] stream 0x55fa18bc47c0
rg32403:3964445:3965235 [0] NCCL INFO AllReduce: opCount f sendbuff 0x14cda32c6600 recvbuff 0x14cda32c6600 count 264196 datatype 7 op 0 root 0 comm 0x55e679418bc0 [nranks=8] stream 0x55e67aaecc40
rg32402:2730065:2730611 [1] NCCL INFO AllReduce: opCount 15 sendbuff 0x149a94a00000 recvbuff 0x149a94a00000 count 2970112 datatype 7 op 0 root 0 comm 0x5596d7df5dc0 [nranks=8] stream 0x5596d74344c0
rg32403:3964447:3965243 [2] NCCL INFO AllReduce: opCount 14 sendbuff 0x14ae43f6da00 recvbuff 0x14ae43f6da00 count 2970112 datatype 7 op 0 root 0 comm 0x55a685f96e80 [nranks=8] stream 0x55a6855d4db0
rg32403:3964448:3965245 [3] NCCL INFO AllReduce: opCount 0 sendbuff 0x150d3138be00 recvbuff 0x150d3138be00 count 2970112 datatype 7 op 0 root 0 comm 0x55fa19709000 [nranks=8] stream 0x55fa18bc47c0
rg32402:2730066:2730397 [2] NCCL INFO AllReduce: opCount 14 sendbuff 0x153b90a57200 recvbuff 0x153b90a57200 count 2970112 datatype 7 op 0 root 0 comm 0x55dea986fa00 [nranks=8] stream 0x55dea8eae960
rg32402:2730064:2730606 [0] NCCL INFO AllReduce: opCount 10 sendbuff 0x149d2d451200 recvbuff 0x149d2d451200 count 2970112 datatype 7 op 0 root 0 comm 0x5590904df340 [nranks=8] stream 0x559086329830
rg32402:2730064:2730606 [0] NCCL INFO AllReduce: 11880448 Bytes -> Algo RING proto SIMPLE channel{Lo..Hi}={0..3}
rg32403:3964446:3965311 [1] NCCL INFO AllReduce: opCount 15 sendbuff 0x147ae0a00000 recvbuff 0x147ae0a00000 count 2970112 datatype 7 op 0 root 0 comm 0x55d52d8da0c0 [nranks=8] stream 0x55d52cd607f0
rg32402:2730067:2730474 [3] NCCL INFO AllReduce: opCount 0 sendbuff 0x145362c00000 recvbuff 0x145362c00000 count 2970112 datatype 7 op 0 root 0 comm 0x55f173d4ee00 [nranks=8] stream 0x55f1731d48e0
rg32403:3964445:3965235 [0] NCCL INFO AllReduce: opCount 10 sendbuff 0x14cd4ca00000 recvbuff 0x14cd4ca00000 count 2970112 datatype 7 op 0 root 0 comm 0x55e679418bc0 [nranks=8] stream 0x55e67aaecc40
rg32402:2730066:2730397 [2] NCCL INFO AllReduce: opCount 15 sendbuff 0x1536fbadfa00 recvbuff 0x1536fbadfa00 count 264196 datatype 7 op 0 root 0 comm 0x55dea986fa00 [nranks=8] stream 0x55dea8eae960
rg32403:3964446:3965311 [1] NCCL INFO AllReduce: opCount 16 sendbuff 0x1475d0cde800 recvbuff 0x1475d0cde800 count 264196 datatype 7 op 0 root 0 comm 0x55d52d8da0c0 [nranks=8] stream 0x55d52cd607f0
rg32403:3964447:3965243 [2] NCCL INFO AllReduce: opCount 15 sendbuff 0x14ae21baba00 recvbuff 0x14ae21baba00 count 264196 datatype 7 op 0 root 0 comm 0x55a685f96e80 [nranks=8] stream 0x55a6855d4db0
rg32402:2730067:2730474 [3] NCCL INFO AllReduce: opCount 0 sendbuff 0x145362a01800 recvbuff 0x145362a01800 count 264196 datatype 7 op 0 root 0 comm 0x55f173d4ee00 [nranks=8] stream 0x55f1731d48e0
rg32402:2730065:2730611 [1] NCCL INFO AllReduce: opCount 16 sendbuff 0x149492feee00 recvbuff 0x149492feee00 count 264196 datatype 7 op 0 root 0 comm 0x5596d7df5dc0 [nranks=8] stream 0x5596d74344c0
rg32403:3964445:3965235 [0] NCCL INFO AllReduce: opCount 11 sendbuff 0x14cda32c6600 recvbuff 0x14cda32c6600 count 264196 datatype 7 op 0 root 0 comm 0x55e679418bc0 [nranks=8] stream 0x55e67aaecc40
rg32403:3964448:3965245 [3] NCCL INFO AllReduce: opCount 0 sendbuff 0x150d2e98e600 recvbuff 0x150d2e98e600 count 264196 datatype 7 op 0 root 0 comm 0x55fa19709000 [nranks=8] stream 0x55fa18bc47c0
rg32402:2730064:2730606 [0] NCCL INFO AllReduce: opCount 11 sendbuff 0x149d2d34f000 recvbuff 0x149d2d34f000 count 264196 datatype 7 op 0 root 0 comm 0x5590904df340 [nranks=8] stream 0x559086329830
rg32402:2730064:2730606 [0] NCCL INFO AllReduce: 1056784 Bytes -> Algo RING proto LL channel{Lo..Hi}={0..3}
rg32403:3964447:3965243 [2] NCCL INFO AllReduce: opCount 16 sendbuff 0x14ae43f6da00 recvbuff 0x14ae43f6da00 count 2970112 datatype 7 op 0 root 0 comm 0x55a685f96e80 [nranks=8] stream 0x55a6855d4db0
rg32402:2730065:2730611 [1] NCCL INFO AllReduce: opCount 17 sendbuff 0x149a94a00000 recvbuff 0x149a94a00000 count 2970112 datatype 7 op 0 root 0 comm 0x5596d7df5dc0 [nranks=8] stream 0x5596d74344c0
rg32402:2730066:2730397 [2] NCCL INFO AllReduce: opCount 16 sendbuff 0x153b90a57200 recvbuff 0x153b90a57200 count 2970112 datatype 7 op 0 root 0 comm 0x55dea986fa00 [nranks=8] stream 0x55dea8eae960
rg32403:3964446:3965311 [1] NCCL INFO AllReduce: opCount 17 sendbuff 0x147ae0a00000 recvbuff 0x147ae0a00000 count 2970112 datatype 7 op 0 root 0 comm 0x55d52d8da0c0 [nranks=8] stream 0x55d52cd607f0
rg32402:2730064:2730606 [0] NCCL INFO AllReduce: opCount 12 sendbuff 0x149d2d451200 recvbuff 0x149d2d451200 count 2970112 datatype 7 op 0 root 0 comm 0x5590904df340 [nranks=8] stream 0x559086329830
rg32402:2730067:2730474 [3] NCCL INFO AllReduce: opCount 0 sendbuff 0x145362c00000 recvbuff 0x145362c00000 count 2970112 datatype 7 op 0 root 0 comm 0x55f173d4ee00 [nranks=8] stream 0x55f1731d48e0
rg32402:2730064:2730606 [0] NCCL INFO AllReduce: 11880448 Bytes -> Algo RING proto SIMPLE channel{Lo..Hi}={0..3}
rg32403:3964448:3965245 [3] NCCL INFO AllReduce: opCount 0 sendbuff 0x150d3138be00 recvbuff 0x150d3138be00 count 2970112 datatype 7 op 0 root 0 comm 0x55fa19709000 [nranks=8] stream 0x55fa18bc47c0
rg32403:3964445:3965235 [0] NCCL INFO AllReduce: opCount 12 sendbuff 0x14cd4ca00000 recvbuff 0x14cd4ca00000 count 2970112 datatype 7 op 0 root 0 comm 0x55e679418bc0 [nranks=8] stream 0x55e67aaecc40
rg32402:2730066:2730397 [2] NCCL INFO AllReduce: opCount 17 sendbuff 0x1536fbadfa00 recvbuff 0x1536fbadfa00 count 264196 datatype 7 op 0 root 0 comm 0x55dea986fa00 [nranks=8] stream 0x55dea8eae960
rg32402:2730065:2730611 [1] NCCL INFO AllReduce: opCount 18 sendbuff 0x149492feee00 recvbuff 0x149492feee00 count 264196 datatype 7 op 0 root 0 comm 0x5596d7df5dc0 [nranks=8] stream 0x5596d74344c0
rg32403:3964446:3965311 [1] NCCL INFO AllReduce: opCount 18 sendbuff 0x1475d0cde800 recvbuff 0x1475d0cde800 count 264196 datatype 7 op 0 root 0 comm 0x55d52d8da0c0 [nranks=8] stream 0x55d52cd607f0
rg32402:2730067:2730474 [3] NCCL INFO AllReduce: opCount 0 sendbuff 0x145362a01800 recvbuff 0x145362a01800 count 264196 datatype 7 op 0 root 0 comm 0x55f173d4ee00 [nranks=8] stream 0x55f1731d48e0
rg32403:3964447:3965243 [2] NCCL INFO AllReduce: opCount 17 sendbuff 0x14ae21baba00 recvbuff 0x14ae21baba00 count 264196 datatype 7 op 0 root 0 comm 0x55a685f96e80 [nranks=8] stream 0x55a6855d4db0
rg32402:2730064:2730606 [0] NCCL INFO AllReduce: opCount 13 sendbuff 0x149d2d34f000 recvbuff 0x149d2d34f000 count 264196 datatype 7 op 0 root 0 comm 0x5590904df340 [nranks=8] stream 0x559086329830
rg32402:2730064:2730606 [0] NCCL INFO AllReduce: 1056784 Bytes -> Algo RING proto LL channel{Lo..Hi}={0..3}
rg32403:3964445:3965235 [0] NCCL INFO AllReduce: opCount 13 sendbuff 0x14cda32c6600 recvbuff 0x14cda32c6600 count 264196 datatype 7 op 0 root 0 comm 0x55e679418bc0 [nranks=8] stream 0x55e67aaecc40
rg32403:3964448:3965245 [3] NCCL INFO AllReduce: opCount 0 sendbuff 0x150d2e98e600 recvbuff 0x150d2e98e600 count 264196 datatype 7 op 0 root 0 comm 0x55fa19709000 [nranks=8] stream 0x55fa18bc47c0
rg32402:2730066:2730397 [2] NCCL INFO AllReduce: opCount 18 sendbuff 0x153b90a57200 recvbuff 0x153b90a57200 count 2970112 datatype 7 op 0 root 0 comm 0x55dea986fa00 [nranks=8] stream 0x55dea8eae960
rg32403:3964446:3965311 [1] NCCL INFO AllReduce: opCount 19 sendbuff 0x147ae0a00000 recvbuff 0x147ae0a00000 count 2970112 datatype 7 op 0 root 0 comm 0x55d52d8da0c0 [nranks=8] stream 0x55d52cd607f0
rg32402:2730065:2730611 [1] NCCL INFO AllReduce: opCount 19 sendbuff 0x149a94a00000 recvbuff 0x149a94a00000 count 2970112 datatype 7 op 0 root 0 comm 0x5596d7df5dc0 [nranks=8] stream 0x5596d74344c0
rg32402:2730067:2730474 [3] NCCL INFO AllReduce: opCount 0 sendbuff 0x145362c00000 recvbuff 0x145362c00000 count 2970112 datatype 7 op 0 root 0 comm 0x55f173d4ee00 [nranks=8] stream 0x55f1731d48e0
rg32403:3964447:3965243 [2] NCCL INFO AllReduce: opCount 18 sendbuff 0x14ae43f6da00 recvbuff 0x14ae43f6da00 count 2970112 datatype 7 op 0 root 0 comm 0x55a685f96e80 [nranks=8] stream 0x55a6855d4db0
rg32403:3964448:3965245 [3] NCCL INFO AllReduce: opCount 0 sendbuff 0x150d3138be00 recvbuff 0x150d3138be00 count 2970112 datatype 7 op 0 root 0 comm 0x55fa19709000 [nranks=8] stream 0x55fa18bc47c0
rg32403:3964445:3965235 [0] NCCL INFO AllReduce: opCount 14 sendbuff 0x14cd4ca00000 recvbuff 0x14cd4ca00000 count 2970112 datatype 7 op 0 root 0 comm 0x55e679418bc0 [nranks=8] stream 0x55e67aaecc40
rg32402:2730064:2730606 [0] NCCL INFO AllReduce: opCount 14 sendbuff 0x149d2d451200 recvbuff 0x149d2d451200 count 2970112 datatype 7 op 0 root 0 comm 0x5590904df340 [nranks=8] stream 0x559086329830
rg32402:2730064:2730606 [0] NCCL INFO AllReduce: 11880448 Bytes -> Algo RING proto SIMPLE channel{Lo..Hi}={0..3}
rg32402:2730066:2730397 [2] NCCL INFO AllReduce: opCount 19 sendbuff 0x1536fbadfa00 recvbuff 0x1536fbadfa00 count 264196 datatype 7 op 0 root 0 comm 0x55dea986fa00 [nranks=8] stream 0x55dea8eae960
rg32403:3964447:3965243 [2] NCCL INFO AllReduce: opCount 19 sendbuff 0x14ae21baba00 recvbuff 0x14ae21baba00 count 264196 datatype 7 op 0 root 0 comm 0x55a685f96e80 [nranks=8] stream 0x55a6855d4db0
rg32402:2730065:2730611 [1] NCCL INFO AllReduce: opCount 1a sendbuff 0x149492feee00 recvbuff 0x149492feee00 count 264196 datatype 7 op 0 root 0 comm 0x5596d7df5dc0 [nranks=8] stream 0x5596d74344c0
rg32402:2730067:2730474 [3] NCCL INFO AllReduce: opCount 0 sendbuff 0x145362a01800 recvbuff 0x145362a01800 count 264196 datatype 7 op 0 root 0 comm 0x55f173d4ee00 [nranks=8] stream 0x55f1731d48e0
rg32403:3964446:3965311 [1] NCCL INFO AllReduce: opCount 1a sendbuff 0x1475d0cde800 recvbuff 0x1475d0cde800 count 264196 datatype 7 op 0 root 0 comm 0x55d52d8da0c0 [nranks=8] stream 0x55d52cd607f0
rg32403:3964445:3965235 [0] NCCL INFO AllReduce: opCount 15 sendbuff 0x14cda32c6600 recvbuff 0x14cda32c6600 count 264196 datatype 7 op 0 root 0 comm 0x55e679418bc0 [nranks=8] stream 0x55e67aaecc40
rg32403:3964448:3965245 [3] NCCL INFO AllReduce: opCount 0 sendbuff 0x150d2e98e600 recvbuff 0x150d2e98e600 count 264196 datatype 7 op 0 root 0 comm 0x55fa19709000 [nranks=8] stream 0x55fa18bc47c0
rg32402:2730064:2730606 [0] NCCL INFO AllReduce: opCount 15 sendbuff 0x149d2d34f000 recvbuff 0x149d2d34f000 count 264196 datatype 7 op 0 root 0 comm 0x5590904df340 [nranks=8] stream 0x559086329830
rg32402:2730064:2730606 [0] NCCL INFO AllReduce: 1056784 Bytes -> Algo RING proto LL channel{Lo..Hi}={0..3}
rg32402:2730066:2730397 [2] NCCL INFO AllReduce: opCount 1a sendbuff 0x153b90a57200 recvbuff 0x153b90a57200 count 2970112 datatype 7 op 0 root 0 comm 0x55dea986fa00 [nranks=8] stream 0x55dea8eae960
rg32402:2730065:2730611 [1] NCCL INFO AllReduce: opCount 1b sendbuff 0x149a94a00000 recvbuff 0x149a94a00000 count 2970112 datatype 7 op 0 root 0 comm 0x5596d7df5dc0 [nranks=8] stream 0x5596d74344c0
rg32403:3964447:3965243 [2] NCCL INFO AllReduce: opCount 1a sendbuff 0x14ae43f6da00 recvbuff 0x14ae43f6da00 count 2970112 datatype 7 op 0 root 0 comm 0x55a685f96e80 [nranks=8] stream 0x55a6855d4db0
rg32403:3964446:3965311 [1] NCCL INFO AllReduce: opCount 1b sendbuff 0x147ae0a00000 recvbuff 0x147ae0a00000 count 2970112 datatype 7 op 0 root 0 comm 0x55d52d8da0c0 [nranks=8] stream 0x55d52cd607f0
rg32402:2730067:2730474 [3] NCCL INFO AllReduce: opCount 0 sendbuff 0x145362c00000 recvbuff 0x145362c00000 count 2970112 datatype 7 op 0 root 0 comm 0x55f173d4ee00 [nranks=8] stream 0x55f1731d48e0
rg32403:3964448:3965245 [3] NCCL INFO AllReduce: opCount 0 sendbuff 0x150d3138be00 recvbuff 0x150d3138be00 count 2970112 datatype 7 op 0 root 0 comm 0x55fa19709000 [nranks=8] stream 0x55fa18bc47c0
rg32402:2730064:2730606 [0] NCCL INFO AllReduce: opCount 16 sendbuff 0x149d2d451200 recvbuff 0x149d2d451200 count 2970112 datatype 7 op 0 root 0 comm 0x5590904df340 [nranks=8] stream 0x559086329830
rg32402:2730064:2730606 [0] NCCL INFO AllReduce: 11880448 Bytes -> Algo RING proto SIMPLE channel{Lo..Hi}={0..3}
rg32403:3964445:3965235 [0] NCCL INFO AllReduce: opCount 16 sendbuff 0x14cd4ca00000 recvbuff 0x14cd4ca00000 count 2970112 datatype 7 op 0 root 0 comm 0x55e679418bc0 [nranks=8] stream 0x55e67aaecc40
rg32402:2730066:2730397 [2] NCCL INFO AllReduce: opCount 1b sendbuff 0x1536fbadfa00 recvbuff 0x1536fbadfa00 count 264196 datatype 7 op 0 root 0 comm 0x55dea986fa00 [nranks=8] stream 0x55dea8eae960
rg32403:3964447:3965243 [2] NCCL INFO AllReduce: opCount 1b sendbuff 0x14ae21baba00 recvbuff 0x14ae21baba00 count 264196 datatype 7 op 0 root 0 comm 0x55a685f96e80 [nranks=8] stream 0x55a6855d4db0
rg32402:2730065:2730611 [1] NCCL INFO AllReduce: opCount 1c sendbuff 0x149492feee00 recvbuff 0x149492feee00 count 264196 datatype 7 op 0 root 0 comm 0x5596d7df5dc0 [nranks=8] stream 0x5596d74344c0
rg32402:2730067:2730474 [3] NCCL INFO AllReduce: opCount 0 sendbuff 0x145362a01800 recvbuff 0x145362a01800 count 264196 datatype 7 op 0 root 0 comm 0x55f173d4ee00 [nranks=8] stream 0x55f1731d48e0
rg32403:3964446:3965311 [1] NCCL INFO AllReduce: opCount 1c sendbuff 0x1475d0cde800 recvbuff 0x1475d0cde800 count 264196 datatype 7 op 0 root 0 comm 0x55d52d8da0c0 [nranks=8] stream 0x55d52cd607f0
rg32403:3964448:3965245 [3] NCCL INFO AllReduce: opCount 0 sendbuff 0x150d2e98e600 recvbuff 0x150d2e98e600 count 264196 datatype 7 op 0 root 0 comm 0x55fa19709000 [nranks=8] stream 0x55fa18bc47c0
rg32402:2730064:2730606 [0] NCCL INFO AllReduce: opCount 17 sendbuff 0x149d2d34f000 recvbuff 0x149d2d34f000 count 264196 datatype 7 op 0 root 0 comm 0x5590904df340 [nranks=8] stream 0x559086329830
rg32402:2730064:2730606 [0] NCCL INFO AllReduce: 1056784 Bytes -> Algo RING proto LL channel{Lo..Hi}={0..3}
rg32403:3964445:3965235 [0] NCCL INFO AllReduce: opCount 17 sendbuff 0x14cda32c6600 recvbuff 0x14cda32c6600 count 264196 datatype 7 op 0 root 0 comm 0x55e679418bc0 [nranks=8] stream 0x55e67aaecc40
rg32402:2730066:2730397 [2] NCCL INFO AllReduce: opCount 1c sendbuff 0x153b90a57200 recvbuff 0x153b90a57200 count 2970112 datatype 7 op 0 root 0 comm 0x55dea986fa00 [nranks=8] stream 0x55dea8eae960
rg32403:3964447:3965243 [2] NCCL INFO AllReduce: opCount 1c sendbuff 0x14ae43f6da00 recvbuff 0x14ae43f6da00 count 2970112 datatype 7 op 0 root 0 comm 0x55a685f96e80 [nranks=8] stream 0x55a6855d4db0
rg32402:2730065:2730611 [1] NCCL INFO AllReduce: opCount 1d sendbuff 0x149a94a00000 recvbuff 0x149a94a00000 count 2970112 datatype 7 op 0 root 0 comm 0x5596d7df5dc0 [nranks=8] stream 0x5596d74344c0
rg32403:3964446:3965311 [1] NCCL INFO AllReduce: opCount 1d sendbuff 0x147ae0a00000 recvbuff 0x147ae0a00000 count 2970112 datatype 7 op 0 root 0 comm 0x55d52d8da0c0 [nranks=8] stream 0x55d52cd607f0
rg32402:2730067:2730474 [3] NCCL INFO AllReduce: opCount 0 sendbuff 0x145362c00000 recvbuff 0x145362c00000 count 2970112 datatype 7 op 0 root 0 comm 0x55f173d4ee00 [nranks=8] stream 0x55f1731d48e0
rg32403:3964445:3965235 [0] NCCL INFO AllReduce: opCount 18 sendbuff 0x14cd4ca00000 recvbuff 0x14cd4ca00000 count 2970112 datatype 7 op 0 root 0 comm 0x55e679418bc0 [nranks=8] stream 0x55e67aaecc40
rg32402:2730064:2730606 [0] NCCL INFO AllReduce: opCount 18 sendbuff 0x149d2d451200 recvbuff 0x149d2d451200 count 2970112 datatype 7 op 0 root 0 comm 0x5590904df340 [nranks=8] stream 0x559086329830
rg32402:2730064:2730606 [0] NCCL INFO AllReduce: 11880448 Bytes -> Algo RING proto SIMPLE channel{Lo..Hi}={0..3}
rg32403:3964448:3965245 [3] NCCL INFO AllReduce: opCount 0 sendbuff 0x150d3138be00 recvbuff 0x150d3138be00 count 2970112 datatype 7 op 0 root 0 comm 0x55fa19709000 [nranks=8] stream 0x55fa18bc47c0
rg32403:3964447:3965243 [2] NCCL INFO AllReduce: opCount 1d sendbuff 0x14ae21baba00 recvbuff 0x14ae21baba00 count 264196 datatype 7 op 0 root 0 comm 0x55a685f96e80 [nranks=8] stream 0x55a6855d4db0
rg32402:2730065:2730611 [1] NCCL INFO AllReduce: opCount 1e sendbuff 0x149492feee00 recvbuff 0x149492feee00 count 264196 datatype 7 op 0 root 0 comm 0x5596d7df5dc0 [nranks=8] stream 0x5596d74344c0
rg32402:2730066:2730397 [2] NCCL INFO AllReduce: opCount 1d sendbuff 0x1536fbadfa00 recvbuff 0x1536fbadfa00 count 264196 datatype 7 op 0 root 0 comm 0x55dea986fa00 [nranks=8] stream 0x55dea8eae960
rg32403:3964448:3965245 [3] NCCL INFO AllReduce: opCount 0 sendbuff 0x150d2e98e600 recvbuff 0x150d2e98e600 count 264196 datatype 7 op 0 root 0 comm 0x55fa19709000 [nranks=8] stream 0x55fa18bc47c0
rg32403:3964446:3965311 [1] NCCL INFO AllReduce: opCount 1e sendbuff 0x1475d0cde800 recvbuff 0x1475d0cde800 count 264196 datatype 7 op 0 root 0 comm 0x55d52d8da0c0 [nranks=8] stream 0x55d52cd607f0
rg32402:2730067:2730474 [3] NCCL INFO AllReduce: opCount 0 sendbuff 0x145362a01800 recvbuff 0x145362a01800 count 264196 datatype 7 op 0 root 0 comm 0x55f173d4ee00 [nranks=8] stream 0x55f1731d48e0
rg32402:2730064:2730606 [0] NCCL INFO AllReduce: opCount 19 sendbuff 0x149d2d34f000 recvbuff 0x149d2d34f000 count 264196 datatype 7 op 0 root 0 comm 0x5590904df340 [nranks=8] stream 0x559086329830
rg32402:2730064:2730606 [0] NCCL INFO AllReduce: 1056784 Bytes -> Algo RING proto LL channel{Lo..Hi}={0..3}
rg32403:3964445:3965235 [0] NCCL INFO AllReduce: opCount 19 sendbuff 0x14cda32c6600 recvbuff 0x14cda32c6600 count 264196 datatype 7 op 0 root 0 comm 0x55e679418bc0 [nranks=8] stream 0x55e67aaecc40
rg32403:3964447:3965243 [2] NCCL INFO AllReduce: opCount 1e sendbuff 0x14ae43f6da00 recvbuff 0x14ae43f6da00 count 2970112 datatype 7 op 0 root 0 comm 0x55a685f96e80 [nranks=8] stream 0x55a6855d4db0
rg32402:2730066:2730397 [2] NCCL INFO AllReduce: opCount 1e sendbuff 0x153b90a57200 recvbuff 0x153b90a57200 count 2970112 datatype 7 op 0 root 0 comm 0x55dea986fa00 [nranks=8] stream 0x55dea8eae960
rg32402:2730065:2730611 [1] NCCL INFO AllReduce: opCount 1f sendbuff 0x149a94a00000 recvbuff 0x149a94a00000 count 2970112 datatype 7 op 0 root 0 comm 0x5596d7df5dc0 [nranks=8] stream 0x5596d74344c0
rg32403:3964446:3965311 [1] NCCL INFO AllReduce: opCount 1f sendbuff 0x147ae0a00000 recvbuff 0x147ae0a00000 count 2970112 datatype 7 op 0 root 0 comm 0x55d52d8da0c0 [nranks=8] stream 0x55d52cd607f0
rg32402:2730067:2730474 [3] NCCL INFO AllReduce: opCount 0 sendbuff 0x145362c00000 recvbuff 0x145362c00000 count 2970112 datatype 7 op 0 root 0 comm 0x55f173d4ee00 [nranks=8] stream 0x55f1731d48e0
rg32403:3964448:3965245 [3] NCCL INFO AllReduce: opCount 0 sendbuff 0x150d3138be00 recvbuff 0x150d3138be00 count 2970112 datatype 7 op 0 root 0 comm 0x55fa19709000 [nranks=8] stream 0x55fa18bc47c0
rg32403:3964445:3965235 [0] NCCL INFO AllReduce: opCount 1a sendbuff 0x14cd4ca00000 recvbuff 0x14cd4ca00000 count 2970112 datatype 7 op 0 root 0 comm 0x55e679418bc0 [nranks=8] stream 0x55e67aaecc40
rg32402:2730064:2730606 [0] NCCL INFO AllReduce: opCount 1a sendbuff 0x149d2d451200 recvbuff 0x149d2d451200 count 2970112 datatype 7 op 0 root 0 comm 0x5590904df340 [nranks=8] stream 0x559086329830
rg32402:2730064:2730606 [0] NCCL INFO AllReduce: 11880448 Bytes -> Algo RING proto SIMPLE channel{Lo..Hi}={0..3}
rg32402:2730066:2730397 [2] NCCL INFO AllReduce: opCount 1f sendbuff 0x1536fbadfa00 recvbuff 0x1536fbadfa00 count 264196 datatype 7 op 0 root 0 comm 0x55dea986fa00 [nranks=8] stream 0x55dea8eae960
rg32402:2730065:2730611 [1] NCCL INFO AllReduce: opCount 20 sendbuff 0x149492feee00 recvbuff 0x149492feee00 count 264196 datatype 7 op 0 root 0 comm 0x5596d7df5dc0 [nranks=8] stream 0x5596d74344c0
rg32403:3964447:3965243 [2] NCCL INFO AllReduce: opCount 1f sendbuff 0x14ae21baba00 recvbuff 0x14ae21baba00 count 264196 datatype 7 op 0 root 0 comm 0x55a685f96e80 [nranks=8] stream 0x55a6855d4db0
rg32403:3964446:3965311 [1] NCCL INFO AllReduce: opCount 20 sendbuff 0x1475d0cde800 recvbuff 0x1475d0cde800 count 264196 datatype 7 op 0 root 0 comm 0x55d52d8da0c0 [nranks=8] stream 0x55d52cd607f0
rg32403:3964448:3965245 [3] NCCL INFO AllReduce: opCount 0 sendbuff 0x150d2e98e600 recvbuff 0x150d2e98e600 count 264196 datatype 7 op 0 root 0 comm 0x55fa19709000 [nranks=8] stream 0x55fa18bc47c0
rg32402:2730067:2730474 [3] NCCL INFO AllReduce: opCount 0 sendbuff 0x145362a01800 recvbuff 0x145362a01800 count 264196 datatype 7 op 0 root 0 comm 0x55f173d4ee00 [nranks=8] stream 0x55f1731d48e0
