rg31602:1354144:1354463 [2] NCCL INFO transport/net_ib.cc:1238 Ib Alloc Size 3584 pointer 0x1534d4076000
rg31602:1354144:1354463 [2] NCCL INFO Received and initiated operation=Connect res=0
rg31605:118363:118593 [0] NCCL INFO Imported shareable buffer device 0 size 10485760 ptr 0x1535f8a00000
rg31605:118363:118593 [0] NCCL INFO ProxyCall UDS comm 0x559f9552be80 rank 0 tpRank 7(1ab15181ff4999bb) reqSize 8 respSize 0 respFd 0x15362152ab48 opId 0xb8203b22ec6dcddd
rg31605:118366:118587 [3] NCCL INFO proxyUDSRecvReq::ncclProxyMsgGetFd rank 0 opId 0xb8203b22ec6dcddd handle=0x15446800b7f0
rg31605:118366:118587 [3] NCCL INFO UDS proxyGetFd received handle 0x15446800b7f0 peer 0 opId b8203b22ec6dcddd
rg31602:1354142:1354472 [0] NCCL INFO ProxyCall UDS comm 0x559210de1fc0 rank 0 tpRank 3(429286f31744ee78) reqSize 8 respSize 0 respFd 124 opId 0xffef218cb9833f72 - DONE
rg31602:1354142:1354472 [0] NCCL INFO UDS: ClientGetFd handle 0x14cce400b7f0 tpRank 3 returned fd 124 sameProcess 0
rg31602:1354142:1354472 [0] NCCL INFO UDS converted handle 0x14cce400b7f0 to fd 124 on remote peer 3
rg31602:1354143:1354469 [1] NCCL INFO Imported shareable buffer device 1 size 10485760 ptr 0x146718c00000
rg31602:1354143:1354469 [1] NCCL INFO recvConnect ncclProxyCallAsync opId=0x1466ef420598 &recv->proxyConn=0x1466ef4205a0 connectInfo=0x1466ef43ceb0
rg31602:1354143:1354469 [1] NCCL INFO recvConnect ncclProxyCallAsync opId=0x1466ef42c4a8 &recv->proxyConn=0x1466ef42c4b0 connectInfo=0x1466ef43cfb0
rg31602:1354143:1354469 [1] NCCL INFO recvConnect ncclProxyCallAsync opId=0x1466ef41a630 &recv->proxyConn=0x1466ef41a638 connectInfo=0x1466ef444ec0
rg31602:1354143:1354469 [1] NCCL INFO recvConnect ncclProxyCallAsync opId=0x1466ef426140 &recv->proxyConn=0x1466ef426148 connectInfo=0x1466ef444fc0
rg31602:1354143:1354465 [1] NCCL INFO transport/net_ib.cc:1514 Ib Alloc Size 173024 pointer 0x1466bc012000
rg31602:1354143:1354465 [1] NCCL INFO transport/net_ib.cc:1524 Ib Alloc Size 3584 pointer 0x1466bc03e000
rg31602:1354143:1354465 [1] NCCL INFO Received and initiated operation=Connect res=0
rg31602:1354142:1354462 [0] NCCL INFO New proxy send connection 10 from local rank 1, transport 0
rg31602:1354142:1354462 [0] NCCL INFO proxyProgressAsync opId=0x1466ef1ced80 op.type=1 op.reqBuff=0x151268013030 op.respSize=16 done
rg31602:1354142:1354462 [0] NCCL INFO Received and initiated operation=Init res=0
rg31602:1354143:1354469 [1] NCCL INFO ncclPollProxyResponse Received new opId=0x1466ef1ced80
rg31602:1354143:1354469 [1] NCCL INFO resp.opId=0x1466ef1ced80 matches expected opId=0x1466ef1ced80
rg31602:1354143:1354469 [1] NCCL INFO Connected to proxy localRank 0 -> connection 0x1512680053f0
rg31602:1354143:1354465 [1] NCCL INFO transport/net_ib.cc:1514 Ib Alloc Size 173024 pointer 0x1466bc040000
rg31602:1354143:1354469 [1] NCCL INFO ProxyCall UDS comm 0x5555f5d97900 rank 1 tpRank 0(a97a85be9205c536) reqSize 8 respSize 0 respFd 0x146746dddb48 opId 0xc7b2f08b5f9d2b2b
rg31602:1354143:1354465 [1] NCCL INFO transport/net_ib.cc:1524 Ib Alloc Size 3584 pointer 0x1466bc06c000
rg31602:1354143:1354465 [1] NCCL INFO Received and initiated operation=Connect res=0
rg31602:1354143:1354465 [1] NCCL INFO transport/net_ib.cc:1514 Ib Alloc Size 173024 pointer 0x1466bc06e000
rg31602:1354143:1354465 [1] NCCL INFO transport/net_ib.cc:1524 Ib Alloc Size 3584 pointer 0x1466bc09a000
rg31602:1354143:1354465 [1] NCCL INFO Received and initiated operation=Connect res=0
rg31602:1354143:1354465 [1] NCCL INFO transport/net_ib.cc:1514 Ib Alloc Size 173024 pointer 0x1466bc09c000
rg31602:1354143:1354465 [1] NCCL INFO transport/net_ib.cc:1524 Ib Alloc Size 3584 pointer 0x1466bc0c8000
rg31602:1354143:1354465 [1] NCCL INFO Received and initiated operation=Connect res=0
rg31605:118366:118591 [3] NCCL INFO ProxyCall UDS comm 0x55c467237300 rank 3 tpRank 4(501d536b633b12c2) reqSize 8 respSize 0 respFd 106 opId 0x73ef77350c8ad46c - DONE
rg31605:118366:118591 [3] NCCL INFO UDS: ClientGetFd handle 0x15359c00a590 tpRank 4 returned fd 106 sameProcess 0
rg31605:118366:118591 [3] NCCL INFO UDS converted handle 0x15359c00a590 to fd 106 on remote peer 4
rg31605:118364:118594 [1] NCCL INFO Imported shareable buffer device 1 size 10485760 ptr 0x14d7d6c00000
rg31605:118365:118592 [2] NCCL INFO ProxyCall UDS comm 0x55f13dc41d40 rank 2 tpRank 5(64080527a681c810) reqSize 8 respSize 0 respFd 104 opId 0x8eaf29b0368f8543 - DONE
rg31605:118365:118592 [2] NCCL INFO UDS: ClientGetFd handle 0x14d77c00a590 tpRank 5 returned fd 104 sameProcess 0
rg31605:118365:118592 [2] NCCL INFO UDS converted handle 0x14d77c00a590 to fd 104 on remote peer 5
rg31605:118364:118594 [1] NCCL INFO recvConnect ncclProxyCallAsync opId=0x14d7af41f878 &recv->proxyConn=0x14d7af41f880 connectInfo=0x14d7af43cf30
rg31605:118364:118594 [1] NCCL INFO recvConnect ncclProxyCallAsync opId=0x14d7af42b788 &recv->proxyConn=0x14d7af42b790 connectInfo=0x14d7af43d030
rg31605:118364:118594 [1] NCCL INFO recvConnect ncclProxyCallAsync opId=0x14d7af419890 &recv->proxyConn=0x14d7af419898 connectInfo=0x14d7af444f40
rg31605:118364:118594 [1] NCCL INFO recvConnect ncclProxyCallAsync opId=0x14d7af425420 &recv->proxyConn=0x14d7af425428 connectInfo=0x14d7af445040
rg31605:118364:118586 [1] NCCL INFO transport/net_ib.cc:1514 Ib Alloc Size 173024 pointer 0x14d77c012000
rg31605:118364:118586 [1] NCCL INFO transport/net_ib.cc:1524 Ib Alloc Size 3584 pointer 0x14d77c03e000
rg31602:1354145:1354471 [3] NCCL INFO ProxyCall UDS comm 0x55fd064f5e40 rank 3 tpRank 0(a97a85be9205c536) reqSize 8 respSize 0 respFd 103 opId 0x2c96807a2a5aab29 - DONE
rg31602:1354145:1354471 [3] NCCL INFO UDS: ClientGetFd handle 0x15126800bcf0 tpRank 0 returned fd 103 sameProcess 0
rg31602:1354145:1354471 [3] NCCL INFO UDS converted handle 0x15126800bcf0 to fd 103 on remote peer 0
rg31605:118364:118586 [1] NCCL INFO Received and initiated operation=Connect res=0
rg31602:1354142:1354466 [0] NCCL INFO proxyUDSRecvReq::ncclProxyMsgGetFd rank 2 opId 0x226afa8b740c9224 handle=0x15126800eb50
rg31602:1354142:1354466 [0] NCCL INFO UDS proxyGetFd received handle 0x15126800eb50 peer 2 opId 226afa8b740c9224
rg31602:1354142:1354472 [0] NCCL INFO Imported shareable buffer device 0 size 10485760 ptr 0x1512c5400000
rg31602:1354142:1354472 [0] NCCL INFO ProxyCall UDS comm 0x559210de1fc0 rank 0 tpRank 3(429286f31744ee78) reqSize 8 respSize 0 respFd 0x1512fc305b48 opId 0xb11e78dafe24b2dc
rg31602:1354145:1354464 [3] NCCL INFO proxyUDSRecvReq::ncclProxyMsgGetFd rank 0 opId 0xb11e78dafe24b2dc handle=0x14cce400cf10
rg31602:1354145:1354464 [3] NCCL INFO UDS proxyGetFd received handle 0x14cce400cf10 peer 0 opId b11e78dafe24b2dc
rg31605:118363:118585 [0] NCCL INFO New proxy send connection 9 from local rank 1, transport 0
rg31605:118363:118585 [0] NCCL INFO proxyProgressAsync opId=0x14d7aea1cf90 op.type=1 op.reqBuff=0x15359c014750 op.respSize=16 done
rg31605:118363:118585 [0] NCCL INFO Received and initiated operation=Init res=0
rg31605:118364:118594 [1] NCCL INFO ncclPollProxyResponse Received new opId=0x14d7aea1cf90
rg31605:118364:118594 [1] NCCL INFO resp.opId=0x14d7aea1cf90 matches expected opId=0x14d7aea1cf90
rg31605:118364:118594 [1] NCCL INFO Connected to proxy localRank 0 -> connection 0x15359c005378
rg31605:118364:118586 [1] NCCL INFO transport/net_ib.cc:1514 Ib Alloc Size 173024 pointer 0x14d77c040000
rg31605:118366:118584 [3] NCCL INFO NET/IB: NCCL Dev 1 IbDev 0 Port 1 qpn 1556 mtu 5 LID 909 subnet-prefix 33022  FLID 0 fifoRkey=0x1813d2 fifoLkey=0x1813d2
rg31605:118364:118586 [1] NCCL INFO transport/net_ib.cc:1524 Ib Alloc Size 3584 pointer 0x14d77c06c000
rg31605:118364:118586 [1] NCCL INFO Received and initiated operation=Connect res=0
rg31605:118364:118594 [1] NCCL INFO ProxyCall UDS comm 0x563189210700 rank 1 tpRank 4(501d536b633b12c2) reqSize 8 respSize 0 respFd 0x14d808708b48 opId 0xa0e481184cfad3af
rg31605:118363:118589 [0] NCCL INFO proxyUDSRecvReq::ncclProxyMsgGetFd rank 1 opId 0xa0e481184cfad3af handle=0x15359c011990
rg31605:118363:118589 [0] NCCL INFO UDS proxyGetFd received handle 0x15359c011990 peer 1 opId a0e481184cfad3af
rg31605:118364:118586 [1] NCCL INFO transport/net_ib.cc:1514 Ib Alloc Size 173024 pointer 0x14d77c06e000
rg31605:118364:118586 [1] NCCL INFO transport/net_ib.cc:1524 Ib Alloc Size 3584 pointer 0x14d77c09a000
rg31605:118364:118586 [1] NCCL INFO Received and initiated operation=Connect res=0
rg31605:118364:118586 [1] NCCL INFO transport/net_ib.cc:1514 Ib Alloc Size 173024 pointer 0x14d77c09c000
rg31605:118364:118586 [1] NCCL INFO transport/net_ib.cc:1524 Ib Alloc Size 3584 pointer 0x14d77c0c8000
rg31605:118364:118586 [1] NCCL INFO Received and initiated operation=Connect res=0
rg31605:118363:118593 [0] NCCL INFO ProxyCall UDS comm 0x559f9552be80 rank 0 tpRank 7(1ab15181ff4999bb) reqSize 8 respSize 0 respFd 103 opId 0xb8203b22ec6dcddd - DONE
rg31605:118363:118593 [0] NCCL INFO UDS: ClientGetFd handle 0x15446800b7f0 tpRank 7 returned fd 103 sameProcess 0
rg31605:118363:118593 [0] NCCL INFO UDS converted handle 0x15446800b7f0 to fd 103 on remote peer 7
rg31605:118366:118591 [3] NCCL INFO Imported shareable buffer device 3 size 2097152 ptr 0x1544c4800000
rg31605:118366:118591 [3] NCCL INFO ProxyCall UDS comm 0x55c467237300 rank 3 tpRank 4(501d536b633b12c2) reqSize 8 respSize 0 respFd 0x1544f42ddb38 opId 0x4acfb3ea1233e700
rg31605:118365:118592 [2] NCCL INFO Imported shareable buffer device 2 size 2097152 ptr 0x14a1c2800000
rg31605:118365:118592 [2] NCCL INFO sendConnect ncclProxyCallAsync opId=0x14a197414b98
rg31605:118365:118592 [2] NCCL INFO sendConnect ncclProxyCallAsync opId=0x14a1974206c8
rg31602:1354145:1354471 [3] NCCL INFO Imported shareable buffer device 3 size 2097152 ptr 0x14cd42a00000
rg31602:1354145:1354471 [3] NCCL INFO ProxyCall UDS comm 0x55fd064f5e40 rank 3 tpRank 0(a97a85be9205c536) reqSize 8 respSize 0 respFd 0x14cd6cb08b38 opId 0x109922fea8527c82
rg31605:118366:118584 [3] NCCL INFO NET/IB: NCCL Dev 1 IbDev 0 Port 1 qpn 1557 mtu 5 LID 909 subnet-prefix 33022  FLID 0 fifoRkey=0x180aca fifoLkey=0x180aca
rg31605:118363:118585 [0] NCCL INFO New proxy send connection 10 from local rank 2, transport 0
rg31605:118363:118585 [0] NCCL INFO proxyProgressAsync opId=0x14a1971ca6d0 op.type=1 op.reqBuff=0x15359c013030 op.respSize=16 done
rg31605:118363:118585 [0] NCCL INFO Received and initiated operation=Init res=0
rg31605:118365:118583 [2] NCCL INFO transport/net_ib.cc:1213 Ib Alloc Size 190080 pointer 0x14a164014000
rg31605:118365:118592 [2] NCCL INFO ncclPollProxyResponse Received new opId=0x14a1971ca6d0
rg31605:118365:118592 [2] NCCL INFO resp.opId=0x14a1971ca6d0 matches expected opId=0x14a1971ca6d0
rg31605:118365:118592 [2] NCCL INFO Connected to proxy localRank 0 -> connection 0x15359c0053f0
rg31605:118365:118592 [2] NCCL INFO ProxyCall UDS comm 0x55f13dc41d40 rank 2 tpRank 4(501d536b633b12c2) reqSize 8 respSize 0 respFd 0x14a1ecb08b48 opId 0xaf7afbf03f259a1c
rg31605:118365:118583 [2] NCCL INFO transport/net_ib.cc:1238 Ib Alloc Size 3584 pointer 0x14a164044000
rg31605:118365:118583 [2] NCCL INFO Received and initiated operation=Connect res=0
rg31605:118365:118583 [2] NCCL INFO transport/net_ib.cc:1213 Ib Alloc Size 190080 pointer 0x14a164046000
rg31605:118365:118583 [2] NCCL INFO transport/net_ib.cc:1238 Ib Alloc Size 3584 pointer 0x14a164076000
rg31605:118365:118583 [2] NCCL INFO Received and initiated operation=Connect res=0
rg31602:1354142:1354466 [0] NCCL INFO proxyUDSRecvReq::ncclProxyMsgGetFd rank 1 opId 0xc7b2f08b5f9d2b2b handle=0x151268011990
rg31602:1354142:1354466 [0] NCCL INFO UDS proxyGetFd received handle 0x151268011990 peer 1 opId c7b2f08b5f9d2b2b
rg31602:1354144:1354470 [2] NCCL INFO ProxyCall UDS comm 0x557c02d82840 rank 2 tpRank 0(a97a85be9205c536) reqSize 8 respSize 0 respFd 107 opId 0x226afa8b740c9224 - DONE
rg31602:1354144:1354470 [2] NCCL INFO UDS: ClientGetFd handle 0x15126800eb50 tpRank 0 returned fd 107 sameProcess 0
rg31602:1354144:1354470 [2] NCCL INFO UDS converted handle 0x15126800eb50 to fd 107 on remote peer 0
rg31602:1354144:1354463 [2] NCCL INFO NET/IB: NCCL Dev 1 IbDev 0 Port 1 qpn 10042 mtu 5 LID 914 subnet-prefix 33022  FLID 0 fifoRkey=0x17ebaa fifoLkey=0x17ebaa
rg31602:1354145:1354461 [3] NCCL INFO NET/IB: NCCL Dev 1 IbDev 0 Port 1 qpn 10043 mtu 5 LID 914 subnet-prefix 33022  FLID 0 fifoRkey=0x14cb8b fifoLkey=0x14cb8b
rg31602:1354142:1354472 [0] NCCL INFO ProxyCall UDS comm 0x559210de1fc0 rank 0 tpRank 3(429286f31744ee78) reqSize 8 respSize 0 respFd 125 opId 0xb11e78dafe24b2dc - DONE
rg31602:1354142:1354472 [0] NCCL INFO UDS: ClientGetFd handle 0x14cce400cf10 tpRank 3 returned fd 125 sameProcess 0
rg31602:1354142:1354472 [0] NCCL INFO UDS converted handle 0x14cce400cf10 to fd 125 on remote peer 3
rg31602:1354144:1354463 [2] NCCL INFO NET/IB: NCCL Dev 1 IbDev 0 Port 1 qpn 10045 mtu 5 LID 914 subnet-prefix 33022  FLID 0 fifoRkey=0x14e2a1 fifoLkey=0x14e2a1
rg31602:1354145:1354461 [3] NCCL INFO NET/IB: NCCL Dev 1 IbDev 0 Port 1 qpn 10046 mtu 5 LID 914 subnet-prefix 33022  FLID 0 fifoRkey=0x14ecad fifoLkey=0x14ecad
rg31602:1354143:1354465 [1] NCCL INFO transport/net_ib.cc:1718 Ib Alloc Size 3584 pointer 0x1466bc139000
rg31605:118363:118589 [0] NCCL INFO proxyUDSRecvReq::ncclProxyMsgGetFd rank 3 opId 0x4acfb3ea1233e700 handle=0x15359c00bcf0
rg31605:118363:118589 [0] NCCL INFO UDS proxyGetFd received handle 0x15359c00bcf0 peer 3 opId 4acfb3ea1233e700
rg31605:118364:118594 [1] NCCL INFO ProxyCall UDS comm 0x563189210700 rank 1 tpRank 4(501d536b633b12c2) reqSize 8 respSize 0 respFd 113 opId 0xa0e481184cfad3af - DONE
rg31605:118364:118594 [1] NCCL INFO UDS: ClientGetFd handle 0x15359c011990 tpRank 4 returned fd 113 sameProcess 0
rg31605:118364:118594 [1] NCCL INFO UDS converted handle 0x15359c011990 to fd 113 on remote peer 4
rg31605:118363:118593 [0] NCCL INFO Imported shareable buffer device 0 size 10485760 ptr 0x1535f9400000
rg31605:118363:118593 [0] NCCL INFO ProxyCall UDS comm 0x559f9552be80 rank 0 tpRank 7(1ab15181ff4999bb) reqSize 8 respSize 0 respFd 0x15362152ab48 opId 0x25ac0a523528bcc2
rg31605:118366:118587 [3] NCCL INFO proxyUDSRecvReq::ncclProxyMsgGetFd rank 0 opId 0x25ac0a523528bcc2 handle=0x15446800cf10
rg31605:118366:118587 [3] NCCL INFO UDS proxyGetFd received handle 0x15446800cf10 peer 0 opId 25ac0a523528bcc2
rg31605:118364:118586 [1] NCCL INFO transport/net_ib.cc:1718 Ib Alloc Size 3584 pointer 0x14d77c139000
rg31602:1354143:1354465 [1] NCCL INFO transport/net_ib.cc:1718 Ib Alloc Size 3584 pointer 0x1466bc1a0000
rg31605:118364:118586 [1] NCCL INFO transport/net_ib.cc:1718 Ib Alloc Size 3584 pointer 0x14d77c1a0000
rg31605:118365:118583 [2] NCCL INFO NET/IB: NCCL Dev 1 IbDev 0 Port 1 qpn 1562 mtu 5 LID 909 subnet-prefix 33022  FLID 0 fifoRkey=0x17ffbe fifoLkey=0x17ffbe
rg31605:118365:118583 [2] NCCL INFO NET/IB: NCCL Dev 1 IbDev 0 Port 1 qpn 1564 mtu 5 LID 909 subnet-prefix 33022  FLID 0 fifoRkey=0x1818d7 fifoLkey=0x1818d7
rg31605:118364:118586 [1] NCCL INFO transport/net_ib.cc:1718 Ib Alloc Size 3584 pointer 0x14d77c207000
rg31605:118364:118586 [1] NCCL INFO transport/net_ib.cc:1718 Ib Alloc Size 3584 pointer 0x14d77c26e000
rg31602:1354142:1354466 [0] NCCL INFO proxyUDSRecvReq::ncclProxyMsgGetFd rank 3 opId 0x109922fea8527c82 handle=0x15126800d430
rg31602:1354142:1354466 [0] NCCL INFO UDS proxyGetFd received handle 0x15126800d430 peer 3 opId 109922fea8527c82
rg31602:1354143:1354469 [1] NCCL INFO ProxyCall UDS comm 0x5555f5d97900 rank 1 tpRank 0(a97a85be9205c536) reqSize 8 respSize 0 respFd 101 opId 0xc7b2f08b5f9d2b2b - DONE
rg31602:1354143:1354469 [1] NCCL INFO UDS: ClientGetFd handle 0x151268011990 tpRank 0 returned fd 101 sameProcess 0
rg31602:1354143:1354469 [1] NCCL INFO UDS converted handle 0x151268011990 to fd 101 on remote peer 0
rg31602:1354142:1354472 [0] NCCL INFO Imported shareable buffer device 0 size 10485760 ptr 0x1512c5e00000
rg31602:1354142:1354472 [0] NCCL INFO ProxyCall UDS comm 0x559210de1fc0 rank 0 tpRank 3(429286f31744ee78) reqSize 8 respSize 0 respFd 0x1512fc305b48 opId 0xf6e14b7c02ec03da
rg31602:1354145:1354464 [3] NCCL INFO proxyUDSRecvReq::ncclProxyMsgGetFd rank 0 opId 0xf6e14b7c02ec03da handle=0x14cce400e630
rg31602:1354145:1354464 [3] NCCL INFO UDS proxyGetFd received handle 0x14cce400e630 peer 0 opId f6e14b7c02ec03da
rg31602:1354144:1354463 [2] NCCL INFO transport/net.cc:805 Cuda Host Alloc Size 9641984 pointer 0x153533400000
rg31602:1354144:1354463 [2] NCCL INFO Mem Realloc old size 0, new size 1024 pointer 0x1534d40927c0
rg31602:1354145:1354461 [3] NCCL INFO transport/net.cc:805 Cuda Host Alloc Size 9641984 pointer 0x14cd42c00000
rg31602:1354145:1354461 [3] NCCL INFO Mem Realloc old size 0, new size 1024 pointer 0x14cce4092690
rg31605:118363:118589 [0] NCCL INFO proxyUDSRecvReq::ncclProxyMsgGetFd rank 2 opId 0xaf7afbf03f259a1c handle=0x15359c00eb50
rg31605:118363:118589 [0] NCCL INFO UDS proxyGetFd received handle 0x15359c00eb50 peer 2 opId af7afbf03f259a1c
rg31605:118366:118591 [3] NCCL INFO ProxyCall UDS comm 0x55c467237300 rank 3 tpRank 4(501d536b633b12c2) reqSize 8 respSize 0 respFd 106 opId 0x4acfb3ea1233e700 - DONE
rg31605:118366:118591 [3] NCCL INFO UDS: ClientGetFd handle 0x15359c00bcf0 tpRank 4 returned fd 106 sameProcess 0
rg31605:118366:118591 [3] NCCL INFO UDS converted handle 0x15359c00bcf0 to fd 106 on remote peer 4
rg31602:1354145:1354471 [3] NCCL INFO ProxyCall UDS comm 0x55fd064f5e40 rank 3 tpRank 0(a97a85be9205c536) reqSize 8 respSize 0 respFd 106 opId 0x109922fea8527c82 - DONE
rg31602:1354145:1354471 [3] NCCL INFO UDS: ClientGetFd handle 0x15126800d430 tpRank 0 returned fd 106 sameProcess 0
rg31602:1354145:1354471 [3] NCCL INFO UDS converted handle 0x15126800d430 to fd 106 on remote peer 0
rg31605:118365:118592 [2] NCCL INFO ProxyCall UDS comm 0x55f13dc41d40 rank 2 tpRank 4(501d536b633b12c2) reqSize 8 respSize 0 respFd 107 opId 0xaf7afbf03f259a1c - DONE
rg31605:118365:118592 [2] NCCL INFO UDS: ClientGetFd handle 0x15359c00eb50 tpRank 4 returned fd 107 sameProcess 0
rg31605:118365:118592 [2] NCCL INFO UDS converted handle 0x15359c00eb50 to fd 107 on remote peer 4
rg31605:118366:118584 [3] NCCL INFO transport/net.cc:805 Cuda Host Alloc Size 9641984 pointer 0x1544c4a00000
rg31605:118366:118584 [3] NCCL INFO Mem Realloc old size 0, new size 1024 pointer 0x154468092690
rg31605:118363:118593 [0] NCCL INFO ProxyCall UDS comm 0x559f9552be80 rank 0 tpRank 7(1ab15181ff4999bb) reqSize 8 respSize 0 respFd 104 opId 0x25ac0a523528bcc2 - DONE
rg31605:118363:118593 [0] NCCL INFO UDS: ClientGetFd handle 0x15446800cf10 tpRank 7 returned fd 104 sameProcess 0
rg31605:118363:118593 [0] NCCL INFO UDS converted handle 0x15446800cf10 to fd 104 on remote peer 7
rg31605:118366:118591 [3] NCCL INFO Imported shareable buffer device 3 size 2097152 ptr 0x1544c5400000
rg31605:118366:118591 [3] NCCL INFO ProxyCall UDS comm 0x55c467237300 rank 3 tpRank 4(501d536b633b12c2) reqSize 8 respSize 0 respFd 0x1544f42ddb38 opId 0x2565fe18e8137448
rg31602:1354145:1354461 [3] NCCL INFO proxyProgressAsync opId=0x14cd1741b5b8 op.type=4 op.reqBuff=0x14cce4012b10 op.respSize=1400 done
rg31605:118363:118589 [0] NCCL INFO proxyUDSRecvReq::ncclProxyMsgGetFd rank 3 opId 0x2565fe18e8137448 handle=0x15359c00d430
rg31605:118363:118589 [0] NCCL INFO UDS proxyGetFd received handle 0x15359c00d430 peer 3 opId 2565fe18e8137448
rg31602:1354144:1354463 [2] NCCL INFO proxyProgressAsync opId=0x15350741a118 op.type=4 op.reqBuff=0x1534d4012b30 op.respSize=1400 done
rg31605:118364:118586 [1] NCCL INFO transport/net.cc:958 Cuda Host Alloc Size 9641984 pointer 0x14d7d8000000
rg31605:118364:118586 [1] NCCL INFO Mem Realloc old size 0, new size 1024 pointer 0x14d77c09b010
rg31605:118366:118584 [3] NCCL INFO proxyProgressAsync opId=0x15449b41f038 op.type=4 op.reqBuff=0x154468012b10 op.respSize=1400 done
rg31605:118364:118586 [1] NCCL INFO proxyProgressAsync opId=0x14d7af419890 op.type=4 op.reqBuff=0x14d77c03d8e0 op.respSize=1400 done
rg31602:1354143:1354465 [1] NCCL INFO transport/net.cc:958 Cuda Host Alloc Size 9641984 pointer 0x146719600000
rg31602:1354143:1354465 [1] NCCL INFO Mem Realloc old size 0, new size 1024 pointer 0x1466bc09b010
rg31602:1354143:1354465 [1] NCCL INFO proxyProgressAsync opId=0x1466ef420598 op.type=4 op.reqBuff=0x1466bc010d00 op.respSize=1400 done
rg31602:1354144:1354470 [2] NCCL INFO Imported shareable buffer device 2 size 10485760 ptr 0x153532a00000
rg31605:118364:118594 [1] NCCL INFO Imported shareable buffer device 1 size 10485760 ptr 0x14d7d7600000
rg31602:1354143:1354469 [1] NCCL INFO Imported shareable buffer device 1 size 10485760 ptr 0x14671a000000
rg31602:1354145:1354461 [3] NCCL INFO transport/net.cc:805 Cuda Host Alloc Size 9641984 pointer 0x14cd43600000
rg31605:118365:118592 [2] NCCL INFO Imported shareable buffer device 2 size 10485760 ptr 0x14a1c2a00000
rg31605:118365:118592 [2] NCCL INFO ProxyCall UDS comm 0x55f13dc41d40 rank 2 tpRank 4(501d536b633b12c2) reqSize 8 respSize 0 respFd 0x14a1ecb08b48 opId 0x394e2be2e3e463f1
rg31602:1354142:1354472 [0] NCCL INFO ProxyCall UDS comm 0x559210de1fc0 rank 0 tpRank 3(429286f31744ee78) reqSize 8 respSize 0 respFd 122 opId 0xf6e14b7c02ec03da - DONE
rg31602:1354142:1354472 [0] NCCL INFO UDS: ClientGetFd handle 0x14cce400e630 tpRank 3 returned fd 122 sameProcess 0
rg31602:1354142:1354472 [0] NCCL INFO UDS converted handle 0x14cce400e630 to fd 122 on remote peer 3
rg31602:1354145:1354471 [3] NCCL INFO Imported shareable buffer device 3 size 2097152 ptr 0x14cd44000000
rg31602:1354145:1354461 [3] NCCL INFO proxyProgressAsync opId=0x14cd174275b8 op.type=4 op.reqBuff=0x14cce40431a0 op.respSize=1400 done
rg31602:1354144:1354470 [2] NCCL INFO ProxyCall UDS comm 0x557c02d82840 rank 2 tpRank 0(a97a85be9205c536) reqSize 8 respSize 0 respFd 0x153564529b48 opId 0x8aaecff6c1cbe056
rg31602:1354142:1354466 [0] NCCL INFO proxyUDSRecvReq::ncclProxyMsgGetFd rank 2 opId 0x8aaecff6c1cbe056 handle=0x151268010270
rg31602:1354142:1354466 [0] NCCL INFO UDS proxyGetFd received handle 0x151268010270 peer 2 opId 8aaecff6c1cbe056
rg31602:1354144:1354463 [2] NCCL INFO transport/net.cc:805 Cuda Host Alloc Size 9641984 pointer 0x153533e00000
rg31605:118363:118593 [0] NCCL INFO Imported shareable buffer device 0 size 10485760 ptr 0x1535f9e00000
rg31605:118363:118593 [0] NCCL INFO ProxyCall UDS comm 0x559f9552be80 rank 0 tpRank 7(1ab15181ff4999bb) reqSize 8 respSize 0 respFd 0x15362152ab48 opId 0xd550fa3f00f646b
rg31605:118366:118587 [3] NCCL INFO proxyUDSRecvReq::ncclProxyMsgGetFd rank 0 opId 0xd550fa3f00f646b handle=0x15446800e630
rg31605:118366:118587 [3] NCCL INFO UDS proxyGetFd received handle 0x15446800e630 peer 0 opId d550fa3f00f646b
rg31605:118364:118594 [1] NCCL INFO ProxyCall UDS comm 0x563189210700 rank 1 tpRank 4(501d536b633b12c2) reqSize 8 respSize 0 respFd 0x14d808708b48 opId 0x5206396417fa0b5c
rg31605:118366:118584 [3] NCCL INFO transport/net.cc:805 Cuda Host Alloc Size 9641984 pointer 0x1544c5600000
rg31605:118364:118586 [1] NCCL INFO transport/net.cc:958 Cuda Host Alloc Size 9641984 pointer 0x14d7d8a00000
rg31602:1354144:1354463 [2] NCCL INFO proxyProgressAsync opId=0x153507425c28 op.type=4 op.reqBuff=0x1534d40431c0 op.respSize=1400 done
rg31602:1354144:1354463 [2] NCCL INFO New proxy send connection 9 from local rank 3, transport 0
rg31602:1354144:1354463 [2] NCCL INFO proxyProgressAsync opId=0x14cd171ca6d0 op.type=1 op.reqBuff=0x1534d4043250 op.respSize=16 done
rg31602:1354144:1354463 [2] NCCL INFO Received and initiated operation=Init res=0
rg31602:1354145:1354471 [3] NCCL INFO ncclPollProxyResponse Received new opId=0x14cd171ca6d0
rg31602:1354145:1354471 [3] NCCL INFO resp.opId=0x14cd171ca6d0 matches expected opId=0x14cd171ca6d0
rg31602:1354145:1354471 [3] NCCL INFO Connected to proxy localRank 2 -> connection 0x1534d4005378
rg31602:1354145:1354471 [3] NCCL INFO ProxyCall UDS comm 0x55fd064f5e40 rank 3 tpRank 2(e989f7654845d1ea) reqSize 8 respSize 0 respFd 0x14cd6cb08b48 opId 0x50794f408240b3f2
rg31602:1354144:1354467 [2] NCCL INFO proxyUDSRecvReq::ncclProxyMsgGetFd rank 3 opId 0x50794f408240b3f2 handle=0x1534d400fd50
rg31602:1354144:1354467 [2] NCCL INFO UDS proxyGetFd received handle 0x1534d400fd50 peer 3 opId 50794f408240b3f2
rg31605:118363:118589 [0] NCCL INFO proxyUDSRecvReq::ncclProxyMsgGetFd rank 2 opId 0x394e2be2e3e463f1 handle=0x15359c010270
rg31605:118363:118589 [0] NCCL INFO UDS proxyGetFd received handle 0x15359c010270 peer 2 opId 394e2be2e3e463f1
rg31605:118366:118591 [3] NCCL INFO ProxyCall UDS comm 0x55c467237300 rank 3 tpRank 4(501d536b633b12c2) reqSize 8 respSize 0 respFd 106 opId 0x2565fe18e8137448 - DONE
rg31605:118366:118591 [3] NCCL INFO UDS: ClientGetFd handle 0x15359c00d430 tpRank 4 returned fd 106 sameProcess 0
rg31605:118366:118591 [3] NCCL INFO UDS converted handle 0x15359c00d430 to fd 106 on remote peer 4
rg31602:1354144:1354470 [2] NCCL INFO ProxyCall UDS comm 0x557c02d82840 rank 2 tpRank 0(a97a85be9205c536) reqSize 8 respSize 0 respFd 108 opId 0x8aaecff6c1cbe056 - DONE
rg31602:1354144:1354470 [2] NCCL INFO UDS: ClientGetFd handle 0x151268010270 tpRank 0 returned fd 108 sameProcess 0
rg31602:1354144:1354470 [2] NCCL INFO UDS converted handle 0x151268010270 to fd 108 on remote peer 0
rg31602:1354142:1354472 [0] NCCL INFO Imported shareable buffer device 0 size 10485760 ptr 0x1512c6800000
rg31602:1354144:1354463 [2] NCCL INFO New proxy send connection 10 from local rank 0, transport 0
rg31602:1354144:1354463 [2] NCCL INFO proxyProgressAsync opId=0x1512971ca270 op.type=1 op.reqBuff=0x1534d4043270 op.respSize=16 done
rg31602:1354142:1354472 [0] NCCL INFO ncclPollProxyResponse Received new opId=0x1512971ca270
rg31602:1354144:1354463 [2] NCCL INFO Received and initiated operation=Init res=0
rg31602:1354142:1354472 [0] NCCL INFO resp.opId=0x1512971ca270 matches expected opId=0x1512971ca270
rg31602:1354142:1354472 [0] NCCL INFO Connected to proxy localRank 2 -> connection 0x1534d40053f0
rg31602:1354143:1354469 [1] NCCL INFO ProxyCall UDS comm 0x5555f5d97900 rank 1 tpRank 0(a97a85be9205c536) reqSize 8 respSize 0 respFd 0x146746dddb48 opId 0x8d45780464ba9e41
rg31602:1354142:1354472 [0] NCCL INFO ProxyCall UDS comm 0x559210de1fc0 rank 0 tpRank 2(e989f7654845d1ea) reqSize 8 respSize 0 respFd 0x1512fc305b38 opId 0x547af495c650fefd
rg31602:1354142:1354466 [0] NCCL INFO proxyUDSRecvReq::ncclProxyMsgGetFd rank 1 opId 0x8d45780464ba9e41 handle=0x1512680130b0
rg31602:1354142:1354466 [0] NCCL INFO UDS proxyGetFd received handle 0x1512680130b0 peer 1 opId 8d45780464ba9e41
rg31602:1354143:1354465 [1] NCCL INFO transport/net.cc:958 Cuda Host Alloc Size 9641984 pointer 0x14671aa00000
rg31602:1354144:1354467 [2] NCCL INFO proxyUDSRecvReq::ncclProxyMsgGetFd rank 0 opId 0x547af495c650fefd handle=0x1534d400cf10
rg31602:1354144:1354467 [2] NCCL INFO UDS proxyGetFd received handle 0x1534d400cf10 peer 0 opId 547af495c650fefd
rg31602:1354145:1354471 [3] NCCL INFO ProxyCall UDS comm 0x55fd064f5e40 rank 3 tpRank 2(e989f7654845d1ea) reqSize 8 respSize 0 respFd 107 opId 0x50794f408240b3f2 - DONE
rg31602:1354145:1354471 [3] NCCL INFO UDS: ClientGetFd handle 0x1534d400fd50 tpRank 2 returned fd 107 sameProcess 0
rg31602:1354145:1354471 [3] NCCL INFO UDS converted handle 0x1534d400fd50 to fd 107 on remote peer 2
rg31602:1354144:1354470 [2] NCCL INFO Imported shareable buffer device 2 size 10485760 ptr 0x153534800000
rg31602:1354145:1354461 [3] NCCL INFO New proxy send connection 9 from local rank 2, transport 0
rg31602:1354145:1354461 [3] NCCL INFO proxyProgressAsync opId=0x1535071ced80 op.type=1 op.reqBuff=0x14cce4077fe0 op.respSize=16 done
rg31602:1354145:1354461 [3] NCCL INFO Received and initiated operation=Init res=0
rg31602:1354144:1354470 [2] NCCL INFO ncclPollProxyResponse Received new opId=0x1535071ced80
rg31602:1354144:1354470 [2] NCCL INFO resp.opId=0x1535071ced80 matches expected opId=0x1535071ced80
rg31602:1354144:1354470 [2] NCCL INFO Connected to proxy localRank 3 -> connection 0x14cce4005378
rg31602:1354144:1354470 [2] NCCL INFO ProxyCall UDS comm 0x557c02d82840 rank 2 tpRank 3(429286f31744ee78) reqSize 8 respSize 0 respFd 0x153564529b38 opId 0xe2a601dd4f1d72b8
rg31602:1354145:1354464 [3] NCCL INFO proxyUDSRecvReq::ncclProxyMsgGetFd rank 2 opId 0xe2a601dd4f1d72b8 handle=0x14cce400fd50
rg31602:1354145:1354464 [3] NCCL INFO UDS proxyGetFd received handle 0x14cce400fd50 peer 2 opId e2a601dd4f1d72b8
rg31605:118366:118584 [3] NCCL INFO proxyProgressAsync opId=0x15449b42af48 op.type=4 op.reqBuff=0x1544680431a0 op.respSize=1400 done
rg31605:118363:118593 [0] NCCL INFO ProxyCall UDS comm 0x559f9552be80 rank 0 tpRank 7(1ab15181ff4999bb) reqSize 8 respSize 0 respFd 101 opId 0xd550fa3f00f646b - DONE
rg31605:118363:118593 [0] NCCL INFO UDS: ClientGetFd handle 0x15446800e630 tpRank 7 returned fd 101 sameProcess 0
rg31605:118363:118593 [0] NCCL INFO UDS converted handle 0x15446800e630 to fd 101 on remote peer 7
rg31605:118366:118591 [3] NCCL INFO Imported shareable buffer device 3 size 2097152 ptr 0x1544c6000000
rg31605:118364:118586 [1] NCCL INFO proxyProgressAsync opId=0x14d7af425420 op.type=4 op.reqBuff=0x14d77c03dec0 op.respSize=1400 done
rg31602:1354143:1354465 [1] NCCL INFO proxyProgressAsync opId=0x1466ef42c4a8 op.type=4 op.reqBuff=0x1466bc00f5e0 op.respSize=1400 done
rg31605:118365:118583 [2] NCCL INFO New proxy send connection 9 from local rank 3, transport 0
rg31605:118365:118583 [2] NCCL INFO proxyProgressAsync opId=0x15449aa1cf90 op.type=1 op.reqBuff=0x14a164012b10 op.respSize=16 done
rg31605:118365:118583 [2] NCCL INFO Received and initiated operation=Init res=0
rg31605:118366:118591 [3] NCCL INFO ncclPollProxyResponse Received new opId=0x15449aa1cf90
rg31605:118366:118591 [3] NCCL INFO resp.opId=0x15449aa1cf90 matches expected opId=0x15449aa1cf90
rg31605:118366:118591 [3] NCCL INFO Connected to proxy localRank 2 -> connection 0x14a164005378
rg31605:118366:118591 [3] NCCL INFO ProxyCall UDS comm 0x55c467237300 rank 3 tpRank 6(bb381d56cd11f9a7) reqSize 8 respSize 0 respFd 0x1544f42ddb48 opId 0xe8c113f651c4013a
rg31605:118365:118588 [2] NCCL INFO proxyUDSRecvReq::ncclProxyMsgGetFd rank 3 opId 0xe8c113f651c4013a handle=0x14a16400fd50
rg31605:118365:118588 [2] NCCL INFO UDS proxyGetFd received handle 0x14a16400fd50 peer 3 opId e8c113f651c4013a
rg31605:118363:118589 [0] NCCL INFO proxyUDSRecvReq::ncclProxyMsgGetFd rank 1 opId 0x5206396417fa0b5c handle=0x15359c0130b0
rg31605:118363:118589 [0] NCCL INFO UDS proxyGetFd received handle 0x15359c0130b0 peer 1 opId 5206396417fa0b5c
rg31605:118365:118592 [2] NCCL INFO ProxyCall UDS comm 0x55f13dc41d40 rank 2 tpRank 4(501d536b633b12c2) reqSize 8 respSize 0 respFd 108 opId 0x394e2be2e3e463f1 - DONE
rg31605:118365:118592 [2] NCCL INFO UDS: ClientGetFd handle 0x15359c010270 tpRank 4 returned fd 108 sameProcess 0
rg31605:118365:118592 [2] NCCL INFO UDS converted handle 0x15359c010270 to fd 108 on remote peer 4
rg31605:118363:118593 [0] NCCL INFO Imported shareable buffer device 0 size 10485760 ptr 0x1535fa800000
rg31605:118365:118583 [2] NCCL INFO New proxy send connection 10 from local rank 0, transport 0
rg31605:118365:118583 [2] NCCL INFO proxyProgressAsync opId=0x1535cf1cee90 op.type=1 op.reqBuff=0x14a1640113f0 op.respSize=16 done
rg31605:118363:118593 [0] NCCL INFO ncclPollProxyResponse Received new opId=0x1535cf1cee90
rg31605:118363:118593 [0] NCCL INFO resp.opId=0x1535cf1cee90 matches expected opId=0x1535cf1cee90
rg31605:118363:118593 [0] NCCL INFO Connected to proxy localRank 2 -> connection 0x14a1640053f0
rg31605:118365:118583 [2] NCCL INFO Received and initiated operation=Init res=0
rg31605:118363:118593 [0] NCCL INFO ProxyCall UDS comm 0x559f9552be80 rank 0 tpRank 6(bb381d56cd11f9a7) reqSize 8 respSize 0 respFd 0x15362152ab38 opId 0x96ed6b3635ee57d2
rg31602:1354142:1354472 [0] NCCL INFO ProxyCall UDS comm 0x559210de1fc0 rank 0 tpRank 2(e989f7654845d1ea) reqSize 8 respSize 0 respFd 127 opId 0x547af495c650fefd - DONE
rg31602:1354142:1354472 [0] NCCL INFO UDS: ClientGetFd handle 0x1534d400cf10 tpRank 2 returned fd 127 sameProcess 0
rg31602:1354142:1354472 [0] NCCL INFO UDS converted handle 0x1534d400cf10 to fd 127 on remote peer 2
rg31605:118365:118592 [2] NCCL INFO Imported shareable buffer device 2 size 10485760 ptr 0x14a1c3400000
rg31602:1354143:1354465 [1] NCCL INFO transport/net_ib.cc:1718 Ib Alloc Size 3584 pointer 0x1466bc207000
rg31605:118365:118592 [2] NCCL INFO ncclPollProxyResponse Received new opId=0x14a1971ca6d0
rg31605:118365:118592 [2] NCCL INFO resp.opId=0x14a1971ca6d0 matches expected opId=0x14a1971ca6d0
rg31605:118365:118592 [2] NCCL INFO Connected to proxy localRank 3 -> connection 0x154468005378
rg31605:118366:118584 [3] NCCL INFO New proxy send connection 9 from local rank 2, transport 0
rg31605:118366:118584 [3] NCCL INFO proxyProgressAsync opId=0x14a1971ca6d0 op.type=1 op.reqBuff=0x154468077fc0 op.respSize=16 done
rg31605:118366:118584 [3] NCCL INFO Received and initiated operation=Init res=0
rg31605:118365:118592 [2] NCCL INFO ProxyCall UDS comm 0x55f13dc41d40 rank 2 tpRank 7(1ab15181ff4999bb) reqSize 8 respSize 0 respFd 0x14a1ecb08b38 opId 0xc5328427554a196b
rg31605:118366:118587 [3] NCCL INFO proxyUDSRecvReq::ncclProxyMsgGetFd rank 2 opId 0xc5328427554a196b handle=0x15446800fd50
rg31605:118366:118587 [3] NCCL INFO UDS proxyGetFd received handle 0x15446800fd50 peer 2 opId c5328427554a196b
rg31605:118365:118588 [2] NCCL INFO proxyUDSRecvReq::ncclProxyMsgGetFd rank 0 opId 0x96ed6b3635ee57d2 handle=0x14a16400cf10
rg31605:118365:118588 [2] NCCL INFO UDS proxyGetFd received handle 0x14a16400cf10 peer 0 opId 96ed6b3635ee57d2
rg31605:118366:118591 [3] NCCL INFO ProxyCall UDS comm 0x55c467237300 rank 3 tpRank 6(bb381d56cd11f9a7) reqSize 8 respSize 0 respFd 108 opId 0xe8c113f651c4013a - DONE
rg31605:118366:118591 [3] NCCL INFO UDS: ClientGetFd handle 0x14a16400fd50 tpRank 6 returned fd 108 sameProcess 0
rg31605:118366:118591 [3] NCCL INFO UDS converted handle 0x14a16400fd50 to fd 108 on remote peer 6
rg31605:118364:118594 [1] NCCL INFO ProxyCall UDS comm 0x563189210700 rank 1 tpRank 4(501d536b633b12c2) reqSize 8 respSize 0 respFd 101 opId 0x5206396417fa0b5c - DONE
rg31605:118364:118594 [1] NCCL INFO UDS: ClientGetFd handle 0x15359c0130b0 tpRank 4 returned fd 101 sameProcess 0
rg31605:118364:118594 [1] NCCL INFO UDS converted handle 0x15359c0130b0 to fd 101 on remote peer 4
rg31602:1354143:1354465 [1] NCCL INFO transport/net_ib.cc:1718 Ib Alloc Size 3584 pointer 0x1466bc26e000
rg31605:118364:118586 [1] NCCL INFO transport/net.cc:958 Cuda Host Alloc Size 9641984 pointer 0x14d7d9400000
rg31605:118364:118586 [1] NCCL INFO proxyProgressAsync opId=0x14d7af41f878 op.type=4 op.reqBuff=0x14d77c010d00 op.respSize=1400 done
rg31605:118365:118592 [2] NCCL INFO ProxyCall UDS comm 0x55f13dc41d40 rank 2 tpRank 7(1ab15181ff4999bb) reqSize 8 respSize 0 respFd 111 opId 0xc5328427554a196b - DONE
rg31605:118365:118592 [2] NCCL INFO UDS: ClientGetFd handle 0x15446800fd50 tpRank 7 returned fd 111 sameProcess 0
rg31605:118365:118592 [2] NCCL INFO UDS converted handle 0x15446800fd50 to fd 111 on remote peer 7
rg31602:1354143:1354469 [1] NCCL INFO ProxyCall UDS comm 0x5555f5d97900 rank 1 tpRank 0(a97a85be9205c536) reqSize 8 respSize 0 respFd 102 opId 0x8d45780464ba9e41 - DONE
rg31602:1354143:1354469 [1] NCCL INFO UDS: ClientGetFd handle 0x1512680130b0 tpRank 0 returned fd 102 sameProcess 0
rg31602:1354143:1354469 [1] NCCL INFO UDS converted handle 0x1512680130b0 to fd 102 on remote peer 0
rg31605:118363:118593 [0] NCCL INFO ProxyCall UDS comm 0x559f9552be80 rank 0 tpRank 6(bb381d56cd11f9a7) reqSize 8 respSize 0 respFd 105 opId 0x96ed6b3635ee57d2 - DONE
rg31605:118363:118593 [0] NCCL INFO UDS: ClientGetFd handle 0x14a16400cf10 tpRank 6 returned fd 105 sameProcess 0
rg31605:118363:118593 [0] NCCL INFO UDS converted handle 0x14a16400cf10 to fd 105 on remote peer 6
rg31605:118364:118594 [1] NCCL INFO Imported shareable buffer device 1 size 10485760 ptr 0x14d7d9e00000
rg31602:1354145:1354471 [3] NCCL INFO Imported shareable buffer device 3 size 10485760 ptr 0x14cd44200000
rg31602:1354145:1354471 [3] NCCL INFO ProxyCall UDS comm 0x55fd064f5e40 rank 3 tpRank 2(e989f7654845d1ea) reqSize 8 respSize 0 respFd 0x14cd6cb08b48 opId 0xb2c4a79a40acb10f
rg31602:1354144:1354467 [2] NCCL INFO proxyUDSRecvReq::ncclProxyMsgGetFd rank 3 opId 0xb2c4a79a40acb10f handle=0x1534d4011470
rg31602:1354144:1354467 [2] NCCL INFO UDS proxyGetFd received handle 0x1534d4011470 peer 3 opId b2c4a79a40acb10f
rg31602:1354143:1354465 [1] NCCL INFO transport/net.cc:958 Cuda Host Alloc Size 9641984 pointer 0x14671b400000
rg31602:1354143:1354465 [1] NCCL INFO proxyProgressAsync opId=0x1466ef41a630 op.type=4 op.reqBuff=0x1466bc03d8e0 op.respSize=1400 done
rg31602:1354143:1354469 [1] NCCL INFO Imported shareable buffer device 1 size 10485760 ptr 0x14671be00000
rg31602:1354143:1354469 [1] NCCL INFO ncclPollProxyResponse Received new opId=0x1466ef420598
rg31602:1354143:1354469 [1] NCCL INFO resp.opId=0x1466ef420598 matches expected opId=0x1466ef420598
rg31602:1354143:1354469 [1] NCCL INFO recvConnect ncclPollProxyResponse opId=0x1466ef420598
rg31602:1354143:1354469 [1] NCCL INFO ncclPollProxyResponse Received new opId=0x1466ef42c4a8
rg31602:1354143:1354469 [1] NCCL INFO resp.opId=0x1466ef42c4a8 matches expected opId=0x1466ef42c4a8
rg31602:1354143:1354469 [1] NCCL INFO recvConnect ncclPollProxyResponse opId=0x1466ef42c4a8
rg31602:1354143:1354469 [1] NCCL INFO ncclPollProxyResponse Received new opId=0x1466ef41a630
rg31602:1354143:1354469 [1] NCCL INFO resp.opId=0x1466ef41a630 matches expected opId=0x1466ef41a630
rg31602:1354143:1354469 [1] NCCL INFO recvConnect ncclPollProxyResponse opId=0x1466ef41a630
rg31605:118366:118591 [3] NCCL INFO Imported shareable buffer device 3 size 10485760 ptr 0x1544c6200000
rg31605:118366:118591 [3] NCCL INFO ProxyCall UDS comm 0x55c467237300 rank 3 tpRank 6(bb381d56cd11f9a7) reqSize 8 respSize 0 respFd 0x1544f42ddb48 opId 0x5293a00d4f96f51e
rg31605:118365:118588 [2] NCCL INFO proxyUDSRecvReq::ncclProxyMsgGetFd rank 3 opId 0x5293a00d4f96f51e handle=0x14a164011470
rg31605:118365:118588 [2] NCCL INFO UDS proxyGetFd received handle 0x14a164011470 peer 3 opId 5293a00d4f96f51e
rg31605:118364:118594 [1] NCCL INFO ncclPollProxyResponse Received new opId=0x14d7af419890
rg31605:118364:118594 [1] NCCL INFO Queuing opId=0x14d7af419890 respBuff=0x14d7af4572e0 respSize=1400
rg31605:118364:118594 [1] NCCL INFO ncclPollProxyResponse Received new opId=0x14d7af425420
rg31605:118364:118594 [1] NCCL INFO Queuing opId=0x14d7af425420 respBuff=0x14d7af4572e0 respSize=1400
rg31605:118364:118594 [1] NCCL INFO ncclPollProxyResponse Dequeued cached opId=0x14d7af419890
rg31605:118364:118594 [1] NCCL INFO recvConnect ncclPollProxyResponse opId=0x14d7af419890
rg31605:118364:118594 [1] NCCL INFO ncclPollProxyResponse Dequeued cached opId=0x14d7af425420
rg31605:118364:118594 [1] NCCL INFO recvConnect ncclPollProxyResponse opId=0x14d7af425420
rg31605:118364:118594 [1] NCCL INFO ncclPollProxyResponse Received new opId=0x14d7af41f878
rg31605:118364:118594 [1] NCCL INFO resp.opId=0x14d7af41f878 matches expected opId=0x14d7af41f878
rg31605:118364:118594 [1] NCCL INFO recvConnect ncclPollProxyResponse opId=0x14d7af41f878
rg31605:118364:118586 [1] NCCL INFO transport/net.cc:958 Cuda Host Alloc Size 9641984 pointer 0x14d7da800000
rg31605:118365:118583 [2] NCCL INFO transport/net.cc:805 Cuda Host Alloc Size 9641984 pointer 0x14a1c3e00000
rg31605:118365:118583 [2] NCCL INFO Mem Realloc old size 0, new size 1024 pointer 0x14a1640926b0
rg31605:118364:118586 [1] NCCL INFO proxyProgressAsync opId=0x14d7af42b788 op.type=4 op.reqBuff=0x14d77c00f5e0 op.respSize=1400 done
rg31605:118364:118594 [1] NCCL INFO ncclPollProxyResponse Received new opId=0x14d7af42b788
rg31605:118364:118594 [1] NCCL INFO resp.opId=0x14d7af42b788 matches expected opId=0x14d7af42b788
rg31605:118364:118594 [1] NCCL INFO recvConnect ncclPollProxyResponse opId=0x14d7af42b788
rg31605:118365:118583 [2] NCCL INFO proxyProgressAsync opId=0x14a197414b98 op.type=4 op.reqBuff=0x14a164012b30 op.respSize=1400 done
rg31602:1354144:1354470 [2] NCCL INFO ProxyCall UDS comm 0x557c02d82840 rank 2 tpRank 3(429286f31744ee78) reqSize 8 respSize 0 respFd 111 opId 0xe2a601dd4f1d72b8 - DONE
rg31602:1354144:1354470 [2] NCCL INFO UDS: ClientGetFd handle 0x14cce400fd50 tpRank 3 returned fd 111 sameProcess 0
rg31602:1354144:1354470 [2] NCCL INFO UDS converted handle 0x14cce400fd50 to fd 111 on remote peer 3
rg31602:1354145:1354471 [3] NCCL INFO ProxyCall UDS comm 0x55fd064f5e40 rank 3 tpRank 2(e989f7654845d1ea) reqSize 8 respSize 0 respFd 108 opId 0xb2c4a79a40acb10f - DONE
rg31602:1354145:1354471 [3] NCCL INFO UDS: ClientGetFd handle 0x1534d4011470 tpRank 2 returned fd 108 sameProcess 0
rg31602:1354145:1354471 [3] NCCL INFO UDS converted handle 0x1534d4011470 to fd 108 on remote peer 2
rg31602:1354142:1354472 [0] NCCL INFO Imported shareable buffer device 0 size 2097152 ptr 0x1512c7200000
rg31602:1354142:1354472 [0] NCCL INFO ProxyCall UDS comm 0x559210de1fc0 rank 0 tpRank 2(e989f7654845d1ea) reqSize 8 respSize 0 respFd 0x1512fc305b38 opId 0x708cd215f5c6097
rg31602:1354144:1354467 [2] NCCL INFO proxyUDSRecvReq::ncclProxyMsgGetFd rank 0 opId 0x708cd215f5c6097 handle=0x1534d400e630
rg31602:1354144:1354467 [2] NCCL INFO UDS proxyGetFd received handle 0x1534d400e630 peer 0 opId 708cd215f5c6097
rg31602:1354143:1354465 [1] NCCL INFO transport/net.cc:958 Cuda Host Alloc Size 9641984 pointer 0x14671c800000
rg31602:1354143:1354465 [1] NCCL INFO proxyProgressAsync opId=0x1466ef426140 op.type=4 op.reqBuff=0x1466bc03dec0 op.respSize=1400 done
rg31602:1354143:1354469 [1] NCCL INFO ncclPollProxyResponse Received new opId=0x1466ef426140
rg31602:1354143:1354469 [1] NCCL INFO resp.opId=0x1466ef426140 matches expected opId=0x1466ef426140
rg31602:1354143:1354469 [1] NCCL INFO recvConnect ncclPollProxyResponse opId=0x1466ef426140
rg31605:118366:118591 [3] NCCL INFO ProxyCall UDS comm 0x55c467237300 rank 3 tpRank 6(bb381d56cd11f9a7) reqSize 8 respSize 0 respFd 108 opId 0x5293a00d4f96f51e - DONE
rg31605:118366:118591 [3] NCCL INFO UDS: ClientGetFd handle 0x14a164011470 tpRank 6 returned fd 108 sameProcess 0
rg31605:118366:118591 [3] NCCL INFO UDS converted handle 0x14a164011470 to fd 108 on remote peer 6
rg31602:1354145:1354471 [3] NCCL INFO Imported shareable buffer device 3 size 10485760 ptr 0x14cd44c00000
rg31602:1354145:1354471 [3] NCCL INFO ncclPollProxyResponse Received new opId=0x14cd1741b5b8
rg31602:1354145:1354471 [3] NCCL INFO resp.opId=0x14cd1741b5b8 matches expected opId=0x14cd1741b5b8
rg31602:1354145:1354471 [3] NCCL INFO sendConnect ncclPollProxyResponse opId=0x14cd1741b5b8
rg31602:1354145:1354471 [3] NCCL INFO ncclPollProxyResponse Received new opId=0x14cd174275b8
rg31602:1354145:1354471 [3] NCCL INFO resp.opId=0x14cd174275b8 matches expected opId=0x14cd174275b8
rg31602:1354145:1354471 [3] NCCL INFO sendConnect ncclPollProxyResponse opId=0x14cd174275b8
rg31602:1354142:1354472 [0] NCCL INFO ProxyCall UDS comm 0x559210de1fc0 rank 0 tpRank 2(e989f7654845d1ea) reqSize 8 respSize 0 respFd 126 opId 0x708cd215f5c6097 - DONE
rg31602:1354142:1354472 [0] NCCL INFO UDS: ClientGetFd handle 0x1534d400e630 tpRank 2 returned fd 126 sameProcess 0
rg31602:1354142:1354472 [0] NCCL INFO UDS converted handle 0x1534d400e630 to fd 126 on remote peer 2
rg31605:118363:118593 [0] NCCL INFO Imported shareable buffer device 0 size 2097152 ptr 0x1535fb200000
rg31605:118363:118593 [0] NCCL INFO ProxyCall UDS comm 0x559f9552be80 rank 0 tpRank 6(bb381d56cd11f9a7) reqSize 8 respSize 0 respFd 0x15362152ab38 opId 0x2146adcb4d442189
rg31605:118365:118588 [2] NCCL INFO proxyUDSRecvReq::ncclProxyMsgGetFd rank 0 opId 0x2146adcb4d442189 handle=0x14a16400e630
rg31605:118365:118588 [2] NCCL INFO UDS proxyGetFd received handle 0x14a16400e630 peer 0 opId 2146adcb4d442189
rg31605:118365:118583 [2] NCCL INFO transport/net.cc:805 Cuda Host Alloc Size 9641984 pointer 0x14a1c4a00000
rg31605:118365:118583 [2] NCCL INFO proxyProgressAsync opId=0x14a1974206c8 op.type=4 op.reqBuff=0x14a1640431c0 op.respSize=1400 done
rg31602:1354144:1354470 [2] NCCL INFO Imported shareable buffer device 2 size 2097152 ptr 0x153535200000
rg31602:1354144:1354470 [2] NCCL INFO ProxyCall UDS comm 0x557c02d82840 rank 2 tpRank 3(429286f31744ee78) reqSize 8 respSize 0 respFd 0x153564529b38 opId 0x44aa6af12f8b3ae4
rg31602:1354145:1354464 [3] NCCL INFO proxyUDSRecvReq::ncclProxyMsgGetFd rank 2 opId 0x44aa6af12f8b3ae4 handle=0x14cce4011470
rg31602:1354145:1354464 [3] NCCL INFO UDS proxyGetFd received handle 0x14cce4011470 peer 2 opId 44aa6af12f8b3ae4
rg31602:1354142:1354472 [0] NCCL INFO Imported shareable buffer device 0 size 2097152 ptr 0x1512c7400000
rg31602:1354143:1354465 [1] NCCL INFO New proxy send connection 9 from local rank 0, transport 0
rg31602:1354143:1354465 [1] NCCL INFO proxyProgressAsync opId=0x1512971ca270 op.type=1 op.reqBuff=0x1466bc03dec0 op.respSize=16 done
rg31602:1354143:1354465 [1] NCCL INFO Received and initiated operation=Init res=0
rg31602:1354142:1354472 [0] NCCL INFO ncclPollProxyResponse Received new opId=0x1512971ca270
rg31602:1354142:1354472 [0] NCCL INFO resp.opId=0x1512971ca270 matches expected opId=0x1512971ca270
rg31602:1354142:1354472 [0] NCCL INFO Connected to proxy localRank 1 -> connection 0x1466bc005378
rg31602:1354142:1354472 [0] NCCL INFO ProxyCall UDS comm 0x559210de1fc0 rank 0 tpRank 1(b6be2d560be2866a) reqSize 8 respSize 0 respFd 0x1512fc305b38 opId 0x7eed2af8d18fbd4
rg31602:1354143:1354468 [1] NCCL INFO proxyUDSRecvReq::ncclProxyMsgGetFd rank 0 opId 0x7eed2af8d18fbd4 handle=0x1466bc00df40
rg31602:1354143:1354468 [1] NCCL INFO UDS proxyGetFd received handle 0x1466bc00df40 peer 0 opId 7eed2af8d18fbd4
rg31602:1354144:1354470 [2] NCCL INFO ProxyCall UDS comm 0x557c02d82840 rank 2 tpRank 3(429286f31744ee78) reqSize 8 respSize 0 respFd 110 opId 0x44aa6af12f8b3ae4 - DONE
rg31602:1354144:1354470 [2] NCCL INFO UDS: ClientGetFd handle 0x14cce4011470 tpRank 3 returned fd 110 sameProcess 0
rg31602:1354144:1354470 [2] NCCL INFO UDS converted handle 0x14cce4011470 to fd 110 on remote peer 3
rg31605:118365:118592 [2] NCCL INFO Imported shareable buffer device 2 size 2097152 ptr 0x14a1c4800000
rg31605:118365:118592 [2] NCCL INFO ProxyCall UDS comm 0x55f13dc41d40 rank 2 tpRank 7(1ab15181ff4999bb) reqSize 8 respSize 0 respFd 0x14a1ecb08b38 opId 0x9a848eb51706a836
rg31605:118366:118587 [3] NCCL INFO proxyUDSRecvReq::ncclProxyMsgGetFd rank 2 opId 0x9a848eb51706a836 handle=0x154468011470
rg31605:118366:118587 [3] NCCL INFO UDS proxyGetFd received handle 0x154468011470 peer 2 opId 9a848eb51706a836
rg31602:1354142:1354472 [0] NCCL INFO ProxyCall UDS comm 0x559210de1fc0 rank 0 tpRank 1(b6be2d560be2866a) reqSize 8 respSize 0 respFd 127 opId 0x7eed2af8d18fbd4 - DONE
rg31602:1354142:1354472 [0] NCCL INFO UDS: ClientGetFd handle 0x1466bc00df40 tpRank 1 returned fd 127 sameProcess 0
rg31602:1354142:1354472 [0] NCCL INFO UDS converted handle 0x1466bc00df40 to fd 127 on remote peer 1
rg31602:1354144:1354470 [2] NCCL INFO Imported shareable buffer device 2 size 2097152 ptr 0x153535400000
rg31602:1354144:1354470 [2] NCCL INFO ncclPollProxyResponse Received new opId=0x15350741a118
rg31602:1354144:1354470 [2] NCCL INFO resp.opId=0x15350741a118 matches expected opId=0x15350741a118
rg31602:1354144:1354470 [2] NCCL INFO sendConnect ncclPollProxyResponse opId=0x15350741a118
rg31602:1354144:1354470 [2] NCCL INFO ncclPollProxyResponse Received new opId=0x153507425c28
rg31602:1354144:1354470 [2] NCCL INFO resp.opId=0x153507425c28 matches expected opId=0x153507425c28
rg31602:1354144:1354470 [2] NCCL INFO sendConnect ncclPollProxyResponse opId=0x153507425c28
rg31605:118363:118593 [0] NCCL INFO ProxyCall UDS comm 0x559f9552be80 rank 0 tpRank 6(bb381d56cd11f9a7) reqSize 8 respSize 0 respFd 105 opId 0x2146adcb4d442189 - DONE
rg31605:118363:118593 [0] NCCL INFO UDS: ClientGetFd handle 0x14a16400e630 tpRank 6 returned fd 105 sameProcess 0
rg31605:118363:118593 [0] NCCL INFO UDS converted handle 0x14a16400e630 to fd 105 on remote peer 6
rg31605:118366:118591 [3] NCCL INFO Imported shareable buffer device 3 size 10485760 ptr 0x1544c6c00000
rg31605:118366:118591 [3] NCCL INFO ncclPollProxyResponse Received new opId=0x15449b41f038
rg31605:118366:118591 [3] NCCL INFO resp.opId=0x15449b41f038 matches expected opId=0x15449b41f038
rg31605:118366:118591 [3] NCCL INFO sendConnect ncclPollProxyResponse opId=0x15449b41f038
rg31605:118366:118591 [3] NCCL INFO ncclPollProxyResponse Received new opId=0x15449b42af48
rg31605:118366:118591 [3] NCCL INFO resp.opId=0x15449b42af48 matches expected opId=0x15449b42af48
rg31605:118366:118591 [3] NCCL INFO sendConnect ncclPollProxyResponse opId=0x15449b42af48
rg31605:118365:118592 [2] NCCL INFO ProxyCall UDS comm 0x55f13dc41d40 rank 2 tpRank 7(1ab15181ff4999bb) reqSize 8 respSize 0 respFd 108 opId 0x9a848eb51706a836 - DONE
rg31605:118365:118592 [2] NCCL INFO UDS: ClientGetFd handle 0x154468011470 tpRank 7 returned fd 108 sameProcess 0
rg31605:118365:118592 [2] NCCL INFO UDS converted handle 0x154468011470 to fd 108 on remote peer 7
rg31605:118363:118593 [0] NCCL INFO Imported shareable buffer device 0 size 2097152 ptr 0x1535fb400000
rg31605:118364:118586 [1] NCCL INFO New proxy send connection 9 from local rank 0, transport 0
rg31605:118364:118586 [1] NCCL INFO proxyProgressAsync opId=0x1535cf1cee90 op.type=1 op.reqBuff=0x14d77c00f5e0 op.respSize=16 done
rg31605:118364:118586 [1] NCCL INFO Received and initiated operation=Init res=0
rg31605:118363:118593 [0] NCCL INFO ncclPollProxyResponse Received new opId=0x1535cf1cee90
rg31605:118363:118593 [0] NCCL INFO resp.opId=0x1535cf1cee90 matches expected opId=0x1535cf1cee90
rg31605:118363:118593 [0] NCCL INFO Connected to proxy localRank 1 -> connection 0x14d77c005378
rg31605:118363:118593 [0] NCCL INFO ProxyCall UDS comm 0x559f9552be80 rank 0 tpRank 5(64080527a681c810) reqSize 8 respSize 0 respFd 0x15362152ab38 opId 0x92e159d339a2f8ae
rg31605:118364:118590 [1] NCCL INFO proxyUDSRecvReq::ncclProxyMsgGetFd rank 0 opId 0x92e159d339a2f8ae handle=0x14d77c00df40
