rg32403:3964445:3964986 [0] NCCL INFO Connected to proxy localRank 0 -> connection 0x14cd7c004f40
rg32403:3964447:3964980 [2] NCCL INFO Mem Realloc old size 0, new size 8 pointer 0x14ae54004f20
rg32403:3964447:3964980 [2] NCCL INFO New proxy recv connection 0 from local rank 2, transport 1
rg32403:3964447:3964980 [2] NCCL INFO proxyProgressAsync opId=0x14ae86eb3340 op.type=1 op.reqBuff=0x14ae54004ee0 op.respSize=16 done
rg32403:3964447:3964985 [2] NCCL INFO ncclPollProxyResponse Received new opId=0x14ae86eb3340
rg32403:3964447:3964980 [2] NCCL INFO Received and initiated operation=Init res=0
rg32403:3964447:3964985 [2] NCCL INFO resp.opId=0x14ae86eb3340 matches expected opId=0x14ae86eb3340
rg32403:3964447:3964985 [2] NCCL INFO Connected to proxy localRank 2 -> connection 0x14ae54004f40
rg32403:3964448:3964976 [3] NCCL INFO Mem Realloc old size 0, new size 8 pointer 0x150d58004f20
rg32403:3964448:3964976 [3] NCCL INFO New proxy recv connection 0 from local rank 3, transport 1
rg32403:3964448:3964976 [3] NCCL INFO proxyProgressAsync opId=0x150d8aeb3340 op.type=1 op.reqBuff=0x150d58004ee0 op.respSize=16 done
rg32403:3964448:3964984 [3] NCCL INFO ncclPollProxyResponse Received new opId=0x150d8aeb3340
rg32403:3964448:3964976 [3] NCCL INFO Received and initiated operation=Init res=0
rg32403:3964448:3964984 [3] NCCL INFO resp.opId=0x150d8aeb3340 matches expected opId=0x150d8aeb3340
rg32403:3964448:3964984 [3] NCCL INFO Connected to proxy localRank 3 -> connection 0x150d58004f40
rg32402:2730064:2730064 [0] NCCL INFO AllGather: opCount 0 sendbuff 0x149d7aff6a00 recvbuff 0x149d7aff7c00 count 1 datatype 4 op 0 root 0 comm 0x5590904df340 [nranks=8] stream 0x559086329830
rg32402:2730064:2730064 [0] NCCL INFO misc/utils.cc:233 memory stack hunk malloc(65536)
rg32402:2730065:2730065 [1] NCCL INFO AllGather: opCount 0 sendbuff 0x149b36ff6a00 recvbuff 0x149b36ff7c00 count 1 datatype 4 op 0 root 0 comm 0x5596d7df5dc0 [nranks=8] stream 0x5596d74344c0
rg32402:2730065:2730065 [1] NCCL INFO misc/utils.cc:233 memory stack hunk malloc(65536)
rg32402:2730067:2730067 [3] NCCL INFO AllGather: opCount 0 sendbuff 0x145890ff6a00 recvbuff 0x145890ff7c00 count 1 datatype 4 op 0 root 0 comm 0x55f173d4ee00 [nranks=8] stream 0x55f1731d48e0
rg32402:2730067:2730067 [3] NCCL INFO misc/utils.cc:233 memory stack hunk malloc(65536)
rg32402:2730066:2730066 [2] NCCL INFO AllGather: opCount 0 sendbuff 0x153c12ff6a00 recvbuff 0x153c12ff7c00 count 1 datatype 4 op 0 root 0 comm 0x55dea986fa00 [nranks=8] stream 0x55dea8eae960
rg32402:2730066:2730066 [2] NCCL INFO misc/utils.cc:233 memory stack hunk malloc(65536)
rg32402:2730064:2730286 [0] NCCL INFO Mem Realloc old size 0, new size 8 pointer 0x149d08004f20
rg32402:2730064:2730286 [0] NCCL INFO New proxy send connection 0 from local rank 0, transport 1
rg32402:2730064:2730286 [0] NCCL INFO proxyProgressAsync opId=0x149d36eb3300 op.type=1 op.reqBuff=0x149d08004ee0 op.respSize=16 done
rg32402:2730065:2730287 [1] NCCL INFO Mem Realloc old size 0, new size 8 pointer 0x149ac4004f20
rg32402:2730065:2730287 [1] NCCL INFO New proxy send connection 0 from local rank 1, transport 1
rg32402:2730065:2730287 [1] NCCL INFO proxyProgressAsync opId=0x149af6eb3340 op.type=1 op.reqBuff=0x149ac4004ee0 op.respSize=16 done
rg32402:2730064:2730292 [0] NCCL INFO ncclPollProxyResponse Received new opId=0x149d36eb3300
rg32402:2730064:2730286 [0] NCCL INFO Received and initiated operation=Init res=0
rg32402:2730064:2730292 [0] NCCL INFO resp.opId=0x149d36eb3300 matches expected opId=0x149d36eb3300
rg32402:2730065:2730293 [1] NCCL INFO ncclPollProxyResponse Received new opId=0x149af6eb3340
rg32402:2730065:2730293 [1] NCCL INFO resp.opId=0x149af6eb3340 matches expected opId=0x149af6eb3340
rg32402:2730065:2730287 [1] NCCL INFO Received and initiated operation=Init res=0
rg32402:2730065:2730293 [1] NCCL INFO Connected to proxy localRank 1 -> connection 0x149ac4004f40
rg32402:2730064:2730292 [0] NCCL INFO Connected to proxy localRank 0 -> connection 0x149d08004f40
rg32402:2730067:2730285 [3] NCCL INFO Mem Realloc old size 0, new size 8 pointer 0x14581c004f20
rg32402:2730066:2730284 [2] NCCL INFO Mem Realloc old size 0, new size 8 pointer 0x153ba0004f20
rg32402:2730066:2730284 [2] NCCL INFO New proxy recv connection 0 from local rank 2, transport 1
rg32402:2730067:2730285 [3] NCCL INFO New proxy recv connection 0 from local rank 3, transport 1
rg32402:2730067:2730285 [3] NCCL INFO proxyProgressAsync opId=0x14584eeb3340 op.type=1 op.reqBuff=0x14581c004ee0 op.respSize=16 done
rg32402:2730066:2730284 [2] NCCL INFO proxyProgressAsync opId=0x153bd2eb3340 op.type=1 op.reqBuff=0x153ba0004ee0 op.respSize=16 done
rg32402:2730067:2730294 [3] NCCL INFO ncclPollProxyResponse Received new opId=0x14584eeb3340
rg32402:2730067:2730285 [3] NCCL INFO Received and initiated operation=Init res=0
rg32402:2730067:2730294 [3] NCCL INFO resp.opId=0x14584eeb3340 matches expected opId=0x14584eeb3340
rg32402:2730067:2730294 [3] NCCL INFO Connected to proxy localRank 3 -> connection 0x14581c004f40
rg32402:2730066:2730284 [2] NCCL INFO Received and initiated operation=Init res=0
rg32402:2730066:2730295 [2] NCCL INFO ncclPollProxyResponse Received new opId=0x153bd2eb3340
rg32402:2730066:2730295 [2] NCCL INFO resp.opId=0x153bd2eb3340 matches expected opId=0x153bd2eb3340
rg32402:2730066:2730295 [2] NCCL INFO Connected to proxy localRank 2 -> connection 0x153ba0004f40
rg32403:3964445:3964979 [0] NCCL INFO CUMEM Host Alloc Size 2097152 pointer 0x14cdd7a00000 handle 14cd7c008cd0 numa 1 dev 0 granularity 2097152
rg32403:3964445:3964979 [0] NCCL INFO CUMEM allocated shareable buffer 0x14cdd7a00000 size 4096
rg32403:3964445:3964979 [0] NCCL INFO proxyProgressAsync opId=0x14cdaeeb3340 op.type=3 op.reqBuff=0x14cd7c008b50 op.respSize=112 done
rg32403:3964445:3964986 [0] NCCL INFO ncclPollProxyResponse Received new opId=0x14cdaeeb3340
rg32403:3964445:3964979 [0] NCCL INFO Received and initiated operation=Setup res=0
rg32403:3964445:3964986 [0] NCCL INFO resp.opId=0x14cdaeeb3340 matches expected opId=0x14cdaeeb3340
rg32403:3964445:3964986 [0] NCCL INFO Channel 00 : 4[0] -> 7[3] via SHM/direct/direct
rg32403:3964445:3964979 [0] NCCL INFO New proxy send connection 1 from local rank 0, transport 1
rg32403:3964445:3964979 [0] NCCL INFO proxyProgressAsync opId=0x14cdaeeb3340 op.type=1 op.reqBuff=0x14cd7c00ac60 op.respSize=16 done
rg32403:3964445:3964986 [0] NCCL INFO ncclPollProxyResponse Received new opId=0x14cdaeeb3340
rg32403:3964445:3964979 [0] NCCL INFO Received and initiated operation=Init res=0
rg32403:3964445:3964986 [0] NCCL INFO resp.opId=0x14cdaeeb3340 matches expected opId=0x14cdaeeb3340
rg32403:3964445:3964986 [0] NCCL INFO Connected to proxy localRank 0 -> connection 0x14cd7c004fb8
rg32403:3964447:3964980 [2] NCCL INFO CUMEM Host Alloc Size 10485760 pointer 0x14aeafa00000 handle 14ae54008cd0 numa 3 dev 2 granularity 2097152
rg32403:3964447:3964980 [2] NCCL INFO CUMEM allocated shareable buffer 0x14aeafa00000 size 9637888
rg32403:3964447:3964980 [2] NCCL INFO proxyProgressAsync opId=0x14ae86eb3340 op.type=3 op.reqBuff=0x14ae54008b50 op.respSize=112 done
rg32403:3964447:3964985 [2] NCCL INFO ncclPollProxyResponse Received new opId=0x14ae86eb3340
rg32403:3964447:3964980 [2] NCCL INFO Received and initiated operation=Setup res=0
rg32403:3964447:3964985 [2] NCCL INFO resp.opId=0x14ae86eb3340 matches expected opId=0x14ae86eb3340
rg32403:3964447:3964980 [2] NCCL INFO New proxy recv connection 1 from local rank 2, transport 1
rg32403:3964447:3964980 [2] NCCL INFO proxyProgressAsync opId=0x14ae86eb3340 op.type=1 op.reqBuff=0x14ae5400ac60 op.respSize=16 done
rg32403:3964447:3964985 [2] NCCL INFO ncclPollProxyResponse Received new opId=0x14ae86eb3340
rg32403:3964447:3964980 [2] NCCL INFO Received and initiated operation=Init res=0
rg32403:3964447:3964985 [2] NCCL INFO resp.opId=0x14ae86eb3340 matches expected opId=0x14ae86eb3340
rg32403:3964447:3964985 [2] NCCL INFO Connected to proxy localRank 2 -> connection 0x14ae54004fb8
rg32403:3964448:3964976 [3] NCCL INFO CUMEM Host Alloc Size 10485760 pointer 0x150db3a00000 handle 150d58008cd0 numa 2 dev 3 granularity 2097152
rg32403:3964448:3964976 [3] NCCL INFO CUMEM allocated shareable buffer 0x150db3a00000 size 9637888
rg32403:3964448:3964976 [3] NCCL INFO proxyProgressAsync opId=0x150d8aeb3340 op.type=3 op.reqBuff=0x150d58008b50 op.respSize=112 done
rg32403:3964448:3964984 [3] NCCL INFO ncclPollProxyResponse Received new opId=0x150d8aeb3340
rg32403:3964448:3964976 [3] NCCL INFO Received and initiated operation=Setup res=0
rg32403:3964448:3964984 [3] NCCL INFO resp.opId=0x150d8aeb3340 matches expected opId=0x150d8aeb3340
rg32403:3964448:3964976 [3] NCCL INFO New proxy recv connection 1 from local rank 3, transport 1
rg32403:3964448:3964976 [3] NCCL INFO proxyProgressAsync opId=0x150d8aeb3340 op.type=1 op.reqBuff=0x150d5800ac60 op.respSize=16 done
rg32403:3964448:3964984 [3] NCCL INFO ncclPollProxyResponse Received new opId=0x150d8aeb3340
rg32403:3964448:3964976 [3] NCCL INFO Received and initiated operation=Init res=0
rg32403:3964448:3964984 [3] NCCL INFO resp.opId=0x150d8aeb3340 matches expected opId=0x150d8aeb3340
rg32403:3964448:3964984 [3] NCCL INFO Connected to proxy localRank 3 -> connection 0x150d58004fb8
rg32402:2730065:2730287 [1] NCCL INFO CUMEM Host Alloc Size 2097152 pointer 0x149b1da00000 handle 149ac4008cd0 numa 0 dev 1 granularity 2097152
rg32402:2730065:2730287 [1] NCCL INFO CUMEM allocated shareable buffer 0x149b1da00000 size 4096
rg32402:2730065:2730287 [1] NCCL INFO proxyProgressAsync opId=0x149af6eb3340 op.type=3 op.reqBuff=0x149ac4008b50 op.respSize=112 done
rg32402:2730065:2730293 [1] NCCL INFO ncclPollProxyResponse Received new opId=0x149af6eb3340
rg32402:2730065:2730287 [1] NCCL INFO Received and initiated operation=Setup res=0
rg32402:2730065:2730293 [1] NCCL INFO resp.opId=0x149af6eb3340 matches expected opId=0x149af6eb3340
rg32402:2730065:2730293 [1] NCCL INFO Channel 01 : 1[1] -> 2[2] via SHM/direct/direct
rg32402:2730064:2730286 [0] NCCL INFO CUMEM Host Alloc Size 2097152 pointer 0x149d61a00000 handle 149d08008cd0 numa 1 dev 0 granularity 2097152
rg32402:2730064:2730286 [0] NCCL INFO CUMEM allocated shareable buffer 0x149d61a00000 size 4096
rg32402:2730064:2730286 [0] NCCL INFO proxyProgressAsync opId=0x149d36eb3300 op.type=3 op.reqBuff=0x149d08008b50 op.respSize=112 done
rg32402:2730064:2730292 [0] NCCL INFO ncclPollProxyResponse Received new opId=0x149d36eb3300
rg32402:2730064:2730286 [0] NCCL INFO Received and initiated operation=Setup res=0
rg32402:2730064:2730292 [0] NCCL INFO resp.opId=0x149d36eb3300 matches expected opId=0x149d36eb3300
rg32402:2730065:2730287 [1] NCCL INFO New proxy send connection 1 from local rank 1, transport 1
rg32402:2730065:2730287 [1] NCCL INFO proxyProgressAsync opId=0x149af6eb3340 op.type=1 op.reqBuff=0x149ac400ac60 op.respSize=16 done
rg32402:2730065:2730293 [1] NCCL INFO ncclPollProxyResponse Received new opId=0x149af6eb3340
rg32402:2730065:2730287 [1] NCCL INFO Received and initiated operation=Init res=0
rg32402:2730065:2730293 [1] NCCL INFO resp.opId=0x149af6eb3340 matches expected opId=0x149af6eb3340
rg32402:2730065:2730293 [1] NCCL INFO Connected to proxy localRank 1 -> connection 0x149ac4004fb8
rg32402:2730064:2730292 [0] NCCL INFO Channel 00 : 0[0] -> 3[3] via SHM/direct/direct
rg32402:2730064:2730286 [0] NCCL INFO New proxy send connection 1 from local rank 0, transport 1
rg32402:2730064:2730286 [0] NCCL INFO proxyProgressAsync opId=0x149d36eb3300 op.type=1 op.reqBuff=0x149d0800ac60 op.respSize=16 done
rg32402:2730064:2730292 [0] NCCL INFO ncclPollProxyResponse Received new opId=0x149d36eb3300
rg32402:2730064:2730286 [0] NCCL INFO Received and initiated operation=Init res=0
rg32402:2730064:2730292 [0] NCCL INFO resp.opId=0x149d36eb3300 matches expected opId=0x149d36eb3300
rg32402:2730064:2730292 [0] NCCL INFO Connected to proxy localRank 0 -> connection 0x149d08004fb8
rg32402:2730067:2730285 [3] NCCL INFO CUMEM Host Alloc Size 10485760 pointer 0x145877a00000 handle 14581c008cd0 numa 2 dev 3 granularity 2097152
rg32402:2730067:2730285 [3] NCCL INFO CUMEM allocated shareable buffer 0x145877a00000 size 9637888
rg32402:2730067:2730285 [3] NCCL INFO proxyProgressAsync opId=0x14584eeb3340 op.type=3 op.reqBuff=0x14581c008b50 op.respSize=112 done
rg32402:2730066:2730284 [2] NCCL INFO CUMEM Host Alloc Size 10485760 pointer 0x153bf9a00000 handle 153ba0008cd0 numa 3 dev 2 granularity 2097152
rg32402:2730066:2730284 [2] NCCL INFO CUMEM allocated shareable buffer 0x153bf9a00000 size 9637888
rg32402:2730066:2730284 [2] NCCL INFO proxyProgressAsync opId=0x153bd2eb3340 op.type=3 op.reqBuff=0x153ba0008b50 op.respSize=112 done
rg32402:2730067:2730294 [3] NCCL INFO ncclPollProxyResponse Received new opId=0x14584eeb3340
rg32402:2730067:2730285 [3] NCCL INFO Received and initiated operation=Setup res=0
rg32402:2730067:2730294 [3] NCCL INFO resp.opId=0x14584eeb3340 matches expected opId=0x14584eeb3340
rg32402:2730066:2730295 [2] NCCL INFO ncclPollProxyResponse Received new opId=0x153bd2eb3340
rg32402:2730066:2730284 [2] NCCL INFO Received and initiated operation=Setup res=0
rg32402:2730066:2730295 [2] NCCL INFO resp.opId=0x153bd2eb3340 matches expected opId=0x153bd2eb3340
rg32402:2730067:2730285 [3] NCCL INFO New proxy recv connection 1 from local rank 3, transport 1
rg32402:2730067:2730285 [3] NCCL INFO proxyProgressAsync opId=0x14584eeb3340 op.type=1 op.reqBuff=0x14581c00ac60 op.respSize=16 done
rg32402:2730067:2730294 [3] NCCL INFO ncclPollProxyResponse Received new opId=0x14584eeb3340
rg32402:2730067:2730285 [3] NCCL INFO Received and initiated operation=Init res=0
rg32402:2730066:2730284 [2] NCCL INFO New proxy recv connection 1 from local rank 2, transport 1
rg32402:2730066:2730284 [2] NCCL INFO proxyProgressAsync opId=0x153bd2eb3340 op.type=1 op.reqBuff=0x153ba000ac60 op.respSize=16 done
rg32402:2730067:2730294 [3] NCCL INFO resp.opId=0x14584eeb3340 matches expected opId=0x14584eeb3340
rg32402:2730067:2730294 [3] NCCL INFO Connected to proxy localRank 3 -> connection 0x14581c004fb8
rg32402:2730066:2730295 [2] NCCL INFO ncclPollProxyResponse Received new opId=0x153bd2eb3340
rg32402:2730066:2730284 [2] NCCL INFO Received and initiated operation=Init res=0
rg32402:2730066:2730295 [2] NCCL INFO resp.opId=0x153bd2eb3340 matches expected opId=0x153bd2eb3340
rg32402:2730066:2730295 [2] NCCL INFO Connected to proxy localRank 2 -> connection 0x153ba0004fb8
rg32403:3964445:3964979 [0] NCCL INFO CUMEM Host Alloc Size 2097152 pointer 0x14cdd7c00000 handle 14cd7c00ae20 numa 1 dev 0 granularity 2097152
rg32403:3964445:3964979 [0] NCCL INFO CUMEM allocated shareable buffer 0x14cdd7c00000 size 4096
rg32403:3964445:3964979 [0] NCCL INFO proxyProgressAsync opId=0x14cdaeeb3340 op.type=3 op.reqBuff=0x14cd7c00aca0 op.respSize=112 done
rg32403:3964445:3964986 [0] NCCL INFO ncclPollProxyResponse Received new opId=0x14cdaeeb3340
rg32403:3964445:3964979 [0] NCCL INFO Received and initiated operation=Setup res=0
rg32403:3964445:3964986 [0] NCCL INFO resp.opId=0x14cdaeeb3340 matches expected opId=0x14cdaeeb3340
rg32403:3964445:3964986 [0] NCCL INFO Channel 02 : 4[0] -> 7[3] via SHM/direct/direct
rg32403:3964447:3964980 [2] NCCL INFO CUMEM Host Alloc Size 10485760 pointer 0x14aeb0400000 handle 14ae5400ae20 numa 3 dev 2 granularity 2097152
rg32403:3964447:3964980 [2] NCCL INFO CUMEM allocated shareable buffer 0x14aeb0400000 size 9637888
rg32403:3964447:3964980 [2] NCCL INFO proxyProgressAsync opId=0x14ae86eb3340 op.type=3 op.reqBuff=0x14ae5400aca0 op.respSize=112 done
rg32403:3964447:3964985 [2] NCCL INFO ncclPollProxyResponse Received new opId=0x14ae86eb3340
rg32403:3964447:3964980 [2] NCCL INFO Received and initiated operation=Setup res=0
rg32403:3964447:3964985 [2] NCCL INFO resp.opId=0x14ae86eb3340 matches expected opId=0x14ae86eb3340
rg32403:3964447:3964980 [2] NCCL INFO New proxy send connection 2 from local rank 2, transport 1
rg32403:3964447:3964980 [2] NCCL INFO proxyProgressAsync opId=0x14ae86eb3340 op.type=1 op.reqBuff=0x14ae5400cb30 op.respSize=16 done
rg32403:3964447:3964985 [2] NCCL INFO ncclPollProxyResponse Received new opId=0x14ae86eb3340
rg32403:3964447:3964980 [2] NCCL INFO Received and initiated operation=Init res=0
rg32403:3964447:3964985 [2] NCCL INFO resp.opId=0x14ae86eb3340 matches expected opId=0x14ae86eb3340
rg32403:3964447:3964985 [2] NCCL INFO Connected to proxy localRank 2 -> connection 0x14ae54005030
rg32403:3964448:3964976 [3] NCCL INFO CUMEM Host Alloc Size 10485760 pointer 0x150db4400000 handle 150d5800ae20 numa 2 dev 3 granularity 2097152
rg32403:3964448:3964976 [3] NCCL INFO CUMEM allocated shareable buffer 0x150db4400000 size 9637888
rg32403:3964448:3964976 [3] NCCL INFO proxyProgressAsync opId=0x150d8aeb3340 op.type=3 op.reqBuff=0x150d5800aca0 op.respSize=112 done
rg32403:3964448:3964984 [3] NCCL INFO ncclPollProxyResponse Received new opId=0x150d8aeb3340
rg32403:3964448:3964976 [3] NCCL INFO Received and initiated operation=Setup res=0
rg32403:3964448:3964984 [3] NCCL INFO resp.opId=0x150d8aeb3340 matches expected opId=0x150d8aeb3340
rg32403:3964446:3964446 [1] NCCL INFO AllGather: opCount 0 sendbuff 0x147b84ff6a00 recvbuff 0x147b84ff7c00 count 1 datatype 4 op 0 root 0 comm 0x55d52d8da0c0 [nranks=8] stream 0x55d52cd607f0
rg32403:3964446:3964446 [1] NCCL INFO misc/utils.cc:233 memory stack hunk malloc(65536)
rg32403:3964446:3964978 [1] NCCL INFO Mem Realloc old size 0, new size 8 pointer 0x147b10004f20
rg32403:3964446:3964978 [1] NCCL INFO New proxy send connection 0 from local rank 1, transport 1
rg32403:3964446:3964978 [1] NCCL INFO proxyProgressAsync opId=0x147b42eb3340 op.type=1 op.reqBuff=0x147b10004ee0 op.respSize=16 done
rg32403:3964446:3964987 [1] NCCL INFO ncclPollProxyResponse Received new opId=0x147b42eb3340
rg32403:3964446:3964978 [1] NCCL INFO Received and initiated operation=Init res=0
rg32403:3964446:3964987 [1] NCCL INFO resp.opId=0x147b42eb3340 matches expected opId=0x147b42eb3340
rg32403:3964446:3964987 [1] NCCL INFO Connected to proxy localRank 1 -> connection 0x147b10004f40
rg32403:3964447:3964980 [2] NCCL INFO CUMEM Host Alloc Size 2097152 pointer 0x14aeb0e00000 handle 14ae5400ccd0 numa 3 dev 2 granularity 2097152
rg32403:3964447:3964980 [2] NCCL INFO CUMEM allocated shareable buffer 0x14aeb0e00000 size 4096
rg32403:3964447:3964980 [2] NCCL INFO proxyProgressAsync opId=0x14ae86eb3340 op.type=3 op.reqBuff=0x14ae5400cb50 op.respSize=112 done
rg32403:3964447:3964985 [2] NCCL INFO ncclPollProxyResponse Received new opId=0x14ae86eb3340
rg32403:3964447:3964980 [2] NCCL INFO Received and initiated operation=Setup res=0
rg32403:3964447:3964985 [2] NCCL INFO resp.opId=0x14ae86eb3340 matches expected opId=0x14ae86eb3340
rg32403:3964447:3964985 [2] NCCL INFO Channel 01 : 6[2] -> 7[3] via SHM/direct/direct
rg32403:3964447:3964980 [2] NCCL INFO New proxy send connection 3 from local rank 2, transport 1
rg32403:3964447:3964980 [2] NCCL INFO proxyProgressAsync opId=0x14ae86eb3340 op.type=1 op.reqBuff=0x14ae5400cb50 op.respSize=16 done
rg32403:3964446:3964978 [1] NCCL INFO CUMEM Host Alloc Size 2097152 pointer 0x147b6ba00000 handle 147b10008cd0 numa 0 dev 1 granularity 2097152
rg32403:3964446:3964978 [1] NCCL INFO CUMEM allocated shareable buffer 0x147b6ba00000 size 4096
rg32403:3964446:3964978 [1] NCCL INFO proxyProgressAsync opId=0x147b42eb3340 op.type=3 op.reqBuff=0x147b10008b50 op.respSize=112 done
rg32403:3964447:3964985 [2] NCCL INFO ncclPollProxyResponse Received new opId=0x14ae86eb3340
rg32403:3964447:3964980 [2] NCCL INFO Received and initiated operation=Init res=0
rg32403:3964447:3964985 [2] NCCL INFO resp.opId=0x14ae86eb3340 matches expected opId=0x14ae86eb3340
rg32403:3964447:3964985 [2] NCCL INFO Connected to proxy localRank 2 -> connection 0x14ae540050a8
rg32403:3964446:3964987 [1] NCCL INFO ncclPollProxyResponse Received new opId=0x147b42eb3340
rg32403:3964446:3964978 [1] NCCL INFO Received and initiated operation=Setup res=0
rg32403:3964446:3964987 [1] NCCL INFO resp.opId=0x147b42eb3340 matches expected opId=0x147b42eb3340
rg32403:3964446:3964987 [1] NCCL INFO Channel 01 : 5[1] -> 6[2] via SHM/direct/direct
rg32403:3964446:3964978 [1] NCCL INFO New proxy send connection 1 from local rank 1, transport 1
rg32403:3964446:3964978 [1] NCCL INFO proxyProgressAsync opId=0x147b42eb3340 op.type=1 op.reqBuff=0x147b1000ac60 op.respSize=16 done
rg32403:3964446:3964987 [1] NCCL INFO ncclPollProxyResponse Received new opId=0x147b42eb3340
rg32403:3964446:3964978 [1] NCCL INFO Received and initiated operation=Init res=0
rg32403:3964446:3964987 [1] NCCL INFO resp.opId=0x147b42eb3340 matches expected opId=0x147b42eb3340
rg32403:3964446:3964987 [1] NCCL INFO Connected to proxy localRank 1 -> connection 0x147b10004fb8
rg32402:2730065:2730287 [1] NCCL INFO CUMEM Host Alloc Size 2097152 pointer 0x149b1dc00000 handle 149ac400ae20 numa 0 dev 1 granularity 2097152
rg32402:2730065:2730287 [1] NCCL INFO CUMEM allocated shareable buffer 0x149b1dc00000 size 4096
rg32402:2730065:2730287 [1] NCCL INFO proxyProgressAsync opId=0x149af6eb3340 op.type=3 op.reqBuff=0x149ac400aca0 op.respSize=112 done
rg32402:2730065:2730293 [1] NCCL INFO ncclPollProxyResponse Received new opId=0x149af6eb3340
rg32402:2730065:2730287 [1] NCCL INFO Received and initiated operation=Setup res=0
rg32402:2730064:2730286 [0] NCCL INFO CUMEM Host Alloc Size 2097152 pointer 0x149d61c00000 handle 149d0800ae20 numa 1 dev 0 granularity 2097152
rg32402:2730064:2730286 [0] NCCL INFO CUMEM allocated shareable buffer 0x149d61c00000 size 4096
rg32402:2730064:2730286 [0] NCCL INFO proxyProgressAsync opId=0x149d36eb3300 op.type=3 op.reqBuff=0x149d0800aca0 op.respSize=112 done
rg32402:2730065:2730293 [1] NCCL INFO resp.opId=0x149af6eb3340 matches expected opId=0x149af6eb3340
rg32402:2730065:2730293 [1] NCCL INFO Channel 03 : 1[1] -> 2[2] via SHM/direct/direct
rg32402:2730064:2730292 [0] NCCL INFO ncclPollProxyResponse Received new opId=0x149d36eb3300
rg32402:2730064:2730286 [0] NCCL INFO Received and initiated operation=Setup res=0
rg32402:2730064:2730292 [0] NCCL INFO resp.opId=0x149d36eb3300 matches expected opId=0x149d36eb3300
rg32402:2730064:2730292 [0] NCCL INFO Channel 02 : 0[0] -> 3[3] via SHM/direct/direct
rg32403:3964447:3964980 [2] NCCL INFO CUMEM Host Alloc Size 2097152 pointer 0x14aeb1000000 handle 14ae5400eb60 numa 3 dev 2 granularity 2097152
rg32403:3964447:3964980 [2] NCCL INFO CUMEM allocated shareable buffer 0x14aeb1000000 size 4096
rg32403:3964447:3964980 [2] NCCL INFO proxyProgressAsync opId=0x14ae86eb3340 op.type=3 op.reqBuff=0x14ae5400e9e0 op.respSize=112 done
rg32403:3964447:3964985 [2] NCCL INFO ncclPollProxyResponse Received new opId=0x14ae86eb3340
rg32403:3964447:3964980 [2] NCCL INFO Received and initiated operation=Setup res=0
rg32403:3964447:3964985 [2] NCCL INFO resp.opId=0x14ae86eb3340 matches expected opId=0x14ae86eb3340
rg32402:2730067:2730285 [3] NCCL INFO CUMEM Host Alloc Size 10485760 pointer 0x145878400000 handle 14581c00ae20 numa 2 dev 3 granularity 2097152
rg32402:2730067:2730285 [3] NCCL INFO CUMEM allocated shareable buffer 0x145878400000 size 9637888
rg32403:3964447:3964985 [2] NCCL INFO Channel 03 : 6[2] -> 7[3] via SHM/direct/direct
rg32402:2730067:2730285 [3] NCCL INFO proxyProgressAsync opId=0x14584eeb3340 op.type=3 op.reqBuff=0x14581c00aca0 op.respSize=112 done
rg32403:3964446:3964978 [1] NCCL INFO CUMEM Host Alloc Size 2097152 pointer 0x147b6bc00000 handle 147b1000ae20 numa 0 dev 1 granularity 2097152
rg32403:3964446:3964978 [1] NCCL INFO CUMEM allocated shareable buffer 0x147b6bc00000 size 4096
rg32403:3964446:3964978 [1] NCCL INFO proxyProgressAsync opId=0x147b42eb3340 op.type=3 op.reqBuff=0x147b1000aca0 op.respSize=112 done
rg32402:2730067:2730294 [3] NCCL INFO ncclPollProxyResponse Received new opId=0x14584eeb3340
rg32402:2730067:2730285 [3] NCCL INFO Received and initiated operation=Setup res=0
rg32402:2730067:2730294 [3] NCCL INFO resp.opId=0x14584eeb3340 matches expected opId=0x14584eeb3340
rg32403:3964446:3964987 [1] NCCL INFO ncclPollProxyResponse Received new opId=0x147b42eb3340
rg32403:3964446:3964978 [1] NCCL INFO Received and initiated operation=Setup res=0
rg32403:3964446:3964987 [1] NCCL INFO resp.opId=0x147b42eb3340 matches expected opId=0x147b42eb3340
rg32403:3964446:3964987 [1] NCCL INFO Channel 03 : 5[1] -> 6[2] via SHM/direct/direct
rg32402:2730066:2730284 [2] NCCL INFO CUMEM Host Alloc Size 10485760 pointer 0x153bfa400000 handle 153ba000ae20 numa 3 dev 2 granularity 2097152
rg32402:2730066:2730284 [2] NCCL INFO CUMEM allocated shareable buffer 0x153bfa400000 size 9637888
rg32402:2730066:2730284 [2] NCCL INFO proxyProgressAsync opId=0x153bd2eb3340 op.type=3 op.reqBuff=0x153ba000aca0 op.respSize=112 done
rg32402:2730066:2730295 [2] NCCL INFO ncclPollProxyResponse Received new opId=0x153bd2eb3340
rg32402:2730066:2730284 [2] NCCL INFO Received and initiated operation=Setup res=0
rg32402:2730066:2730295 [2] NCCL INFO resp.opId=0x153bd2eb3340 matches expected opId=0x153bd2eb3340
rg32402:2730066:2730284 [2] NCCL INFO New proxy send connection 2 from local rank 2, transport 1
rg32402:2730066:2730284 [2] NCCL INFO proxyProgressAsync opId=0x153bd2eb3340 op.type=1 op.reqBuff=0x153ba000cb30 op.respSize=16 done
rg32402:2730066:2730295 [2] NCCL INFO ncclPollProxyResponse Received new opId=0x153bd2eb3340
rg32402:2730066:2730284 [2] NCCL INFO Received and initiated operation=Init res=0
rg32402:2730066:2730295 [2] NCCL INFO resp.opId=0x153bd2eb3340 matches expected opId=0x153bd2eb3340
rg32402:2730066:2730295 [2] NCCL INFO Connected to proxy localRank 2 -> connection 0x153ba0005030
rg32403:3964448:3964976 [3] NCCL INFO New proxy recv connection 2 from local rank 3, transport 1
rg32403:3964448:3964976 [3] NCCL INFO proxyProgressAsync opId=0x150d8aeb3340 op.type=1 op.reqBuff=0x150d5800cb30 op.respSize=16 done
rg32403:3964448:3964984 [3] NCCL INFO ncclPollProxyResponse Received new opId=0x150d8aeb3340
rg32403:3964448:3964976 [3] NCCL INFO Received and initiated operation=Init res=0
rg32403:3964448:3964984 [3] NCCL INFO resp.opId=0x150d8aeb3340 matches expected opId=0x150d8aeb3340
rg32403:3964448:3964984 [3] NCCL INFO Connected to proxy localRank 3 -> connection 0x150d58005030
rg32402:2730066:2730284 [2] NCCL INFO CUMEM Host Alloc Size 2097152 pointer 0x153bfae00000 handle 153ba000ccd0 numa 3 dev 2 granularity 2097152
rg32402:2730066:2730284 [2] NCCL INFO CUMEM allocated shareable buffer 0x153bfae00000 size 4096
rg32402:2730066:2730284 [2] NCCL INFO proxyProgressAsync opId=0x153bd2eb3340 op.type=3 op.reqBuff=0x153ba000cb50 op.respSize=112 done
rg32402:2730066:2730295 [2] NCCL INFO ncclPollProxyResponse Received new opId=0x153bd2eb3340
rg32402:2730066:2730284 [2] NCCL INFO Received and initiated operation=Setup res=0
rg32402:2730066:2730295 [2] NCCL INFO resp.opId=0x153bd2eb3340 matches expected opId=0x153bd2eb3340
rg32402:2730066:2730295 [2] NCCL INFO Channel 01 : 2[2] -> 3[3] via SHM/direct/direct
rg32402:2730066:2730284 [2] NCCL INFO New proxy send connection 3 from local rank 2, transport 1
rg32402:2730066:2730284 [2] NCCL INFO proxyProgressAsync opId=0x153bd2eb3340 op.type=1 op.reqBuff=0x153ba000cb50 op.respSize=16 done
rg32402:2730066:2730295 [2] NCCL INFO ncclPollProxyResponse Received new opId=0x153bd2eb3340
rg32402:2730066:2730284 [2] NCCL INFO Received and initiated operation=Init res=0
rg32402:2730066:2730295 [2] NCCL INFO resp.opId=0x153bd2eb3340 matches expected opId=0x153bd2eb3340
rg32402:2730066:2730295 [2] NCCL INFO Connected to proxy localRank 2 -> connection 0x153ba00050a8
rg32402:2730066:2730284 [2] NCCL INFO CUMEM Host Alloc Size 2097152 pointer 0x153bfb000000 handle 153ba000eb60 numa 3 dev 2 granularity 2097152
rg32402:2730066:2730284 [2] NCCL INFO CUMEM allocated shareable buffer 0x153bfb000000 size 4096
rg32402:2730066:2730284 [2] NCCL INFO proxyProgressAsync opId=0x153bd2eb3340 op.type=3 op.reqBuff=0x153ba000e9e0 op.respSize=112 done
rg32402:2730066:2730295 [2] NCCL INFO ncclPollProxyResponse Received new opId=0x153bd2eb3340
rg32402:2730066:2730284 [2] NCCL INFO Received and initiated operation=Setup res=0
rg32402:2730066:2730295 [2] NCCL INFO resp.opId=0x153bd2eb3340 matches expected opId=0x153bd2eb3340
rg32402:2730066:2730295 [2] NCCL INFO Channel 03 : 2[2] -> 3[3] via SHM/direct/direct
rg32402:2730067:2730285 [3] NCCL INFO New proxy recv connection 2 from local rank 3, transport 1
rg32402:2730067:2730285 [3] NCCL INFO proxyProgressAsync opId=0x14584eeb3340 op.type=1 op.reqBuff=0x14581c00cb30 op.respSize=16 done
rg32402:2730067:2730294 [3] NCCL INFO ncclPollProxyResponse Received new opId=0x14584eeb3340
rg32402:2730067:2730285 [3] NCCL INFO Received and initiated operation=Init res=0
rg32402:2730067:2730294 [3] NCCL INFO resp.opId=0x14584eeb3340 matches expected opId=0x14584eeb3340
rg32402:2730067:2730294 [3] NCCL INFO Connected to proxy localRank 3 -> connection 0x14581c005030
rg32403:3964448:3964976 [3] NCCL INFO CUMEM Host Alloc Size 10485760 pointer 0x150db4e00000 handle 150d5800ccd0 numa 2 dev 3 granularity 2097152
rg32403:3964448:3964976 [3] NCCL INFO CUMEM allocated shareable buffer 0x150db4e00000 size 9637888
rg32403:3964448:3964976 [3] NCCL INFO proxyProgressAsync opId=0x150d8aeb3340 op.type=3 op.reqBuff=0x150d5800cb50 op.respSize=112 done
rg32403:3964448:3964984 [3] NCCL INFO ncclPollProxyResponse Received new opId=0x150d8aeb3340
rg32403:3964448:3964976 [3] NCCL INFO Received and initiated operation=Setup res=0
rg32403:3964448:3964984 [3] NCCL INFO resp.opId=0x150d8aeb3340 matches expected opId=0x150d8aeb3340
rg32403:3964448:3964976 [3] NCCL INFO New proxy recv connection 3 from local rank 3, transport 1
rg32403:3964448:3964976 [3] NCCL INFO proxyProgressAsync opId=0x150d8aeb3340 op.type=1 op.reqBuff=0x150d5800cb50 op.respSize=16 done
rg32403:3964448:3964984 [3] NCCL INFO ncclPollProxyResponse Received new opId=0x150d8aeb3340
rg32403:3964448:3964976 [3] NCCL INFO Received and initiated operation=Init res=0
rg32403:3964448:3964984 [3] NCCL INFO resp.opId=0x150d8aeb3340 matches expected opId=0x150d8aeb3340
rg32403:3964448:3964984 [3] NCCL INFO Connected to proxy localRank 3 -> connection 0x150d580050a8
rg32403:3964447:3964980 [2] NCCL INFO Allocated 33030532 bytes of shared memory in /dev/shm/nccl-X8KeFc
rg32403:3964446:3964978 [1] NCCL INFO Allocated 33030532 bytes of shared memory in /dev/shm/nccl-GedV8q
rg32402:2730067:2730285 [3] NCCL INFO CUMEM Host Alloc Size 10485760 pointer 0x145878e00000 handle 14581c00ccd0 numa 2 dev 3 granularity 2097152
rg32402:2730067:2730285 [3] NCCL INFO CUMEM allocated shareable buffer 0x145878e00000 size 9637888
rg32402:2730067:2730285 [3] NCCL INFO proxyProgressAsync opId=0x14584eeb3340 op.type=3 op.reqBuff=0x14581c00cb50 op.respSize=112 done
rg32402:2730067:2730294 [3] NCCL INFO ncclPollProxyResponse Received new opId=0x14584eeb3340
rg32402:2730067:2730285 [3] NCCL INFO Received and initiated operation=Setup res=0
rg32402:2730067:2730294 [3] NCCL INFO resp.opId=0x14584eeb3340 matches expected opId=0x14584eeb3340
rg32402:2730067:2730285 [3] NCCL INFO New proxy recv connection 3 from local rank 3, transport 1
rg32402:2730067:2730285 [3] NCCL INFO proxyProgressAsync opId=0x14584eeb3340 op.type=1 op.reqBuff=0x14581c00cb50 op.respSize=16 done
rg32402:2730067:2730294 [3] NCCL INFO ncclPollProxyResponse Received new opId=0x14584eeb3340
rg32402:2730067:2730285 [3] NCCL INFO Received and initiated operation=Init res=0
rg32402:2730067:2730294 [3] NCCL INFO resp.opId=0x14584eeb3340 matches expected opId=0x14584eeb3340
rg32402:2730067:2730294 [3] NCCL INFO Connected to proxy localRank 3 -> connection 0x14581c0050a8
rg32403:3964448:3964976 [3] NCCL INFO CUMEM Host Alloc Size 10485760 pointer 0x150db5800000 handle 150d5800eb60 numa 2 dev 3 granularity 2097152
rg32403:3964448:3964976 [3] NCCL INFO CUMEM allocated shareable buffer 0x150db5800000 size 9637888
rg32403:3964448:3964976 [3] NCCL INFO proxyProgressAsync opId=0x150d8aeb3340 op.type=3 op.reqBuff=0x150d5800e9e0 op.respSize=112 done
rg32403:3964448:3964984 [3] NCCL INFO ncclPollProxyResponse Received new opId=0x150d8aeb3340
rg32403:3964448:3964976 [3] NCCL INFO Received and initiated operation=Setup res=0
rg32403:3964448:3964984 [3] NCCL INFO resp.opId=0x150d8aeb3340 matches expected opId=0x150d8aeb3340
rg32403:3964448:3964976 [3] NCCL INFO New proxy send connection 4 from local rank 3, transport 1
rg32403:3964448:3964976 [3] NCCL INFO proxyProgressAsync opId=0x150d8aeb3340 op.type=1 op.reqBuff=0x150d5800e9e0 op.respSize=16 done
rg32403:3964448:3964984 [3] NCCL INFO ncclPollProxyResponse Received new opId=0x150d8aeb3340
rg32403:3964448:3964976 [3] NCCL INFO Received and initiated operation=Init res=0
rg32403:3964448:3964984 [3] NCCL INFO resp.opId=0x150d8aeb3340 matches expected opId=0x150d8aeb3340
rg32403:3964448:3964984 [3] NCCL INFO Connected to proxy localRank 3 -> connection 0x150d58005120
rg32403:3964445:3964979 [0] NCCL INFO New proxy recv connection 2 from local rank 0, transport 1
rg32403:3964445:3964979 [0] NCCL INFO proxyProgressAsync opId=0x14cdaeeb3340 op.type=1 op.reqBuff=0x14cd7c00cb30 op.respSize=16 done
rg32403:3964445:3964986 [0] NCCL INFO ncclPollProxyResponse Received new opId=0x14cdaeeb3340
rg32403:3964445:3964979 [0] NCCL INFO Received and initiated operation=Init res=0
rg32403:3964445:3964986 [0] NCCL INFO resp.opId=0x14cdaeeb3340 matches expected opId=0x14cdaeeb3340
rg32403:3964445:3964986 [0] NCCL INFO Connected to proxy localRank 0 -> connection 0x14cd7c005030
rg32402:2730066:2730284 [2] NCCL INFO Allocated 33030532 bytes of shared memory in /dev/shm/nccl-PjYE9a
rg32402:2730065:2730287 [1] NCCL INFO Allocated 33030532 bytes of shared memory in /dev/shm/nccl-PqL9LW
rg32402:2730067:2730285 [3] NCCL INFO CUMEM Host Alloc Size 10485760 pointer 0x145879800000 handle 14581c00eb60 numa 2 dev 3 granularity 2097152
rg32402:2730067:2730285 [3] NCCL INFO CUMEM allocated shareable buffer 0x145879800000 size 9637888
rg32402:2730067:2730285 [3] NCCL INFO proxyProgressAsync opId=0x14584eeb3340 op.type=3 op.reqBuff=0x14581c00e9e0 op.respSize=112 done
rg32402:2730067:2730294 [3] NCCL INFO ncclPollProxyResponse Received new opId=0x14584eeb3340
rg32402:2730067:2730285 [3] NCCL INFO Received and initiated operation=Setup res=0
rg32402:2730067:2730294 [3] NCCL INFO resp.opId=0x14584eeb3340 matches expected opId=0x14584eeb3340
rg32402:2730067:2730285 [3] NCCL INFO New proxy send connection 4 from local rank 3, transport 1
rg32402:2730067:2730285 [3] NCCL INFO proxyProgressAsync opId=0x14584eeb3340 op.type=1 op.reqBuff=0x14581c00e9e0 op.respSize=16 done
rg32402:2730067:2730294 [3] NCCL INFO ncclPollProxyResponse Received new opId=0x14584eeb3340
rg32402:2730064:2730286 [0] NCCL INFO New proxy recv connection 2 from local rank 0, transport 1
rg32402:2730064:2730286 [0] NCCL INFO proxyProgressAsync opId=0x149d36eb3300 op.type=1 op.reqBuff=0x149d0800cb30 op.respSize=16 done
rg32402:2730067:2730285 [3] NCCL INFO Received and initiated operation=Init res=0
rg32402:2730067:2730294 [3] NCCL INFO resp.opId=0x14584eeb3340 matches expected opId=0x14584eeb3340
rg32402:2730067:2730294 [3] NCCL INFO Connected to proxy localRank 3 -> connection 0x14581c005120
rg32402:2730064:2730292 [0] NCCL INFO ncclPollProxyResponse Received new opId=0x149d36eb3300
rg32402:2730064:2730286 [0] NCCL INFO Received and initiated operation=Init res=0
rg32402:2730064:2730292 [0] NCCL INFO resp.opId=0x149d36eb3300 matches expected opId=0x149d36eb3300
rg32402:2730064:2730292 [0] NCCL INFO Connected to proxy localRank 0 -> connection 0x149d08005030
rg32403:3964448:3964976 [3] NCCL INFO CUMEM Host Alloc Size 2097152 pointer 0x150db6200000 handle 150d580109d0 numa 2 dev 3 granularity 2097152
rg32403:3964448:3964976 [3] NCCL INFO CUMEM allocated shareable buffer 0x150db6200000 size 4096
rg32403:3964448:3964976 [3] NCCL INFO proxyProgressAsync opId=0x150d8aeb3340 op.type=3 op.reqBuff=0x150d58010850 op.respSize=112 done
rg32403:3964448:3964984 [3] NCCL INFO ncclPollProxyResponse Received new opId=0x150d8aeb3340
rg32403:3964448:3964976 [3] NCCL INFO Received and initiated operation=Setup res=0
rg32403:3964448:3964984 [3] NCCL INFO resp.opId=0x150d8aeb3340 matches expected opId=0x150d8aeb3340
rg32403:3964448:3964984 [3] NCCL INFO Channel 01 : 7[3] -> 4[0] via SHM/direct/direct
rg32403:3964448:3964976 [3] NCCL INFO New proxy send connection 5 from local rank 3, transport 1
rg32403:3964448:3964976 [3] NCCL INFO proxyProgressAsync opId=0x150d8aeb3340 op.type=1 op.reqBuff=0x150d58010850 op.respSize=16 done
rg32403:3964448:3964984 [3] NCCL INFO ncclPollProxyResponse Received new opId=0x150d8aeb3340
rg32403:3964448:3964976 [3] NCCL INFO Received and initiated operation=Init res=0
rg32403:3964448:3964984 [3] NCCL INFO resp.opId=0x150d8aeb3340 matches expected opId=0x150d8aeb3340
rg32403:3964448:3964984 [3] NCCL INFO Connected to proxy localRank 3 -> connection 0x150d58005198
rg32403:3964445:3964979 [0] NCCL INFO CUMEM Host Alloc Size 10485760 pointer 0x14cdd7e00000 handle 14cd7c00ccd0 numa 1 dev 0 granularity 2097152
rg32403:3964445:3964979 [0] NCCL INFO CUMEM allocated shareable buffer 0x14cdd7e00000 size 9637888
rg32403:3964445:3964979 [0] NCCL INFO proxyProgressAsync opId=0x14cdaeeb3340 op.type=3 op.reqBuff=0x14cd7c00cb50 op.respSize=112 done
rg32403:3964445:3964986 [0] NCCL INFO ncclPollProxyResponse Received new opId=0x14cdaeeb3340
rg32403:3964445:3964979 [0] NCCL INFO Received and initiated operation=Setup res=0
rg32403:3964445:3964986 [0] NCCL INFO resp.opId=0x14cdaeeb3340 matches expected opId=0x14cdaeeb3340
rg32403:3964445:3964979 [0] NCCL INFO New proxy recv connection 3 from local rank 0, transport 1
rg32403:3964445:3964979 [0] NCCL INFO proxyProgressAsync opId=0x14cdaeeb3340 op.type=1 op.reqBuff=0x14cd7c00cb50 op.respSize=16 done
rg32403:3964445:3964986 [0] NCCL INFO ncclPollProxyResponse Received new opId=0x14cdaeeb3340
rg32403:3964445:3964979 [0] NCCL INFO Received and initiated operation=Init res=0
rg32403:3964445:3964986 [0] NCCL INFO resp.opId=0x14cdaeeb3340 matches expected opId=0x14cdaeeb3340
rg32403:3964445:3964986 [0] NCCL INFO Connected to proxy localRank 0 -> connection 0x14cd7c0050a8
rg32402:2730067:2730285 [3] NCCL INFO CUMEM Host Alloc Size 2097152 pointer 0x14587a200000 handle 14581c0109d0 numa 2 dev 3 granularity 2097152
rg32402:2730067:2730285 [3] NCCL INFO CUMEM allocated shareable buffer 0x14587a200000 size 4096
rg32402:2730067:2730285 [3] NCCL INFO proxyProgressAsync opId=0x14584eeb3340 op.type=3 op.reqBuff=0x14581c010850 op.respSize=112 done
rg32402:2730067:2730294 [3] NCCL INFO ncclPollProxyResponse Received new opId=0x14584eeb3340
rg32402:2730067:2730285 [3] NCCL INFO Received and initiated operation=Setup res=0
rg32402:2730067:2730294 [3] NCCL INFO resp.opId=0x14584eeb3340 matches expected opId=0x14584eeb3340
rg32402:2730067:2730294 [3] NCCL INFO Channel 01 : 3[3] -> 0[0] via SHM/direct/direct
rg32402:2730067:2730285 [3] NCCL INFO New proxy send connection 5 from local rank 3, transport 1
rg32402:2730067:2730285 [3] NCCL INFO proxyProgressAsync opId=0x14584eeb3340 op.type=1 op.reqBuff=0x14581c010850 op.respSize=16 done
rg32402:2730067:2730294 [3] NCCL INFO ncclPollProxyResponse Received new opId=0x14584eeb3340
rg32402:2730067:2730285 [3] NCCL INFO Received and initiated operation=Init res=0
rg32402:2730067:2730294 [3] NCCL INFO resp.opId=0x14584eeb3340 matches expected opId=0x14584eeb3340
rg32402:2730067:2730294 [3] NCCL INFO Connected to proxy localRank 3 -> connection 0x14581c005198
rg32402:2730064:2730286 [0] NCCL INFO CUMEM Host Alloc Size 10485760 pointer 0x149d61e00000 handle 149d0800ccd0 numa 1 dev 0 granularity 2097152
rg32402:2730064:2730286 [0] NCCL INFO CUMEM allocated shareable buffer 0x149d61e00000 size 9637888
rg32402:2730064:2730286 [0] NCCL INFO proxyProgressAsync opId=0x149d36eb3300 op.type=3 op.reqBuff=0x149d0800cb50 op.respSize=112 done
rg32402:2730064:2730292 [0] NCCL INFO ncclPollProxyResponse Received new opId=0x149d36eb3300
rg32402:2730064:2730286 [0] NCCL INFO Received and initiated operation=Setup res=0
rg32402:2730064:2730292 [0] NCCL INFO resp.opId=0x149d36eb3300 matches expected opId=0x149d36eb3300
rg32402:2730064:2730286 [0] NCCL INFO New proxy recv connection 3 from local rank 0, transport 1
rg32402:2730064:2730286 [0] NCCL INFO proxyProgressAsync opId=0x149d36eb3300 op.type=1 op.reqBuff=0x149d0800cb50 op.respSize=16 done
rg32402:2730064:2730292 [0] NCCL INFO ncclPollProxyResponse Received new opId=0x149d36eb3300
rg32402:2730064:2730286 [0] NCCL INFO Received and initiated operation=Init res=0
rg32402:2730064:2730292 [0] NCCL INFO resp.opId=0x149d36eb3300 matches expected opId=0x149d36eb3300
rg32402:2730064:2730292 [0] NCCL INFO Connected to proxy localRank 0 -> connection 0x149d080050a8
rg32403:3964448:3964976 [3] NCCL INFO CUMEM Host Alloc Size 2097152 pointer 0x150db6400000 handle 150d58012840 numa 2 dev 3 granularity 2097152
rg32403:3964448:3964976 [3] NCCL INFO CUMEM allocated shareable buffer 0x150db6400000 size 4096
rg32403:3964448:3964976 [3] NCCL INFO proxyProgressAsync opId=0x150d8aeb3340 op.type=3 op.reqBuff=0x150d580126c0 op.respSize=112 done
rg32403:3964448:3964984 [3] NCCL INFO ncclPollProxyResponse Received new opId=0x150d8aeb3340
rg32403:3964448:3964976 [3] NCCL INFO Received and initiated operation=Setup res=0
rg32403:3964448:3964984 [3] NCCL INFO resp.opId=0x150d8aeb3340 matches expected opId=0x150d8aeb3340
rg32403:3964448:3964984 [3] NCCL INFO Channel 03 : 7[3] -> 4[0] via SHM/direct/direct
rg32403:3964445:3964979 [0] NCCL INFO CUMEM Host Alloc Size 10485760 pointer 0x14cdd8800000 handle 14cd7c00eb60 numa 1 dev 0 granularity 2097152
rg32403:3964445:3964979 [0] NCCL INFO CUMEM allocated shareable buffer 0x14cdd8800000 size 9637888
rg32403:3964445:3964979 [0] NCCL INFO proxyProgressAsync opId=0x14cdaeeb3340 op.type=3 op.reqBuff=0x14cd7c00e9e0 op.respSize=112 done
rg32403:3964445:3964986 [0] NCCL INFO ncclPollProxyResponse Received new opId=0x14cdaeeb3340
rg32403:3964445:3964979 [0] NCCL INFO Received and initiated operation=Setup res=0
rg32403:3964445:3964986 [0] NCCL INFO resp.opId=0x14cdaeeb3340 matches expected opId=0x14cdaeeb3340
rg32402:2730067:2730285 [3] NCCL INFO CUMEM Host Alloc Size 2097152 pointer 0x14587a400000 handle 14581c012840 numa 2 dev 3 granularity 2097152
rg32402:2730067:2730285 [3] NCCL INFO CUMEM allocated shareable buffer 0x14587a400000 size 4096
rg32402:2730067:2730285 [3] NCCL INFO proxyProgressAsync opId=0x14584eeb3340 op.type=3 op.reqBuff=0x14581c0126c0 op.respSize=112 done
rg32402:2730067:2730294 [3] NCCL INFO ncclPollProxyResponse Received new opId=0x14584eeb3340
rg32402:2730067:2730285 [3] NCCL INFO Received and initiated operation=Setup res=0
rg32402:2730067:2730294 [3] NCCL INFO resp.opId=0x14584eeb3340 matches expected opId=0x14584eeb3340
rg32402:2730067:2730294 [3] NCCL INFO Channel 03 : 3[3] -> 0[0] via SHM/direct/direct
rg32402:2730064:2730286 [0] NCCL INFO CUMEM Host Alloc Size 10485760 pointer 0x149d62800000 handle 149d0800eb60 numa 1 dev 0 granularity 2097152
rg32402:2730064:2730286 [0] NCCL INFO CUMEM allocated shareable buffer 0x149d62800000 size 9637888
rg32402:2730064:2730286 [0] NCCL INFO proxyProgressAsync opId=0x149d36eb3300 op.type=3 op.reqBuff=0x149d0800e9e0 op.respSize=112 done
rg32402:2730064:2730292 [0] NCCL INFO ncclPollProxyResponse Received new opId=0x149d36eb3300
rg32402:2730064:2730286 [0] NCCL INFO Received and initiated operation=Setup res=0
rg32402:2730064:2730292 [0] NCCL INFO resp.opId=0x149d36eb3300 matches expected opId=0x149d36eb3300
rg32403:3964445:3964979 [0] NCCL INFO Allocated 33030532 bytes of shared memory in /dev/shm/nccl-W4Qjsd
rg32402:2730064:2730286 [0] NCCL INFO Allocated 33030532 bytes of shared memory in /dev/shm/nccl-vnLBZq
rg32403:3964446:3964978 [1] NCCL INFO New proxy recv connection 2 from local rank 1, transport 2
rg32403:3964446:3964978 [1] NCCL INFO proxyProgressAsync opId=0x147b42eb3340 op.type=1 op.reqBuff=0x147b1000cb30 op.respSize=16 done
rg32403:3964446:3964987 [1] NCCL INFO ncclPollProxyResponse Received new opId=0x147b42eb3340
rg32403:3964446:3964978 [1] NCCL INFO Received and initiated operation=Init res=0
rg32403:3964446:3964987 [1] NCCL INFO resp.opId=0x147b42eb3340 matches expected opId=0x147b42eb3340
rg32403:3964446:3964987 [1] NCCL INFO Connected to proxy localRank 1 -> connection 0x147b10005030
rg32403:3964446:3964988 [1] NCCL INFO [Proxy Progress] Device 1 CPU core 33
rg32403:3964446:3964978 [1] NCCL INFO proxyProgressAsync opId=0x147b42eb3340 op.type=3 op.reqBuff=0x147b1000d070 op.respSize=128 done
rg32403:3964446:3964987 [1] NCCL INFO ncclPollProxyResponse Received new opId=0x147b42eb3340
rg32403:3964446:3964978 [1] NCCL INFO Received and initiated operation=Setup res=0
rg32403:3964446:3964987 [1] NCCL INFO resp.opId=0x147b42eb3340 matches expected opId=0x147b42eb3340
rg32403:3964446:3964987 [1] NCCL INFO Channel 00/0 : 2[2] -> 5[1] [receive] via NET/Socket/0
rg32403:3964446:3964978 [1] NCCL INFO New proxy recv connection 3 from local rank 1, transport 2
rg32403:3964446:3964978 [1] NCCL INFO proxyProgressAsync opId=0x147b42eb3340 op.type=1 op.reqBuff=0x147b1000d880 op.respSize=16 done
rg32403:3964446:3964987 [1] NCCL INFO ncclPollProxyResponse Received new opId=0x147b42eb3340
rg32403:3964446:3964978 [1] NCCL INFO Received and initiated operation=Init res=0
rg32403:3964446:3964987 [1] NCCL INFO resp.opId=0x147b42eb3340 matches expected opId=0x147b42eb3340
rg32403:3964446:3964987 [1] NCCL INFO Connected to proxy localRank 1 -> connection 0x147b100050a8
rg32403:3964446:3964978 [1] NCCL INFO proxyProgressAsync opId=0x147b42eb3340 op.type=3 op.reqBuff=0x147b1000d8c0 op.respSize=128 done
rg32403:3964446:3964987 [1] NCCL INFO ncclPollProxyResponse Received new opId=0x147b42eb3340
rg32403:3964446:3964978 [1] NCCL INFO Received and initiated operation=Setup res=0
rg32403:3964446:3964987 [1] NCCL INFO resp.opId=0x147b42eb3340 matches expected opId=0x147b42eb3340
rg32403:3964446:3964987 [1] NCCL INFO Channel 02/0 : 2[2] -> 5[1] [receive] via NET/Socket/0
rg32403:3964447:3964980 [2] NCCL INFO New proxy send connection 4 from local rank 2, transport 2
rg32403:3964447:3964980 [2] NCCL INFO proxyProgressAsync opId=0x14ae86eb3340 op.type=1 op.reqBuff=0x14ae5400e9e0 op.respSize=16 done
rg32403:3964447:3964985 [2] NCCL INFO ncclPollProxyResponse Received new opId=0x14ae86eb3340
rg32403:3964447:3964980 [2] NCCL INFO Received and initiated operation=Init res=0
rg32403:3964447:3964985 [2] NCCL INFO resp.opId=0x14ae86eb3340 matches expected opId=0x14ae86eb3340
rg32403:3964447:3964985 [2] NCCL INFO Connected to proxy localRank 2 -> connection 0x14ae54005120
rg32403:3964447:3964989 [2] NCCL INFO [Proxy Progress] Device 2 CPU core 15
rg32403:3964447:3964980 [2] NCCL INFO proxyProgressAsync opId=0x14ae86eb3340 op.type=3 op.reqBuff=0x14ae54010d70 op.respSize=0 done
rg32403:3964447:3964980 [2] NCCL INFO Received and initiated operation=Setup res=0
rg32403:3964447:3964985 [2] NCCL INFO ncclPollProxyResponse Received new opId=0x14ae86eb3340
rg32403:3964447:3964985 [2] NCCL INFO resp.opId=0x14ae86eb3340 matches expected opId=0x14ae86eb3340
rg32403:3964447:3964985 [2] NCCL INFO Channel 00/0 : 6[2] -> 1[1] [send] via NET/Socket/0
rg32403:3964447:3964980 [2] NCCL INFO New proxy send connection 5 from local rank 2, transport 2
rg32403:3964447:3964980 [2] NCCL INFO proxyProgressAsync opId=0x14ae86eb3340 op.type=1 op.reqBuff=0x14ae54010850 op.respSize=16 done
rg32403:3964447:3964985 [2] NCCL INFO ncclPollProxyResponse Received new opId=0x14ae86eb3340
rg32403:3964447:3964980 [2] NCCL INFO Received and initiated operation=Init res=0
rg32403:3964447:3964985 [2] NCCL INFO resp.opId=0x14ae86eb3340 matches expected opId=0x14ae86eb3340
rg32403:3964447:3964985 [2] NCCL INFO Connected to proxy localRank 2 -> connection 0x14ae54005198
rg32403:3964447:3964980 [2] NCCL INFO proxyProgressAsync opId=0x14ae86eb3340 op.type=3 op.reqBuff=0x14ae54011400 op.respSize=0 done
rg32403:3964447:3964980 [2] NCCL INFO Received and initiated operation=Setup res=0
rg32403:3964447:3964985 [2] NCCL INFO ncclPollProxyResponse Received new opId=0x14ae86eb3340
rg32403:3964447:3964985 [2] NCCL INFO resp.opId=0x14ae86eb3340 matches expected opId=0x14ae86eb3340
rg32403:3964447:3964985 [2] NCCL INFO Channel 02/0 : 6[2] -> 1[1] [send] via NET/Socket/0
rg32402:2730066:2730284 [2] NCCL INFO New proxy send connection 4 from local rank 2, transport 2
rg32402:2730066:2730284 [2] NCCL INFO proxyProgressAsync opId=0x153bd2eb3340 op.type=1 op.reqBuff=0x153ba000e9e0 op.respSize=16 done
rg32402:2730066:2730295 [2] NCCL INFO ncclPollProxyResponse Received new opId=0x153bd2eb3340
rg32402:2730066:2730284 [2] NCCL INFO Received and initiated operation=Init res=0
rg32402:2730066:2730295 [2] NCCL INFO resp.opId=0x153bd2eb3340 matches expected opId=0x153bd2eb3340
rg32402:2730066:2730295 [2] NCCL INFO Connected to proxy localRank 2 -> connection 0x153ba0005120
rg32402:2730066:2730296 [2] NCCL INFO [Proxy Progress] Device 2 CPU core 11
rg32402:2730065:2730287 [1] NCCL INFO New proxy recv connection 2 from local rank 1, transport 2
rg32402:2730065:2730287 [1] NCCL INFO proxyProgressAsync opId=0x149af6eb3340 op.type=1 op.reqBuff=0x149ac400cb30 op.respSize=16 done
rg32402:2730065:2730293 [1] NCCL INFO ncclPollProxyResponse Received new opId=0x149af6eb3340
rg32402:2730065:2730287 [1] NCCL INFO Received and initiated operation=Init res=0
rg32402:2730065:2730293 [1] NCCL INFO resp.opId=0x149af6eb3340 matches expected opId=0x149af6eb3340
rg32402:2730065:2730293 [1] NCCL INFO Connected to proxy localRank 1 -> connection 0x149ac4005030
rg32402:2730065:2730297 [1] NCCL INFO [Proxy Progress] Device 1 CPU core 38
rg32402:2730066:2730284 [2] NCCL INFO proxyProgressAsync opId=0x153bd2eb3340 op.type=3 op.reqBuff=0x153ba0010d70 op.respSize=0 done
rg32402:2730066:2730295 [2] NCCL INFO ncclPollProxyResponse Received new opId=0x153bd2eb3340
rg32402:2730066:2730284 [2] NCCL INFO Received and initiated operation=Setup res=0
