rg32403:182437:182633 [0] NCCL INFO ProxyCall UDS comm 0x55872757f500 rank 0 tpRank 1(be88d3ebf1fc3ac5) reqSize 8 respSize 0 respFd 127 opId 0xb0d69d1ec08bfe0f - DONE
rg32403:182437:182633 [0] NCCL INFO UDS: ClientGetFd handle 0x146ef000f660 tpRank 1 returned fd 127 sameProcess 0
rg32403:182437:182633 [0] NCCL INFO UDS converted handle 0x146ef000f660 to fd 127 on remote peer 1
rg32602:129031:129191 [1] NCCL INFO proxyUDSRecvReq::ncclProxyMsgGetFd rank 0 opId 0x8fb472621fa692b7 handle=0x15360000f660
rg32602:129031:129191 [1] NCCL INFO UDS proxyGetFd received handle 0x15360000f660 peer 0 opId 8fb472621fa692b7
rg32403:182437:182633 [0] NCCL INFO Imported shareable buffer device 0 size 2097152 ptr 0x151213800000
rg32602:129030:129197 [0] NCCL INFO ProxyCall UDS comm 0x55f34816a180 rank 0 tpRank 5(15392001e5f8d0d7) reqSize 8 respSize 0 respFd 106 opId 0x8fb472621fa692b7 - DONE
rg32602:129030:129197 [0] NCCL INFO UDS: ClientGetFd handle 0x15360000f660 tpRank 5 returned fd 106 sameProcess 0
rg32602:129030:129197 [0] NCCL INFO UDS converted handle 0x15360000f660 to fd 106 on remote peer 5
rg32602:129030:129197 [0] NCCL INFO Imported shareable buffer device 0 size 2097152 ptr 0x154179800000
rg32403:182437:182633 [0] NCCL INFO Connected all rings, use ring PXN 0 GDR 0
rg32403:182439:182634 [2] NCCL INFO Connected all rings, use ring PXN 0 GDR 0
rg32403:182440:182632 [3] NCCL INFO Connected all rings, use ring PXN 0 GDR 0
rg32403:182438:182631 [1] NCCL INFO Connected all rings, use ring PXN 0 GDR 0
rg32403:182437:182437 [0] NCCL INFO AllGather: 8 Bytes -> Algo RING proto LL channel{Lo..Hi}={0..0}
rg32602:129030:129197 [0] NCCL INFO Connected all rings, use ring PXN 0 GDR 0
rg32602:129031:129195 [1] NCCL INFO Connected all rings, use ring PXN 0 GDR 0
rg32602:129032:129194 [2] NCCL INFO Connected all rings, use ring PXN 0 GDR 0
rg32602:129033:129196 [3] NCCL INFO Connected all rings, use ring PXN 0 GDR 0
rg32403:182438:182438 [1] NCCL INFO Broadcast: opCount 1 sendbuff 0x146f64ff7c00 recvbuff 0x146f64ff7c00 count 842 datatype 4 op 0 root 0 comm 0x562d34fa7640 [nranks=8] stream 0x562d344630c0
rg32602:129033:129033 [3] NCCL INFO Broadcast: opCount 1 sendbuff 0x1509d4ff7c00 recvbuff 0x1509d4ff7c00 count 842 datatype 4 op 0 root 0 comm 0x564252ed56c0 [nranks=8] stream 0x56425235b820
rg32403:182437:182437 [0] NCCL INFO Broadcast: opCount 1 sendbuff 0x151226ff7c00 recvbuff 0x151226ff7c00 count 842 datatype 4 op 0 root 0 comm 0x55872757f500 [nranks=8] stream 0x55871ceaf180
rg32403:182437:182437 [0] NCCL INFO Broadcast: 6736 Bytes -> Algo RING proto LL channel{Lo..Hi}={0..0}
rg32403:182439:182439 [2] NCCL INFO Broadcast: opCount 1 sendbuff 0x155020ff7c00 recvbuff 0x155020ff7c00 count 842 datatype 4 op 0 root 0 comm 0x559eca9b6780 [nranks=8] stream 0x559ec9e3c250
rg32602:129032:129032 [2] NCCL INFO Broadcast: opCount 1 sendbuff 0x1501a6ff7c00 recvbuff 0x1501a6ff7c00 count 842 datatype 4 op 0 root 0 comm 0x564cc2374b40 [nranks=8] stream 0x564cc19b3ef0
rg32403:182440:182440 [3] NCCL INFO Broadcast: opCount 1 sendbuff 0x15293cff7c00 recvbuff 0x15293cff7c00 count 842 datatype 4 op 0 root 0 comm 0x55f1139ea640 [nranks=8] stream 0x55f113028eb0
rg32602:129031:129031 [1] NCCL INFO Broadcast: opCount 1 sendbuff 0x153674ff7c00 recvbuff 0x153674ff7c00 count 842 datatype 4 op 0 root 0 comm 0x55fa03b65140 [nranks=8] stream 0x55fa031a4090
rg32602:129030:129030 [0] NCCL INFO Broadcast: opCount 1 sendbuff 0x15418cff7c00 recvbuff 0x15418cff7c00 count 842 datatype 4 op 0 root 0 comm 0x55f34816a180 [nranks=8] stream 0x55f349840b80
rg32403:182438:182438 [1] NCCL INFO Broadcast: opCount 2 sendbuff 0x146eb6600000 recvbuff 0x146eb6600000 count 3234308 datatype 7 op 0 root 0 comm 0x562d34fa7640 [nranks=8] stream 0x562d344630c0
rg32602:129032:129032 [2] NCCL INFO Broadcast: opCount 2 sendbuff 0x1500fa600000 recvbuff 0x1500fa600000 count 3234308 datatype 7 op 0 root 0 comm 0x564cc2374b40 [nranks=8] stream 0x564cc19b3ef0
rg32403:182439:182439 [2] NCCL INFO Broadcast: opCount 2 sendbuff 0x154f72600000 recvbuff 0x154f72600000 count 3234308 datatype 7 op 0 root 0 comm 0x559eca9b6780 [nranks=8] stream 0x559ec9e3c250
rg32602:129031:129031 [1] NCCL INFO Broadcast: opCount 2 sendbuff 0x1535c6600000 recvbuff 0x1535c6600000 count 3234308 datatype 7 op 0 root 0 comm 0x55fa03b65140 [nranks=8] stream 0x55fa031a4090
rg32403:182440:182440 [3] NCCL INFO Broadcast: opCount 2 sendbuff 0x15288e600000 recvbuff 0x15288e600000 count 3234308 datatype 7 op 0 root 0 comm 0x55f1139ea640 [nranks=8] stream 0x55f113028eb0
rg32403:182437:182437 [0] NCCL INFO Broadcast: opCount 2 sendbuff 0x15117e600000 recvbuff 0x15117e600000 count 3234308 datatype 7 op 0 root 0 comm 0x55872757f500 [nranks=8] stream 0x55871ceaf180
rg32403:182437:182437 [0] NCCL INFO Broadcast: 12937232 Bytes -> Algo RING proto SIMPLE channel{Lo..Hi}={0..3}
rg32602:129033:129033 [3] NCCL INFO Broadcast: opCount 2 sendbuff 0x150926600000 recvbuff 0x150926600000 count 3234308 datatype 7 op 0 root 0 comm 0x564252ed56c0 [nranks=8] stream 0x56425235b820
rg32602:129030:129030 [0] NCCL INFO Broadcast: opCount 2 sendbuff 0x1540e6600000 recvbuff 0x1540e6600000 count 3234308 datatype 7 op 0 root 0 comm 0x55f34816a180 [nranks=8] stream 0x55f349840b80
Instantiated the model and optimizer
Checkpoint loaded: model_checkpoint_a.pth
Checkpoint loaded: model_checkpoint_a.pth
Training started
Checkpoint loaded: model_checkpoint_a.pth
Checkpoint loaded: model_checkpoint_a.pth
Checkpoint loaded: model_checkpoint_a.pth
Checkpoint loaded: model_checkpoint_a.pth
Checkpoint loaded: model_checkpoint_a.pth
Checkpoint loaded: model_checkpoint_a.pth
rg32403:182439:186832 [2] NCCL INFO socketProgressOpt: abort called
rg32403:182439:186832 [2] NCCL INFO misc/socket.cc:64 -> 3
rg32403:182439:186832 [2] NCCL INFO misc/socket.cc:80 -> 3
rg32403:182439:186832 [2] NCCL INFO misc/socket.cc:829 -> 3
rg32403:182437:182624 [0] NCCL INFO Received and initiated operation=Close res=0
rg32403:182439:186832 [2] NCCL INFO socketProgressOpt: abort called
rg32403:182439:186832 [2] NCCL INFO misc/socket.cc:64 -> 3
rg32403:182439:186832 [2] NCCL INFO misc/socket.cc:80 -> 3
rg32403:182439:186832 [2] NCCL INFO misc/socket.cc:829 -> 3
rg32403:182438:182625 [1] NCCL INFO Received and initiated operation=Close res=0
rg32403:182439:186832 [2] NCCL INFO socketProgressOpt: abort called
rg32403:182439:186832 [2] NCCL INFO misc/socket.cc:64 -> 3
rg32403:182439:186832 [2] NCCL INFO misc/socket.cc:80 -> 3
rg32403:182439:186832 [2] NCCL INFO misc/socket.cc:829 -> 3
rg32403:182439:186832 [2] NCCL INFO socketProgressOpt: abort called
rg32403:182439:182626 [2] NCCL INFO socketProgressOpt: abort called
rg32403:182439:182626 [2] NCCL INFO misc/socket.cc:881 -> 3
rg32403:182439:186832 [2] NCCL INFO misc/socket.cc:64 -> 3
rg32403:182439:186832 [2] NCCL INFO misc/socket.cc:80 -> 3
rg32403:182439:186832 [2] NCCL INFO misc/socket.cc:829 -> 3
rg32403:182440:182623 [3] NCCL INFO Received and initiated operation=Close res=0
rg32602:129030:133468 [0] NCCL INFO socketProgressOpt: abort called
rg32602:129030:133468 [0] NCCL INFO misc/socket.cc:64 -> 3
rg32602:129030:129189 [0] NCCL INFO socketProgressOpt: abort called
rg32602:129030:133468 [0] NCCL INFO misc/socket.cc:80 -> 3
rg32602:129030:129189 [0] NCCL INFO misc/socket.cc:881 -> 3
rg32602:129031:133471 [1] NCCL INFO socketProgressOpt: abort called
rg32602:129031:133471 [1] NCCL INFO misc/socket.cc:64 -> 3
rg32602:129031:133471 [1] NCCL INFO misc/socket.cc:80 -> 3
rg32602:129031:133471 [1] NCCL INFO misc/socket.cc:829 -> 3
rg32602:129032:133469 [2] NCCL INFO socketProgressOpt: abort called
rg32602:129032:133469 [2] NCCL INFO misc/socket.cc:64 -> 3
rg32602:129032:133469 [2] NCCL INFO misc/socket.cc:80 -> 3
rg32602:129032:133469 [2] NCCL INFO misc/socket.cc:829 -> 3
rg32602:129032:133469 [2] NCCL INFO socketProgressOpt: abort called
rg32602:129032:133469 [2] NCCL INFO misc/socket.cc:64 -> 3
rg32602:129032:133469 [2] NCCL INFO misc/socket.cc:80 -> 3
rg32602:129032:133469 [2] NCCL INFO misc/socket.cc:829 -> 3
rg32602:129033:133470 [3] NCCL INFO socketProgressOpt: abort called
rg32602:129033:133470 [3] NCCL INFO misc/socket.cc:64 -> 3
rg32602:129033:133470 [3] NCCL INFO misc/socket.cc:80 -> 3
rg32602:129033:133470 [3] NCCL INFO misc/socket.cc:829 -> 3
rg32602:129033:133470 [3] NCCL INFO socketProgressOpt: abort called
rg32602:129033:133470 [3] NCCL INFO misc/socket.cc:64 -> 3
rg32602:129033:133470 [3] NCCL INFO misc/socket.cc:80 -> 3
rg32602:129033:133470 [3] NCCL INFO misc/socket.cc:829 -> 3
rg32602:129030:133468 [0] NCCL INFO misc/socket.cc:829 -> 3
rg32602:129030:129189 [0] NCCL INFO socketProgressOpt: abort called
rg32602:129030:129189 [0] NCCL INFO misc/socket.cc:881 -> 3
rg32602:129030:133468 [0] NCCL INFO socketProgressOpt: abort called
rg32602:129030:133468 [0] NCCL INFO misc/socket.cc:64 -> 3
rg32602:129030:133468 [0] NCCL INFO misc/socket.cc:80 -> 3
rg32602:129030:133468 [0] NCCL INFO misc/socket.cc:829 -> 3
rg32602:129031:129187 [1] NCCL INFO socketProgressOpt: abort called
rg32602:129031:129187 [1] NCCL INFO misc/socket.cc:881 -> 3
rg32602:129031:133471 [1] NCCL INFO socketProgressOpt: abort called
rg32602:129031:133471 [1] NCCL INFO misc/socket.cc:64 -> 3
rg32602:129031:133471 [1] NCCL INFO misc/socket.cc:80 -> 3
rg32602:129031:133471 [1] NCCL INFO misc/socket.cc:829 -> 3
rg32602:129032:129186 [2] NCCL INFO socketProgressOpt: abort called
rg32602:129032:129186 [2] NCCL INFO misc/socket.cc:881 -> 3
rg32602:129032:133469 [2] NCCL INFO socketProgressOpt: abort called
rg32602:129032:133469 [2] NCCL INFO misc/socket.cc:64 -> 3
rg32602:129032:133469 [2] NCCL INFO misc/socket.cc:80 -> 3
rg32602:129032:133469 [2] NCCL INFO misc/socket.cc:829 -> 3
rg32602:129030:133468 [0] NCCL INFO socketProgressOpt: abort called
rg32602:129030:133468 [0] NCCL INFO misc/socket.cc:64 -> 3
rg32602:129030:133468 [0] NCCL INFO misc/socket.cc:80 -> 3
rg32602:129030:133468 [0] NCCL INFO misc/socket.cc:829 -> 3
rg32602:129030:129189 [0] NCCL INFO socketProgressOpt: abort called
rg32602:129030:129189 [0] NCCL INFO misc/socket.cc:881 -> 3
rg32602:129031:133471 [1] NCCL INFO socketProgressOpt: abort called
rg32602:129031:133471 [1] NCCL INFO misc/socket.cc:64 -> 3
rg32602:129031:133471 [1] NCCL INFO misc/socket.cc:80 -> 3
rg32602:129031:133471 [1] NCCL INFO misc/socket.cc:829 -> 3
rg32602:129033:133470 [3] NCCL INFO socketProgressOpt: abort called
rg32602:129033:133470 [3] NCCL INFO misc/socket.cc:64 -> 3
rg32602:129033:133470 [3] NCCL INFO misc/socket.cc:80 -> 3
rg32602:129033:133470 [3] NCCL INFO misc/socket.cc:829 -> 3
rg32602:129033:129188 [3] NCCL INFO socketProgressOpt: abort called
rg32602:129030:133468 [0] NCCL INFO socketProgressOpt: abort called
rg32602:129030:133468 [0] NCCL INFO misc/socket.cc:64 -> 3
rg32602:129030:133468 [0] NCCL INFO misc/socket.cc:80 -> 3
rg32602:129030:133468 [0] NCCL INFO misc/socket.cc:829 -> 3
rg32602:129030:129189 [0] NCCL INFO socketProgressOpt: abort called
rg32602:129030:129189 [0] NCCL INFO misc/socket.cc:881 -> 3
rg32602:129032:133469 [2] NCCL INFO socketProgressOpt: abort called
rg32602:129032:133469 [2] NCCL INFO misc/socket.cc:64 -> 3
rg32602:129032:133469 [2] NCCL INFO misc/socket.cc:80 -> 3
rg32602:129032:133469 [2] NCCL INFO misc/socket.cc:829 -> 3
rg32602:129032:129186 [2] NCCL INFO socketProgressOpt: abort called
rg32602:129032:129186 [2] NCCL INFO misc/socket.cc:881 -> 3
rg32602:129033:129188 [3] NCCL INFO misc/socket.cc:881 -> 3
rg32602:129031:129187 [1] NCCL INFO socketProgressOpt: abort called
rg32602:129031:129187 [1] NCCL INFO misc/socket.cc:881 -> 3
rg32602:129032:129186 [2] NCCL INFO socketProgressOpt: abort called
rg32602:129032:129186 [2] NCCL INFO misc/socket.cc:881 -> 3
rg32602:129031:129187 [1] NCCL INFO socketProgressOpt: abort called
rg32602:129031:129187 [1] NCCL INFO misc/socket.cc:881 -> 3
rg32602:129032:129186 [2] NCCL INFO socketProgressOpt: abort called
rg32602:129032:129186 [2] NCCL INFO misc/socket.cc:881 -> 3
rg32602:129033:129188 [3] NCCL INFO socketProgressOpt: abort called
rg32602:129033:129188 [3] NCCL INFO misc/socket.cc:881 -> 3
rg32602:129033:129188 [3] NCCL INFO socketProgressOpt: abort called
rg32602:129033:129188 [3] NCCL INFO misc/socket.cc:881 -> 3
rg32403:182439:182630 [2] NCCL INFO [Proxy Service UDS] exit: stop 1 abortFlag 1
rg32602:129032:129190 [2] NCCL INFO [Proxy Service UDS] exit: stop 1 abortFlag 1
rg32602:129032:133469 [2] NCCL INFO comm 0x564cc2374b40 rank 6 nranks 8 cudaDev 2 busId cb000 - Abort COMPLETE
rg32602:129033:129192 [3] NCCL INFO [Proxy Service UDS] exit: stop 1 abortFlag 1
rg32602:129033:133470 [3] NCCL INFO comm 0x564252ed56c0 rank 7 nranks 8 cudaDev 3 busId db000 - Abort COMPLETE
rg32602:129031:129191 [1] NCCL INFO [Proxy Service UDS] exit: stop 1 abortFlag 1
rg32602:129031:133471 [1] NCCL INFO comm 0x55fa03b65140 rank 5 nranks 8 cudaDev 1 busId 5f000 - Abort COMPLETE
rg32602:129030:129193 [0] NCCL INFO [Proxy Service UDS] exit: stop 1 abortFlag 1
rg32602:129030:133468 [0] NCCL INFO comm 0x55f34816a180 rank 4 nranks 8 cudaDev 0 busId 4e000 - Abort COMPLETE
rg32403:182439:186832 [2] NCCL INFO comm 0x559eca9b6780 rank 2 nranks 8 cudaDev 2 busId cb000 - Abort COMPLETE
[1;34mwandb[0m: 
[1;34mwandb[0m: You can sync this run to the cloud by running:
[1;34mwandb[0m: [1mwandb sync /lustre10/scratch/htruchla/XAERONET/outputs/full_runs/XAeroNetS_2026_03_11/wandb/wandb/offline-run-20260312_095945-6bmmr1i0[0m
[1;34mwandb[0m: Find logs at: [1;35mwandb/wandb/offline-run-20260312_095945-6bmmr1i0/logs[0m
[2026-03-12 10:10:08,073][asyncio][WARNING] - socket.send() raised exception.
[2026-03-12 10:10:08,074][asyncio][WARNING] - socket.send() raised exception.
[2026-03-12 10:10:08,075][asyncio][WARNING] - socket.send() raised exception.
[2026-03-12 10:10:08,075][asyncio][WARNING] - socket.send() raised exception.
[2026-03-12 10:10:08,075][asyncio][WARNING] - socket.send() raised exception.
[2026-03-12 10:10:08,075][asyncio][WARNING] - socket.send() raised exception.
rg32403:182439:182620 [0] NCCL INFO RAS handling local termination request
rg32403:182439:182620 [0] NCCL INFO RAS terminating a connection with 10.85.104.103<43179>
rg32403:182439:182620 [0] NCCL INFO RAS terminating a connection with 10.85.104.103<36055>
rg32403:182438:182621 [0] NCCL INFO RAS current socket connection with 10.85.104.103<37693> closed by peer on receive; terminating it
rg32403:182439:182620 [0] NCCL INFO RAS thread terminating
rg32403:182440:182622 [0] NCCL INFO RAS current socket connection with 10.85.104.103<37693> closed by peer on receive; terminating it
rg32602:129030:129182 [0] NCCL INFO RAS handling local termination request
rg32602:129031:129184 [0] NCCL INFO RAS handling local termination request
rg32602:129032:129183 [0] NCCL INFO RAS handling local termination request
rg32403:182440:182622 [0] NCCL INFO RAS current socket connection with 10.85.106.102<58817> closed by peer on receive; terminating it
rg32403:182437:182619 [0] NCCL INFO RAS current socket connection with 10.85.106.102<37247> closed by peer on receive; terminating it
rg32602:129033:129185 [0] NCCL INFO RAS handling local termination request
rg32602:129033:129185 [0] NCCL INFO RAS terminating a connection with 10.85.106.102<54919>
rg32602:129033:129185 [0] NCCL INFO RAS terminating a connection with 10.85.104.103<36055>
rg32602:129031:129184 [0] NCCL INFO RAS terminating a connection with 10.85.106.102<50655>
rg32602:129031:129184 [0] NCCL INFO RAS terminating a connection with 10.85.104.103<53145>
rg32602:129033:129185 [0] NCCL INFO RAS thread terminating
rg32602:129030:129182 [0] NCCL INFO RAS terminating a connection with 10.85.106.102<54919>
rg32602:129031:129184 [0] NCCL INFO RAS thread terminating
rg32602:129030:129182 [0] NCCL INFO RAS terminating a connection with 10.85.106.102<37247>
rg32602:129032:129183 [0] NCCL INFO RAS terminating a connection with 10.85.106.102<58817>
rg32602:129030:129182 [0] NCCL INFO RAS thread terminating
rg32602:129032:129183 [0] NCCL INFO RAS terminating a connection with 10.85.106.102<50655>
rg32602:129032:129183 [0] NCCL INFO RAS thread terminating
rg32403:182438:186836 [1] NCCL INFO socketProgressOpt: abort called
rg32403:182438:186836 [1] NCCL INFO misc/socket.cc:64 -> 3
rg32403:182438:186836 [1] NCCL INFO misc/socket.cc:80 -> 3
rg32403:182438:186836 [1] NCCL INFO misc/socket.cc:829 -> 3
rg32403:182437:182624 [0] NCCL INFO Received and initiated operation=Close res=0
rg32403:182438:186836 [1] NCCL INFO socketProgressOpt: abort called
rg32403:182438:186836 [1] NCCL INFO misc/socket.cc:64 -> 3
rg32403:182438:186836 [1] NCCL INFO misc/socket.cc:80 -> 3
rg32403:182438:186836 [1] NCCL INFO misc/socket.cc:829 -> 3
rg32403:182438:182625 [1] NCCL INFO socketProgressOpt: abort called
rg32403:182438:182625 [1] NCCL INFO misc/socket.cc:881 -> 3
rg32403:182438:186836 [1] NCCL INFO socketProgressOpt: abort called
rg32403:182438:186836 [1] NCCL INFO misc/socket.cc:64 -> 3
rg32403:182438:186836 [1] NCCL INFO misc/socket.cc:80 -> 3
rg32403:182438:186836 [1] NCCL INFO misc/socket.cc:829 -> 3
rg32403:182437:186838 [0] NCCL INFO socketProgressOpt: abort called
rg32403:182437:186838 [0] NCCL INFO misc/socket.cc:64 -> 3
rg32403:182437:186838 [0] NCCL INFO misc/socket.cc:80 -> 3
rg32403:182437:186838 [0] NCCL INFO misc/socket.cc:829 -> 3
rg32403:182437:182624 [0] NCCL INFO socketProgressOpt: abort called
rg32403:182437:182624 [0] NCCL INFO misc/socket.cc:881 -> 3
rg32403:182437:186838 [0] NCCL INFO socketProgressOpt: abort called
rg32403:182437:186838 [0] NCCL INFO misc/socket.cc:64 -> 3
rg32403:182437:186838 [0] NCCL INFO misc/socket.cc:80 -> 3
rg32403:182437:186838 [0] NCCL INFO misc/socket.cc:829 -> 3
rg32403:182438:182625 [1] NCCL INFO socketProgressOpt: abort called
rg32403:182438:182625 [1] NCCL INFO misc/socket.cc:881 -> 3
rg32403:182437:186838 [0] NCCL INFO socketProgressOpt: abort called
rg32403:182437:186838 [0] NCCL INFO misc/socket.cc:64 -> 3
rg32403:182437:186838 [0] NCCL INFO misc/socket.cc:80 -> 3
rg32403:182437:186838 [0] NCCL INFO misc/socket.cc:829 -> 3
rg32403:182437:186838 [0] NCCL INFO socketProgressOpt: abort called
rg32403:182437:186838 [0] NCCL INFO misc/socket.cc:64 -> 3
rg32403:182437:186838 [0] NCCL INFO misc/socket.cc:80 -> 3
rg32403:182437:186838 [0] NCCL INFO misc/socket.cc:829 -> 3
rg32403:182440:182623 [3] NCCL INFO Received and initiated operation=Close res=0
rg32403:182438:182627 [1] NCCL INFO [Proxy Service UDS] exit: stop 1 abortFlag 1
rg32403:182438:186836 [1] NCCL INFO comm 0x562d34fa7640 rank 1 nranks 8 cudaDev 1 busId 5f000 - Abort COMPLETE
rg32403:182437:182629 [0] NCCL INFO [Proxy Service UDS] exit: stop 1 abortFlag 1
rg32403:182437:186838 [0] NCCL INFO comm 0x55872757f500 rank 0 nranks 8 cudaDev 0 busId 4e000 - Abort COMPLETE
rg32403:182438:182621 [0] NCCL INFO RAS trying to reconnect with 10.85.104.103<37693> (experiencingDelays 0, startRetryTime 1.00s)
rg32403:182437:182619 [0] NCCL INFO RAS trying to reconnect with 10.85.106.102<37247> (experiencingDelays 0, startRetryTime 1.00s)
rg32403:182440:182622 [0] NCCL INFO RAS trying to reconnect with 10.85.104.103<37693> (experiencingDelays 0, startRetryTime 1.00s)
rg32403:182440:182622 [0] NCCL INFO RAS trying to reconnect with 10.85.106.102<58817> (experiencingDelays 0, startRetryTime 1.00s)
rg32403:182438:182621 [0] NCCL INFO RAS handling local termination request
rg32403:182438:182621 [0] NCCL INFO RAS terminating a connection with 10.85.104.103<53145>
rg32403:182438:182621 [0] NCCL INFO RAS terminating a connection with 10.85.104.103<37693>
rg32403:182437:182619 [0] NCCL INFO RAS current socket connection with 10.85.104.103<43179> closed by peer on receive; terminating it
rg32403:182438:182621 [0] NCCL INFO RAS thread terminating
rg32403:182437:182619 [0] NCCL INFO RAS handling local termination request
rg32403:182437:182619 [0] NCCL INFO RAS terminating a connection with 10.85.106.102<37247>
rg32403:182437:182619 [0] NCCL INFO RAS terminating a connection with 10.85.104.103<43179>
rg32403:182437:182619 [0] NCCL INFO RAS thread terminating
rg32403:182440:182622 [0] NCCL INFO RAS connect timeout warning (5s) on socket connection with 10.85.104.103<37693>
rg32403:182440:182622 [0] NCCL INFO RAS link 1: opening new fallback connection 1 with 10.85.104.103<43179>
rg32403:182440:182622 [0] NCCL INFO RAS connect timeout warning (5s) on socket connection with 10.85.106.102<58817>
rg32403:182440:182622 [0] NCCL INFO RAS link -1: opening new fallback connection 1 with 10.85.106.102<54919>
rg32403:182440:182622 [0] NCCL INFO RAS connect timeout warning (5s) on socket connection with 10.85.104.103<43179>
rg32403:182440:182622 [0] NCCL INFO RAS link 1: opening new fallback connection 2 with 10.85.104.103<53145>
rg32403:182440:182622 [0] NCCL INFO RAS connect timeout warning (5s) on socket connection with 10.85.106.102<54919>
rg32403:182440:182622 [0] NCCL INFO RAS link -1: calculated existing fallback connection 2 with 10.85.104.103<53145>
rg32403:182440:182622 [0] NCCL INFO RAS connect timeout warning (5s) on socket connection with 10.85.104.103<53145>
rg32403:182440:182622 [0] NCCL INFO RAS link 1: opening new fallback connection 3 with 10.85.106.102<37247>
rg32403:182440:182622 [0] NCCL INFO Mem Realloc old size 64, new size 96 pointer 0x1528d0006380
rg32403:182440:182622 [0] NCCL INFO RAS link -1: calculated existing fallback connection 3 with 10.85.104.103<43179>
rg32403:182440:182622 [0] NCCL INFO RAS connection experiencingDelays 1, startRetryTime 10.00s, socket status 1
rg32403:182440:182622 [0] NCCL INFO RAS link -1: calculated existing fallback connection 4 with 10.85.104.103<37693>
rg32403:182440:182622 [0] NCCL INFO RAS connection experiencingDelays 1, startRetryTime 15.00s, socket status 1
rg32403:182440:182622 [0] NCCL INFO RAS link -1: no more fallbacks to add (total 5)
rg32403:182440:182622 [0] NCCL INFO RAS connect timeout warning (5s) on socket connection with 10.85.106.102<37247>
rg32403:182440:182622 [0] NCCL INFO RAS link 1: no more fallbacks to add (total 4)
rg32403:182440:182622 [0] NCCL INFO RAS init timeout error (20s) on socket connection with 10.85.104.103<37693> (experiencingDelays 1, startRetryTime 21.00s, socket status 1)
rg32403:182440:182622 [0] NCCL INFO RAS init timeout error (20s) on socket connection with 10.85.106.102<58817> (experiencingDelays 1, startRetryTime 21.00s, socket status 1)
rg32403:182440:182622 [0] NCCL INFO RAS trying to reconnect with 10.85.104.103<37693> (experiencingDelays 1, startRetryTime 21.00s)
rg32403:182440:182622 [0] NCCL INFO RAS trying to reconnect with 10.85.106.102<58817> (experiencingDelays 1, startRetryTime 21.00s)
rg32403:182440:182622 [0] NCCL INFO RAS init timeout error (20s) on socket connection with 10.85.104.103<43179> (experiencingDelays 1, startRetryTime 20.00s, socket status 1)
rg32403:182440:182622 [0] NCCL INFO RAS init timeout error (20s) on socket connection with 10.85.106.102<54919> (experiencingDelays 1, startRetryTime 20.00s, socket status 1)
rg32403:182440:182622 [0] NCCL INFO RAS trying to reconnect with 10.85.104.103<43179> (experiencingDelays 1, startRetryTime 20.00s)
rg32403:182440:182622 [0] NCCL INFO RAS trying to reconnect with 10.85.106.102<54919> (experiencingDelays 1, startRetryTime 20.00s)
rg32403:182440:182622 [0] NCCL INFO RAS init timeout error (20s) on socket connection with 10.85.104.103<53145> (experiencingDelays 1, startRetryTime 20.00s, socket status 1)
rg32403:182440:182622 [0] NCCL INFO RAS trying to reconnect with 10.85.104.103<53145> (experiencingDelays 1, startRetryTime 20.00s)
rg32403:182440:182622 [0] NCCL INFO RAS init timeout error (20s) on socket connection with 10.85.106.102<37247> (experiencingDelays 1, startRetryTime 20.00s, socket status 1)
rg32403:182440:182622 [0] NCCL INFO RAS trying to reconnect with 10.85.106.102<37247> (experiencingDelays 1, startRetryTime 20.00s)
rg32403:182440:182622 [0] NCCL INFO RAS init timeout error (20s) on socket connection with 10.85.104.103<37693> (experiencingDelays 1, startRetryTime 41.00s, socket status 1)
rg32403:182440:182622 [0] NCCL INFO RAS init timeout error (20s) on socket connection with 10.85.106.102<58817> (experiencingDelays 1, startRetryTime 41.00s, socket status 1)
rg32403:182440:182622 [0] NCCL INFO RAS trying to reconnect with 10.85.104.103<37693> (experiencingDelays 1, startRetryTime 41.00s)
rg32403:182440:182622 [0] NCCL INFO RAS trying to reconnect with 10.85.106.102<58817> (experiencingDelays 1, startRetryTime 41.00s)
rg32403:182440:182622 [0] NCCL INFO RAS init timeout error (20s) on socket connection with 10.85.104.103<43179> (experiencingDelays 1, startRetryTime 40.00s, socket status 1)
rg32403:182440:182622 [0] NCCL INFO RAS init timeout error (20s) on socket connection with 10.85.106.102<54919> (experiencingDelays 1, startRetryTime 40.00s, socket status 1)
rg32403:182440:182622 [0] NCCL INFO RAS trying to reconnect with 10.85.104.103<43179> (experiencingDelays 1, startRetryTime 40.00s)
rg32403:182440:182622 [0] NCCL INFO RAS trying to reconnect with 10.85.106.102<54919> (experiencingDelays 1, startRetryTime 40.00s)
rg32403:182440:182622 [0] NCCL INFO RAS init timeout error (20s) on socket connection with 10.85.104.103<53145> (experiencingDelays 1, startRetryTime 40.00s, socket status 1)
rg32403:182440:182622 [0] NCCL INFO RAS trying to reconnect with 10.85.104.103<53145> (experiencingDelays 1, startRetryTime 40.00s)
rg32403:182440:182622 [0] NCCL INFO RAS init timeout error (20s) on socket connection with 10.85.106.102<37247> (experiencingDelays 1, startRetryTime 40.00s, socket status 1)
rg32403:182440:182622 [0] NCCL INFO RAS trying to reconnect with 10.85.106.102<37247> (experiencingDelays 1, startRetryTime 40.00s)
rg32403:182440:182622 [0] NCCL INFO RAS connect retry timeout (60s) on socket connection with 10.85.104.103<37693>
rg32403:182440:182622 [0] NCCL INFO RAS handling deadPeer (addr 10.85.104.103<37693>)
rg32403:182440:182622 [0] NCCL INFO RAS link 1: calculated existing fallback connection 1 with 10.85.104.103<43179>
rg32403:182440:182622 [0] NCCL INFO RAS connection experiencingDelays 1, startRetryTime 55.00s, socket status 1
rg32403:182440:182622 [0] NCCL INFO RAS link 1: calculated existing fallback connection 2 with 10.85.104.103<53145>
rg32403:182440:182622 [0] NCCL INFO RAS connection experiencingDelays 1, startRetryTime 50.00s, socket status 1
rg32403:182440:182622 [0] NCCL INFO RAS link 1: calculated existing fallback connection 3 with 10.85.106.102<37247>
rg32403:182440:182622 [0] NCCL INFO RAS connection experiencingDelays 1, startRetryTime 45.00s, socket status 1
rg32403:182440:182622 [0] NCCL INFO RAS link 1: no more fallbacks to add (total 4)
rg32403:182440:182622 [0] NCCL INFO RAS link -1: no more fallbacks to add (total 5)
rg32403:182440:182622 [0] NCCL INFO RAS link 1: dropping primary connection with 10.85.104.103<37693>
rg32403:182440:182622 [0] NCCL INFO RAS link 1: former fallback connection 1 with 10.85.104.103<43179> is the new primary
rg32403:182440:182622 [0] NCCL INFO RAS link -1: dropping fallback connection 4 with 10.85.104.103<37693>
rg32403:182440:182622 [0] NCCL INFO RAS terminating a connection with 10.85.104.103<37693>
rg32403:182440:182622 [0] NCCL INFO Mem Realloc old size 0, new size 112 pointer 0x1528d0006450
rg32403:182440:182622 [0] NCCL INFO RAS declaring peer 10.85.104.103<37693> as DEAD; rasDeadPeersHash 0xa774f4164c702258
rg32403:182440:182622 [0] NCCL INFO RAS connect retry timeout (60s) on socket connection with 10.85.106.102<58817>
rg32403:182440:182622 [0] NCCL INFO RAS handling deadPeer (addr 10.85.106.102<58817>)
rg32403:182440:182622 [0] NCCL INFO RAS link -1: calculated existing fallback connection 1 with 10.85.106.102<54919>
rg32403:182440:182622 [0] NCCL INFO RAS connection experiencingDelays 1, startRetryTime 55.00s, socket status 1
rg32403:182440:182622 [0] NCCL INFO RAS link -1: calculated existing fallback connection 2 with 10.85.104.103<53145>
rg32403:182440:182622 [0] NCCL INFO RAS connection experiencingDelays 1, startRetryTime 50.00s, socket status 1
rg32403:182440:182622 [0] NCCL INFO RAS link -1: calculated existing fallback connection 3 with 10.85.104.103<43179>
rg32403:182440:182622 [0] NCCL INFO RAS connection experiencingDelays 1, startRetryTime 55.00s, socket status 1
rg32403:182440:182622 [0] NCCL INFO RAS link -1: no more fallbacks to add (total 4)
rg32403:182440:182622 [0] NCCL INFO RAS link -1: dropping primary connection with 10.85.106.102<58817>
rg32403:182440:182622 [0] NCCL INFO RAS link -1: former fallback connection 1 with 10.85.106.102<54919> is the new primary
rg32403:182440:182622 [0] NCCL INFO RAS terminating a connection with 10.85.106.102<58817>
rg32403:182440:182622 [0] NCCL INFO RAS declaring peer 10.85.106.102<58817> as DEAD; rasDeadPeersHash 0xff840b9c4e65a494
rg32403:182440:182622 [0] NCCL INFO RAS connect retry timeout (60s) on socket connection with 10.85.104.103<43179>
rg32403:182440:182622 [0] NCCL INFO RAS handling deadPeer (addr 10.85.104.103<43179>)
rg32403:182440:182622 [0] NCCL INFO RAS link 1: calculated existing fallback connection 1 with 10.85.104.103<53145>
rg32403:182440:182622 [0] NCCL INFO RAS connection experiencingDelays 1, startRetryTime 55.00s, socket status 1
rg32403:182440:182622 [0] NCCL INFO RAS link 1: calculated existing fallback connection 2 with 10.85.106.102<37247>
rg32403:182440:182622 [0] NCCL INFO RAS connection experiencingDelays 1, startRetryTime 50.00s, socket status 1
rg32403:182440:182622 [0] NCCL INFO RAS link 1: no more fallbacks to add (total 3)
rg32403:182440:182622 [0] NCCL INFO RAS link -1: no more fallbacks to add (total 3)
rg32403:182440:182622 [0] NCCL INFO RAS link 1: dropping primary connection with 10.85.104.103<43179>
rg32403:182440:182622 [0] NCCL INFO RAS link 1: former fallback connection 1 with 10.85.104.103<53145> is the new primary
rg32403:182440:182622 [0] NCCL INFO RAS link -1: dropping fallback connection 2 with 10.85.104.103<43179>
rg32403:182440:182622 [0] NCCL INFO RAS terminating a connection with 10.85.104.103<43179>
rg32403:182440:182622 [0] NCCL INFO RAS declaring peer 10.85.104.103<43179> as DEAD; rasDeadPeersHash 0x750f7d1dff8d0595
rg32403:182440:182622 [0] NCCL INFO RAS connect retry timeout (60s) on socket connection with 10.85.106.102<54919>
rg32403:182440:182622 [0] NCCL INFO RAS handling deadPeer (addr 10.85.106.102<54919>)
rg32403:182440:182622 [0] NCCL INFO RAS link -1: opening new fallback connection 1 with 10.85.106.102<50655>
rg32403:182440:182622 [0] NCCL INFO RAS link -1: dropping primary connection with 10.85.106.102<54919>
rg32403:182440:182622 [0] NCCL INFO RAS link -1: former fallback connection 1 with 10.85.106.102<50655> is the new primary
rg32403:182440:182622 [0] NCCL INFO RAS terminating a connection with 10.85.106.102<54919>
rg32403:182440:182622 [0] NCCL INFO RAS declaring peer 10.85.106.102<54919> as DEAD; rasDeadPeersHash 0xe10cac27d3f2dab0
rg32403:182440:182622 [0] NCCL INFO RAS connect retry timeout (60s) on socket connection with 10.85.104.103<53145>
rg32403:182440:182622 [0] NCCL INFO RAS handling deadPeer (addr 10.85.104.103<53145>)
rg32403:182440:182622 [0] NCCL INFO RAS link 1: calculated existing fallback connection 1 with 10.85.106.102<37247>
rg32403:182440:182622 [0] NCCL INFO RAS connection experiencingDelays 1, startRetryTime 55.00s, socket status 1
rg32403:182440:182622 [0] NCCL INFO RAS link 1: no more fallbacks to add (total 2)
rg32403:182440:182622 [0] NCCL INFO RAS link 1: dropping primary connection with 10.85.104.103<53145>
rg32403:182440:182622 [0] NCCL INFO RAS link 1: former fallback connection 1 with 10.85.106.102<37247> is the new primary
rg32403:182440:182622 [0] NCCL INFO RAS link -1: dropping fallback connection 1 with 10.85.104.103<53145>
rg32403:182440:182622 [0] NCCL INFO RAS terminating a connection with 10.85.104.103<53145>
rg32403:182440:182622 [0] NCCL INFO Mem Realloc old size 112, new size 224 pointer 0x1528d00064d0
rg32403:182440:182622 [0] NCCL INFO RAS declaring peer 10.85.104.103<53145> as DEAD; rasDeadPeersHash 0xe71415625d1f4daf
rg32403:182440:182622 [0] NCCL INFO RAS connect timeout warning (5s) on socket connection with 10.85.106.102<50655>
rg32403:182440:182622 [0] NCCL INFO RAS link -1: calculated existing fallback connection 1 with 10.85.106.102<37247>
rg32403:182440:182622 [0] NCCL INFO RAS connection experiencingDelays 1, startRetryTime 55.00s, socket status 1
rg32403:182440:182622 [0] NCCL INFO RAS link -1: no more fallbacks to add (total 2)
rg32403:182440:182622 [0] NCCL INFO RAS connect retry timeout (60s) on socket connection with 10.85.106.102<37247>
rg32403:182440:182622 [0] NCCL INFO RAS handling deadPeer (addr 10.85.106.102<37247>)
rg32403:182440:182622 [0] NCCL INFO RAS link 1: calculated existing fallback connection 1 with 10.85.106.102<50655>
rg32403:182440:182622 [0] NCCL INFO RAS connection experiencingDelays 1, startRetryTime 10.00s, socket status 1
rg32403:182440:182622 [0] NCCL INFO RAS link 1: no more fallbacks to add (total 2)
rg32403:182440:182622 [0] NCCL INFO RAS link -1: no more fallbacks to add (total 2)
rg32403:182440:182622 [0] NCCL INFO RAS link 1: dropping primary connection with 10.85.106.102<37247>
rg32403:182440:182622 [0] NCCL INFO RAS link 1: former fallback connection 1 with 10.85.106.102<50655> is the new primary
rg32403:182440:182622 [0] NCCL INFO RAS link -1: dropping fallback connection 1 with 10.85.106.102<37247>
rg32403:182440:182622 [0] NCCL INFO RAS terminating a connection with 10.85.106.102<37247>
rg32403:182440:182622 [0] NCCL INFO RAS declaring peer 10.85.106.102<37247> as DEAD; rasDeadPeersHash 0x9e4d8ac2cb9ad23e
rg32403:182440:182622 [0] NCCL INFO RAS init timeout error (20s) on socket connection with 10.85.106.102<50655> (experiencingDelays 1, startRetryTime 20.00s, socket status 1)
rg32403:182440:182622 [0] NCCL INFO RAS trying to reconnect with 10.85.106.102<50655> (experiencingDelays 1, startRetryTime 20.00s)
rg32403:182440:182622 [0] NCCL INFO RAS init timeout error (20s) on socket connection with 10.85.106.102<50655> (experiencingDelays 1, startRetryTime 40.00s, socket status 1)
rg32403:182440:182622 [0] NCCL INFO RAS trying to reconnect with 10.85.106.102<50655> (experiencingDelays 1, startRetryTime 40.00s)
rg32403:182440:182622 [0] NCCL INFO RAS connect retry timeout (60s) on socket connection with 10.85.106.102<50655>
rg32403:182440:182622 [0] NCCL INFO RAS handling deadPeer (addr 10.85.106.102<50655>)
rg32403:182440:182622 [0] NCCL INFO RAS link 1: no more fallbacks to add (total 1)
rg32403:182440:182622 [0] NCCL INFO RAS link -1: no more fallbacks to add (total 1)
rg32403:182440:182622 [0] NCCL INFO RAS link 1: dropping primary connection with 10.85.106.102<50655>
rg32403:182440:182622 [0] NCCL INFO RAS link -1: dropping primary connection with 10.85.106.102<50655>
rg32403:182440:182622 [0] NCCL INFO RAS terminating a connection with 10.85.106.102<50655>
rg32403:182440:182622 [0] NCCL INFO RAS declaring peer 10.85.106.102<50655> as DEAD; rasDeadPeersHash 0xd76db63029543f98
