rg31605:118364:118590 [1] NCCL INFO UDS proxyGetFd received handle 0x14d77c00df40 peer 0 opId 92e159d339a2f8ae
rg31605:118365:118592 [2] NCCL INFO Imported shareable buffer device 2 size 2097152 ptr 0x14a1c5400000
rg31605:118365:118592 [2] NCCL INFO ncclPollProxyResponse Received new opId=0x14a197414b98
rg31605:118365:118592 [2] NCCL INFO resp.opId=0x14a197414b98 matches expected opId=0x14a197414b98
rg31605:118365:118592 [2] NCCL INFO sendConnect ncclPollProxyResponse opId=0x14a197414b98
rg31605:118365:118592 [2] NCCL INFO ncclPollProxyResponse Received new opId=0x14a1974206c8
rg31605:118365:118592 [2] NCCL INFO resp.opId=0x14a1974206c8 matches expected opId=0x14a1974206c8
rg31605:118365:118592 [2] NCCL INFO sendConnect ncclPollProxyResponse opId=0x14a1974206c8
rg31605:118363:118593 [0] NCCL INFO ProxyCall UDS comm 0x559f9552be80 rank 0 tpRank 5(64080527a681c810) reqSize 8 respSize 0 respFd 106 opId 0x92e159d339a2f8ae - DONE
rg31605:118363:118593 [0] NCCL INFO UDS: ClientGetFd handle 0x14d77c00df40 tpRank 5 returned fd 106 sameProcess 0
rg31605:118363:118593 [0] NCCL INFO UDS converted handle 0x14d77c00df40 to fd 106 on remote peer 5
rg31602:1354142:1354472 [0] NCCL INFO Imported shareable buffer device 0 size 2097152 ptr 0x1512c7600000
rg31602:1354142:1354472 [0] NCCL INFO ProxyCall UDS comm 0x559210de1fc0 rank 0 tpRank 1(b6be2d560be2866a) reqSize 8 respSize 0 respFd 0x1512fc305b38 opId 0x58bbffc4c5c2dd31
rg31602:1354143:1354468 [1] NCCL INFO proxyUDSRecvReq::ncclProxyMsgGetFd rank 0 opId 0x58bbffc4c5c2dd31 handle=0x1466bc00f660
rg31602:1354143:1354468 [1] NCCL INFO UDS proxyGetFd received handle 0x1466bc00f660 peer 0 opId 58bbffc4c5c2dd31
rg31602:1354142:1354472 [0] NCCL INFO ProxyCall UDS comm 0x559210de1fc0 rank 0 tpRank 1(b6be2d560be2866a) reqSize 8 respSize 0 respFd 127 opId 0x58bbffc4c5c2dd31 - DONE
rg31602:1354142:1354472 [0] NCCL INFO UDS: ClientGetFd handle 0x1466bc00f660 tpRank 1 returned fd 127 sameProcess 0
rg31602:1354142:1354472 [0] NCCL INFO UDS converted handle 0x1466bc00f660 to fd 127 on remote peer 1
rg31602:1354142:1354472 [0] NCCL INFO Imported shareable buffer device 0 size 2097152 ptr 0x1512c7800000
rg31605:118363:118593 [0] NCCL INFO Imported shareable buffer device 0 size 2097152 ptr 0x1535fb600000
rg31605:118363:118593 [0] NCCL INFO ProxyCall UDS comm 0x559f9552be80 rank 0 tpRank 5(64080527a681c810) reqSize 8 respSize 0 respFd 0x15362152ab38 opId 0xda9a40efba6e28bf
rg31605:118364:118590 [1] NCCL INFO proxyUDSRecvReq::ncclProxyMsgGetFd rank 0 opId 0xda9a40efba6e28bf handle=0x14d77c00f660
rg31605:118364:118590 [1] NCCL INFO UDS proxyGetFd received handle 0x14d77c00f660 peer 0 opId da9a40efba6e28bf
rg31605:118363:118593 [0] NCCL INFO ProxyCall UDS comm 0x559f9552be80 rank 0 tpRank 5(64080527a681c810) reqSize 8 respSize 0 respFd 106 opId 0xda9a40efba6e28bf - DONE
rg31605:118363:118593 [0] NCCL INFO UDS: ClientGetFd handle 0x14d77c00f660 tpRank 5 returned fd 106 sameProcess 0
rg31605:118363:118593 [0] NCCL INFO UDS converted handle 0x14d77c00f660 to fd 106 on remote peer 5
rg31605:118363:118593 [0] NCCL INFO Imported shareable buffer device 0 size 2097152 ptr 0x1535fb800000
rg31602:1354142:1354472 [0] NCCL INFO Connected all rings, use ring PXN 0 GDR 0
rg31602:1354143:1354469 [1] NCCL INFO Connected all rings, use ring PXN 0 GDR 0
rg31602:1354144:1354470 [2] NCCL INFO Connected all rings, use ring PXN 0 GDR 0
rg31602:1354145:1354471 [3] NCCL INFO Connected all rings, use ring PXN 0 GDR 0
rg31602:1354142:1354142 [0] NCCL INFO AllGather: 8 Bytes -> Algo RING proto LL channel{Lo..Hi}={0..0}
rg31605:118363:118593 [0] NCCL INFO Connected all rings, use ring PXN 0 GDR 0
rg31605:118364:118594 [1] NCCL INFO Connected all rings, use ring PXN 0 GDR 0
rg31605:118365:118592 [2] NCCL INFO Connected all rings, use ring PXN 0 GDR 0
rg31605:118366:118591 [3] NCCL INFO Connected all rings, use ring PXN 0 GDR 0
rg31602:1354143:1354143 [1] NCCL INFO Broadcast: opCount 1 sendbuff 0x146730ff7c00 recvbuff 0x146730ff7c00 count 842 datatype 4 op 0 root 0 comm 0x5555f5d97900 [nranks=8] stream 0x5555f53d6350
rg31602:1354144:1354144 [2] NCCL INFO Broadcast: opCount 1 sendbuff 0x153548ff7c00 recvbuff 0x153548ff7c00 count 842 datatype 4 op 0 root 0 comm 0x557c02d82840 [nranks=8] stream 0x557c02084890
rg31605:118365:118365 [2] NCCL INFO Broadcast: opCount 1 sendbuff 0x14a1d8ff7c00 recvbuff 0x14a1d8ff7c00 count 842 datatype 4 op 0 root 0 comm 0x55f13dc41d40 [nranks=8] stream 0x55f13d280580
rg31602:1354142:1354142 [0] NCCL INFO Broadcast: opCount 1 sendbuff 0x1512daff7c00 recvbuff 0x1512daff7c00 count 842 datatype 4 op 0 root 0 comm 0x559210de1fc0 [nranks=8] stream 0x55920638dea0
rg31602:1354142:1354142 [0] NCCL INFO Broadcast: 6736 Bytes -> Algo RING proto LL channel{Lo..Hi}={0..0}
rg31605:118366:118366 [3] NCCL INFO Broadcast: opCount 1 sendbuff 0x1544daff7c00 recvbuff 0x1544daff7c00 count 842 datatype 4 op 0 root 0 comm 0x55c467237300 [nranks=8] stream 0x55c466874de0
rg31605:118364:118364 [1] NCCL INFO Broadcast: opCount 1 sendbuff 0x14d7eeff7c00 recvbuff 0x14d7eeff7c00 count 842 datatype 4 op 0 root 0 comm 0x563189210700 [nranks=8] stream 0x56318884e690
rg31602:1354145:1354145 [3] NCCL INFO Broadcast: opCount 1 sendbuff 0x14cd58ff7c00 recvbuff 0x14cd58ff7c00 count 842 datatype 4 op 0 root 0 comm 0x55fd064f5e40 [nranks=8] stream 0x55fd059bc7a0
rg31605:118363:118363 [0] NCCL INFO Broadcast: opCount 1 sendbuff 0x15360eff7c00 recvbuff 0x15360eff7c00 count 842 datatype 4 op 0 root 0 comm 0x559f9552be80 [nranks=8] stream 0x559f97157ad0
rg31602:1354144:1354144 [2] NCCL INFO Broadcast: opCount 2 sendbuff 0x15349a600000 recvbuff 0x15349a600000 count 3234308 datatype 7 op 0 root 0 comm 0x557c02d82840 [nranks=8] stream 0x557c02084890
rg31602:1354143:1354143 [1] NCCL INFO Broadcast: opCount 2 sendbuff 0x146682600000 recvbuff 0x146682600000 count 3234308 datatype 7 op 0 root 0 comm 0x5555f5d97900 [nranks=8] stream 0x5555f53d6350
rg31605:118364:118364 [1] NCCL INFO Broadcast: opCount 2 sendbuff 0x14d742600000 recvbuff 0x14d742600000 count 3234308 datatype 7 op 0 root 0 comm 0x563189210700 [nranks=8] stream 0x56318884e690
rg31602:1354145:1354145 [3] NCCL INFO Broadcast: opCount 2 sendbuff 0x14ccaa600000 recvbuff 0x14ccaa600000 count 3234308 datatype 7 op 0 root 0 comm 0x55fd064f5e40 [nranks=8] stream 0x55fd059bc7a0
rg31605:118365:118365 [2] NCCL INFO Broadcast: opCount 2 sendbuff 0x14a12a600000 recvbuff 0x14a12a600000 count 3234308 datatype 7 op 0 root 0 comm 0x55f13dc41d40 [nranks=8] stream 0x55f13d280580
rg31602:1354142:1354142 [0] NCCL INFO Broadcast: opCount 2 sendbuff 0x151232600000 recvbuff 0x151232600000 count 3234308 datatype 7 op 0 root 0 comm 0x559210de1fc0 [nranks=8] stream 0x55920638dea0
rg31602:1354142:1354142 [0] NCCL INFO Broadcast: 12937232 Bytes -> Algo RING proto SIMPLE channel{Lo..Hi}={0..3}
rg31605:118363:118363 [0] NCCL INFO Broadcast: opCount 2 sendbuff 0x15356a600000 recvbuff 0x15356a600000 count 3234308 datatype 7 op 0 root 0 comm 0x559f9552be80 [nranks=8] stream 0x559f97157ad0
rg31605:118366:118366 [3] NCCL INFO Broadcast: opCount 2 sendbuff 0x15442e600000 recvbuff 0x15442e600000 count 3234308 datatype 7 op 0 root 0 comm 0x55c467237300 [nranks=8] stream 0x55c466874de0
Instantiated the model and optimizer
Checkpoint loaded: model_checkpoint_a.pth
Training started
Checkpoint loaded: model_checkpoint_a.pth
Checkpoint loaded: model_checkpoint_a.pth
Checkpoint loaded: model_checkpoint_a.pth
Checkpoint loaded: model_checkpoint_a.pth
Checkpoint loaded: model_checkpoint_a.pth
Checkpoint loaded: model_checkpoint_a.pth
Checkpoint loaded: model_checkpoint_a.pth
rg31605:118363:122849 [0] NCCL INFO socketProgressOpt: abort called
rg31605:118363:118585 [0] NCCL INFO socketProgressOpt: abort called
rg31605:118363:118585 [0] NCCL INFO misc/socket.cc:881 -> 3
rg31605:118363:122849 [0] NCCL INFO misc/socket.cc:64 -> 3
rg31605:118363:122849 [0] NCCL INFO misc/socket.cc:80 -> 3
rg31605:118363:122849 [0] NCCL INFO misc/socket.cc:829 -> 3
rg31605:118363:118585 [0] NCCL INFO socketProgressOpt: abort called
rg31605:118363:118585 [0] NCCL INFO misc/socket.cc:881 -> 3
rg31605:118366:122850 [3] NCCL INFO socketProgressOpt: abort called
rg31605:118366:122850 [3] NCCL INFO misc/socket.cc:64 -> 3
rg31605:118366:122850 [3] NCCL INFO misc/socket.cc:80 -> 3
rg31605:118366:122850 [3] NCCL INFO misc/socket.cc:829 -> 3
rg31605:118363:122849 [0] NCCL INFO socketProgressOpt: abort called
rg31605:118363:122849 [0] NCCL INFO misc/socket.cc:64 -> 3
rg31605:118363:122849 [0] NCCL INFO misc/socket.cc:80 -> 3
rg31605:118363:122849 [0] NCCL INFO misc/socket.cc:829 -> 3
rg31605:118363:122849 [0] NCCL INFO socketProgressOpt: abort called
rg31605:118363:122849 [0] NCCL INFO misc/socket.cc:64 -> 3
rg31605:118363:122849 [0] NCCL INFO misc/socket.cc:80 -> 3
rg31605:118363:122849 [0] NCCL INFO misc/socket.cc:829 -> 3
rg31605:118364:118586 [1] NCCL INFO Received and initiated operation=Close res=0
rg31605:118363:122849 [0] NCCL INFO socketProgressOpt: abort called
rg31605:118363:122849 [0] NCCL INFO misc/socket.cc:64 -> 3
rg31605:118363:122849 [0] NCCL INFO misc/socket.cc:80 -> 3
rg31605:118363:122849 [0] NCCL INFO misc/socket.cc:829 -> 3
rg31605:118366:122850 [3] NCCL INFO socketProgressOpt: abort called
rg31605:118366:122850 [3] NCCL INFO misc/socket.cc:64 -> 3
rg31605:118366:122850 [3] NCCL INFO misc/socket.cc:80 -> 3
rg31605:118366:122850 [3] NCCL INFO misc/socket.cc:829 -> 3
rg31605:118365:118583 [2] NCCL INFO Received and initiated operation=Close res=0
rg31605:118366:118584 [3] NCCL INFO socketProgressOpt: abort called
rg31605:118366:118584 [3] NCCL INFO misc/socket.cc:881 -> 3
rg31605:118365:118583 [2] NCCL INFO Received and initiated operation=Close res=0
rg31605:118366:122850 [3] NCCL INFO socketProgressOpt: abort called
rg31605:118366:122850 [3] NCCL INFO misc/socket.cc:64 -> 3
rg31605:118366:122850 [3] NCCL INFO misc/socket.cc:80 -> 3
rg31605:118366:122850 [3] NCCL INFO misc/socket.cc:829 -> 3
rg31605:118366:118584 [3] NCCL INFO socketProgressOpt: abort called
rg31605:118366:118584 [3] NCCL INFO misc/socket.cc:881 -> 3
rg31605:118363:118585 [0] NCCL INFO socketProgressOpt: abort called
rg31605:118363:118585 [0] NCCL INFO misc/socket.cc:881 -> 3
rg31605:118364:122852 [1] NCCL INFO socketProgressOpt: abort called
rg31605:118364:122852 [1] NCCL INFO misc/socket.cc:64 -> 3
rg31605:118364:122852 [1] NCCL INFO misc/socket.cc:80 -> 3
rg31605:118364:122852 [1] NCCL INFO misc/socket.cc:829 -> 3
rg31605:118364:122852 [1] NCCL INFO socketProgressOpt: abort called
rg31605:118364:122852 [1] NCCL INFO misc/socket.cc:64 -> 3
rg31605:118364:122852 [1] NCCL INFO misc/socket.cc:80 -> 3
rg31605:118364:122852 [1] NCCL INFO misc/socket.cc:829 -> 3
rg31605:118364:118586 [1] NCCL INFO socketProgressOpt: abort called
rg31605:118364:118586 [1] NCCL INFO misc/socket.cc:881 -> 3
rg31605:118364:122852 [1] NCCL INFO socketProgressOpt: abort called
rg31605:118364:122852 [1] NCCL INFO misc/socket.cc:64 -> 3
rg31605:118364:122852 [1] NCCL INFO misc/socket.cc:80 -> 3
rg31605:118364:122852 [1] NCCL INFO misc/socket.cc:829 -> 3
rg31605:118365:118583 [2] NCCL INFO Received and initiated operation=Close res=0
rg31605:118365:122854 [2] NCCL INFO socketProgressOpt: abort called
rg31605:118365:122854 [2] NCCL INFO misc/socket.cc:64 -> 3
rg31605:118365:122854 [2] NCCL INFO misc/socket.cc:80 -> 3
rg31605:118365:122854 [2] NCCL INFO misc/socket.cc:829 -> 3
rg31605:118365:122854 [2] NCCL INFO socketProgressOpt: abort called
rg31605:118365:122854 [2] NCCL INFO misc/socket.cc:64 -> 3
rg31605:118365:122854 [2] NCCL INFO misc/socket.cc:80 -> 3
rg31605:118365:122854 [2] NCCL INFO misc/socket.cc:829 -> 3
rg31605:118364:118586 [1] NCCL INFO socketProgressOpt: abort called
rg31605:118364:118586 [1] NCCL INFO misc/socket.cc:881 -> 3
rg31605:118365:122854 [2] NCCL INFO socketProgressOpt: abort called
rg31605:118365:122854 [2] NCCL INFO misc/socket.cc:64 -> 3
rg31605:118365:122854 [2] NCCL INFO misc/socket.cc:80 -> 3
rg31605:118365:122854 [2] NCCL INFO misc/socket.cc:829 -> 3
rg31605:118365:118583 [2] NCCL INFO socketProgressOpt: abort called
rg31605:118365:118583 [2] NCCL INFO misc/socket.cc:881 -> 3
rg31605:118365:122854 [2] NCCL INFO socketProgressOpt: abort called
rg31605:118365:122854 [2] NCCL INFO misc/socket.cc:64 -> 3
rg31605:118365:122854 [2] NCCL INFO misc/socket.cc:80 -> 3
rg31605:118365:122854 [2] NCCL INFO misc/socket.cc:829 -> 3
rg31605:118363:118589 [0] NCCL INFO [Proxy Service UDS] exit: stop 1 abortFlag 1
rg31605:118363:122849 [0] NCCL INFO comm 0x559f9552be80 rank 4 nranks 8 cudaDev 0 busId 4e000 - Abort COMPLETE
rg31605:118365:118588 [2] NCCL INFO [Proxy Service UDS] exit: stop 1 abortFlag 1
rg31605:118366:118587 [3] NCCL INFO [Proxy Service UDS] exit: stop 1 abortFlag 1
rg31605:118366:122850 [3] NCCL INFO comm 0x55c467237300 rank 7 nranks 8 cudaDev 3 busId db000 - Abort COMPLETE
rg31605:118364:118590 [1] NCCL INFO [Proxy Service UDS] exit: stop 1 abortFlag 1
rg31605:118364:122852 [1] NCCL INFO comm 0x563189210700 rank 5 nranks 8 cudaDev 1 busId 5f000 - Abort COMPLETE
rg31605:118365:122854 [2] NCCL INFO comm 0x55f13dc41d40 rank 6 nranks 8 cudaDev 2 busId cb000 - Abort COMPLETE
rg31602:1354143:1359741 [1] NCCL INFO socketProgressOpt: abort called
rg31602:1354143:1359741 [1] NCCL INFO misc/socket.cc:64 -> 3
rg31602:1354143:1359741 [1] NCCL INFO misc/socket.cc:80 -> 3
rg31602:1354143:1359741 [1] NCCL INFO misc/socket.cc:829 -> 3
rg31602:1354142:1354462 [0] NCCL INFO Received and initiated operation=Close res=0
rg31602:1354143:1359741 [1] NCCL INFO socketProgressOpt: abort called
rg31602:1354143:1359741 [1] NCCL INFO misc/socket.cc:64 -> 3
rg31602:1354143:1359741 [1] NCCL INFO misc/socket.cc:80 -> 3
rg31602:1354143:1359741 [1] NCCL INFO misc/socket.cc:829 -> 3
rg31602:1354143:1359741 [1] NCCL INFO socketProgressOpt: abort called
rg31602:1354143:1359741 [1] NCCL INFO misc/socket.cc:64 -> 3
rg31602:1354143:1359741 [1] NCCL INFO misc/socket.cc:80 -> 3
rg31602:1354143:1359741 [1] NCCL INFO misc/socket.cc:829 -> 3
rg31602:1354143:1354465 [1] NCCL INFO socketProgressOpt: abort called
rg31602:1354143:1354465 [1] NCCL INFO misc/socket.cc:881 -> 3
rg31602:1354144:1354463 [2] NCCL INFO Received and initiated operation=Close res=0
rg31602:1354143:1354468 [1] NCCL INFO [Proxy Service UDS] exit: stop 1 abortFlag 1
rg31602:1354145:1354459 [0] NCCL INFO RAS current socket connection with 10.85.96.105<37523> closed by peer on receive; terminating it
rg31602:1354143:1354436 [0] NCCL INFO RAS current socket connection with 10.85.96.105<55245> closed by peer on receive; terminating it
rg31605:118363:118579 [0] NCCL INFO RAS handling local termination request
rg31605:118364:118580 [0] NCCL INFO RAS handling local termination request
rg31605:118365:118582 [0] NCCL INFO RAS handling local termination request
rg31605:118366:118581 [0] NCCL INFO RAS handling local termination request
rg31605:118365:118582 [0] NCCL INFO RAS terminating a connection with 10.85.96.105<55245>
rg31605:118364:118580 [0] NCCL INFO RAS terminating a connection with 10.85.96.105<42209>
rg31605:118364:118580 [0] NCCL INFO RAS terminating a connection with 10.85.96.102<56577>
rg31605:118363:118579 [0] NCCL INFO RAS terminating a connection with 10.85.96.105<53405>
rg31605:118364:118580 [0] NCCL INFO RAS thread terminating
rg31605:118365:118582 [0] NCCL INFO RAS terminating a connection with 10.85.96.105<42209>
rg31605:118365:118582 [0] NCCL INFO RAS thread terminating
rg31605:118366:118581 [0] NCCL INFO RAS terminating a connection with 10.85.96.105<53405>
rg31605:118366:118581 [0] NCCL INFO RAS terminating a connection with 10.85.96.102<38943>
rg31605:118363:118579 [0] NCCL INFO RAS terminating a connection with 10.85.96.105<37523>
rg31605:118366:118581 [0] NCCL INFO RAS thread terminating
rg31605:118363:118579 [0] NCCL INFO RAS thread terminating
rg31602:1354143:1359741 [1] NCCL INFO comm 0x5555f5d97900 rank 1 nranks 8 cudaDev 1 busId 5f000 - Abort COMPLETE
rg31602:1354143:1354436 [0] NCCL INFO RAS handling local termination request
rg31602:1354143:1354436 [0] NCCL INFO RAS terminating a connection with 10.85.96.102<44127>
rg31602:1354143:1354436 [0] NCCL INFO RAS terminating a connection with 10.85.96.105<55245>
rg31602:1354143:1354436 [0] NCCL INFO RAS thread terminating
rg31602:1354142:1354460 [0] NCCL INFO RAS current socket connection with 10.85.96.102<38943> closed by peer on receive; terminating it
rg31602:1354145:1354459 [0] NCCL INFO RAS trying to reconnect with 10.85.96.105<37523> (experiencingDelays 0, startRetryTime 1.00s)
rg31602:1354142:1354460 [0] NCCL INFO RAS trying to reconnect with 10.85.96.102<38943> (experiencingDelays 0, startRetryTime 1.00s)
rg31602:1354145:1354459 [0] NCCL INFO RAS connect timeout warning (5s) on socket connection with 10.85.96.105<37523>
rg31602:1354145:1354459 [0] NCCL INFO RAS link 1: opening new fallback connection 1 with 10.85.96.105<42209>
rg31602:1354142:1354460 [0] NCCL INFO RAS connect timeout warning (5s) on socket connection with 10.85.96.102<38943>
rg31602:1354142:1354460 [0] NCCL INFO RAS link -1: opening new fallback connection 1 with 10.85.96.105<55245>
[1;34mwandb[0m: 
[1;34mwandb[0m: You can sync this run to the cloud by running:
[1;34mwandb[0m: [1mwandb sync /lustre10/scratch/htruchla/XAERONET/outputs/full_runs/XAeroNetS_2026_03_11/wandb/wandb/offline-run-20260312_092933-2ne4uwb3[0m
[1;34mwandb[0m: Find logs at: [1;35mwandb/wandb/offline-run-20260312_092933-2ne4uwb3/logs[0m
[2026-03-12 09:40:06,921][asyncio][WARNING] - socket.send() raised exception.
[2026-03-12 09:40:06,922][asyncio][WARNING] - socket.send() raised exception.
rg31602:1354144:1359759 [2] NCCL INFO socketProgressOpt: abort called
rg31602:1354144:1359759 [2] NCCL INFO misc/socket.cc:64 -> 3
rg31602:1354144:1359759 [2] NCCL INFO misc/socket.cc:80 -> 3
rg31602:1354144:1359759 [2] NCCL INFO misc/socket.cc:829 -> 3
rg31602:1354142:1354462 [0] NCCL INFO Received and initiated operation=Close res=0
rg31602:1354144:1359759 [2] NCCL INFO socketProgressOpt: abort called
rg31602:1354144:1359759 [2] NCCL INFO misc/socket.cc:64 -> 3
rg31602:1354144:1359759 [2] NCCL INFO misc/socket.cc:80 -> 3
rg31602:1354144:1359759 [2] NCCL INFO misc/socket.cc:829 -> 3
rg31602:1354144:1359759 [2] NCCL INFO socketProgressOpt: abort called
rg31602:1354144:1359759 [2] NCCL INFO misc/socket.cc:64 -> 3
rg31602:1354144:1359759 [2] NCCL INFO misc/socket.cc:80 -> 3
rg31602:1354144:1359759 [2] NCCL INFO misc/socket.cc:829 -> 3
rg31602:1354144:1359759 [2] NCCL INFO socketProgressOpt: abort called
rg31602:1354144:1354463 [2] NCCL INFO socketProgressOpt: abort called
rg31602:1354144:1354463 [2] NCCL INFO misc/socket.cc:881 -> 3
rg31602:1354144:1359759 [2] NCCL INFO misc/socket.cc:64 -> 3
rg31602:1354144:1359759 [2] NCCL INFO misc/socket.cc:80 -> 3
rg31602:1354144:1359759 [2] NCCL INFO misc/socket.cc:829 -> 3
rg31602:1354145:1354461 [3] NCCL INFO Received and initiated operation=Close res=0
rg31602:1354142:1359761 [0] NCCL INFO socketProgressOpt: abort called
rg31602:1354142:1359761 [0] NCCL INFO misc/socket.cc:64 -> 3
rg31602:1354142:1359761 [0] NCCL INFO misc/socket.cc:80 -> 3
rg31602:1354142:1359761 [0] NCCL INFO misc/socket.cc:829 -> 3
rg31602:1354142:1354462 [0] NCCL INFO socketProgressOpt: abort called
rg31602:1354142:1354462 [0] NCCL INFO misc/socket.cc:881 -> 3
rg31602:1354142:1359761 [0] NCCL INFO socketProgressOpt: abort called
rg31602:1354142:1359761 [0] NCCL INFO misc/socket.cc:64 -> 3
rg31602:1354142:1359761 [0] NCCL INFO misc/socket.cc:80 -> 3
rg31602:1354142:1359761 [0] NCCL INFO misc/socket.cc:829 -> 3
rg31602:1354142:1359761 [0] NCCL INFO socketProgressOpt: abort called
rg31602:1354142:1359761 [0] NCCL INFO misc/socket.cc:64 -> 3
rg31602:1354142:1359761 [0] NCCL INFO misc/socket.cc:80 -> 3
rg31602:1354142:1359761 [0] NCCL INFO misc/socket.cc:829 -> 3
rg31602:1354142:1359761 [0] NCCL INFO socketProgressOpt: abort called
rg31602:1354142:1359761 [0] NCCL INFO misc/socket.cc:64 -> 3
rg31602:1354142:1359761 [0] NCCL INFO misc/socket.cc:80 -> 3
rg31602:1354142:1359761 [0] NCCL INFO misc/socket.cc:829 -> 3
rg31602:1354145:1354461 [3] NCCL INFO Received and initiated operation=Close res=0
rg31602:1354144:1354463 [2] NCCL INFO socketProgressOpt: abort called
rg31602:1354144:1354463 [2] NCCL INFO misc/socket.cc:881 -> 3
rg31602:1354145:1354459 [0] NCCL INFO RAS connect timeout warning (5s) on socket connection with 10.85.96.105<42209>
rg31602:1354145:1354459 [0] NCCL INFO RAS link 1: opening new fallback connection 2 with 10.85.96.102<38943>
rg31602:1354142:1354466 [0] NCCL INFO [Proxy Service UDS] exit: stop 1 abortFlag 1
rg31602:1354144:1354467 [2] NCCL INFO [Proxy Service UDS] exit: stop 1 abortFlag 1
rg31602:1354144:1359759 [2] NCCL INFO comm 0x557c02d82840 rank 2 nranks 8 cudaDev 2 busId cb000 - Abort COMPLETE
rg31602:1354142:1359761 [0] NCCL INFO comm 0x559210de1fc0 rank 0 nranks 8 cudaDev 0 busId 4e000 - Abort COMPLETE
rg31602:1354144:1354435 [0] NCCL INFO RAS handling local termination request
rg31602:1354144:1354435 [0] NCCL INFO RAS terminating a connection with 10.85.96.102<56577>
rg31602:1354144:1354435 [0] NCCL INFO RAS terminating a connection with 10.85.96.102<44127>
rg31602:1354145:1354459 [0] NCCL INFO RAS current socket connection with 10.85.96.102<52023> closed by peer on receive; terminating it
rg31602:1354144:1354435 [0] NCCL INFO RAS thread terminating
rg31602:1354142:1354460 [0] NCCL INFO RAS current socket connection with 10.85.96.102<52023> closed by peer on receive; terminating it
rg31602:1354142:1354460 [0] NCCL INFO RAS connect timeout warning (5s) on socket connection with 10.85.96.105<55245>
rg31602:1354142:1354460 [0] NCCL INFO RAS link -1: opening new fallback connection 2 with 10.85.96.102<56577>
rg31602:1354145:1354459 [0] NCCL INFO RAS new incoming socket connection from 10.85.96.102<39630>
rg31602:1354145:1354459 [0] NCCL INFO RAS handling connInit from 10.85.96.102<39630> (version 22602, listeningAddr 10.85.96.102<44127>, peersHash 0x209037d60b3ca956, deadPeersHash 0x0)
rg31602:1354142:1354460 [0] NCCL INFO RAS handling connInitAck from 10.85.96.102<56577> (nack 0)
rg31602:1354142:1354460 [0] NCCL INFO RAS established connection with 10.85.96.102<56577> (sendQ empty, experiencingDelays 0, startRetryTime 0.00s)
rg31602:1354142:1354460 [0] NCCL INFO RAS handling local termination request
rg31602:1354142:1354460 [0] NCCL INFO RAS terminating a connection with 10.85.96.102<52023>
rg31602:1354142:1354460 [0] NCCL INFO RAS terminating a connection with 10.85.96.102<38943>
rg31602:1354142:1354460 [0] NCCL INFO RAS terminating a connection with 10.85.96.105<55245>
rg31602:1354142:1354460 [0] NCCL INFO RAS terminating a connection with 10.85.96.102<56577>
rg31602:1354142:1354460 [0] NCCL INFO RAS thread terminating
rg31602:1354145:1354459 [0] NCCL INFO RAS current socket connection with 10.85.96.102<44127> closed by peer on receive; terminating it
rg31602:1354145:1354459 [0] NCCL INFO RAS terminating a connection with 10.85.96.102<44127>
rg31602:1354145:1354459 [0] NCCL INFO RAS trying to reconnect with 10.85.96.102<52023> (experiencingDelays 0, startRetryTime 1.00s)
rg31602:1354145:1354459 [0] NCCL INFO RAS connect timeout warning (5s) on socket connection with 10.85.96.102<38943>
rg31602:1354145:1354459 [0] NCCL INFO RAS link 1: opening new fallback connection 3 with 10.85.96.102<44127>
rg31602:1354145:1354459 [0] NCCL INFO RAS connect timeout warning (5s) on socket connection with 10.85.96.102<52023>
rg31602:1354145:1354459 [0] NCCL INFO RAS link -1: calculated existing fallback connection 1 with 10.85.96.102<44127>
rg31602:1354145:1354459 [0] NCCL INFO RAS connect timeout warning (5s) on socket connection with 10.85.96.102<44127>
rg31602:1354145:1354459 [0] NCCL INFO RAS link 1: calculated existing fallback connection 4 with 10.85.96.102<52023>
rg31602:1354145:1354459 [0] NCCL INFO RAS connection experiencingDelays 1, startRetryTime 9.19s, socket status 1
rg31602:1354145:1354459 [0] NCCL INFO RAS link 1: no more fallbacks to add (total 5)
rg31602:1354145:1354459 [0] NCCL INFO RAS link -1: calculated existing fallback connection 2 with 10.85.96.102<38943>
rg31602:1354145:1354459 [0] NCCL INFO RAS connection experiencingDelays 1, startRetryTime 10.00s, socket status 1
rg31602:1354145:1354459 [0] NCCL INFO RAS link -1: opening new fallback connection 3 with 10.85.96.105<55245>
rg31602:1354145:1354459 [0] NCCL INFO Mem Realloc old size 64, new size 96 pointer 0x14ccec006580
rg31602:1354145:1354459 [0] NCCL INFO RAS init timeout error (20s) on socket connection with 10.85.96.105<37523> (experiencingDelays 1, startRetryTime 21.00s, socket status 1)
rg31602:1354145:1354459 [0] NCCL INFO RAS trying to reconnect with 10.85.96.105<37523> (experiencingDelays 1, startRetryTime 21.00s)
rg31602:1354145:1354459 [0] NCCL INFO RAS init timeout error (20s) on socket connection with 10.85.96.105<42209> (experiencingDelays 1, startRetryTime 20.00s, socket status 1)
rg31602:1354145:1354459 [0] NCCL INFO RAS trying to reconnect with 10.85.96.105<42209> (experiencingDelays 1, startRetryTime 20.00s)
rg31602:1354145:1354459 [0] NCCL INFO RAS connect timeout warning (5s) on socket connection with 10.85.96.105<55245>
rg31602:1354145:1354459 [0] NCCL INFO RAS link -1: no more fallbacks to add (total 4)
rg31602:1354145:1354459 [0] NCCL INFO RAS init timeout error (20s) on socket connection with 10.85.96.102<38943> (experiencingDelays 1, startRetryTime 20.00s, socket status 1)
rg31602:1354145:1354459 [0] NCCL INFO RAS trying to reconnect with 10.85.96.102<38943> (experiencingDelays 1, startRetryTime 20.00s)
rg31602:1354145:1354459 [0] NCCL INFO RAS init timeout error (20s) on socket connection with 10.85.96.102<52023> (experiencingDelays 1, startRetryTime 21.00s, socket status 1)
rg31602:1354145:1354459 [0] NCCL INFO RAS trying to reconnect with 10.85.96.102<52023> (experiencingDelays 1, startRetryTime 21.00s)
rg31602:1354145:1354459 [0] NCCL INFO RAS init timeout error (20s) on socket connection with 10.85.96.102<44127> (experiencingDelays 1, startRetryTime 20.00s, socket status 1)
rg31602:1354145:1354459 [0] NCCL INFO RAS trying to reconnect with 10.85.96.102<44127> (experiencingDelays 1, startRetryTime 20.00s)
rg31602:1354145:1354459 [0] NCCL INFO RAS init timeout error (20s) on socket connection with 10.85.96.105<55245> (experiencingDelays 1, startRetryTime 20.00s, socket status 1)
rg31602:1354145:1354459 [0] NCCL INFO RAS trying to reconnect with 10.85.96.105<55245> (experiencingDelays 1, startRetryTime 20.00s)
rg31602:1354145:1354459 [0] NCCL INFO RAS init timeout error (20s) on socket connection with 10.85.96.105<37523> (experiencingDelays 1, startRetryTime 41.00s, socket status 1)
rg31602:1354145:1354459 [0] NCCL INFO RAS trying to reconnect with 10.85.96.105<37523> (experiencingDelays 1, startRetryTime 41.00s)
rg31602:1354145:1354459 [0] NCCL INFO RAS init timeout error (20s) on socket connection with 10.85.96.105<42209> (experiencingDelays 1, startRetryTime 40.00s, socket status 1)
rg31602:1354145:1354459 [0] NCCL INFO RAS trying to reconnect with 10.85.96.105<42209> (experiencingDelays 1, startRetryTime 40.00s)
rg31602:1354145:1354459 [0] NCCL INFO RAS init timeout error (20s) on socket connection with 10.85.96.102<38943> (experiencingDelays 1, startRetryTime 40.00s, socket status 1)
rg31602:1354145:1354459 [0] NCCL INFO RAS trying to reconnect with 10.85.96.102<38943> (experiencingDelays 1, startRetryTime 40.00s)
rg31602:1354145:1354459 [0] NCCL INFO RAS init timeout error (20s) on socket connection with 10.85.96.102<52023> (experiencingDelays 1, startRetryTime 41.00s, socket status 1)
rg31602:1354145:1354459 [0] NCCL INFO RAS trying to reconnect with 10.85.96.102<52023> (experiencingDelays 1, startRetryTime 41.00s)
rg31602:1354145:1354459 [0] NCCL INFO RAS init timeout error (20s) on socket connection with 10.85.96.102<44127> (experiencingDelays 1, startRetryTime 40.00s, socket status 1)
rg31602:1354145:1354459 [0] NCCL INFO RAS trying to reconnect with 10.85.96.102<44127> (experiencingDelays 1, startRetryTime 40.00s)
rg31602:1354145:1354459 [0] NCCL INFO RAS connect retry timeout (60s) on socket connection with 10.85.96.105<37523>
rg31602:1354145:1354459 [0] NCCL INFO RAS handling deadPeer (addr 10.85.96.105<37523>)
rg31602:1354145:1354459 [0] NCCL INFO RAS link 1: calculated existing fallback connection 1 with 10.85.96.105<42209>
rg31602:1354145:1354459 [0] NCCL INFO RAS connection experiencingDelays 1, startRetryTime 55.00s, socket status 1
rg31602:1354145:1354459 [0] NCCL INFO RAS link 1: calculated existing fallback connection 2 with 10.85.96.102<38943>
rg31602:1354145:1354459 [0] NCCL INFO RAS connection experiencingDelays 1, startRetryTime 50.00s, socket status 1
rg31602:1354145:1354459 [0] NCCL INFO RAS link 1: calculated existing fallback connection 3 with 10.85.96.102<44127>
rg31602:1354145:1354459 [0] NCCL INFO RAS connection experiencingDelays 1, startRetryTime 45.00s, socket status 1
rg31602:1354145:1354459 [0] NCCL INFO RAS link 1: calculated existing fallback connection 4 with 10.85.96.102<52023>
rg31602:1354145:1354459 [0] NCCL INFO RAS connection experiencingDelays 1, startRetryTime 49.19s, socket status 1
rg31602:1354145:1354459 [0] NCCL INFO RAS link 1: no more fallbacks to add (total 5)
rg31602:1354145:1354459 [0] NCCL INFO RAS link 1: dropping primary connection with 10.85.96.105<37523>
rg31602:1354145:1354459 [0] NCCL INFO RAS link 1: former fallback connection 1 with 10.85.96.105<42209> is the new primary
rg31602:1354145:1354459 [0] NCCL INFO RAS terminating a connection with 10.85.96.105<37523>
rg31602:1354145:1354459 [0] NCCL INFO Mem Realloc old size 0, new size 112 pointer 0x14ccec005b30
rg31602:1354145:1354459 [0] NCCL INFO RAS declaring peer 10.85.96.105<37523> as DEAD; rasDeadPeersHash 0xcb5bdb3fc1d1e5b7
rg31602:1354145:1354459 [0] NCCL INFO RAS init timeout error (20s) on socket connection with 10.85.96.105<55245> (experiencingDelays 1, startRetryTime 40.00s, socket status 1)
rg31602:1354145:1354459 [0] NCCL INFO RAS trying to reconnect with 10.85.96.105<55245> (experiencingDelays 1, startRetryTime 40.00s)
rg31602:1354145:1354459 [0] NCCL INFO RAS connect retry timeout (60s) on socket connection with 10.85.96.105<42209>
rg31602:1354145:1354459 [0] NCCL INFO RAS handling deadPeer (addr 10.85.96.105<42209>)
rg31602:1354145:1354459 [0] NCCL INFO RAS link 1: opening new fallback connection 1 with 10.85.96.105<53405>
rg31602:1354145:1354459 [0] NCCL INFO RAS link 1: dropping primary connection with 10.85.96.105<42209>
rg31602:1354145:1354459 [0] NCCL INFO RAS link 1: former fallback connection 1 with 10.85.96.105<53405> is the new primary
rg31602:1354145:1354459 [0] NCCL INFO RAS terminating a connection with 10.85.96.105<42209>
rg31602:1354145:1354459 [0] NCCL INFO RAS declaring peer 10.85.96.105<42209> as DEAD; rasDeadPeersHash 0xe8e39ac3a9504d22
rg31602:1354145:1354459 [0] NCCL INFO RAS connect retry timeout (60s) on socket connection with 10.85.96.102<38943>
rg31602:1354145:1354459 [0] NCCL INFO RAS handling deadPeer (addr 10.85.96.102<38943>)
rg31602:1354145:1354459 [0] NCCL INFO RAS link -1: calculated existing fallback connection 3 with 10.85.96.105<55245>
rg31602:1354145:1354459 [0] NCCL INFO RAS connection experiencingDelays 1, startRetryTime 50.00s, socket status 1
rg31602:1354145:1354459 [0] NCCL INFO RAS link -1: no more fallbacks to add (total 4)
rg31602:1354145:1354459 [0] NCCL INFO RAS link 1: dropping fallback connection 1 with 10.85.96.102<38943>
rg31602:1354145:1354459 [0] NCCL INFO RAS link -1: dropping fallback connection 2 with 10.85.96.102<38943>
rg31602:1354145:1354459 [0] NCCL INFO RAS terminating a connection with 10.85.96.102<38943>
rg31602:1354145:1354459 [0] NCCL INFO RAS declaring peer 10.85.96.102<38943> as DEAD; rasDeadPeersHash 0xd420d8d378fbb7dc
rg31602:1354145:1354459 [0] NCCL INFO RAS connect timeout warning (5s) on socket connection with 10.85.96.105<53405>
rg31602:1354145:1354459 [0] NCCL INFO RAS link 1: calculated existing fallback connection 1 with 10.85.96.105<55245>
rg31602:1354145:1354459 [0] NCCL INFO RAS connection experiencingDelays 1, startRetryTime 50.00s, socket status 1
rg31602:1354145:1354459 [0] NCCL INFO RAS link 1: calculated existing fallback connection 2 with 10.85.96.102<44127>
rg31602:1354145:1354459 [0] NCCL INFO RAS connection experiencingDelays 1, startRetryTime 55.00s, socket status 1
rg31602:1354145:1354459 [0] NCCL INFO RAS link 1: calculated existing fallback connection 3 with 10.85.96.102<52023>
rg31602:1354145:1354459 [0] NCCL INFO RAS connection experiencingDelays 1, startRetryTime 59.19s, socket status 1
rg31602:1354145:1354459 [0] NCCL INFO RAS link 1: no more fallbacks to add (total 4)
rg31602:1354145:1354459 [0] NCCL INFO RAS connect retry timeout (60s) on socket connection with 10.85.96.102<52023>
rg31602:1354145:1354459 [0] NCCL INFO RAS handling deadPeer (addr 10.85.96.102<52023>)
rg31602:1354145:1354459 [0] NCCL INFO RAS link 1: no more fallbacks to add (total 4)
rg31602:1354145:1354459 [0] NCCL INFO RAS link -1: calculated existing fallback connection 1 with 10.85.96.102<44127>
rg31602:1354145:1354459 [0] NCCL INFO RAS connection experiencingDelays 1, startRetryTime 55.81s, socket status 1
rg31602:1354145:1354459 [0] NCCL INFO RAS link -1: calculated existing fallback connection 2 with 10.85.96.105<55245>
rg31602:1354145:1354459 [0] NCCL INFO RAS connection experiencingDelays 1, startRetryTime 50.81s, socket status 1
rg31602:1354145:1354459 [0] NCCL INFO RAS link -1: no more fallbacks to add (total 3)
rg31602:1354145:1354459 [0] NCCL INFO RAS link 1: dropping fallback connection 3 with 10.85.96.102<52023>
rg31602:1354145:1354459 [0] NCCL INFO RAS link -1: dropping primary connection with 10.85.96.102<52023>
rg31602:1354145:1354459 [0] NCCL INFO RAS link -1: former fallback connection 1 with 10.85.96.102<44127> is the new primary
rg31602:1354145:1354459 [0] NCCL INFO RAS terminating a connection with 10.85.96.102<52023>
rg31602:1354145:1354459 [0] NCCL INFO RAS declaring peer 10.85.96.102<52023> as DEAD; rasDeadPeersHash 0x59ab274202ea6a31
rg31602:1354145:1354459 [0] NCCL INFO RAS init timeout error (20s) on socket connection with 10.85.96.102<44127> (experiencingDelays 1, startRetryTime 60.00s, socket status 1)
rg31602:1354145:1354459 [0] NCCL INFO RAS connect retry timeout (60s) on socket connection with 10.85.96.102<44127>
rg31602:1354145:1354459 [0] NCCL INFO RAS handling deadPeer (addr 10.85.96.102<44127>)
rg31602:1354145:1354459 [0] NCCL INFO RAS link 1: no more fallbacks to add (total 3)
rg31602:1354145:1354459 [0] NCCL INFO RAS link -1: calculated existing fallback connection 1 with 10.85.96.105<55245>
rg31602:1354145:1354459 [0] NCCL INFO RAS connection experiencingDelays 1, startRetryTime 55.00s, socket status 1
rg31602:1354145:1354459 [0] NCCL INFO RAS link -1: no more fallbacks to add (total 2)
rg31602:1354145:1354459 [0] NCCL INFO RAS link 1: dropping fallback connection 2 with 10.85.96.102<44127>
rg31602:1354145:1354459 [0] NCCL INFO RAS link -1: dropping primary connection with 10.85.96.102<44127>
rg31602:1354145:1354459 [0] NCCL INFO RAS link -1: former fallback connection 1 with 10.85.96.105<55245> is the new primary
rg31602:1354145:1354459 [0] NCCL INFO RAS terminating a connection with 10.85.96.102<44127>
rg31602:1354145:1354459 [0] NCCL INFO Mem Realloc old size 112, new size 224 pointer 0x14ccec006200
rg31602:1354145:1354459 [0] NCCL INFO RAS declaring peer 10.85.96.102<44127> as DEAD; rasDeadPeersHash 0xb7fcb54acf8e73ae
rg31602:1354145:1354459 [0] NCCL INFO RAS init timeout error (20s) on socket connection with 10.85.96.105<55245> (experiencingDelays 1, startRetryTime 60.00s, socket status 1)
rg31602:1354145:1354459 [0] NCCL INFO RAS connect retry timeout (60s) on socket connection with 10.85.96.105<55245>
rg31602:1354145:1354459 [0] NCCL INFO RAS handling deadPeer (addr 10.85.96.105<55245>)
rg31602:1354145:1354459 [0] NCCL INFO RAS link 1: no more fallbacks to add (total 2)
rg31602:1354145:1354459 [0] NCCL INFO RAS link -1: calculated existing fallback connection 1 with 10.85.96.105<53405>
rg31602:1354145:1354459 [0] NCCL INFO RAS connection experiencingDelays 1, startRetryTime 15.00s, socket status 1
rg31602:1354145:1354459 [0] NCCL INFO RAS link -1: no more fallbacks to add (total 2)
rg31602:1354145:1354459 [0] NCCL INFO RAS link 1: dropping fallback connection 1 with 10.85.96.105<55245>
rg31602:1354145:1354459 [0] NCCL INFO RAS link -1: dropping primary connection with 10.85.96.105<55245>
rg31602:1354145:1354459 [0] NCCL INFO RAS link -1: former fallback connection 1 with 10.85.96.105<53405> is the new primary
rg31602:1354145:1354459 [0] NCCL INFO RAS terminating a connection with 10.85.96.105<55245>
rg31602:1354145:1354459 [0] NCCL INFO RAS declaring peer 10.85.96.105<55245> as DEAD; rasDeadPeersHash 0xf280b2a283b652f3
rg31602:1354145:1354459 [0] NCCL INFO RAS init timeout error (20s) on socket connection with 10.85.96.105<53405> (experiencingDelays 1, startRetryTime 20.00s, socket status 1)
rg31602:1354145:1354459 [0] NCCL INFO RAS trying to reconnect with 10.85.96.105<53405> (experiencingDelays 1, startRetryTime 20.00s)
rg31602:1354145:1354459 [0] NCCL INFO RAS init timeout error (20s) on socket connection with 10.85.96.105<53405> (experiencingDelays 1, startRetryTime 40.00s, socket status 1)
rg31602:1354145:1354459 [0] NCCL INFO RAS trying to reconnect with 10.85.96.105<53405> (experiencingDelays 1, startRetryTime 40.00s)
rg31602:1354145:1354459 [0] NCCL INFO RAS connect retry timeout (60s) on socket connection with 10.85.96.105<53405>
rg31602:1354145:1354459 [0] NCCL INFO RAS handling deadPeer (addr 10.85.96.105<53405>)
rg31602:1354145:1354459 [0] NCCL INFO RAS link 1: no more fallbacks to add (total 1)
rg31602:1354145:1354459 [0] NCCL INFO RAS link -1: no more fallbacks to add (total 1)
rg31602:1354145:1354459 [0] NCCL INFO RAS link 1: dropping primary connection with 10.85.96.105<53405>
rg31602:1354145:1354459 [0] NCCL INFO RAS link -1: dropping primary connection with 10.85.96.105<53405>
rg31602:1354145:1354459 [0] NCCL INFO RAS terminating a connection with 10.85.96.105<53405>
rg31602:1354145:1354459 [0] NCCL INFO RAS declaring peer 10.85.96.105<53405> as DEAD; rasDeadPeersHash 0xef20b5601b7ac1ef
rg31602:1354145:1363450 [3] NCCL INFO socketProgressOpt: abort called
rg31602:1354145:1363450 [3] NCCL INFO misc/socket.cc:64 -> 3
rg31602:1354145:1363450 [3] NCCL INFO misc/socket.cc:80 -> 3
rg31602:1354145:1363450 [3] NCCL INFO misc/socket.cc:829 -> 3
rg31602:1354145:1363450 [3] NCCL INFO socketProgressOpt: abort called
rg31602:1354145:1363450 [3] NCCL INFO misc/socket.cc:64 -> 3
rg31602:1354145:1363450 [3] NCCL INFO misc/socket.cc:80 -> 3
rg31602:1354145:1363450 [3] NCCL INFO misc/socket.cc:829 -> 3
rg31602:1354145:1363450 [3] NCCL INFO socketProgressOpt: abort called
rg31602:1354145:1363450 [3] NCCL INFO misc/socket.cc:64 -> 3
rg31602:1354145:1363450 [3] NCCL INFO misc/socket.cc:80 -> 3
rg31602:1354145:1363450 [3] NCCL INFO misc/socket.cc:829 -> 3
rg31602:1354145:1354461 [3] NCCL INFO socketProgressOpt: abort called
rg31602:1354145:1354461 [3] NCCL INFO misc/socket.cc:881 -> 3
rg31602:1354145:1354464 [3] NCCL INFO [Proxy Service UDS] exit: stop 1 abortFlag 1
rg31602:1354145:1363450 [3] NCCL INFO comm 0x55fd064f5e40 rank 3 nranks 8 cudaDev 3 busId db000 - Abort COMPLETE
rg31602:1354145:1354459 [0] NCCL INFO RAS handling local termination request
rg31602:1354145:1354459 [0] NCCL INFO RAS thread terminating
=== [Thu 12 Mar 2026 09:47:09 AM EDT] Job finished with exit code 1 ===
=== Resubmitting job (attempt 1 / 10) ===
Submitted batch job 8064294
