rg32403:182440:182623 [3] NCCL INFO proxyProgressAsync opId=0x1528fb1ca6d0 op.type=1 op.reqBuff=0x1528c800ce90 op.respSize=16 done
rg32403:182440:182632 [3] NCCL INFO ncclPollProxyResponse Received new opId=0x1528fb1ca6d0
rg32403:182440:182623 [3] NCCL INFO Received and initiated operation=Init res=0
rg32602:129032:129194 [2] NCCL INFO Channel 03/0 : 6[2] -> 4[0] via P2P/CUMEM
rg32403:182440:182632 [3] NCCL INFO resp.opId=0x1528fb1ca6d0 matches expected opId=0x1528fb1ca6d0
rg32403:182440:182632 [3] NCCL INFO Connected to proxy localRank 3 -> connection 0x1528c8005198
rg32602:129032:129186 [2] NCCL INFO New proxy send connection 5 from local rank 2, transport 0
rg32602:129032:129186 [2] NCCL INFO proxyProgressAsync opId=0x1501664f6030 op.type=1 op.reqBuff=0x15013400c820 op.respSize=16 done
rg32602:129032:129194 [2] NCCL INFO ncclPollProxyResponse Received new opId=0x1501664f6030
rg32602:129032:129186 [2] NCCL INFO Received and initiated operation=Init res=0
rg32403:182440:182623 [3] NCCL INFO Allocated shareable buffer 0x152925800000 size 10485760 ipcDesc 0x1528c800e5e0
rg32403:182440:182623 [3] NCCL INFO proxyProgressAsync opId=0x1528fb1ca6d0 op.type=3 op.reqBuff=0x1528c800e5b0 op.respSize=88 done
rg32602:129032:129194 [2] NCCL INFO resp.opId=0x1501664f6030 matches expected opId=0x1501664f6030
rg32602:129032:129194 [2] NCCL INFO Connected to proxy localRank 2 -> connection 0x150134005198
rg32403:182440:182632 [3] NCCL INFO ncclPollProxyResponse Received new opId=0x1528fb1ca6d0
rg32403:182440:182623 [3] NCCL INFO Received and initiated operation=Setup res=0
rg32403:182440:182632 [3] NCCL INFO resp.opId=0x1528fb1ca6d0 matches expected opId=0x1528fb1ca6d0
rg32602:129033:129188 [3] NCCL INFO Allocated shareable buffer 0x1509bce00000 size 10485760 ipcDesc 0x15096000cec0
rg32602:129033:129188 [3] NCCL INFO proxyProgressAsync opId=0x1509931ced20 op.type=3 op.reqBuff=0x15096000ce90 op.respSize=88 done
rg32602:129033:129196 [3] NCCL INFO ncclPollProxyResponse Received new opId=0x1509931ced20
rg32602:129033:129188 [3] NCCL INFO Received and initiated operation=Setup res=0
rg32403:182439:182634 [2] NCCL INFO Channel 01/0 : 2[2] -> 0[0] via P2P/CUMEM
rg32602:129031:129187 [1] NCCL INFO New proxy recv connection 4 from local rank 1, transport 2
rg32602:129031:129187 [1] NCCL INFO proxyProgressAsync opId=0x1536331ced20 op.type=1 op.reqBuff=0x15360000c940 op.respSize=16 done
rg32403:182439:182626 [2] NCCL INFO New proxy send connection 4 from local rank 2, transport 0
rg32403:182439:182626 [2] NCCL INFO proxyProgressAsync opId=0x154fdf1ca6d0 op.type=1 op.reqBuff=0x154fac00c800 op.respSize=16 done
rg32403:182439:182634 [2] NCCL INFO ncclPollProxyResponse Received new opId=0x154fdf1ca6d0
rg32403:182439:182626 [2] NCCL INFO Received and initiated operation=Init res=0
rg32403:182439:182634 [2] NCCL INFO resp.opId=0x154fdf1ca6d0 matches expected opId=0x154fdf1ca6d0
rg32602:129033:129196 [3] NCCL INFO resp.opId=0x1509931ced20 matches expected opId=0x1509931ced20
rg32403:182439:182634 [2] NCCL INFO Connected to proxy localRank 2 -> connection 0x154fac005120
rg32602:129031:129195 [1] NCCL INFO ncclPollProxyResponse Received new opId=0x1536331ced20
rg32602:129031:129187 [1] NCCL INFO Received and initiated operation=Init res=0
rg32602:129031:129195 [1] NCCL INFO resp.opId=0x1536331ced20 matches expected opId=0x1536331ced20
rg32602:129031:129195 [1] NCCL INFO Connected to proxy localRank 1 -> connection 0x153600005120
rg32403:182440:182632 [3] NCCL INFO Channel 00/0 : 3[3] -> 2[2] via P2P/CUMEM
rg32602:129033:129188 [3] NCCL INFO New proxy recv connection 5 from local rank 3, transport 0
rg32602:129033:129188 [3] NCCL INFO proxyProgressAsync opId=0x1509931ced20 op.type=1 op.reqBuff=0x15096000ce90 op.respSize=16 done
rg32602:129033:129196 [3] NCCL INFO ncclPollProxyResponse Received new opId=0x1509931ced20
rg32602:129033:129188 [3] NCCL INFO Received and initiated operation=Init res=0
rg32602:129033:129196 [3] NCCL INFO resp.opId=0x1509931ced20 matches expected opId=0x1509931ced20
rg32602:129033:129196 [3] NCCL INFO Connected to proxy localRank 3 -> connection 0x150960005198
rg32602:129031:129187 [1] NCCL INFO proxyProgressAsync opId=0x1536331ced20 op.type=3 op.reqBuff=0x15360000d0a0 op.respSize=128 done
rg32403:182440:182623 [3] NCCL INFO New proxy send connection 6 from local rank 3, transport 0
rg32403:182440:182623 [3] NCCL INFO proxyProgressAsync opId=0x1528fb1ca6d0 op.type=1 op.reqBuff=0x1528c800e5b0 op.respSize=16 done
rg32602:129031:129195 [1] NCCL INFO ncclPollProxyResponse Received new opId=0x1536331ced20
rg32602:129031:129187 [1] NCCL INFO Received and initiated operation=Setup res=0
rg32403:182437:182624 [0] NCCL INFO New proxy recv connection 4 from local rank 0, transport 0
rg32403:182437:182624 [0] NCCL INFO proxyProgressAsync opId=0x1511e31ced80 op.type=1 op.reqBuff=0x1511b800d3b0 op.respSize=16 done
rg32602:129031:129195 [1] NCCL INFO resp.opId=0x1536331ced20 matches expected opId=0x1536331ced20
rg32602:129031:129195 [1] NCCL INFO Channel 00/0 : 2[2] -> 5[1] [receive] via NET/IB/1
rg32403:182440:182632 [3] NCCL INFO ncclPollProxyResponse Received new opId=0x1528fb1ca6d0
rg32403:182440:182623 [3] NCCL INFO Received and initiated operation=Init res=0
rg32403:182440:182632 [3] NCCL INFO resp.opId=0x1528fb1ca6d0 matches expected opId=0x1528fb1ca6d0
rg32403:182440:182632 [3] NCCL INFO Connected to proxy localRank 3 -> connection 0x1528c8005210
rg32602:129031:129187 [1] NCCL INFO New proxy recv connection 5 from local rank 1, transport 2
rg32602:129031:129187 [1] NCCL INFO proxyProgressAsync opId=0x1536331ced20 op.type=1 op.reqBuff=0x15360000c940 op.respSize=16 done
rg32602:129031:129195 [1] NCCL INFO ncclPollProxyResponse Received new opId=0x1536331ced20
rg32602:129031:129187 [1] NCCL INFO Received and initiated operation=Init res=0
rg32602:129031:129195 [1] NCCL INFO resp.opId=0x1536331ced20 matches expected opId=0x1536331ced20
rg32602:129031:129195 [1] NCCL INFO Connected to proxy localRank 1 -> connection 0x153600005198
rg32403:182437:182633 [0] NCCL INFO ncclPollProxyResponse Received new opId=0x1511e31ced80
rg32403:182437:182624 [0] NCCL INFO Received and initiated operation=Init res=0
rg32403:182437:182633 [0] NCCL INFO resp.opId=0x1511e31ced80 matches expected opId=0x1511e31ced80
rg32403:182437:182633 [0] NCCL INFO Connected to proxy localRank 0 -> connection 0x1511b8005120
rg32602:129031:129187 [1] NCCL INFO proxyProgressAsync opId=0x1536331ced20 op.type=3 op.reqBuff=0x15360000d7c0 op.respSize=128 done
rg32602:129031:129195 [1] NCCL INFO ncclPollProxyResponse Received new opId=0x1536331ced20
rg32602:129031:129187 [1] NCCL INFO Received and initiated operation=Setup res=0
rg32602:129031:129195 [1] NCCL INFO resp.opId=0x1536331ced20 matches expected opId=0x1536331ced20
rg32602:129031:129195 [1] NCCL INFO Channel 02/0 : 2[2] -> 5[1] [receive] via NET/IB/1
rg32602:129032:129186 [2] NCCL INFO Allocated shareable buffer 0x15018f000000 size 2097152 ipcDesc 0x15013400e5e0
rg32602:129032:129186 [2] NCCL INFO proxyProgressAsync opId=0x1501664f6030 op.type=3 op.reqBuff=0x15013400e5b0 op.respSize=88 done
rg32602:129032:129194 [2] NCCL INFO ncclPollProxyResponse Received new opId=0x1501664f6030
rg32602:129032:129186 [2] NCCL INFO Received and initiated operation=Setup res=0
rg32602:129032:129194 [2] NCCL INFO resp.opId=0x1501664f6030 matches expected opId=0x1501664f6030
rg32602:129033:129188 [3] NCCL INFO Allocated shareable buffer 0x1509bd800000 size 10485760 ipcDesc 0x15096000e5e0
rg32602:129033:129188 [3] NCCL INFO proxyProgressAsync opId=0x1509931ced20 op.type=3 op.reqBuff=0x15096000e5b0 op.respSize=88 done
rg32602:129033:129196 [3] NCCL INFO ncclPollProxyResponse Received new opId=0x1509931ced20
rg32602:129033:129188 [3] NCCL INFO Received and initiated operation=Setup res=0
rg32602:129033:129196 [3] NCCL INFO resp.opId=0x1509931ced20 matches expected opId=0x1509931ced20
rg32602:129031:129195 [1] NCCL INFO Channel 00/0 : 5[1] -> 4[0] via P2P/CUMEM
rg32602:129031:129187 [1] NCCL INFO New proxy send connection 6 from local rank 1, transport 0
rg32602:129031:129187 [1] NCCL INFO proxyProgressAsync opId=0x1536331ced20 op.type=1 op.reqBuff=0x15360000c940 op.respSize=16 done
rg32602:129031:129195 [1] NCCL INFO ncclPollProxyResponse Received new opId=0x1536331ced20
rg32602:129031:129187 [1] NCCL INFO Received and initiated operation=Init res=0
rg32602:129031:129195 [1] NCCL INFO resp.opId=0x1536331ced20 matches expected opId=0x1536331ced20
rg32602:129031:129195 [1] NCCL INFO Connected to proxy localRank 1 -> connection 0x153600005210
rg32403:182437:182624 [0] NCCL INFO Allocated shareable buffer 0x15120e200000 size 10485760 ipcDesc 0x1511b800eb00
rg32403:182437:182624 [0] NCCL INFO proxyProgressAsync opId=0x1511e31ced80 op.type=3 op.reqBuff=0x1511b800ead0 op.respSize=88 done
rg32602:129033:129196 [3] NCCL INFO Channel 00/0 : 7[3] -> 6[2] via P2P/CUMEM
rg32403:182437:182633 [0] NCCL INFO ncclPollProxyResponse Received new opId=0x1511e31ced80
rg32403:182437:182624 [0] NCCL INFO Received and initiated operation=Setup res=0
rg32403:182437:182633 [0] NCCL INFO resp.opId=0x1511e31ced80 matches expected opId=0x1511e31ced80
rg32602:129033:129188 [3] NCCL INFO New proxy send connection 6 from local rank 3, transport 0
rg32602:129033:129188 [3] NCCL INFO proxyProgressAsync opId=0x1509931ced20 op.type=1 op.reqBuff=0x15096000e5b0 op.respSize=16 done
rg32602:129033:129196 [3] NCCL INFO ncclPollProxyResponse Received new opId=0x1509931ced20
rg32403:182440:182623 [3] NCCL INFO Allocated shareable buffer 0x152926200000 size 2097152 ipcDesc 0x1528c800fd00
rg32403:182440:182623 [3] NCCL INFO proxyProgressAsync opId=0x1528fb1ca6d0 op.type=3 op.reqBuff=0x1528c800fcd0 op.respSize=88 done
rg32602:129033:129188 [3] NCCL INFO Received and initiated operation=Init res=0
rg32602:129033:129196 [3] NCCL INFO resp.opId=0x1509931ced20 matches expected opId=0x1509931ced20
rg32602:129033:129196 [3] NCCL INFO Connected to proxy localRank 3 -> connection 0x150960005210
rg32403:182437:182624 [0] NCCL INFO New proxy recv connection 5 from local rank 0, transport 0
rg32403:182437:182624 [0] NCCL INFO proxyProgressAsync opId=0x1511e31ced80 op.type=1 op.reqBuff=0x1511b800ead0 op.respSize=16 done
rg32602:129030:129189 [0] NCCL INFO New proxy recv connection 4 from local rank 0, transport 0
rg32602:129030:129189 [0] NCCL INFO proxyProgressAsync opId=0x15414b1ca6d0 op.type=1 op.reqBuff=0x15411800d3b0 op.respSize=16 done
rg32403:182440:182632 [3] NCCL INFO ncclPollProxyResponse Received new opId=0x1528fb1ca6d0
rg32403:182440:182623 [3] NCCL INFO Received and initiated operation=Setup res=0
rg32403:182440:182632 [3] NCCL INFO resp.opId=0x1528fb1ca6d0 matches expected opId=0x1528fb1ca6d0
rg32403:182440:182632 [3] NCCL INFO Channel 02/0 : 3[3] -> 2[2] via P2P/CUMEM
rg32602:129030:129197 [0] NCCL INFO ncclPollProxyResponse Received new opId=0x15414b1ca6d0
rg32403:182437:182633 [0] NCCL INFO ncclPollProxyResponse Received new opId=0x1511e31ced80
rg32403:182437:182624 [0] NCCL INFO Received and initiated operation=Init res=0
rg32403:182437:182633 [0] NCCL INFO resp.opId=0x1511e31ced80 matches expected opId=0x1511e31ced80
rg32403:182437:182633 [0] NCCL INFO Connected to proxy localRank 0 -> connection 0x1511b8005198
rg32602:129030:129189 [0] NCCL INFO Received and initiated operation=Init res=0
rg32602:129030:129197 [0] NCCL INFO resp.opId=0x15414b1ca6d0 matches expected opId=0x15414b1ca6d0
rg32602:129030:129197 [0] NCCL INFO Connected to proxy localRank 0 -> connection 0x154118005120
rg32403:182439:182626 [2] NCCL INFO Allocated shareable buffer 0x155008e00000 size 2097152 ipcDesc 0x154fac00cec0
rg32403:182439:182626 [2] NCCL INFO proxyProgressAsync opId=0x154fdf1ca6d0 op.type=3 op.reqBuff=0x154fac00c820 op.respSize=88 done
rg32403:182439:182634 [2] NCCL INFO ncclPollProxyResponse Received new opId=0x154fdf1ca6d0
rg32403:182439:182626 [2] NCCL INFO Received and initiated operation=Setup res=0
rg32403:182439:182634 [2] NCCL INFO resp.opId=0x154fdf1ca6d0 matches expected opId=0x154fdf1ca6d0
rg32403:182439:182634 [2] NCCL INFO Channel 03/0 : 2[2] -> 0[0] via P2P/CUMEM
rg32602:129033:129188 [3] NCCL INFO Allocated shareable buffer 0x1509be200000 size 2097152 ipcDesc 0x15096000fd00
rg32602:129033:129188 [3] NCCL INFO proxyProgressAsync opId=0x1509931ced20 op.type=3 op.reqBuff=0x15096000fcd0 op.respSize=88 done
rg32602:129033:129196 [3] NCCL INFO ncclPollProxyResponse Received new opId=0x1509931ced20
rg32403:182440:182623 [3] NCCL INFO New proxy send connection 7 from local rank 3, transport 0
rg32403:182440:182623 [3] NCCL INFO proxyProgressAsync opId=0x1528fb1ca6d0 op.type=1 op.reqBuff=0x1528c800fcd0 op.respSize=16 done
rg32403:182440:182632 [3] NCCL INFO ncclPollProxyResponse Received new opId=0x1528fb1ca6d0
rg32403:182440:182623 [3] NCCL INFO Received and initiated operation=Init res=0
rg32403:182440:182632 [3] NCCL INFO resp.opId=0x1528fb1ca6d0 matches expected opId=0x1528fb1ca6d0
rg32403:182440:182632 [3] NCCL INFO Connected to proxy localRank 3 -> connection 0x1528c8005288
rg32602:129033:129188 [3] NCCL INFO Received and initiated operation=Setup res=0
rg32602:129033:129196 [3] NCCL INFO resp.opId=0x1509931ced20 matches expected opId=0x1509931ced20
rg32403:182439:182626 [2] NCCL INFO New proxy send connection 5 from local rank 2, transport 0
rg32403:182439:182626 [2] NCCL INFO proxyProgressAsync opId=0x154fdf1ca6d0 op.type=1 op.reqBuff=0x154fac00c820 op.respSize=16 done
rg32403:182439:182634 [2] NCCL INFO ncclPollProxyResponse Received new opId=0x154fdf1ca6d0
rg32403:182439:182626 [2] NCCL INFO Received and initiated operation=Init res=0
rg32403:182439:182634 [2] NCCL INFO resp.opId=0x154fdf1ca6d0 matches expected opId=0x154fdf1ca6d0
rg32602:129033:129196 [3] NCCL INFO Channel 02/0 : 7[3] -> 6[2] via P2P/CUMEM
rg32403:182439:182634 [2] NCCL INFO Connected to proxy localRank 2 -> connection 0x154fac005198
rg32602:129031:129187 [1] NCCL INFO Allocated shareable buffer 0x15365be00000 size 2097152 ipcDesc 0x15360000def0
rg32602:129031:129187 [1] NCCL INFO proxyProgressAsync opId=0x1536331ced20 op.type=3 op.reqBuff=0x15360000c960 op.respSize=88 done
rg32403:182437:182624 [0] NCCL INFO Allocated shareable buffer 0x15120ec00000 size 10485760 ipcDesc 0x1511b8010220
rg32403:182437:182624 [0] NCCL INFO proxyProgressAsync opId=0x1511e31ced80 op.type=3 op.reqBuff=0x1511b80101f0 op.respSize=88 done
rg32403:182437:182633 [0] NCCL INFO ncclPollProxyResponse Received new opId=0x1511e31ced80
rg32602:129031:129195 [1] NCCL INFO ncclPollProxyResponse Received new opId=0x1536331ced20
rg32602:129031:129187 [1] NCCL INFO Received and initiated operation=Setup res=0
rg32403:182437:182624 [0] NCCL INFO Received and initiated operation=Setup res=0
rg32403:182437:182633 [0] NCCL INFO resp.opId=0x1511e31ced80 matches expected opId=0x1511e31ced80
rg32602:129031:129195 [1] NCCL INFO resp.opId=0x1536331ced20 matches expected opId=0x1536331ced20
rg32602:129031:129195 [1] NCCL INFO Channel 02/0 : 5[1] -> 4[0] via P2P/CUMEM
rg32602:129033:129188 [3] NCCL INFO New proxy send connection 7 from local rank 3, transport 0
rg32602:129033:129188 [3] NCCL INFO proxyProgressAsync opId=0x1509931ced20 op.type=1 op.reqBuff=0x15096000fcd0 op.respSize=16 done
rg32602:129033:129196 [3] NCCL INFO ncclPollProxyResponse Received new opId=0x1509931ced20
rg32602:129033:129188 [3] NCCL INFO Received and initiated operation=Init res=0
rg32602:129033:129196 [3] NCCL INFO resp.opId=0x1509931ced20 matches expected opId=0x1509931ced20
rg32602:129033:129196 [3] NCCL INFO Connected to proxy localRank 3 -> connection 0x150960005288
rg32602:129030:129189 [0] NCCL INFO Allocated shareable buffer 0x154174200000 size 10485760 ipcDesc 0x15411800eb00
rg32602:129030:129189 [0] NCCL INFO proxyProgressAsync opId=0x15414b1ca6d0 op.type=3 op.reqBuff=0x15411800ead0 op.respSize=88 done
rg32403:182439:182626 [2] NCCL INFO Allocated shareable buffer 0x155009000000 size 2097152 ipcDesc 0x154fac00e5e0
rg32403:182439:182626 [2] NCCL INFO proxyProgressAsync opId=0x154fdf1ca6d0 op.type=3 op.reqBuff=0x154fac00e5b0 op.respSize=88 done
rg32403:182439:182634 [2] NCCL INFO ncclPollProxyResponse Received new opId=0x154fdf1ca6d0
rg32602:129031:129187 [1] NCCL INFO New proxy send connection 7 from local rank 1, transport 0
rg32602:129031:129187 [1] NCCL INFO proxyProgressAsync opId=0x1536331ced20 op.type=1 op.reqBuff=0x15360000c960 op.respSize=16 done
rg32602:129031:129195 [1] NCCL INFO ncclPollProxyResponse Received new opId=0x1536331ced20
rg32602:129031:129187 [1] NCCL INFO Received and initiated operation=Init res=0
rg32403:182439:182626 [2] NCCL INFO Received and initiated operation=Setup res=0
rg32403:182439:182634 [2] NCCL INFO resp.opId=0x154fdf1ca6d0 matches expected opId=0x154fdf1ca6d0
rg32602:129030:129197 [0] NCCL INFO ncclPollProxyResponse Received new opId=0x15414b1ca6d0
rg32602:129030:129189 [0] NCCL INFO Received and initiated operation=Setup res=0
rg32602:129030:129197 [0] NCCL INFO resp.opId=0x15414b1ca6d0 matches expected opId=0x15414b1ca6d0
rg32403:182440:182623 [3] NCCL INFO Allocated shareable buffer 0x152926400000 size 2097152 ipcDesc 0x1528c8011420
rg32403:182440:182623 [3] NCCL INFO proxyProgressAsync opId=0x1528fb1ca6d0 op.type=3 op.reqBuff=0x1528c80113f0 op.respSize=88 done
rg32403:182440:182632 [3] NCCL INFO ncclPollProxyResponse Received new opId=0x1528fb1ca6d0
rg32602:129031:129195 [1] NCCL INFO resp.opId=0x1536331ced20 matches expected opId=0x1536331ced20
rg32602:129031:129195 [1] NCCL INFO Connected to proxy localRank 1 -> connection 0x153600005288
rg32403:182440:182623 [3] NCCL INFO Received and initiated operation=Setup res=0
rg32403:182440:182632 [3] NCCL INFO resp.opId=0x1528fb1ca6d0 matches expected opId=0x1528fb1ca6d0
rg32602:129030:129189 [0] NCCL INFO New proxy recv connection 5 from local rank 0, transport 0
rg32602:129030:129189 [0] NCCL INFO proxyProgressAsync opId=0x15414b1ca6d0 op.type=1 op.reqBuff=0x15411800ead0 op.respSize=16 done
rg32602:129030:129197 [0] NCCL INFO ncclPollProxyResponse Received new opId=0x15414b1ca6d0
rg32602:129030:129189 [0] NCCL INFO Received and initiated operation=Init res=0
rg32602:129030:129197 [0] NCCL INFO resp.opId=0x15414b1ca6d0 matches expected opId=0x15414b1ca6d0
rg32602:129030:129197 [0] NCCL INFO Connected to proxy localRank 0 -> connection 0x154118005198
rg32602:129033:129188 [3] NCCL INFO Allocated shareable buffer 0x1509be400000 size 2097152 ipcDesc 0x150960011420
rg32602:129033:129188 [3] NCCL INFO proxyProgressAsync opId=0x1509931ced20 op.type=3 op.reqBuff=0x1509600113f0 op.respSize=88 done
rg32602:129033:129196 [3] NCCL INFO ncclPollProxyResponse Received new opId=0x1509931ced20
rg32602:129033:129188 [3] NCCL INFO Received and initiated operation=Setup res=0
rg32602:129033:129196 [3] NCCL INFO resp.opId=0x1509931ced20 matches expected opId=0x1509931ced20
rg32602:129031:129187 [1] NCCL INFO Allocated shareable buffer 0x15365c000000 size 2097152 ipcDesc 0x15360000f610
rg32602:129031:129187 [1] NCCL INFO proxyProgressAsync opId=0x1536331ced20 op.type=3 op.reqBuff=0x15360000f5e0 op.respSize=88 done
rg32602:129031:129195 [1] NCCL INFO ncclPollProxyResponse Received new opId=0x1536331ced20
rg32602:129031:129187 [1] NCCL INFO Received and initiated operation=Setup res=0
rg32602:129031:129195 [1] NCCL INFO resp.opId=0x1536331ced20 matches expected opId=0x1536331ced20
rg32602:129030:129189 [0] NCCL INFO Allocated shareable buffer 0x154174c00000 size 10485760 ipcDesc 0x154118010220
rg32602:129030:129189 [0] NCCL INFO proxyProgressAsync opId=0x15414b1ca6d0 op.type=3 op.reqBuff=0x1541180101f0 op.respSize=88 done
rg32602:129030:129197 [0] NCCL INFO ncclPollProxyResponse Received new opId=0x15414b1ca6d0
rg32602:129030:129189 [0] NCCL INFO Received and initiated operation=Setup res=0
rg32602:129030:129197 [0] NCCL INFO resp.opId=0x15414b1ca6d0 matches expected opId=0x15414b1ca6d0
rg32403:182437:182624 [0] NCCL INFO New proxy recv connection 6 from local rank 0, transport 0
rg32403:182437:182624 [0] NCCL INFO proxyProgressAsync opId=0x1511e31ced80 op.type=1 op.reqBuff=0x1511b80101f0 op.respSize=16 done
rg32403:182437:182633 [0] NCCL INFO ncclPollProxyResponse Received new opId=0x1511e31ced80
rg32403:182437:182624 [0] NCCL INFO Received and initiated operation=Init res=0
rg32403:182437:182633 [0] NCCL INFO resp.opId=0x1511e31ced80 matches expected opId=0x1511e31ced80
rg32403:182437:182633 [0] NCCL INFO Connected to proxy localRank 0 -> connection 0x1511b8005210
rg32403:182439:182626 [2] NCCL INFO New proxy recv connection 6 from local rank 2, transport 0
rg32403:182439:182626 [2] NCCL INFO proxyProgressAsync opId=0x154fdf1ca6d0 op.type=1 op.reqBuff=0x154fac00e5b0 op.respSize=16 done
rg32403:182439:182634 [2] NCCL INFO ncclPollProxyResponse Received new opId=0x154fdf1ca6d0
rg32403:182439:182626 [2] NCCL INFO Received and initiated operation=Init res=0
rg32403:182439:182634 [2] NCCL INFO resp.opId=0x154fdf1ca6d0 matches expected opId=0x154fdf1ca6d0
rg32403:182439:182634 [2] NCCL INFO Connected to proxy localRank 2 -> connection 0x154fac005210
rg32602:129030:129189 [0] NCCL INFO New proxy recv connection 6 from local rank 0, transport 0
rg32602:129030:129189 [0] NCCL INFO proxyProgressAsync opId=0x15414b1ca6d0 op.type=1 op.reqBuff=0x1541180101f0 op.respSize=16 done
rg32602:129030:129197 [0] NCCL INFO ncclPollProxyResponse Received new opId=0x15414b1ca6d0
rg32602:129032:129186 [2] NCCL INFO New proxy recv connection 6 from local rank 2, transport 0
rg32602:129032:129186 [2] NCCL INFO proxyProgressAsync opId=0x1501664f6030 op.type=1 op.reqBuff=0x15013400e5b0 op.respSize=16 done
rg32602:129032:129194 [2] NCCL INFO ncclPollProxyResponse Received new opId=0x1501664f6030
rg32602:129032:129186 [2] NCCL INFO Received and initiated operation=Init res=0
rg32602:129030:129189 [0] NCCL INFO Received and initiated operation=Init res=0
rg32602:129030:129197 [0] NCCL INFO resp.opId=0x15414b1ca6d0 matches expected opId=0x15414b1ca6d0
rg32602:129030:129197 [0] NCCL INFO Connected to proxy localRank 0 -> connection 0x154118005210
rg32403:182439:182626 [2] NCCL INFO Allocated shareable buffer 0x155009200000 size 10485760 ipcDesc 0x154fac00fd00
rg32403:182439:182626 [2] NCCL INFO proxyProgressAsync opId=0x154fdf1ca6d0 op.type=3 op.reqBuff=0x154fac00fcd0 op.respSize=88 done
rg32602:129032:129194 [2] NCCL INFO resp.opId=0x1501664f6030 matches expected opId=0x1501664f6030
rg32602:129032:129194 [2] NCCL INFO Connected to proxy localRank 2 -> connection 0x150134005210
rg32403:182439:182634 [2] NCCL INFO ncclPollProxyResponse Received new opId=0x154fdf1ca6d0
rg32403:182439:182626 [2] NCCL INFO Received and initiated operation=Setup res=0
rg32403:182439:182634 [2] NCCL INFO resp.opId=0x154fdf1ca6d0 matches expected opId=0x154fdf1ca6d0
rg32403:182437:182624 [0] NCCL INFO Allocated shareable buffer 0x15120f600000 size 10485760 ipcDesc 0x1511b8011940
rg32403:182437:182624 [0] NCCL INFO proxyProgressAsync opId=0x1511e31ced80 op.type=3 op.reqBuff=0x1511b8011910 op.respSize=88 done
rg32403:182437:182633 [0] NCCL INFO ncclPollProxyResponse Received new opId=0x1511e31ced80
rg32403:182437:182624 [0] NCCL INFO Received and initiated operation=Setup res=0
rg32403:182437:182633 [0] NCCL INFO resp.opId=0x1511e31ced80 matches expected opId=0x1511e31ced80
rg32602:129032:129186 [2] NCCL INFO Allocated shareable buffer 0x15018f200000 size 10485760 ipcDesc 0x15013400fd00
rg32403:182439:182626 [2] NCCL INFO New proxy recv connection 7 from local rank 2, transport 0
rg32403:182439:182626 [2] NCCL INFO proxyProgressAsync opId=0x154fdf1ca6d0 op.type=1 op.reqBuff=0x154fac00fcd0 op.respSize=16 done
rg32602:129032:129186 [2] NCCL INFO proxyProgressAsync opId=0x1501664f6030 op.type=3 op.reqBuff=0x15013400fcd0 op.respSize=88 done
rg32403:182439:182634 [2] NCCL INFO ncclPollProxyResponse Received new opId=0x154fdf1ca6d0
rg32403:182439:182626 [2] NCCL INFO Received and initiated operation=Init res=0
rg32403:182439:182634 [2] NCCL INFO resp.opId=0x154fdf1ca6d0 matches expected opId=0x154fdf1ca6d0
rg32403:182439:182634 [2] NCCL INFO Connected to proxy localRank 2 -> connection 0x154fac005288
rg32602:129030:129189 [0] NCCL INFO Allocated shareable buffer 0x154175600000 size 10485760 ipcDesc 0x154118011940
rg32602:129030:129189 [0] NCCL INFO proxyProgressAsync opId=0x15414b1ca6d0 op.type=3 op.reqBuff=0x154118011910 op.respSize=88 done
rg32403:182437:182624 [0] NCCL INFO New proxy recv connection 7 from local rank 0, transport 0
rg32403:182437:182624 [0] NCCL INFO proxyProgressAsync opId=0x1511e31ced80 op.type=1 op.reqBuff=0x1511b8011910 op.respSize=16 done
rg32403:182437:182633 [0] NCCL INFO ncclPollProxyResponse Received new opId=0x1511e31ced80
rg32403:182437:182624 [0] NCCL INFO Received and initiated operation=Init res=0
rg32403:182437:182633 [0] NCCL INFO resp.opId=0x1511e31ced80 matches expected opId=0x1511e31ced80
rg32403:182437:182633 [0] NCCL INFO Connected to proxy localRank 0 -> connection 0x1511b8005288
rg32403:182437:182624 [0] NCCL INFO Allocated shareable buffer 0x151210000000 size 10485760 ipcDesc 0x1511b8013060
rg32403:182437:182624 [0] NCCL INFO proxyProgressAsync opId=0x1511e31ced80 op.type=3 op.reqBuff=0x1511b8013030 op.respSize=88 done
rg32602:129032:129194 [2] NCCL INFO ncclPollProxyResponse Received new opId=0x1501664f6030
rg32602:129032:129186 [2] NCCL INFO Received and initiated operation=Setup res=0
rg32602:129032:129194 [2] NCCL INFO resp.opId=0x1501664f6030 matches expected opId=0x1501664f6030
rg32403:182437:182633 [0] NCCL INFO ncclPollProxyResponse Received new opId=0x1511e31ced80
rg32403:182437:182624 [0] NCCL INFO Received and initiated operation=Setup res=0
rg32403:182437:182633 [0] NCCL INFO resp.opId=0x1511e31ced80 matches expected opId=0x1511e31ced80
rg32602:129030:129197 [0] NCCL INFO ncclPollProxyResponse Received new opId=0x15414b1ca6d0
rg32602:129030:129189 [0] NCCL INFO Received and initiated operation=Setup res=0
rg32602:129030:129197 [0] NCCL INFO resp.opId=0x15414b1ca6d0 matches expected opId=0x15414b1ca6d0
rg32403:182439:182626 [2] NCCL INFO Allocated shareable buffer 0x155009c00000 size 10485760 ipcDesc 0x154fac011420
rg32403:182439:182626 [2] NCCL INFO proxyProgressAsync opId=0x154fdf1ca6d0 op.type=3 op.reqBuff=0x154fac0113f0 op.respSize=88 done
rg32403:182439:182634 [2] NCCL INFO ncclPollProxyResponse Received new opId=0x154fdf1ca6d0
rg32403:182439:182626 [2] NCCL INFO Received and initiated operation=Setup res=0
rg32403:182439:182634 [2] NCCL INFO resp.opId=0x154fdf1ca6d0 matches expected opId=0x154fdf1ca6d0
rg32602:129032:129186 [2] NCCL INFO New proxy recv connection 7 from local rank 2, transport 0
rg32602:129032:129186 [2] NCCL INFO proxyProgressAsync opId=0x1501664f6030 op.type=1 op.reqBuff=0x15013400fcd0 op.respSize=16 done
rg32602:129030:129189 [0] NCCL INFO New proxy recv connection 7 from local rank 0, transport 0
rg32602:129030:129189 [0] NCCL INFO proxyProgressAsync opId=0x15414b1ca6d0 op.type=1 op.reqBuff=0x154118011910 op.respSize=16 done
rg32602:129030:129197 [0] NCCL INFO ncclPollProxyResponse Received new opId=0x15414b1ca6d0
rg32602:129032:129194 [2] NCCL INFO ncclPollProxyResponse Received new opId=0x1501664f6030
rg32602:129032:129186 [2] NCCL INFO Received and initiated operation=Init res=0
rg32602:129032:129194 [2] NCCL INFO resp.opId=0x1501664f6030 matches expected opId=0x1501664f6030
rg32602:129032:129194 [2] NCCL INFO Connected to proxy localRank 2 -> connection 0x150134005288
rg32602:129030:129189 [0] NCCL INFO Received and initiated operation=Init res=0
rg32602:129030:129197 [0] NCCL INFO resp.opId=0x15414b1ca6d0 matches expected opId=0x15414b1ca6d0
rg32602:129030:129197 [0] NCCL INFO Connected to proxy localRank 0 -> connection 0x154118005288
rg32602:129030:129189 [0] NCCL INFO Allocated shareable buffer 0x154176000000 size 10485760 ipcDesc 0x154118013060
rg32602:129030:129189 [0] NCCL INFO proxyProgressAsync opId=0x15414b1ca6d0 op.type=3 op.reqBuff=0x154118013030 op.respSize=88 done
rg32403:182440:182632 [3] NCCL INFO sendConnect ncclProxyCallAsync opId=0x1528fb41b428
rg32602:129030:129197 [0] NCCL INFO ncclPollProxyResponse Received new opId=0x15414b1ca6d0
rg32602:129030:129189 [0] NCCL INFO Received and initiated operation=Setup res=0
rg32602:129030:129197 [0] NCCL INFO resp.opId=0x15414b1ca6d0 matches expected opId=0x15414b1ca6d0
rg32403:182440:182632 [3] NCCL INFO sendConnect ncclProxyCallAsync opId=0x1528fb427338
rg32602:129032:129186 [2] NCCL INFO Allocated shareable buffer 0x15018fc00000 size 10485760 ipcDesc 0x150134011420
rg32602:129032:129186 [2] NCCL INFO proxyProgressAsync opId=0x1501664f6030 op.type=3 op.reqBuff=0x1501340113f0 op.respSize=88 done
rg32602:129032:129194 [2] NCCL INFO ncclPollProxyResponse Received new opId=0x1501664f6030
rg32602:129032:129186 [2] NCCL INFO Received and initiated operation=Setup res=0
rg32602:129032:129194 [2] NCCL INFO resp.opId=0x1501664f6030 matches expected opId=0x1501664f6030
rg32403:182439:182626 [2] NCCL INFO New proxy send connection 8 from local rank 1, transport 0
rg32403:182439:182626 [2] NCCL INFO proxyProgressAsync opId=0x146f231ca6d0 op.type=1 op.reqBuff=0x154fac0113f0 op.respSize=16 done
rg32602:129033:129196 [3] NCCL INFO sendConnect ncclProxyCallAsync opId=0x15099341eeb8
rg32403:182438:182631 [1] NCCL INFO ncclPollProxyResponse Received new opId=0x146f231ca6d0
rg32403:182438:182625 [1] NCCL INFO New proxy send connection 8 from local rank 2, transport 0
rg32403:182438:182631 [1] NCCL INFO resp.opId=0x146f231ca6d0 matches expected opId=0x146f231ca6d0
rg32403:182438:182625 [1] NCCL INFO proxyProgressAsync opId=0x154fdf1ca6d0 op.type=1 op.reqBuff=0x146ef000f5e0 op.respSize=16 done
rg32403:182438:182631 [1] NCCL INFO Connected to proxy localRank 2 -> connection 0x154fac005300
rg32602:129033:129196 [3] NCCL INFO sendConnect ncclProxyCallAsync opId=0x15099342adc8
rg32403:182439:182626 [2] NCCL INFO Received and initiated operation=Init res=0
rg32403:182439:182634 [2] NCCL INFO ncclPollProxyResponse Received new opId=0x154fdf1ca6d0
rg32602:129032:129186 [2] NCCL INFO New proxy send connection 8 from local rank 1, transport 0
rg32602:129032:129186 [2] NCCL INFO proxyProgressAsync opId=0x1536331ced20 op.type=1 op.reqBuff=0x1501340113f0 op.respSize=16 done
rg32403:182438:182625 [1] NCCL INFO Received and initiated operation=Init res=0
rg32403:182438:182631 [1] NCCL INFO ProxyCall UDS comm 0x562d34fa7640 rank 1 tpRank 2(8d073d50176fbd8c) reqSize 8 respSize 0 respFd 0x146f807fdb48 opId 0xef91795a6b385573
rg32403:182439:182634 [2] NCCL INFO resp.opId=0x154fdf1ca6d0 matches expected opId=0x154fdf1ca6d0
rg32403:182439:182634 [2] NCCL INFO Connected to proxy localRank 1 -> connection 0x146ef0005300
rg32403:182437:182624 [0] NCCL INFO New proxy send connection 8 from local rank 3, transport 0
rg32403:182437:182624 [0] NCCL INFO proxyProgressAsync opId=0x1528fb1ca6d0 op.type=1 op.reqBuff=0x1511b8013030 op.respSize=16 done
rg32403:182440:182623 [3] NCCL INFO transport/net_ib.cc:1213 Ib Alloc Size 190080 pointer 0x1528c8014000
rg32403:182440:182632 [3] NCCL INFO ncclPollProxyResponse Received new opId=0x1528fb1ca6d0
rg32602:129031:129195 [1] NCCL INFO ncclPollProxyResponse Received new opId=0x1536331ced20
rg32602:129031:129195 [1] NCCL INFO resp.opId=0x1536331ced20 matches expected opId=0x1536331ced20
rg32602:129031:129195 [1] NCCL INFO Connected to proxy localRank 2 -> connection 0x150134005300
rg32602:129031:129187 [1] NCCL INFO New proxy send connection 8 from local rank 2, transport 0
rg32602:129031:129187 [1] NCCL INFO proxyProgressAsync opId=0x1501664f6030 op.type=1 op.reqBuff=0x15360000f5e0 op.respSize=16 done
rg32403:182437:182624 [0] NCCL INFO Received and initiated operation=Init res=0
rg32602:129032:129186 [2] NCCL INFO Received and initiated operation=Init res=0
rg32602:129032:129194 [2] NCCL INFO ncclPollProxyResponse Received new opId=0x1501664f6030
rg32403:182439:182634 [2] NCCL INFO ProxyCall UDS comm 0x559eca9b6780 rank 2 tpRank 1(be88d3ebf1fc3ac5) reqSize 8 respSize 0 respFd 0x15503c51db38 opId 0xfa0137a45498bd3d
rg32602:129031:129187 [1] NCCL INFO Received and initiated operation=Init res=0
rg32403:182440:182632 [3] NCCL INFO resp.opId=0x1528fb1ca6d0 matches expected opId=0x1528fb1ca6d0
rg32403:182440:182632 [3] NCCL INFO Connected to proxy localRank 0 -> connection 0x1511b8005300
rg32602:129032:129194 [2] NCCL INFO resp.opId=0x1501664f6030 matches expected opId=0x1501664f6030
rg32602:129032:129194 [2] NCCL INFO Connected to proxy localRank 1 -> connection 0x153600005300
rg32403:182439:182630 [2] NCCL INFO proxyUDSRecvReq::ncclProxyMsgGetFd rank 1 opId 0xef91795a6b385573 handle=0x154fac008bd0
rg32403:182439:182630 [2] NCCL INFO UDS proxyGetFd received handle 0x154fac008bd0 peer 1 opId ef91795a6b385573
rg32602:129031:129195 [1] NCCL INFO ProxyCall UDS comm 0x55fa03b65140 rank 1 tpRank 6(7556dbf117707d4c) reqSize 8 respSize 0 respFd 0x15368a308b48 opId 0x27244635849c9f04
rg32403:182440:182632 [3] NCCL INFO ProxyCall UDS comm 0x55f1139ea640 rank 3 tpRank 0(d20cc8987f2b216b) reqSize 8 respSize 0 respFd 0x15295824db38 opId 0x18ed827faaa9dcf6
rg32602:129030:129189 [0] NCCL INFO New proxy send connection 8 from local rank 3, transport 0
rg32602:129030:129189 [0] NCCL INFO proxyProgressAsync opId=0x1509931ced20 op.type=1 op.reqBuff=0x154118013030 op.respSize=16 done
rg32403:182438:182627 [1] NCCL INFO proxyUDSRecvReq::ncclProxyMsgGetFd rank 2 opId 0xfa0137a45498bd3d handle=0x146ef0008bd0
rg32403:182438:182627 [1] NCCL INFO UDS proxyGetFd received handle 0x146ef0008bd0 peer 2 opId fa0137a45498bd3d
rg32602:129032:129194 [2] NCCL INFO ProxyCall UDS comm 0x564cc2374b40 rank 2 tpRank 5(15392001e5f8d0d7) reqSize 8 respSize 0 respFd 0x1501c07dcb38 opId 0xaf3b739bcbd1462f
rg32403:182437:182629 [0] NCCL INFO proxyUDSRecvReq::ncclProxyMsgGetFd rank 3 opId 0x18ed827faaa9dcf6 handle=0x1511b8008bd0
rg32403:182437:182629 [0] NCCL INFO UDS proxyGetFd received handle 0x1511b8008bd0 peer 3 opId 18ed827faaa9dcf6
rg32602:129030:129189 [0] NCCL INFO Received and initiated operation=Init res=0
rg32403:182440:182623 [3] NCCL INFO transport/net_ib.cc:1238 Ib Alloc Size 3584 pointer 0x1528c8044000
rg32602:129033:129188 [3] NCCL INFO transport/net_ib.cc:1213 Ib Alloc Size 190080 pointer 0x150960014000
rg32403:182440:182623 [3] NCCL INFO Received and initiated operation=Connect res=0
rg32602:129032:129190 [2] NCCL INFO proxyUDSRecvReq::ncclProxyMsgGetFd rank 1 opId 0x27244635849c9f04 handle=0x150134008bd0
rg32602:129032:129190 [2] NCCL INFO UDS proxyGetFd received handle 0x150134008bd0 peer 1 opId 27244635849c9f04
rg32403:182440:182623 [3] NCCL INFO transport/net_ib.cc:1213 Ib Alloc Size 190080 pointer 0x1528c8046000
rg32602:129033:129196 [3] NCCL INFO ncclPollProxyResponse Received new opId=0x1509931ced20
rg32602:129033:129196 [3] NCCL INFO resp.opId=0x1509931ced20 matches expected opId=0x1509931ced20
rg32602:129033:129196 [3] NCCL INFO Connected to proxy localRank 0 -> connection 0x154118005300
rg32602:129031:129191 [1] NCCL INFO proxyUDSRecvReq::ncclProxyMsgGetFd rank 2 opId 0xaf3b739bcbd1462f handle=0x153600008bd0
rg32602:129031:129191 [1] NCCL INFO UDS proxyGetFd received handle 0x153600008bd0 peer 2 opId af3b739bcbd1462f
rg32403:182440:182623 [3] NCCL INFO transport/net_ib.cc:1238 Ib Alloc Size 3584 pointer 0x1528c8076000
rg32602:129033:129196 [3] NCCL INFO ProxyCall UDS comm 0x564252ed56c0 rank 3 tpRank 4(fe7b3ad0c772c4d1) reqSize 8 respSize 0 respFd 0x1509f0253b38 opId 0x3910314aea99e1e1
rg32403:182440:182623 [3] NCCL INFO Received and initiated operation=Connect res=0
rg32602:129030:129193 [0] NCCL INFO proxyUDSRecvReq::ncclProxyMsgGetFd rank 3 opId 0x3910314aea99e1e1 handle=0x154118008bd0
rg32602:129030:129193 [0] NCCL INFO UDS proxyGetFd received handle 0x154118008bd0 peer 3 opId 3910314aea99e1e1
rg32403:182440:182623 [3] NCCL INFO New proxy send connection 8 from local rank 0, transport 0
rg32403:182440:182623 [3] NCCL INFO proxyProgressAsync opId=0x1511e31ced80 op.type=1 op.reqBuff=0x1528c80113f0 op.respSize=16 done
rg32602:129033:129188 [3] NCCL INFO transport/net_ib.cc:1238 Ib Alloc Size 3584 pointer 0x150960044000
rg32403:182437:182633 [0] NCCL INFO ncclPollProxyResponse Received new opId=0x1511e31ced80
rg32602:129033:129188 [3] NCCL INFO Received and initiated operation=Connect res=0
rg32403:182437:182633 [0] NCCL INFO resp.opId=0x1511e31ced80 matches expected opId=0x1511e31ced80
rg32403:182437:182633 [0] NCCL INFO Connected to proxy localRank 3 -> connection 0x1528c8005300
rg32602:129033:129188 [3] NCCL INFO transport/net_ib.cc:1213 Ib Alloc Size 190080 pointer 0x150960046000
rg32403:182440:182623 [3] NCCL INFO Received and initiated operation=Init res=0
rg32602:129033:129188 [3] NCCL INFO transport/net_ib.cc:1238 Ib Alloc Size 3584 pointer 0x150960076000
rg32403:182437:182633 [0] NCCL INFO ProxyCall UDS comm 0x55872757f500 rank 0 tpRank 3(6b3c827026349a89) reqSize 8 respSize 0 respFd 0x151249b06b48 opId 0x33f3a00bb6f4efe
rg32602:129033:129188 [3] NCCL INFO Received and initiated operation=Connect res=0
rg32403:182440:182628 [3] NCCL INFO proxyUDSRecvReq::ncclProxyMsgGetFd rank 0 opId 0x33f3a00bb6f4efe handle=0x1528c8009e50
rg32403:182440:182628 [3] NCCL INFO UDS proxyGetFd received handle 0x1528c8009e50 peer 0 opId 33f3a00bb6f4efe
rg32602:129033:129188 [3] NCCL INFO New proxy send connection 8 from local rank 0, transport 0
rg32602:129033:129188 [3] NCCL INFO proxyProgressAsync opId=0x15414b1ca6d0 op.type=1 op.reqBuff=0x1509600113f0 op.respSize=16 done
rg32602:129030:129197 [0] NCCL INFO ncclPollProxyResponse Received new opId=0x15414b1ca6d0
rg32602:129030:129197 [0] NCCL INFO resp.opId=0x15414b1ca6d0 matches expected opId=0x15414b1ca6d0
rg32602:129030:129197 [0] NCCL INFO Connected to proxy localRank 3 -> connection 0x150960005300
rg32602:129033:129188 [3] NCCL INFO Received and initiated operation=Init res=0
rg32602:129030:129197 [0] NCCL INFO ProxyCall UDS comm 0x55f34816a180 rank 0 tpRank 7(812a7148f224f472) reqSize 8 respSize 0 respFd 0x1541a8283b48 opId 0xc29e7abfaa24a26d
rg32602:129033:129192 [3] NCCL INFO proxyUDSRecvReq::ncclProxyMsgGetFd rank 0 opId 0xc29e7abfaa24a26d handle=0x150960009e50
rg32602:129033:129192 [3] NCCL INFO UDS proxyGetFd received handle 0x150960009e50 peer 0 opId c29e7abfaa24a26d
rg32602:129031:129195 [1] NCCL INFO ProxyCall UDS comm 0x55fa03b65140 rank 1 tpRank 6(7556dbf117707d4c) reqSize 8 respSize 0 respFd 108 opId 0x27244635849c9f04 - DONE
rg32602:129031:129195 [1] NCCL INFO UDS: ClientGetFd handle 0x150134008bd0 tpRank 6 returned fd 108 sameProcess 0
rg32602:129031:129195 [1] NCCL INFO UDS converted handle 0x150134008bd0 to fd 108 on remote peer 6
rg32403:182439:182634 [2] NCCL INFO ProxyCall UDS comm 0x559eca9b6780 rank 2 tpRank 1(be88d3ebf1fc3ac5) reqSize 8 respSize 0 respFd 105 opId 0xfa0137a45498bd3d - DONE
rg32403:182439:182634 [2] NCCL INFO UDS: ClientGetFd handle 0x146ef0008bd0 tpRank 1 returned fd 105 sameProcess 0
rg32403:182439:182634 [2] NCCL INFO UDS converted handle 0x146ef0008bd0 to fd 105 on remote peer 1
rg32403:182440:182632 [3] NCCL INFO ProxyCall UDS comm 0x55f1139ea640 rank 3 tpRank 0(d20cc8987f2b216b) reqSize 8 respSize 0 respFd 106 opId 0x18ed827faaa9dcf6 - DONE
rg32403:182440:182632 [3] NCCL INFO UDS: ClientGetFd handle 0x1511b8008bd0 tpRank 0 returned fd 106 sameProcess 0
rg32403:182440:182632 [3] NCCL INFO UDS converted handle 0x1511b8008bd0 to fd 106 on remote peer 0
rg32602:129032:129194 [2] NCCL INFO ProxyCall UDS comm 0x564cc2374b40 rank 2 tpRank 5(15392001e5f8d0d7) reqSize 8 respSize 0 respFd 104 opId 0xaf3b739bcbd1462f - DONE
rg32602:129032:129194 [2] NCCL INFO UDS: ClientGetFd handle 0x153600008bd0 tpRank 5 returned fd 104 sameProcess 0
rg32602:129032:129194 [2] NCCL INFO UDS converted handle 0x153600008bd0 to fd 104 on remote peer 5
rg32403:182438:182631 [1] NCCL INFO ProxyCall UDS comm 0x562d34fa7640 rank 1 tpRank 2(8d073d50176fbd8c) reqSize 8 respSize 0 respFd 108 opId 0xef91795a6b385573 - DONE
rg32403:182438:182631 [1] NCCL INFO UDS: ClientGetFd handle 0x154fac008bd0 tpRank 2 returned fd 108 sameProcess 0
rg32403:182438:182631 [1] NCCL INFO UDS converted handle 0x154fac008bd0 to fd 108 on remote peer 2
rg32602:129033:129196 [3] NCCL INFO ProxyCall UDS comm 0x564252ed56c0 rank 3 tpRank 4(fe7b3ad0c772c4d1) reqSize 8 respSize 0 respFd 106 opId 0x3910314aea99e1e1 - DONE
rg32602:129033:129196 [3] NCCL INFO UDS: ClientGetFd handle 0x154118008bd0 tpRank 4 returned fd 106 sameProcess 0
rg32602:129033:129196 [3] NCCL INFO UDS converted handle 0x154118008bd0 to fd 106 on remote peer 4
rg32403:182437:182633 [0] NCCL INFO ProxyCall UDS comm 0x55872757f500 rank 0 tpRank 3(6b3c827026349a89) reqSize 8 respSize 0 respFd 122 opId 0x33f3a00bb6f4efe - DONE
rg32403:182437:182633 [0] NCCL INFO UDS: ClientGetFd handle 0x1528c8009e50 tpRank 3 returned fd 122 sameProcess 0
rg32403:182437:182633 [0] NCCL INFO UDS converted handle 0x1528c8009e50 to fd 122 on remote peer 3
rg32403:182439:182634 [2] NCCL INFO Imported shareable buffer device 2 size 2097152 ptr 0x15500a600000
rg32403:182439:182634 [2] NCCL INFO ProxyCall UDS comm 0x559eca9b6780 rank 2 tpRank 1(be88d3ebf1fc3ac5) reqSize 8 respSize 0 respFd 0x15503c51db38 opId 0xd9b39040747fd49e
rg32403:182438:182627 [1] NCCL INFO proxyUDSRecvReq::ncclProxyMsgGetFd rank 2 opId 0xd9b39040747fd49e handle=0x146ef000a590
rg32403:182438:182627 [1] NCCL INFO UDS proxyGetFd received handle 0x146ef000a590 peer 2 opId d9b39040747fd49e
rg32602:129033:129196 [3] NCCL INFO Imported shareable buffer device 3 size 2097152 ptr 0x1509be600000
rg32602:129033:129196 [3] NCCL INFO ProxyCall UDS comm 0x564252ed56c0 rank 3 tpRank 4(fe7b3ad0c772c4d1) reqSize 8 respSize 0 respFd 0x1509f0253b38 opId 0xad51f76d0e146e1e
rg32602:129030:129193 [0] NCCL INFO proxyUDSRecvReq::ncclProxyMsgGetFd rank 3 opId 0xad51f76d0e146e1e handle=0x15411800a590
rg32602:129030:129193 [0] NCCL INFO UDS proxyGetFd received handle 0x15411800a590 peer 3 opId ad51f76d0e146e1e
rg32602:129030:129197 [0] NCCL INFO ProxyCall UDS comm 0x55f34816a180 rank 0 tpRank 7(812a7148f224f472) reqSize 8 respSize 0 respFd 102 opId 0xc29e7abfaa24a26d - DONE
rg32602:129030:129197 [0] NCCL INFO UDS: ClientGetFd handle 0x150960009e50 tpRank 7 returned fd 102 sameProcess 0
rg32602:129030:129197 [0] NCCL INFO UDS converted handle 0x150960009e50 to fd 102 on remote peer 7
rg32602:129032:129194 [2] NCCL INFO Imported shareable buffer device 2 size 2097152 ptr 0x150190600000
rg32602:129032:129194 [2] NCCL INFO ProxyCall UDS comm 0x564cc2374b40 rank 2 tpRank 5(15392001e5f8d0d7) reqSize 8 respSize 0 respFd 0x1501c07dcb38 opId 0x384abf32a97c826f
rg32602:129031:129191 [1] NCCL INFO proxyUDSRecvReq::ncclProxyMsgGetFd rank 2 opId 0x384abf32a97c826f handle=0x15360000a590
rg32602:129031:129191 [1] NCCL INFO UDS proxyGetFd received handle 0x15360000a590 peer 2 opId 384abf32a97c826f
rg32403:182440:182632 [3] NCCL INFO Imported shareable buffer device 3 size 2097152 ptr 0x152926600000
rg32403:182440:182632 [3] NCCL INFO ProxyCall UDS comm 0x55f1139ea640 rank 3 tpRank 0(d20cc8987f2b216b) reqSize 8 respSize 0 respFd 0x15295824db38 opId 0x147113fa1df7a3c3
rg32403:182437:182629 [0] NCCL INFO proxyUDSRecvReq::ncclProxyMsgGetFd rank 3 opId 0x147113fa1df7a3c3 handle=0x1511b800a590
rg32403:182437:182629 [0] NCCL INFO UDS proxyGetFd received handle 0x1511b800a590 peer 3 opId 147113fa1df7a3c3
rg32403:182438:182631 [1] NCCL INFO Imported shareable buffer device 1 size 10485760 ptr 0x146f4c200000
rg32403:182438:182631 [1] NCCL INFO ProxyCall UDS comm 0x562d34fa7640 rank 1 tpRank 2(8d073d50176fbd8c) reqSize 8 respSize 0 respFd 0x146f807fdb48 opId 0xebb4ac13049ce82c
rg32403:182439:182630 [2] NCCL INFO proxyUDSRecvReq::ncclProxyMsgGetFd rank 1 opId 0xebb4ac13049ce82c handle=0x154fac00a590
rg32403:182439:182630 [2] NCCL INFO UDS proxyGetFd received handle 0x154fac00a590 peer 1 opId ebb4ac13049ce82c
rg32602:129031:129195 [1] NCCL INFO Imported shareable buffer device 1 size 10485760 ptr 0x15365c200000
rg32602:129031:129195 [1] NCCL INFO ProxyCall UDS comm 0x55fa03b65140 rank 1 tpRank 6(7556dbf117707d4c) reqSize 8 respSize 0 respFd 0x15368a308b48 opId 0x72f9a26a6dd41bdf
rg32602:129032:129190 [2] NCCL INFO proxyUDSRecvReq::ncclProxyMsgGetFd rank 1 opId 0x72f9a26a6dd41bdf handle=0x15013400a590
rg32602:129032:129190 [2] NCCL INFO UDS proxyGetFd received handle 0x15013400a590 peer 1 opId 72f9a26a6dd41bdf
rg32602:129033:129196 [3] NCCL INFO ProxyCall UDS comm 0x564252ed56c0 rank 3 tpRank 4(fe7b3ad0c772c4d1) reqSize 8 respSize 0 respFd 104 opId 0xad51f76d0e146e1e - DONE
rg32602:129033:129196 [3] NCCL INFO UDS: ClientGetFd handle 0x15411800a590 tpRank 4 returned fd 104 sameProcess 0
rg32602:129033:129196 [3] NCCL INFO UDS converted handle 0x15411800a590 to fd 104 on remote peer 4
rg32602:129032:129194 [2] NCCL INFO ProxyCall UDS comm 0x564cc2374b40 rank 2 tpRank 5(15392001e5f8d0d7) reqSize 8 respSize 0 respFd 104 opId 0x384abf32a97c826f - DONE
rg32602:129032:129194 [2] NCCL INFO UDS: ClientGetFd handle 0x15360000a590 tpRank 5 returned fd 104 sameProcess 0
rg32602:129032:129194 [2] NCCL INFO UDS converted handle 0x15360000a590 to fd 104 on remote peer 5
rg32602:129033:129196 [3] NCCL INFO Imported shareable buffer device 3 size 2097152 ptr 0x1509be800000
rg32602:129033:129196 [3] NCCL INFO ProxyCall UDS comm 0x564252ed56c0 rank 3 tpRank 4(fe7b3ad0c772c4d1) reqSize 8 respSize 0 respFd 0x1509f0253b38 opId 0xa1eea6e3f370f8c1
rg32602:129030:129193 [0] NCCL INFO proxyUDSRecvReq::ncclProxyMsgGetFd rank 3 opId 0xa1eea6e3f370f8c1 handle=0x15411800bcf0
rg32602:129030:129193 [0] NCCL INFO UDS proxyGetFd received handle 0x15411800bcf0 peer 3 opId a1eea6e3f370f8c1
rg32602:129031:129195 [1] NCCL INFO ProxyCall UDS comm 0x55fa03b65140 rank 1 tpRank 6(7556dbf117707d4c) reqSize 8 respSize 0 respFd 108 opId 0x72f9a26a6dd41bdf - DONE
rg32602:129031:129195 [1] NCCL INFO UDS: ClientGetFd handle 0x15013400a590 tpRank 6 returned fd 108 sameProcess 0
rg32602:129031:129195 [1] NCCL INFO UDS converted handle 0x15013400a590 to fd 108 on remote peer 6
rg32602:129032:129194 [2] NCCL INFO Imported shareable buffer device 2 size 2097152 ptr 0x150190800000
rg32602:129032:129194 [2] NCCL INFO sendConnect ncclProxyCallAsync opId=0x150167419378
rg32602:129032:129194 [2] NCCL INFO sendConnect ncclProxyCallAsync opId=0x150167424e18
rg32602:129030:129189 [0] NCCL INFO New proxy send connection 9 from local rank 2, transport 0
rg32602:129030:129189 [0] NCCL INFO proxyProgressAsync opId=0x1501664f6030 op.type=1 op.reqBuff=0x154118014750 op.respSize=16 done
rg32602:129032:129186 [2] NCCL INFO transport/net_ib.cc:1213 Ib Alloc Size 190080 pointer 0x150134014000
rg32602:129032:129194 [2] NCCL INFO ncclPollProxyResponse Received new opId=0x1501664f6030
rg32602:129030:129189 [0] NCCL INFO Received and initiated operation=Init res=0
rg32602:129032:129194 [2] NCCL INFO resp.opId=0x1501664f6030 matches expected opId=0x1501664f6030
rg32602:129032:129194 [2] NCCL INFO Connected to proxy localRank 0 -> connection 0x154118005378
rg32602:129032:129194 [2] NCCL INFO ProxyCall UDS comm 0x564cc2374b40 rank 2 tpRank 4(fe7b3ad0c772c4d1) reqSize 8 respSize 0 respFd 0x1501c07dcb48 opId 0x704de25bc11af132
rg32602:129032:129186 [2] NCCL INFO transport/net_ib.cc:1238 Ib Alloc Size 3584 pointer 0x150134044000
rg32602:129032:129186 [2] NCCL INFO Received and initiated operation=Connect res=0
rg32602:129032:129186 [2] NCCL INFO transport/net_ib.cc:1213 Ib Alloc Size 190080 pointer 0x150134046000
rg32602:129032:129186 [2] NCCL INFO transport/net_ib.cc:1238 Ib Alloc Size 3584 pointer 0x150134076000
rg32602:129032:129186 [2] NCCL INFO Received and initiated operation=Connect res=0
rg32403:182437:182633 [0] NCCL INFO Imported shareable buffer device 0 size 10485760 ptr 0x151210a00000
rg32403:182437:182633 [0] NCCL INFO ProxyCall UDS comm 0x55872757f500 rank 0 tpRank 3(6b3c827026349a89) reqSize 8 respSize 0 respFd 0x151249b06b48 opId 0xc29af9c2e5a33d24
rg32403:182440:182628 [3] NCCL INFO proxyUDSRecvReq::ncclProxyMsgGetFd rank 0 opId 0xc29af9c2e5a33d24 handle=0x1528c800b7f0
rg32403:182440:182628 [3] NCCL INFO UDS proxyGetFd received handle 0x1528c800b7f0 peer 0 opId c29af9c2e5a33d24
rg32403:182438:182631 [1] NCCL INFO ProxyCall UDS comm 0x562d34fa7640 rank 1 tpRank 2(8d073d50176fbd8c) reqSize 8 respSize 0 respFd 109 opId 0xebb4ac13049ce82c - DONE
rg32403:182438:182631 [1] NCCL INFO UDS: ClientGetFd handle 0x154fac00a590 tpRank 2 returned fd 109 sameProcess 0
rg32403:182438:182631 [1] NCCL INFO UDS converted handle 0x154fac00a590 to fd 109 on remote peer 2
rg32403:182439:182634 [2] NCCL INFO ProxyCall UDS comm 0x559eca9b6780 rank 2 tpRank 1(be88d3ebf1fc3ac5) reqSize 8 respSize 0 respFd 104 opId 0xd9b39040747fd49e - DONE
rg32403:182439:182634 [2] NCCL INFO UDS: ClientGetFd handle 0x146ef000a590 tpRank 1 returned fd 104 sameProcess 0
rg32403:182439:182634 [2] NCCL INFO UDS converted handle 0x146ef000a590 to fd 104 on remote peer 1
rg32403:182440:182632 [3] NCCL INFO ProxyCall UDS comm 0x55f1139ea640 rank 3 tpRank 0(d20cc8987f2b216b) reqSize 8 respSize 0 respFd 106 opId 0x147113fa1df7a3c3 - DONE
rg32403:182440:182632 [3] NCCL INFO UDS: ClientGetFd handle 0x1511b800a590 tpRank 0 returned fd 106 sameProcess 0
rg32403:182440:182632 [3] NCCL INFO UDS converted handle 0x1511b800a590 to fd 106 on remote peer 0
rg32403:182438:182631 [1] NCCL INFO Imported shareable buffer device 1 size 10485760 ptr 0x146f4cc00000
rg32403:182438:182631 [1] NCCL INFO recvConnect ncclProxyCallAsync opId=0x146f2341bc98 &recv->proxyConn=0x146f2341bca0 connectInfo=0x146f234385b0
rg32403:182438:182631 [1] NCCL INFO recvConnect ncclProxyCallAsync opId=0x146f23427ba8 &recv->proxyConn=0x146f23427bb0 connectInfo=0x146f234386b0
rg32403:182438:182631 [1] NCCL INFO recvConnect ncclProxyCallAsync opId=0x146f23415e50 &recv->proxyConn=0x146f23415e58 connectInfo=0x146f234405c0
rg32403:182438:182631 [1] NCCL INFO recvConnect ncclProxyCallAsync opId=0x146f23421840 &recv->proxyConn=0x146f23421848 connectInfo=0x146f234406c0
