rg32402:2730066:2730295 [2] NCCL INFO resp.opId=0x153bd2eb3340 matches expected opId=0x153bd2eb3340
rg32402:2730066:2730295 [2] NCCL INFO Channel 00/0 : 2[2] -> 5[1] [send] via NET/Socket/0
rg32402:2730066:2730284 [2] NCCL INFO New proxy send connection 5 from local rank 2, transport 2
rg32402:2730066:2730284 [2] NCCL INFO proxyProgressAsync opId=0x153bd2eb3340 op.type=1 op.reqBuff=0x153ba0010850 op.respSize=16 done
rg32402:2730066:2730295 [2] NCCL INFO ncclPollProxyResponse Received new opId=0x153bd2eb3340
rg32402:2730066:2730284 [2] NCCL INFO Received and initiated operation=Init res=0
rg32402:2730066:2730295 [2] NCCL INFO resp.opId=0x153bd2eb3340 matches expected opId=0x153bd2eb3340
rg32402:2730066:2730295 [2] NCCL INFO Connected to proxy localRank 2 -> connection 0x153ba0005198
rg32402:2730065:2730287 [1] NCCL INFO proxyProgressAsync opId=0x149af6eb3340 op.type=3 op.reqBuff=0x149ac400d070 op.respSize=128 done
rg32402:2730065:2730293 [1] NCCL INFO ncclPollProxyResponse Received new opId=0x149af6eb3340
rg32402:2730065:2730287 [1] NCCL INFO Received and initiated operation=Setup res=0
rg32402:2730065:2730293 [1] NCCL INFO resp.opId=0x149af6eb3340 matches expected opId=0x149af6eb3340
rg32402:2730065:2730293 [1] NCCL INFO Channel 00/0 : 6[2] -> 1[1] [receive] via NET/Socket/0
rg32402:2730066:2730284 [2] NCCL INFO proxyProgressAsync opId=0x153bd2eb3340 op.type=3 op.reqBuff=0x153ba0011400 op.respSize=0 done
rg32402:2730066:2730284 [2] NCCL INFO Received and initiated operation=Setup res=0
rg32402:2730066:2730295 [2] NCCL INFO ncclPollProxyResponse Received new opId=0x153bd2eb3340
rg32402:2730066:2730295 [2] NCCL INFO resp.opId=0x153bd2eb3340 matches expected opId=0x153bd2eb3340
rg32402:2730066:2730295 [2] NCCL INFO Channel 02/0 : 2[2] -> 5[1] [send] via NET/Socket/0
rg32402:2730065:2730287 [1] NCCL INFO New proxy recv connection 3 from local rank 1, transport 2
rg32402:2730065:2730287 [1] NCCL INFO proxyProgressAsync opId=0x149af6eb3340 op.type=1 op.reqBuff=0x149ac400d880 op.respSize=16 done
rg32402:2730065:2730293 [1] NCCL INFO ncclPollProxyResponse Received new opId=0x149af6eb3340
rg32402:2730065:2730287 [1] NCCL INFO Received and initiated operation=Init res=0
rg32402:2730065:2730293 [1] NCCL INFO resp.opId=0x149af6eb3340 matches expected opId=0x149af6eb3340
rg32402:2730065:2730293 [1] NCCL INFO Connected to proxy localRank 1 -> connection 0x149ac40050a8
rg32402:2730065:2730287 [1] NCCL INFO proxyProgressAsync opId=0x149af6eb3340 op.type=3 op.reqBuff=0x149ac400d8c0 op.respSize=128 done
rg32402:2730065:2730293 [1] NCCL INFO ncclPollProxyResponse Received new opId=0x149af6eb3340
rg32402:2730065:2730287 [1] NCCL INFO Received and initiated operation=Setup res=0
rg32402:2730066:2730284 [2] NCCL INFO New proxy recv connection 6 from local rank 2, transport 1
rg32402:2730066:2730284 [2] NCCL INFO proxyProgressAsync opId=0x153bd2eb3340 op.type=1 op.reqBuff=0x153ba00113e0 op.respSize=16 done
rg32402:2730066:2730295 [2] NCCL INFO ncclPollProxyResponse Received new opId=0x153bd2eb3340
rg32402:2730066:2730284 [2] NCCL INFO Received and initiated operation=Init res=0
rg32402:2730066:2730295 [2] NCCL INFO resp.opId=0x153bd2eb3340 matches expected opId=0x153bd2eb3340
rg32402:2730066:2730295 [2] NCCL INFO Connected to proxy localRank 2 -> connection 0x153ba0005210
rg32402:2730065:2730293 [1] NCCL INFO resp.opId=0x149af6eb3340 matches expected opId=0x149af6eb3340
rg32402:2730065:2730293 [1] NCCL INFO Channel 02/0 : 6[2] -> 1[1] [receive] via NET/Socket/0
rg32403:3964446:3964978 [1] NCCL INFO New proxy recv connection 4 from local rank 1, transport 2
rg32403:3964446:3964978 [1] NCCL INFO proxyProgressAsync opId=0x147b42eb3340 op.type=1 op.reqBuff=0x147b1000d880 op.respSize=16 done
rg32403:3964446:3964987 [1] NCCL INFO ncclPollProxyResponse Received new opId=0x147b42eb3340
rg32403:3964446:3964978 [1] NCCL INFO Received and initiated operation=Init res=0
rg32403:3964446:3964987 [1] NCCL INFO resp.opId=0x147b42eb3340 matches expected opId=0x147b42eb3340
rg32403:3964446:3964987 [1] NCCL INFO Connected to proxy localRank 1 -> connection 0x147b10005120
rg32402:2730065:2730287 [1] NCCL INFO New proxy recv connection 4 from local rank 1, transport 2
rg32402:2730065:2730287 [1] NCCL INFO proxyProgressAsync opId=0x149af6eb3340 op.type=1 op.reqBuff=0x149ac400d880 op.respSize=16 done
rg32402:2730065:2730293 [1] NCCL INFO ncclPollProxyResponse Received new opId=0x149af6eb3340
rg32402:2730065:2730287 [1] NCCL INFO Received and initiated operation=Init res=0
rg32402:2730065:2730293 [1] NCCL INFO resp.opId=0x149af6eb3340 matches expected opId=0x149af6eb3340
rg32402:2730065:2730293 [1] NCCL INFO Connected to proxy localRank 1 -> connection 0x149ac4005120
rg32403:3964446:3964978 [1] NCCL INFO proxyProgressAsync opId=0x147b42eb3340 op.type=3 op.reqBuff=0x147b1000e070 op.respSize=128 done
rg32403:3964446:3964987 [1] NCCL INFO ncclPollProxyResponse Received new opId=0x147b42eb3340
rg32403:3964446:3964978 [1] NCCL INFO Received and initiated operation=Setup res=0
rg32403:3964446:3964987 [1] NCCL INFO resp.opId=0x147b42eb3340 matches expected opId=0x147b42eb3340
rg32403:3964446:3964987 [1] NCCL INFO Channel 01/0 : 0[0] -> 5[1] [receive] via NET/Socket/0
rg32402:2730065:2730287 [1] NCCL INFO proxyProgressAsync opId=0x149af6eb3340 op.type=3 op.reqBuff=0x149ac400e070 op.respSize=128 done
rg32402:2730065:2730293 [1] NCCL INFO ncclPollProxyResponse Received new opId=0x149af6eb3340
rg32402:2730065:2730287 [1] NCCL INFO Received and initiated operation=Setup res=0
rg32402:2730065:2730293 [1] NCCL INFO resp.opId=0x149af6eb3340 matches expected opId=0x149af6eb3340
rg32402:2730065:2730293 [1] NCCL INFO Channel 01/0 : 4[0] -> 1[1] [receive] via NET/Socket/0
rg32402:2730065:2730287 [1] NCCL INFO New proxy recv connection 5 from local rank 1, transport 2
rg32402:2730065:2730287 [1] NCCL INFO proxyProgressAsync opId=0x149af6eb3340 op.type=1 op.reqBuff=0x149ac400d880 op.respSize=16 done
rg32402:2730065:2730293 [1] NCCL INFO ncclPollProxyResponse Received new opId=0x149af6eb3340
rg32402:2730065:2730287 [1] NCCL INFO Received and initiated operation=Init res=0
rg32402:2730065:2730293 [1] NCCL INFO resp.opId=0x149af6eb3340 matches expected opId=0x149af6eb3340
rg32402:2730065:2730293 [1] NCCL INFO Connected to proxy localRank 1 -> connection 0x149ac4005198
rg32403:3964447:3964980 [2] NCCL INFO New proxy recv connection 6 from local rank 2, transport 1
rg32403:3964447:3964980 [2] NCCL INFO proxyProgressAsync opId=0x14ae86eb3340 op.type=1 op.reqBuff=0x14ae540113e0 op.respSize=16 done
rg32403:3964446:3964978 [1] NCCL INFO New proxy recv connection 5 from local rank 1, transport 2
rg32403:3964446:3964978 [1] NCCL INFO proxyProgressAsync opId=0x147b42eb3340 op.type=1 op.reqBuff=0x147b1000d880 op.respSize=16 done
rg32403:3964447:3964985 [2] NCCL INFO ncclPollProxyResponse Received new opId=0x14ae86eb3340
rg32403:3964447:3964980 [2] NCCL INFO Received and initiated operation=Init res=0
rg32403:3964447:3964985 [2] NCCL INFO resp.opId=0x14ae86eb3340 matches expected opId=0x14ae86eb3340
rg32403:3964446:3964987 [1] NCCL INFO ncclPollProxyResponse Received new opId=0x147b42eb3340
rg32403:3964446:3964978 [1] NCCL INFO Received and initiated operation=Init res=0
rg32403:3964446:3964987 [1] NCCL INFO resp.opId=0x147b42eb3340 matches expected opId=0x147b42eb3340
rg32403:3964446:3964987 [1] NCCL INFO Connected to proxy localRank 1 -> connection 0x147b10005198
rg32403:3964447:3964985 [2] NCCL INFO Connected to proxy localRank 2 -> connection 0x14ae54005210
rg32403:3964446:3964978 [1] NCCL INFO proxyProgressAsync opId=0x147b42eb3340 op.type=3 op.reqBuff=0x147b1000e820 op.respSize=128 done
rg32403:3964446:3964987 [1] NCCL INFO ncclPollProxyResponse Received new opId=0x147b42eb3340
rg32403:3964446:3964978 [1] NCCL INFO Received and initiated operation=Setup res=0
rg32403:3964446:3964987 [1] NCCL INFO resp.opId=0x147b42eb3340 matches expected opId=0x147b42eb3340
rg32403:3964446:3964987 [1] NCCL INFO Channel 03/0 : 0[0] -> 5[1] [receive] via NET/Socket/0
rg32402:2730065:2730287 [1] NCCL INFO proxyProgressAsync opId=0x149af6eb3340 op.type=3 op.reqBuff=0x149ac400e820 op.respSize=128 done
rg32402:2730065:2730293 [1] NCCL INFO ncclPollProxyResponse Received new opId=0x149af6eb3340
rg32402:2730065:2730287 [1] NCCL INFO Received and initiated operation=Setup res=0
rg32402:2730065:2730293 [1] NCCL INFO resp.opId=0x149af6eb3340 matches expected opId=0x149af6eb3340
rg32402:2730065:2730293 [1] NCCL INFO Channel 03/0 : 4[0] -> 1[1] [receive] via NET/Socket/0
rg32402:2730066:2730284 [2] NCCL INFO CUMEM Host Alloc Size 10485760 pointer 0x153bfb200000 handle 153ba0011bd0 numa 3 dev 2 granularity 2097152
rg32402:2730066:2730284 [2] NCCL INFO CUMEM allocated shareable buffer 0x153bfb200000 size 9637888
rg32402:2730066:2730284 [2] NCCL INFO proxyProgressAsync opId=0x153bd2eb3340 op.type=3 op.reqBuff=0x153ba0010850 op.respSize=112 done
rg32402:2730066:2730295 [2] NCCL INFO ncclPollProxyResponse Received new opId=0x153bd2eb3340
rg32402:2730066:2730284 [2] NCCL INFO Received and initiated operation=Setup res=0
rg32402:2730066:2730295 [2] NCCL INFO resp.opId=0x153bd2eb3340 matches expected opId=0x153bd2eb3340
rg32402:2730066:2730284 [2] NCCL INFO New proxy recv connection 7 from local rank 2, transport 1
rg32402:2730066:2730284 [2] NCCL INFO proxyProgressAsync opId=0x153bd2eb3340 op.type=1 op.reqBuff=0x153ba0010850 op.respSize=16 done
rg32402:2730066:2730295 [2] NCCL INFO ncclPollProxyResponse Received new opId=0x153bd2eb3340
rg32402:2730066:2730284 [2] NCCL INFO Received and initiated operation=Init res=0
rg32402:2730066:2730295 [2] NCCL INFO resp.opId=0x153bd2eb3340 matches expected opId=0x153bd2eb3340
rg32402:2730066:2730295 [2] NCCL INFO Connected to proxy localRank 2 -> connection 0x153ba0005288
rg32403:3964447:3964980 [2] NCCL INFO CUMEM Host Alloc Size 10485760 pointer 0x14aeb1200000 handle 14ae54011bd0 numa 3 dev 2 granularity 2097152
rg32403:3964447:3964980 [2] NCCL INFO CUMEM allocated shareable buffer 0x14aeb1200000 size 9637888
rg32403:3964447:3964980 [2] NCCL INFO proxyProgressAsync opId=0x14ae86eb3340 op.type=3 op.reqBuff=0x14ae54010850 op.respSize=112 done
rg32403:3964447:3964985 [2] NCCL INFO ncclPollProxyResponse Received new opId=0x14ae86eb3340
rg32403:3964447:3964980 [2] NCCL INFO Received and initiated operation=Setup res=0
rg32403:3964447:3964985 [2] NCCL INFO resp.opId=0x14ae86eb3340 matches expected opId=0x14ae86eb3340
rg32403:3964447:3964980 [2] NCCL INFO New proxy recv connection 7 from local rank 2, transport 1
rg32403:3964447:3964980 [2] NCCL INFO proxyProgressAsync opId=0x14ae86eb3340 op.type=1 op.reqBuff=0x14ae54010850 op.respSize=16 done
rg32403:3964447:3964985 [2] NCCL INFO ncclPollProxyResponse Received new opId=0x14ae86eb3340
rg32403:3964447:3964980 [2] NCCL INFO Received and initiated operation=Init res=0
rg32403:3964447:3964985 [2] NCCL INFO resp.opId=0x14ae86eb3340 matches expected opId=0x14ae86eb3340
rg32403:3964447:3964985 [2] NCCL INFO Connected to proxy localRank 2 -> connection 0x14ae54005288
rg32402:2730066:2730284 [2] NCCL INFO CUMEM Host Alloc Size 10485760 pointer 0x153bfbc00000 handle 153ba0013a40 numa 3 dev 2 granularity 2097152
rg32402:2730066:2730284 [2] NCCL INFO CUMEM allocated shareable buffer 0x153bfbc00000 size 9637888
rg32402:2730066:2730284 [2] NCCL INFO proxyProgressAsync opId=0x153bd2eb3340 op.type=3 op.reqBuff=0x153ba00138c0 op.respSize=112 done
rg32402:2730066:2730295 [2] NCCL INFO ncclPollProxyResponse Received new opId=0x153bd2eb3340
rg32402:2730066:2730284 [2] NCCL INFO Received and initiated operation=Setup res=0
rg32402:2730066:2730295 [2] NCCL INFO resp.opId=0x153bd2eb3340 matches expected opId=0x153bd2eb3340
rg32403:3964447:3964980 [2] NCCL INFO CUMEM Host Alloc Size 10485760 pointer 0x14aeb1c00000 handle 14ae54013a40 numa 3 dev 2 granularity 2097152
rg32403:3964447:3964980 [2] NCCL INFO CUMEM allocated shareable buffer 0x14aeb1c00000 size 9637888
rg32403:3964447:3964980 [2] NCCL INFO proxyProgressAsync opId=0x14ae86eb3340 op.type=3 op.reqBuff=0x14ae540138c0 op.respSize=112 done
rg32403:3964447:3964985 [2] NCCL INFO ncclPollProxyResponse Received new opId=0x14ae86eb3340
rg32403:3964447:3964980 [2] NCCL INFO Received and initiated operation=Setup res=0
rg32403:3964447:3964985 [2] NCCL INFO resp.opId=0x14ae86eb3340 matches expected opId=0x14ae86eb3340
rg32403:3964445:3964979 [0] NCCL INFO New proxy send connection 4 from local rank 0, transport 2
rg32403:3964445:3964979 [0] NCCL INFO proxyProgressAsync opId=0x14cdaeeb3340 op.type=1 op.reqBuff=0x14cd7c00e9e0 op.respSize=16 done
rg32403:3964445:3964986 [0] NCCL INFO ncclPollProxyResponse Received new opId=0x14cdaeeb3340
rg32403:3964445:3964979 [0] NCCL INFO Received and initiated operation=Init res=0
rg32403:3964445:3964986 [0] NCCL INFO resp.opId=0x14cdaeeb3340 matches expected opId=0x14cdaeeb3340
rg32403:3964445:3964986 [0] NCCL INFO Connected to proxy localRank 0 -> connection 0x14cd7c005120
rg32403:3964445:3964990 [0] NCCL INFO [Proxy Progress] Device 0 CPU core 0
rg32403:3964445:3964979 [0] NCCL INFO proxyProgressAsync opId=0x14cdaeeb3340 op.type=3 op.reqBuff=0x14cd7c010d70 op.respSize=0 done
rg32403:3964445:3964979 [0] NCCL INFO Received and initiated operation=Setup res=0
rg32403:3964445:3964986 [0] NCCL INFO ncclPollProxyResponse Received new opId=0x14cdaeeb3340
rg32403:3964445:3964986 [0] NCCL INFO resp.opId=0x14cdaeeb3340 matches expected opId=0x14cdaeeb3340
rg32403:3964445:3964986 [0] NCCL INFO Channel 01/0 : 4[0] -> 1[1] [send] via NET/Socket/0
rg32403:3964445:3964979 [0] NCCL INFO New proxy send connection 5 from local rank 0, transport 2
rg32403:3964445:3964979 [0] NCCL INFO proxyProgressAsync opId=0x14cdaeeb3340 op.type=1 op.reqBuff=0x14cd7c010850 op.respSize=16 done
rg32403:3964445:3964986 [0] NCCL INFO ncclPollProxyResponse Received new opId=0x14cdaeeb3340
rg32403:3964445:3964979 [0] NCCL INFO Received and initiated operation=Init res=0
rg32403:3964445:3964986 [0] NCCL INFO resp.opId=0x14cdaeeb3340 matches expected opId=0x14cdaeeb3340
rg32403:3964445:3964986 [0] NCCL INFO Connected to proxy localRank 0 -> connection 0x14cd7c005198
rg32403:3964445:3964979 [0] NCCL INFO proxyProgressAsync opId=0x14cdaeeb3340 op.type=3 op.reqBuff=0x14cd7c011400 op.respSize=0 done
rg32403:3964445:3964979 [0] NCCL INFO Received and initiated operation=Setup res=0
rg32403:3964445:3964986 [0] NCCL INFO ncclPollProxyResponse Received new opId=0x14cdaeeb3340
rg32403:3964445:3964986 [0] NCCL INFO resp.opId=0x14cdaeeb3340 matches expected opId=0x14cdaeeb3340
rg32403:3964445:3964986 [0] NCCL INFO Channel 03/0 : 4[0] -> 1[1] [send] via NET/Socket/0
rg32403:3964448:3964976 [3] NCCL INFO New proxy send connection 6 from local rank 3, transport 1
rg32403:3964448:3964976 [3] NCCL INFO proxyProgressAsync opId=0x150d8aeb3340 op.type=1 op.reqBuff=0x150d580126c0 op.respSize=16 done
rg32403:3964448:3964984 [3] NCCL INFO ncclPollProxyResponse Received new opId=0x150d8aeb3340
rg32403:3964448:3964976 [3] NCCL INFO Received and initiated operation=Init res=0
rg32403:3964448:3964984 [3] NCCL INFO resp.opId=0x150d8aeb3340 matches expected opId=0x150d8aeb3340
rg32403:3964448:3964984 [3] NCCL INFO Connected to proxy localRank 3 -> connection 0x150d58005210
rg32402:2730065:2730287 [1] NCCL INFO New proxy send connection 6 from local rank 1, transport 1
rg32402:2730065:2730287 [1] NCCL INFO proxyProgressAsync opId=0x149af6eb3340 op.type=1 op.reqBuff=0x149ac400d880 op.respSize=16 done
rg32402:2730065:2730287 [1] NCCL INFO Received and initiated operation=Init res=0
rg32402:2730065:2730293 [1] NCCL INFO ncclPollProxyResponse Received new opId=0x149af6eb3340
rg32402:2730065:2730293 [1] NCCL INFO resp.opId=0x149af6eb3340 matches expected opId=0x149af6eb3340
rg32402:2730065:2730293 [1] NCCL INFO Connected to proxy localRank 1 -> connection 0x149ac4005210
rg32403:3964445:3964979 [0] NCCL INFO New proxy recv connection 6 from local rank 0, transport 1
rg32403:3964445:3964979 [0] NCCL INFO proxyProgressAsync opId=0x14cdaeeb3340 op.type=1 op.reqBuff=0x14cd7c0113e0 op.respSize=16 done
rg32403:3964445:3964986 [0] NCCL INFO ncclPollProxyResponse Received new opId=0x14cdaeeb3340
rg32403:3964445:3964979 [0] NCCL INFO Received and initiated operation=Init res=0
rg32403:3964445:3964986 [0] NCCL INFO resp.opId=0x14cdaeeb3340 matches expected opId=0x14cdaeeb3340
rg32403:3964445:3964986 [0] NCCL INFO Connected to proxy localRank 0 -> connection 0x14cd7c005210
rg32402:2730065:2730287 [1] NCCL INFO CUMEM Host Alloc Size 2097152 pointer 0x149b1de00000 handle 149ac400f130 numa 0 dev 1 granularity 2097152
rg32402:2730065:2730287 [1] NCCL INFO CUMEM allocated shareable buffer 0x149b1de00000 size 4096
rg32402:2730065:2730287 [1] NCCL INFO proxyProgressAsync opId=0x149af6eb3340 op.type=3 op.reqBuff=0x149ac400d8a0 op.respSize=112 done
rg32402:2730065:2730293 [1] NCCL INFO ncclPollProxyResponse Received new opId=0x149af6eb3340
rg32402:2730065:2730287 [1] NCCL INFO Received and initiated operation=Setup res=0
rg32402:2730065:2730293 [1] NCCL INFO resp.opId=0x149af6eb3340 matches expected opId=0x149af6eb3340
rg32402:2730065:2730293 [1] NCCL INFO Channel 00 : 1[1] -> 0[0] via SHM/direct/direct
rg32402:2730065:2730287 [1] NCCL INFO New proxy send connection 7 from local rank 1, transport 1
rg32402:2730065:2730287 [1] NCCL INFO proxyProgressAsync opId=0x149af6eb3340 op.type=1 op.reqBuff=0x149ac400d8a0 op.respSize=16 done
rg32402:2730065:2730293 [1] NCCL INFO ncclPollProxyResponse Received new opId=0x149af6eb3340
rg32402:2730065:2730287 [1] NCCL INFO Received and initiated operation=Init res=0
rg32402:2730065:2730293 [1] NCCL INFO resp.opId=0x149af6eb3340 matches expected opId=0x149af6eb3340
rg32402:2730065:2730293 [1] NCCL INFO Connected to proxy localRank 1 -> connection 0x149ac4005288
rg32402:2730064:2730286 [0] NCCL INFO New proxy send connection 4 from local rank 0, transport 2
rg32402:2730064:2730286 [0] NCCL INFO proxyProgressAsync opId=0x149d36eb3300 op.type=1 op.reqBuff=0x149d0800e9e0 op.respSize=16 done
rg32402:2730064:2730292 [0] NCCL INFO ncclPollProxyResponse Received new opId=0x149d36eb3300
rg32402:2730064:2730286 [0] NCCL INFO Received and initiated operation=Init res=0
rg32402:2730064:2730292 [0] NCCL INFO resp.opId=0x149d36eb3300 matches expected opId=0x149d36eb3300
rg32402:2730064:2730292 [0] NCCL INFO Connected to proxy localRank 0 -> connection 0x149d08005120
rg32402:2730064:2730298 [0] NCCL INFO [Proxy Progress] Device 0 CPU core 0
rg32402:2730064:2730286 [0] NCCL INFO proxyProgressAsync opId=0x149d36eb3300 op.type=3 op.reqBuff=0x149d08010d70 op.respSize=0 done
rg32402:2730064:2730292 [0] NCCL INFO ncclPollProxyResponse Received new opId=0x149d36eb3300
rg32402:2730064:2730286 [0] NCCL INFO Received and initiated operation=Setup res=0
rg32402:2730064:2730292 [0] NCCL INFO resp.opId=0x149d36eb3300 matches expected opId=0x149d36eb3300
rg32402:2730064:2730292 [0] NCCL INFO Channel 01/0 : 0[0] -> 5[1] [send] via NET/Socket/0
rg32402:2730064:2730286 [0] NCCL INFO New proxy send connection 5 from local rank 0, transport 2
rg32402:2730064:2730286 [0] NCCL INFO proxyProgressAsync opId=0x149d36eb3300 op.type=1 op.reqBuff=0x149d08010850 op.respSize=16 done
rg32402:2730064:2730292 [0] NCCL INFO ncclPollProxyResponse Received new opId=0x149d36eb3300
rg32402:2730064:2730286 [0] NCCL INFO Received and initiated operation=Init res=0
rg32402:2730064:2730292 [0] NCCL INFO resp.opId=0x149d36eb3300 matches expected opId=0x149d36eb3300
rg32402:2730064:2730292 [0] NCCL INFO Connected to proxy localRank 0 -> connection 0x149d08005198
rg32402:2730065:2730287 [1] NCCL INFO CUMEM Host Alloc Size 2097152 pointer 0x149b1e000000 handle 149ac4010fa0 numa 0 dev 1 granularity 2097152
rg32402:2730065:2730287 [1] NCCL INFO CUMEM allocated shareable buffer 0x149b1e000000 size 4096
rg32402:2730065:2730287 [1] NCCL INFO proxyProgressAsync opId=0x149af6eb3340 op.type=3 op.reqBuff=0x149ac4010e20 op.respSize=112 done
rg32402:2730065:2730293 [1] NCCL INFO ncclPollProxyResponse Received new opId=0x149af6eb3340
rg32402:2730065:2730287 [1] NCCL INFO Received and initiated operation=Setup res=0
rg32402:2730065:2730293 [1] NCCL INFO resp.opId=0x149af6eb3340 matches expected opId=0x149af6eb3340
rg32402:2730065:2730293 [1] NCCL INFO Channel 02 : 1[1] -> 0[0] via SHM/direct/direct
rg32402:2730064:2730286 [0] NCCL INFO proxyProgressAsync opId=0x149d36eb3300 op.type=3 op.reqBuff=0x149d08011400 op.respSize=0 done
rg32402:2730064:2730286 [0] NCCL INFO Received and initiated operation=Setup res=0
rg32402:2730064:2730292 [0] NCCL INFO ncclPollProxyResponse Received new opId=0x149d36eb3300
rg32402:2730064:2730292 [0] NCCL INFO resp.opId=0x149d36eb3300 matches expected opId=0x149d36eb3300
rg32402:2730064:2730292 [0] NCCL INFO Channel 03/0 : 0[0] -> 5[1] [send] via NET/Socket/0
rg32402:2730067:2730285 [3] NCCL INFO New proxy send connection 6 from local rank 3, transport 1
rg32402:2730067:2730285 [3] NCCL INFO proxyProgressAsync opId=0x14584eeb3340 op.type=1 op.reqBuff=0x14581c0126c0 op.respSize=16 done
rg32402:2730067:2730294 [3] NCCL INFO ncclPollProxyResponse Received new opId=0x14584eeb3340
rg32402:2730067:2730285 [3] NCCL INFO Received and initiated operation=Init res=0
rg32402:2730067:2730294 [3] NCCL INFO resp.opId=0x14584eeb3340 matches expected opId=0x14584eeb3340
rg32402:2730067:2730294 [3] NCCL INFO Connected to proxy localRank 3 -> connection 0x14581c005210
rg32402:2730064:2730286 [0] NCCL INFO New proxy recv connection 6 from local rank 0, transport 1
rg32402:2730064:2730286 [0] NCCL INFO proxyProgressAsync opId=0x149d36eb3300 op.type=1 op.reqBuff=0x149d080113e0 op.respSize=16 done
rg32402:2730064:2730292 [0] NCCL INFO ncclPollProxyResponse Received new opId=0x149d36eb3300
rg32402:2730064:2730286 [0] NCCL INFO Received and initiated operation=Init res=0
rg32402:2730064:2730292 [0] NCCL INFO resp.opId=0x149d36eb3300 matches expected opId=0x149d36eb3300
rg32402:2730064:2730292 [0] NCCL INFO Connected to proxy localRank 0 -> connection 0x149d08005210
rg32403:3964448:3964976 [3] NCCL INFO CUMEM Host Alloc Size 2097152 pointer 0x150db6600000 handle 150d580146b0 numa 2 dev 3 granularity 2097152
rg32403:3964448:3964976 [3] NCCL INFO CUMEM allocated shareable buffer 0x150db6600000 size 4096
rg32403:3964448:3964976 [3] NCCL INFO proxyProgressAsync opId=0x150d8aeb3340 op.type=3 op.reqBuff=0x150d58014530 op.respSize=112 done
rg32403:3964448:3964976 [3] NCCL INFO Received and initiated operation=Setup res=0
rg32403:3964446:3964978 [1] NCCL INFO New proxy send connection 6 from local rank 1, transport 1
rg32403:3964446:3964978 [1] NCCL INFO proxyProgressAsync opId=0x147b42eb3340 op.type=1 op.reqBuff=0x147b1000d880 op.respSize=16 done
rg32403:3964446:3964978 [1] NCCL INFO Received and initiated operation=Init res=0
rg32403:3964446:3964987 [1] NCCL INFO ncclPollProxyResponse Received new opId=0x147b42eb3340
rg32403:3964446:3964987 [1] NCCL INFO resp.opId=0x147b42eb3340 matches expected opId=0x147b42eb3340
rg32403:3964446:3964987 [1] NCCL INFO Connected to proxy localRank 1 -> connection 0x147b10005210
rg32403:3964445:3964979 [0] NCCL INFO CUMEM Host Alloc Size 10485760 pointer 0x14cdd9200000 handle 14cd7c011bd0 numa 1 dev 0 granularity 2097152
rg32403:3964445:3964979 [0] NCCL INFO CUMEM allocated shareable buffer 0x14cdd9200000 size 9637888
rg32403:3964445:3964979 [0] NCCL INFO proxyProgressAsync opId=0x14cdaeeb3340 op.type=3 op.reqBuff=0x14cd7c010850 op.respSize=112 done
rg32403:3964445:3964986 [0] NCCL INFO ncclPollProxyResponse Received new opId=0x14cdaeeb3340
rg32403:3964445:3964979 [0] NCCL INFO Received and initiated operation=Setup res=0
rg32403:3964445:3964986 [0] NCCL INFO resp.opId=0x14cdaeeb3340 matches expected opId=0x14cdaeeb3340
rg32403:3964445:3964979 [0] NCCL INFO New proxy recv connection 7 from local rank 0, transport 1
rg32403:3964445:3964979 [0] NCCL INFO proxyProgressAsync opId=0x14cdaeeb3340 op.type=1 op.reqBuff=0x14cd7c010850 op.respSize=16 done
rg32403:3964445:3964986 [0] NCCL INFO ncclPollProxyResponse Received new opId=0x14cdaeeb3340
rg32403:3964445:3964979 [0] NCCL INFO Received and initiated operation=Init res=0
rg32403:3964445:3964986 [0] NCCL INFO resp.opId=0x14cdaeeb3340 matches expected opId=0x14cdaeeb3340
rg32403:3964445:3964986 [0] NCCL INFO Connected to proxy localRank 0 -> connection 0x14cd7c005288
rg32402:2730067:2730285 [3] NCCL INFO CUMEM Host Alloc Size 2097152 pointer 0x14587a600000 handle 14581c0146b0 numa 2 dev 3 granularity 2097152
rg32402:2730067:2730285 [3] NCCL INFO CUMEM allocated shareable buffer 0x14587a600000 size 4096
rg32402:2730067:2730285 [3] NCCL INFO proxyProgressAsync opId=0x14584eeb3340 op.type=3 op.reqBuff=0x14581c014530 op.respSize=112 done
rg32402:2730067:2730294 [3] NCCL INFO ncclPollProxyResponse Received new opId=0x14584eeb3340
rg32402:2730067:2730285 [3] NCCL INFO Received and initiated operation=Setup res=0
rg32402:2730067:2730294 [3] NCCL INFO resp.opId=0x14584eeb3340 matches expected opId=0x14584eeb3340
rg32402:2730067:2730294 [3] NCCL INFO Channel 00 : 3[3] -> 2[2] via SHM/direct/direct
rg32402:2730067:2730285 [3] NCCL INFO New proxy send connection 7 from local rank 3, transport 1
rg32402:2730067:2730285 [3] NCCL INFO proxyProgressAsync opId=0x14584eeb3340 op.type=1 op.reqBuff=0x14581c014530 op.respSize=16 done
rg32402:2730067:2730294 [3] NCCL INFO ncclPollProxyResponse Received new opId=0x14584eeb3340
rg32402:2730067:2730285 [3] NCCL INFO Received and initiated operation=Init res=0
rg32402:2730067:2730294 [3] NCCL INFO resp.opId=0x14584eeb3340 matches expected opId=0x14584eeb3340
rg32402:2730067:2730294 [3] NCCL INFO Connected to proxy localRank 3 -> connection 0x14581c005288
rg32402:2730064:2730286 [0] NCCL INFO CUMEM Host Alloc Size 10485760 pointer 0x149d63200000 handle 149d08011bd0 numa 1 dev 0 granularity 2097152
rg32402:2730064:2730286 [0] NCCL INFO CUMEM allocated shareable buffer 0x149d63200000 size 9637888
rg32402:2730064:2730286 [0] NCCL INFO proxyProgressAsync opId=0x149d36eb3300 op.type=3 op.reqBuff=0x149d08010850 op.respSize=112 done
rg32402:2730064:2730292 [0] NCCL INFO ncclPollProxyResponse Received new opId=0x149d36eb3300
rg32402:2730064:2730286 [0] NCCL INFO Received and initiated operation=Setup res=0
rg32402:2730064:2730292 [0] NCCL INFO resp.opId=0x149d36eb3300 matches expected opId=0x149d36eb3300
rg32402:2730064:2730286 [0] NCCL INFO New proxy recv connection 7 from local rank 0, transport 1
rg32402:2730064:2730286 [0] NCCL INFO proxyProgressAsync opId=0x149d36eb3300 op.type=1 op.reqBuff=0x149d08010850 op.respSize=16 done
rg32402:2730064:2730292 [0] NCCL INFO ncclPollProxyResponse Received new opId=0x149d36eb3300
rg32403:3964448:3964984 [3] NCCL INFO ncclPollProxyResponse Received new opId=0x150d8aeb3340
rg32403:3964448:3964984 [3] NCCL INFO resp.opId=0x150d8aeb3340 matches expected opId=0x150d8aeb3340
rg32403:3964448:3964984 [3] NCCL INFO Channel 00 : 7[3] -> 6[2] via SHM/direct/direct
rg32402:2730064:2730286 [0] NCCL INFO Received and initiated operation=Init res=0
rg32402:2730064:2730292 [0] NCCL INFO resp.opId=0x149d36eb3300 matches expected opId=0x149d36eb3300
rg32402:2730064:2730292 [0] NCCL INFO Connected to proxy localRank 0 -> connection 0x149d08005288
rg32403:3964448:3964976 [3] NCCL INFO New proxy send connection 7 from local rank 3, transport 1
rg32403:3964448:3964976 [3] NCCL INFO proxyProgressAsync opId=0x150d8aeb3340 op.type=1 op.reqBuff=0x150d58014530 op.respSize=16 done
rg32403:3964448:3964984 [3] NCCL INFO ncclPollProxyResponse Received new opId=0x150d8aeb3340
rg32403:3964448:3964976 [3] NCCL INFO Received and initiated operation=Init res=0
rg32403:3964448:3964984 [3] NCCL INFO resp.opId=0x150d8aeb3340 matches expected opId=0x150d8aeb3340
rg32403:3964448:3964984 [3] NCCL INFO Connected to proxy localRank 3 -> connection 0x150d58005288
rg32403:3964446:3964978 [1] NCCL INFO CUMEM Host Alloc Size 2097152 pointer 0x147b6be00000 handle 147b1000f130 numa 0 dev 1 granularity 2097152
rg32403:3964446:3964978 [1] NCCL INFO CUMEM allocated shareable buffer 0x147b6be00000 size 4096
rg32403:3964446:3964978 [1] NCCL INFO proxyProgressAsync opId=0x147b42eb3340 op.type=3 op.reqBuff=0x147b1000d8a0 op.respSize=112 done
rg32403:3964446:3964978 [1] NCCL INFO Received and initiated operation=Setup res=0
rg32403:3964448:3964976 [3] NCCL INFO CUMEM Host Alloc Size 2097152 pointer 0x150db6800000 handle 150d58016520 numa 2 dev 3 granularity 2097152
rg32403:3964448:3964976 [3] NCCL INFO CUMEM allocated shareable buffer 0x150db6800000 size 4096
rg32403:3964448:3964976 [3] NCCL INFO proxyProgressAsync opId=0x150d8aeb3340 op.type=3 op.reqBuff=0x150d580163a0 op.respSize=112 done
rg32403:3964448:3964984 [3] NCCL INFO ncclPollProxyResponse Received new opId=0x150d8aeb3340
rg32403:3964448:3964976 [3] NCCL INFO Received and initiated operation=Setup res=0
rg32403:3964448:3964984 [3] NCCL INFO resp.opId=0x150d8aeb3340 matches expected opId=0x150d8aeb3340
rg32403:3964448:3964984 [3] NCCL INFO Channel 02 : 7[3] -> 6[2] via SHM/direct/direct
rg32403:3964445:3964979 [0] NCCL INFO CUMEM Host Alloc Size 10485760 pointer 0x14cdd9c00000 handle 14cd7c013a40 numa 1 dev 0 granularity 2097152
rg32403:3964445:3964979 [0] NCCL INFO CUMEM allocated shareable buffer 0x14cdd9c00000 size 9637888
rg32403:3964445:3964979 [0] NCCL INFO proxyProgressAsync opId=0x14cdaeeb3340 op.type=3 op.reqBuff=0x14cd7c0138c0 op.respSize=112 done
rg32403:3964445:3964986 [0] NCCL INFO ncclPollProxyResponse Received new opId=0x14cdaeeb3340
rg32403:3964445:3964979 [0] NCCL INFO Received and initiated operation=Setup res=0
rg32403:3964445:3964986 [0] NCCL INFO resp.opId=0x14cdaeeb3340 matches expected opId=0x14cdaeeb3340
rg32403:3964447:3964980 [2] NCCL INFO New proxy send connection 8 from local rank 3, transport 0
rg32403:3964447:3964980 [2] NCCL INFO proxyProgressAsync opId=0x150d8aeb3340 op.type=1 op.reqBuff=0x14ae540138c0 op.respSize=16 done
rg32403:3964447:3964980 [2] NCCL INFO Received and initiated operation=Init res=0
rg32403:3964448:3964976 [3] NCCL INFO New proxy send connection 8 from local rank 2, transport 0
rg32403:3964448:3964976 [3] NCCL INFO proxyProgressAsync opId=0x14ae86eb3340 op.type=1 op.reqBuff=0x150d580163a0 op.respSize=16 done
rg32403:3964447:3964985 [2] NCCL INFO ncclPollProxyResponse Received new opId=0x14ae86eb3340
rg32403:3964448:3964984 [3] NCCL INFO ncclPollProxyResponse Received new opId=0x150d8aeb3340
rg32403:3964448:3964984 [3] NCCL INFO resp.opId=0x150d8aeb3340 matches expected opId=0x150d8aeb3340
rg32403:3964448:3964984 [3] NCCL INFO Connected to proxy localRank 2 -> connection 0x14ae54005300
rg32403:3964448:3964976 [3] NCCL INFO Received and initiated operation=Init res=0
rg32403:3964447:3964985 [2] NCCL INFO resp.opId=0x14ae86eb3340 matches expected opId=0x14ae86eb3340
rg32403:3964447:3964985 [2] NCCL INFO Connected to proxy localRank 3 -> connection 0x150d58005300
rg32403:3964448:3964984 [3] NCCL INFO ProxyCall UDS comm 0x55fa19709000 rank 3 tpRank 6(c0973a2239879ef2) reqSize 8 respSize 0 respFd 0x150de2308ac0 opId 0x29f284058ba17a13
rg32403:3964447:3964985 [2] NCCL INFO ProxyCall UDS comm 0x55a685f96e80 rank 2 tpRank 7(cddf15ba04db2d1b) reqSize 8 respSize 0 respFd 0x14aee4384ac0 opId 0xe80d0def561bb00b
rg32403:3964447:3964983 [2] NCCL INFO proxyUDSRecvReq::ncclProxyMsgGetFd rank 3 opId 0x29f284058ba17a13 handle=0x14ae5400ccd0
rg32403:3964447:3964983 [2] NCCL INFO UDS proxyGetFd received handle 0x14ae5400ccd0 peer 3 opId 29f284058ba17a13
rg32403:3964448:3964977 [3] NCCL INFO proxyUDSRecvReq::ncclProxyMsgGetFd rank 2 opId 0xe80d0def561bb00b handle=0x150d58008cd0
rg32403:3964448:3964977 [3] NCCL INFO UDS proxyGetFd received handle 0x150d58008cd0 peer 2 opId e80d0def561bb00b
rg32402:2730067:2730285 [3] NCCL INFO CUMEM Host Alloc Size 2097152 pointer 0x14587a800000 handle 14581c016520 numa 2 dev 3 granularity 2097152
rg32402:2730067:2730285 [3] NCCL INFO CUMEM allocated shareable buffer 0x14587a800000 size 4096
rg32402:2730067:2730285 [3] NCCL INFO proxyProgressAsync opId=0x14584eeb3340 op.type=3 op.reqBuff=0x14581c0163a0 op.respSize=112 done
rg32402:2730067:2730285 [3] NCCL INFO Received and initiated operation=Setup res=0
rg32402:2730064:2730286 [0] NCCL INFO CUMEM Host Alloc Size 10485760 pointer 0x149d63c00000 handle 149d08013a40 numa 1 dev 0 granularity 2097152
rg32402:2730064:2730286 [0] NCCL INFO CUMEM allocated shareable buffer 0x149d63c00000 size 9637888
rg32402:2730064:2730286 [0] NCCL INFO proxyProgressAsync opId=0x149d36eb3300 op.type=3 op.reqBuff=0x149d080138c0 op.respSize=112 done
rg32402:2730064:2730292 [0] NCCL INFO ncclPollProxyResponse Received new opId=0x149d36eb3300
rg32402:2730064:2730286 [0] NCCL INFO Received and initiated operation=Setup res=0
rg32402:2730064:2730292 [0] NCCL INFO resp.opId=0x149d36eb3300 matches expected opId=0x149d36eb3300
rg32402:2730067:2730285 [3] NCCL INFO New proxy send connection 8 from local rank 0, transport 0
rg32402:2730067:2730285 [3] NCCL INFO proxyProgressAsync opId=0x149d36eb3300 op.type=1 op.reqBuff=0x14581c0163a0 op.respSize=16 done
rg32402:2730066:2730284 [2] NCCL INFO New proxy send connection 8 from local rank 1, transport 0
rg32402:2730066:2730284 [2] NCCL INFO proxyProgressAsync opId=0x149af6eb3340 op.type=1 op.reqBuff=0x153ba00138c0 op.respSize=16 done
rg32402:2730067:2730285 [3] NCCL INFO Received and initiated operation=Init res=0
rg32402:2730064:2730292 [0] NCCL INFO ncclPollProxyResponse Received new opId=0x149d36eb3300
rg32402:2730064:2730292 [0] NCCL INFO resp.opId=0x149d36eb3300 matches expected opId=0x149d36eb3300
rg32402:2730064:2730292 [0] NCCL INFO Connected to proxy localRank 3 -> connection 0x14581c005300
rg32402:2730065:2730293 [1] NCCL INFO ncclPollProxyResponse Received new opId=0x149af6eb3340
rg32402:2730065:2730293 [1] NCCL INFO resp.opId=0x149af6eb3340 matches expected opId=0x149af6eb3340
rg32402:2730065:2730293 [1] NCCL INFO Connected to proxy localRank 2 -> connection 0x153ba0005300
rg32402:2730066:2730284 [2] NCCL INFO Received and initiated operation=Init res=0
rg32402:2730064:2730292 [0] NCCL INFO ProxyCall UDS comm 0x5590904df340 rank 0 tpRank 3(e237f28bf1bbf6aa) reqSize 8 respSize 0 respFd 0x149d9c505ac0 opId 0x9c7c85e010b9c6f7
rg32402:2730065:2730293 [1] NCCL INFO ProxyCall UDS comm 0x5596d7df5dc0 rank 1 tpRank 2(69212cae136ae081) reqSize 8 respSize 0 respFd 0x149b50609ac0 opId 0x93aac129182cc653
rg32402:2730067:2730289 [3] NCCL INFO proxyUDSRecvReq::ncclProxyMsgGetFd rank 0 opId 0x9c7c85e010b9c6f7 handle=0x14581c00ccd0
rg32402:2730067:2730289 [3] NCCL INFO UDS proxyGetFd received handle 0x14581c00ccd0 peer 0 opId 9c7c85e010b9c6f7
rg32402:2730066:2730288 [2] NCCL INFO proxyUDSRecvReq::ncclProxyMsgGetFd rank 1 opId 0x93aac129182cc653 handle=0x153ba0008cd0
rg32402:2730066:2730288 [2] NCCL INFO UDS proxyGetFd received handle 0x153ba0008cd0 peer 1 opId 93aac129182cc653
rg32402:2730067:2730294 [3] NCCL INFO ncclPollProxyResponse Received new opId=0x14584eeb3340
rg32402:2730067:2730294 [3] NCCL INFO resp.opId=0x14584eeb3340 matches expected opId=0x14584eeb3340
rg32402:2730067:2730294 [3] NCCL INFO Channel 02 : 3[3] -> 2[2] via SHM/direct/direct
rg32403:3964446:3964987 [1] NCCL INFO ncclPollProxyResponse Received new opId=0x147b42eb3340
rg32403:3964446:3964987 [1] NCCL INFO resp.opId=0x147b42eb3340 matches expected opId=0x147b42eb3340
rg32403:3964446:3964987 [1] NCCL INFO Channel 00 : 5[1] -> 4[0] via SHM/direct/direct
rg32403:3964446:3964978 [1] NCCL INFO New proxy send connection 7 from local rank 1, transport 1
rg32403:3964446:3964978 [1] NCCL INFO proxyProgressAsync opId=0x147b42eb3340 op.type=1 op.reqBuff=0x147b1000d8a0 op.respSize=16 done
rg32403:3964446:3964987 [1] NCCL INFO ncclPollProxyResponse Received new opId=0x147b42eb3340
rg32403:3964446:3964978 [1] NCCL INFO Received and initiated operation=Init res=0
rg32403:3964446:3964987 [1] NCCL INFO resp.opId=0x147b42eb3340 matches expected opId=0x147b42eb3340
rg32403:3964446:3964987 [1] NCCL INFO Connected to proxy localRank 1 -> connection 0x147b10005288
rg32402:2730066:2730284 [2] NCCL INFO New proxy send connection 9 from local rank 3, transport 0
rg32402:2730066:2730284 [2] NCCL INFO proxyProgressAsync opId=0x14584eeb3340 op.type=1 op.reqBuff=0x153ba0015730 op.respSize=16 done
rg32402:2730066:2730295 [2] NCCL INFO ncclPollProxyResponse Received new opId=0x153bd2eb3340
rg32402:2730067:2730285 [3] NCCL INFO New proxy send connection 9 from local rank 2, transport 0
rg32402:2730067:2730285 [3] NCCL INFO proxyProgressAsync opId=0x153bd2eb3340 op.type=1 op.reqBuff=0x14581c018210 op.respSize=16 done
rg32402:2730067:2730294 [3] NCCL INFO ncclPollProxyResponse Received new opId=0x14584eeb3340
rg32402:2730067:2730294 [3] NCCL INFO resp.opId=0x14584eeb3340 matches expected opId=0x14584eeb3340
rg32402:2730067:2730294 [3] NCCL INFO Connected to proxy localRank 2 -> connection 0x153ba0005378
rg32402:2730067:2730285 [3] NCCL INFO Received and initiated operation=Init res=0
rg32402:2730066:2730284 [2] NCCL INFO Received and initiated operation=Init res=0
rg32402:2730066:2730295 [2] NCCL INFO resp.opId=0x153bd2eb3340 matches expected opId=0x153bd2eb3340
rg32402:2730066:2730295 [2] NCCL INFO Connected to proxy localRank 3 -> connection 0x14581c005378
rg32402:2730066:2730295 [2] NCCL INFO ProxyCall UDS comm 0x55dea986fa00 rank 2 tpRank 3(e237f28bf1bbf6aa) reqSize 8 respSize 0 respFd 0x153c2c4dcac0 opId 0x560c4b100a7dfded
rg32402:2730067:2730294 [3] NCCL INFO ProxyCall UDS comm 0x55f173d4ee00 rank 3 tpRank 2(69212cae136ae081) reqSize 8 respSize 0 respFd 0x1458a6509ac0 opId 0x76f9e493fd0a7e99
rg32402:2730064:2730292 [0] NCCL INFO ProxyCall UDS comm 0x5590904df340 rank 0 tpRank 3(e237f28bf1bbf6aa) reqSize 8 respSize 0 respFd 122 opId 0x9c7c85e010b9c6f7 - DONE
rg32402:2730064:2730292 [0] NCCL INFO UDS: ClientGetFd handle 0x14581c00ccd0 tpRank 3 returned fd 122 sameProcess 0
rg32402:2730067:2730289 [3] NCCL INFO proxyUDSRecvReq::ncclProxyMsgGetFd rank 2 opId 0x560c4b100a7dfded handle=0x14581c008cd0
rg32402:2730067:2730289 [3] NCCL INFO UDS proxyGetFd received handle 0x14581c008cd0 peer 2 opId 560c4b100a7dfded
rg32403:3964448:3964984 [3] NCCL INFO ProxyCall UDS comm 0x55fa19709000 rank 3 tpRank 6(c0973a2239879ef2) reqSize 8 respSize 0 respFd 101 opId 0x29f284058ba17a13 - DONE
rg32403:3964448:3964984 [3] NCCL INFO UDS: ClientGetFd handle 0x14ae5400ccd0 tpRank 6 returned fd 101 sameProcess 0
rg32403:3964447:3964985 [2] NCCL INFO ProxyCall UDS comm 0x55a685f96e80 rank 2 tpRank 7(cddf15ba04db2d1b) reqSize 8 respSize 0 respFd 102 opId 0xe80d0def561bb00b - DONE
rg32403:3964447:3964985 [2] NCCL INFO UDS: ClientGetFd handle 0x150d58008cd0 tpRank 7 returned fd 102 sameProcess 0
rg32402:2730066:2730288 [2] NCCL INFO proxyUDSRecvReq::ncclProxyMsgGetFd rank 3 opId 0x76f9e493fd0a7e99 handle=0x153ba000ccd0
rg32402:2730066:2730288 [2] NCCL INFO UDS proxyGetFd received handle 0x153ba000ccd0 peer 3 opId 76f9e493fd0a7e99
rg32403:3964446:3964978 [1] NCCL INFO CUMEM Host Alloc Size 2097152 pointer 0x147b6c000000 handle 147b10010fa0 numa 0 dev 1 granularity 2097152
rg32403:3964446:3964978 [1] NCCL INFO CUMEM allocated shareable buffer 0x147b6c000000 size 4096
rg32403:3964446:3964978 [1] NCCL INFO proxyProgressAsync opId=0x147b42eb3340 op.type=3 op.reqBuff=0x147b10010e20 op.respSize=112 done
rg32403:3964446:3964987 [1] NCCL INFO ncclPollProxyResponse Received new opId=0x147b42eb3340
rg32403:3964446:3964978 [1] NCCL INFO Received and initiated operation=Setup res=0
rg32402:2730066:2730295 [2] NCCL INFO ProxyCall UDS comm 0x55dea986fa00 rank 2 tpRank 3(e237f28bf1bbf6aa) reqSize 8 respSize 0 respFd 99 opId 0x560c4b100a7dfded - DONE
rg32402:2730066:2730295 [2] NCCL INFO UDS: ClientGetFd handle 0x14581c008cd0 tpRank 3 returned fd 99 sameProcess 0
rg32403:3964446:3964987 [1] NCCL INFO resp.opId=0x147b42eb3340 matches expected opId=0x147b42eb3340
rg32403:3964446:3964987 [1] NCCL INFO Channel 02 : 5[1] -> 4[0] via SHM/direct/direct
rg32402:2730067:2730294 [3] NCCL INFO ProxyCall UDS comm 0x55f173d4ee00 rank 3 tpRank 2(69212cae136ae081) reqSize 8 respSize 0 respFd 99 opId 0x76f9e493fd0a7e99 - DONE
rg32402:2730067:2730294 [3] NCCL INFO UDS: ClientGetFd handle 0x153ba000ccd0 tpRank 2 returned fd 99 sameProcess 0
rg32403:3964448:3964976 [3] NCCL INFO New proxy send connection 9 from local rank 0, transport 0
rg32403:3964448:3964976 [3] NCCL INFO proxyProgressAsync opId=0x14cdaeeb3340 op.type=1 op.reqBuff=0x150d58018210 op.respSize=16 done
rg32403:3964445:3964986 [0] NCCL INFO ncclPollProxyResponse Received new opId=0x14cdaeeb3340
rg32403:3964447:3964980 [2] NCCL INFO New proxy send connection 9 from local rank 1, transport 0
rg32403:3964447:3964980 [2] NCCL INFO proxyProgressAsync opId=0x147b42eb3340 op.type=1 op.reqBuff=0x14ae54015730 op.respSize=16 done
rg32403:3964445:3964986 [0] NCCL INFO resp.opId=0x14cdaeeb3340 matches expected opId=0x14cdaeeb3340
rg32403:3964445:3964986 [0] NCCL INFO Connected to proxy localRank 3 -> connection 0x150d58005378
rg32403:3964446:3964987 [1] NCCL INFO ncclPollProxyResponse Received new opId=0x147b42eb3340
rg32403:3964446:3964987 [1] NCCL INFO resp.opId=0x147b42eb3340 matches expected opId=0x147b42eb3340
rg32403:3964446:3964987 [1] NCCL INFO Connected to proxy localRank 2 -> connection 0x14ae54005378
rg32403:3964448:3964976 [3] NCCL INFO Received and initiated operation=Init res=0
rg32403:3964447:3964980 [2] NCCL INFO Received and initiated operation=Init res=0
rg32403:3964445:3964986 [0] NCCL INFO ProxyCall UDS comm 0x55e679418bc0 rank 0 tpRank 7(cddf15ba04db2d1b) reqSize 8 respSize 0 respFd 0x14ce0c784ac0 opId 0x4dc7bd87bd544e98
rg32403:3964446:3964987 [1] NCCL INFO ProxyCall UDS comm 0x55d52d8da0c0 rank 1 tpRank 6(c0973a2239879ef2) reqSize 8 respSize 0 respFd 0x147ba03fdac0 opId 0xf4342b0f2244a300
rg32403:3964448:3964977 [3] NCCL INFO proxyUDSRecvReq::ncclProxyMsgGetFd rank 0 opId 0x4dc7bd87bd544e98 handle=0x150d5800ccd0
rg32403:3964448:3964977 [3] NCCL INFO UDS proxyGetFd received handle 0x150d5800ccd0 peer 0 opId 4dc7bd87bd544e98
rg32403:3964447:3964983 [2] NCCL INFO proxyUDSRecvReq::ncclProxyMsgGetFd rank 1 opId 0xf4342b0f2244a300 handle=0x14ae54008cd0
rg32403:3964447:3964983 [2] NCCL INFO UDS proxyGetFd received handle 0x14ae54008cd0 peer 1 opId f4342b0f2244a300
rg32402:2730064:2730292 [0] NCCL INFO CUMEM imported shareable host buffer from proxyRank 3 size 9637888 ptr 0x149d64600000, granularity 2097152
rg32402:2730064:2730292 [0] NCCL INFO ProxyCall UDS comm 0x5590904df340 rank 0 tpRank 3(e237f28bf1bbf6aa) reqSize 8 respSize 0 respFd 0x149d9c505ac0 opId 0x970a7730158c3b4a
rg32402:2730067:2730289 [3] NCCL INFO proxyUDSRecvReq::ncclProxyMsgGetFd rank 0 opId 0x970a7730158c3b4a handle=0x14581c00eb60
rg32402:2730067:2730289 [3] NCCL INFO UDS proxyGetFd received handle 0x14581c00eb60 peer 0 opId 970a7730158c3b4a
rg32402:2730065:2730293 [1] NCCL INFO ProxyCall UDS comm 0x5596d7df5dc0 rank 1 tpRank 2(69212cae136ae081) reqSize 8 respSize 0 respFd 105 opId 0x93aac129182cc653 - DONE
rg32402:2730065:2730293 [1] NCCL INFO UDS: ClientGetFd handle 0x153ba0008cd0 tpRank 2 returned fd 105 sameProcess 0
rg32402:2730064:2730292 [0] NCCL INFO ProxyCall UDS comm 0x5590904df340 rank 0 tpRank 3(e237f28bf1bbf6aa) reqSize 8 respSize 0 respFd 122 opId 0x970a7730158c3b4a - DONE
rg32402:2730064:2730292 [0] NCCL INFO UDS: ClientGetFd handle 0x14581c00eb60 tpRank 3 returned fd 122 sameProcess 0
rg32402:2730067:2730294 [3] NCCL INFO CUMEM imported shareable host buffer from proxyRank 2 size 4096 ptr 0x14587aa00000, granularity 2097152
rg32402:2730067:2730294 [3] NCCL INFO ProxyCall UDS comm 0x55f173d4ee00 rank 3 tpRank 2(69212cae136ae081) reqSize 8 respSize 0 respFd 0x1458a6509ac0 opId 0xfeeaaa65192cf62b
rg32402:2730066:2730288 [2] NCCL INFO proxyUDSRecvReq::ncclProxyMsgGetFd rank 3 opId 0xfeeaaa65192cf62b handle=0x153ba000eb60
rg32402:2730066:2730288 [2] NCCL INFO UDS proxyGetFd received handle 0x153ba000eb60 peer 3 opId feeaaa65192cf62b
rg32402:2730066:2730295 [2] NCCL INFO CUMEM imported shareable host buffer from proxyRank 3 size 9637888 ptr 0x153bfc600000, granularity 2097152
rg32402:2730065:2730287 [1] NCCL INFO New proxy send connection 8 from local rank 2, transport 0
rg32402:2730065:2730287 [1] NCCL INFO proxyProgressAsync opId=0x153bd2eb3340 op.type=1 op.reqBuff=0x149ac4010e20 op.respSize=16 done
rg32402:2730065:2730287 [1] NCCL INFO Received and initiated operation=Init res=0
rg32402:2730066:2730295 [2] NCCL INFO ncclPollProxyResponse Received new opId=0x153bd2eb3340
rg32402:2730066:2730295 [2] NCCL INFO resp.opId=0x153bd2eb3340 matches expected opId=0x153bd2eb3340
rg32402:2730066:2730295 [2] NCCL INFO Connected to proxy localRank 1 -> connection 0x149ac4005300
rg32402:2730066:2730295 [2] NCCL INFO ProxyCall UDS comm 0x55dea986fa00 rank 2 tpRank 1(5ceeb2001c3b9a65) reqSize 8 respSize 0 respFd 0x153c2c4dcac0 opId 0x3bde03be1b9900ab
rg32402:2730065:2730291 [1] NCCL INFO proxyUDSRecvReq::ncclProxyMsgGetFd rank 2 opId 0x3bde03be1b9900ab handle=0x149ac4008cd0
rg32402:2730065:2730291 [1] NCCL INFO UDS proxyGetFd received handle 0x149ac4008cd0 peer 2 opId 3bde03be1b9900ab
rg32403:3964448:3964984 [3] NCCL INFO CUMEM imported shareable host buffer from proxyRank 6 size 4096 ptr 0x150db6a00000, granularity 2097152
rg32403:3964448:3964984 [3] NCCL INFO ProxyCall UDS comm 0x55fa19709000 rank 3 tpRank 6(c0973a2239879ef2) reqSize 8 respSize 0 respFd 0x150de2308ac0 opId 0x28e1ed9f47b5d0a2
rg32403:3964445:3964986 [0] NCCL INFO ProxyCall UDS comm 0x55e679418bc0 rank 0 tpRank 7(cddf15ba04db2d1b) reqSize 8 respSize 0 respFd 101 opId 0x4dc7bd87bd544e98 - DONE
rg32403:3964445:3964986 [0] NCCL INFO UDS: ClientGetFd handle 0x150d5800ccd0 tpRank 7 returned fd 101 sameProcess 0
rg32403:3964446:3964987 [1] NCCL INFO ProxyCall UDS comm 0x55d52d8da0c0 rank 1 tpRank 6(c0973a2239879ef2) reqSize 8 respSize 0 respFd 105 opId 0xf4342b0f2244a300 - DONE
rg32403:3964446:3964987 [1] NCCL INFO UDS: ClientGetFd handle 0x14ae54008cd0 tpRank 6 returned fd 105 sameProcess 0
rg32403:3964447:3964983 [2] NCCL INFO proxyUDSRecvReq::ncclProxyMsgGetFd rank 3 opId 0x28e1ed9f47b5d0a2 handle=0x14ae5400eb60
rg32403:3964447:3964983 [2] NCCL INFO UDS proxyGetFd received handle 0x14ae5400eb60 peer 3 opId 28e1ed9f47b5d0a2
rg32403:3964447:3964985 [2] NCCL INFO CUMEM imported shareable host buffer from proxyRank 7 size 9637888 ptr 0x14aeb2600000, granularity 2097152
rg32403:3964446:3964978 [1] NCCL INFO New proxy send connection 8 from local rank 2, transport 0
rg32403:3964446:3964978 [1] NCCL INFO proxyProgressAsync opId=0x14ae86eb3340 op.type=1 op.reqBuff=0x147b10010e20 op.respSize=16 done
rg32403:3964446:3964978 [1] NCCL INFO Received and initiated operation=Init res=0
rg32403:3964447:3964985 [2] NCCL INFO ncclPollProxyResponse Received new opId=0x14ae86eb3340
rg32403:3964447:3964985 [2] NCCL INFO resp.opId=0x14ae86eb3340 matches expected opId=0x14ae86eb3340
rg32403:3964447:3964985 [2] NCCL INFO Connected to proxy localRank 1 -> connection 0x147b10005300
rg32402:2730066:2730295 [2] NCCL INFO ProxyCall UDS comm 0x55dea986fa00 rank 2 tpRank 1(5ceeb2001c3b9a65) reqSize 8 respSize 0 respFd 104 opId 0x3bde03be1b9900ab - DONE
rg32402:2730066:2730295 [2] NCCL INFO UDS: ClientGetFd handle 0x149ac4008cd0 tpRank 1 returned fd 104 sameProcess 0
rg32402:2730064:2730292 [0] NCCL INFO CUMEM imported shareable host buffer from proxyRank 3 size 9637888 ptr 0x149d65000000, granularity 2097152
rg32402:2730064:2730292 [0] NCCL INFO sendConnect ncclProxyCallAsync opId=0x149d373cb998
rg32402:2730064:2730292 [0] NCCL INFO ProxyCall UDS comm 0x5590904df340 rank 0 tpRank 3(e237f28bf1bbf6aa) reqSize 8 respSize 0 respFd 0x149d9c505ac0 opId 0x2de0cd2fce35f928
rg32402:2730067:2730289 [3] NCCL INFO proxyUDSRecvReq::ncclProxyMsgGetFd rank 0 opId 0x2de0cd2fce35f928 handle=0x14581c0109d0
rg32402:2730067:2730289 [3] NCCL INFO UDS proxyGetFd received handle 0x14581c0109d0 peer 0 opId 2de0cd2fce35f928
rg32402:2730065:2730293 [1] NCCL INFO CUMEM imported shareable host buffer from proxyRank 2 size 9637888 ptr 0x149b1e200000, granularity 2097152
rg32402:2730065:2730293 [1] NCCL INFO ProxyCall UDS comm 0x5596d7df5dc0 rank 1 tpRank 2(69212cae136ae081) reqSize 8 respSize 0 respFd 0x149b50609ac0 opId 0x561bfb04afebb85e
rg32403:3964447:3964985 [2] NCCL INFO ProxyCall UDS comm 0x55a685f96e80 rank 2 tpRank 5(5dfd880b5a894260) reqSize 8 respSize 0 respFd 0x14aee4384ac0 opId 0x2595a1ba1b81d622
rg32403:3964446:3964981 [1] NCCL INFO proxyUDSRecvReq::ncclProxyMsgGetFd rank 2 opId 0x2595a1ba1b81d622 handle=0x147b10008cd0
rg32403:3964446:3964981 [1] NCCL INFO UDS proxyGetFd received handle 0x147b10008cd0 peer 2 opId 2595a1ba1b81d622
rg32403:3964445:3964986 [0] NCCL INFO CUMEM imported shareable host buffer from proxyRank 7 size 9637888 ptr 0x14cdda600000, granularity 2097152
rg32403:3964445:3964986 [0] NCCL INFO ProxyCall UDS comm 0x55e679418bc0 rank 0 tpRank 7(cddf15ba04db2d1b) reqSize 8 respSize 0 respFd 0x14ce0c784ac0 opId 0x93b7a0655b7a82e2
rg32403:3964448:3964977 [3] NCCL INFO proxyUDSRecvReq::ncclProxyMsgGetFd rank 0 opId 0x93b7a0655b7a82e2 handle=0x150d5800eb60
rg32403:3964448:3964977 [3] NCCL INFO UDS proxyGetFd received handle 0x150d5800eb60 peer 0 opId 93b7a0655b7a82e2
rg32402:2730066:2730288 [2] NCCL INFO proxyUDSRecvReq::ncclProxyMsgGetFd rank 1 opId 0x561bfb04afebb85e handle=0x153ba000ae20
rg32402:2730066:2730288 [2] NCCL INFO UDS proxyGetFd received handle 0x153ba000ae20 peer 1 opId 561bfb04afebb85e
rg32402:2730067:2730294 [3] NCCL INFO ProxyCall UDS comm 0x55f173d4ee00 rank 3 tpRank 2(69212cae136ae081) reqSize 8 respSize 0 respFd 101 opId 0xfeeaaa65192cf62b - DONE
rg32402:2730067:2730294 [3] NCCL INFO UDS: ClientGetFd handle 0x153ba000eb60 tpRank 2 returned fd 101 sameProcess 0
rg32403:3964447:3964985 [2] NCCL INFO ProxyCall UDS comm 0x55a685f96e80 rank 2 tpRank 5(5dfd880b5a894260) reqSize 8 respSize 0 respFd 104 opId 0x2595a1ba1b81d622 - DONE
rg32403:3964447:3964985 [2] NCCL INFO UDS: ClientGetFd handle 0x147b10008cd0 tpRank 5 returned fd 104 sameProcess 0
