rg31602:1354142:1354462 [0] NCCL INFO Allocated shareable buffer 0x1512c2200000 size 10485760 ipcDesc 0x15126800eb00
rg31602:1354142:1354462 [0] NCCL INFO proxyProgressAsync opId=0x1512971ca270 op.type=3 op.reqBuff=0x15126800ead0 op.respSize=88 done
rg31602:1354144:1354475 [2] NCCL INFO [Proxy Progress] Device 2 CPU core 8
rg31602:1354144:1354463 [2] NCCL INFO proxyProgressAsync opId=0x1535071ced80 op.type=3 op.reqBuff=0x1534d400c190 op.respSize=0 done
rg31602:1354144:1354463 [2] NCCL INFO Received and initiated operation=Setup res=0
rg31602:1354144:1354470 [2] NCCL INFO ncclPollProxyResponse Received new opId=0x1535071ced80
rg31602:1354144:1354470 [2] NCCL INFO resp.opId=0x1535071ced80 matches expected opId=0x1535071ced80
rg31602:1354142:1354462 [0] NCCL INFO Received and initiated operation=Setup res=0
rg31602:1354142:1354472 [0] NCCL INFO ncclPollProxyResponse Received new opId=0x1512971ca270
rg31602:1354142:1354472 [0] NCCL INFO resp.opId=0x1512971ca270 matches expected opId=0x1512971ca270
rg31602:1354143:1354469 [1] NCCL INFO Channel 00/0 : 1[1] -> 0[0] via P2P/CUMEM
rg31602:1354144:1354470 [2] NCCL INFO Channel 00/0 : 2[2] -> 5[1] [send] via NET/IB/1
rg31602:1354143:1354465 [1] NCCL INFO New proxy send connection 6 from local rank 1, transport 0
rg31602:1354143:1354465 [1] NCCL INFO proxyProgressAsync opId=0x1466ef1ced80 op.type=1 op.reqBuff=0x1466bc00c940 op.respSize=16 done
rg31605:118365:118592 [2] NCCL INFO Channel 01/0 : 6[2] -> 4[0] via P2P/CUMEM
rg31602:1354144:1354463 [2] NCCL INFO New proxy send connection 3 from local rank 2, transport 2
rg31602:1354144:1354463 [2] NCCL INFO proxyProgressAsync opId=0x1535071ced80 op.type=1 op.reqBuff=0x1534d400c800 op.respSize=16 done
rg31602:1354144:1354470 [2] NCCL INFO ncclPollProxyResponse Received new opId=0x1535071ced80
rg31602:1354144:1354463 [2] NCCL INFO Received and initiated operation=Init res=0
rg31605:118366:118584 [3] NCCL INFO Allocated shareable buffer 0x1544c1a00000 size 10485760 ipcDesc 0x154468009e00
rg31605:118366:118584 [3] NCCL INFO proxyProgressAsync opId=0x15449aa1cf90 op.type=3 op.reqBuff=0x154468009dd0 op.respSize=88 done
rg31602:1354142:1354462 [0] NCCL INFO New proxy recv connection 5 from local rank 0, transport 0
rg31602:1354142:1354462 [0] NCCL INFO proxyProgressAsync opId=0x1512971ca270 op.type=1 op.reqBuff=0x15126800ead0 op.respSize=16 done
rg31602:1354142:1354472 [0] NCCL INFO ncclPollProxyResponse Received new opId=0x1512971ca270
rg31602:1354142:1354462 [0] NCCL INFO Received and initiated operation=Init res=0
rg31602:1354142:1354472 [0] NCCL INFO resp.opId=0x1512971ca270 matches expected opId=0x1512971ca270
rg31602:1354142:1354472 [0] NCCL INFO Connected to proxy localRank 0 -> connection 0x151268005198
rg31605:118365:118583 [2] NCCL INFO New proxy send connection 4 from local rank 2, transport 0
rg31605:118365:118583 [2] NCCL INFO proxyProgressAsync opId=0x14a1971ca6d0 op.type=1 op.reqBuff=0x14a16400c800 op.respSize=16 done
rg31605:118365:118592 [2] NCCL INFO ncclPollProxyResponse Received new opId=0x14a1971ca6d0
rg31602:1354143:1354469 [1] NCCL INFO ncclPollProxyResponse Received new opId=0x1466ef1ced80
rg31602:1354143:1354465 [1] NCCL INFO Received and initiated operation=Init res=0
rg31602:1354143:1354469 [1] NCCL INFO resp.opId=0x1466ef1ced80 matches expected opId=0x1466ef1ced80
rg31602:1354143:1354469 [1] NCCL INFO Connected to proxy localRank 1 -> connection 0x1466bc005210
rg31605:118366:118591 [3] NCCL INFO ncclPollProxyResponse Received new opId=0x15449aa1cf90
rg31605:118366:118584 [3] NCCL INFO Received and initiated operation=Setup res=0
rg31605:118366:118591 [3] NCCL INFO resp.opId=0x15449aa1cf90 matches expected opId=0x15449aa1cf90
rg31602:1354144:1354470 [2] NCCL INFO resp.opId=0x1535071ced80 matches expected opId=0x1535071ced80
rg31602:1354144:1354470 [2] NCCL INFO Connected to proxy localRank 2 -> connection 0x1534d40050a8
rg31602:1354144:1354463 [2] NCCL INFO proxyProgressAsync opId=0x1535071ced80 op.type=3 op.reqBuff=0x1534d400c840 op.respSize=0 done
rg31605:118365:118583 [2] NCCL INFO Received and initiated operation=Init res=0
rg31605:118365:118592 [2] NCCL INFO resp.opId=0x14a1971ca6d0 matches expected opId=0x14a1971ca6d0
rg31605:118365:118592 [2] NCCL INFO Connected to proxy localRank 2 -> connection 0x14a164005120
rg31602:1354144:1354463 [2] NCCL INFO Received and initiated operation=Setup res=0
rg31602:1354144:1354470 [2] NCCL INFO ncclPollProxyResponse Received new opId=0x1535071ced80
rg31602:1354144:1354470 [2] NCCL INFO resp.opId=0x1535071ced80 matches expected opId=0x1535071ced80
rg31602:1354144:1354470 [2] NCCL INFO Channel 02/0 : 2[2] -> 5[1] [send] via NET/IB/1
rg31602:1354144:1354470 [2] NCCL INFO Channel 01/0 : 2[2] -> 0[0] via P2P/CUMEM
rg31605:118366:118584 [3] NCCL INFO New proxy recv connection 3 from local rank 3, transport 0
rg31605:118366:118584 [3] NCCL INFO proxyProgressAsync opId=0x15449aa1cf90 op.type=1 op.reqBuff=0x15446800b750 op.respSize=16 done
rg31602:1354142:1354462 [0] NCCL INFO Allocated shareable buffer 0x1512c2c00000 size 10485760 ipcDesc 0x151268010220
rg31602:1354142:1354462 [0] NCCL INFO proxyProgressAsync opId=0x1512971ca270 op.type=3 op.reqBuff=0x1512680101f0 op.respSize=88 done
rg31602:1354142:1354472 [0] NCCL INFO ncclPollProxyResponse Received new opId=0x1512971ca270
rg31602:1354142:1354462 [0] NCCL INFO Received and initiated operation=Setup res=0
rg31605:118366:118591 [3] NCCL INFO ncclPollProxyResponse Received new opId=0x15449aa1cf90
rg31602:1354142:1354472 [0] NCCL INFO resp.opId=0x1512971ca270 matches expected opId=0x1512971ca270
rg31605:118366:118584 [3] NCCL INFO Received and initiated operation=Init res=0
rg31605:118366:118591 [3] NCCL INFO resp.opId=0x15449aa1cf90 matches expected opId=0x15449aa1cf90
rg31605:118366:118591 [3] NCCL INFO Connected to proxy localRank 3 -> connection 0x1544680050a8
rg31602:1354144:1354463 [2] NCCL INFO New proxy send connection 4 from local rank 2, transport 0
rg31602:1354144:1354463 [2] NCCL INFO proxyProgressAsync opId=0x1535071ced80 op.type=1 op.reqBuff=0x1534d400c800 op.respSize=16 done
rg31602:1354144:1354470 [2] NCCL INFO ncclPollProxyResponse Received new opId=0x1535071ced80
rg31602:1354144:1354463 [2] NCCL INFO Received and initiated operation=Init res=0
rg31602:1354144:1354470 [2] NCCL INFO resp.opId=0x1535071ced80 matches expected opId=0x1535071ced80
rg31602:1354144:1354470 [2] NCCL INFO Connected to proxy localRank 2 -> connection 0x1534d4005120
rg31602:1354143:1354465 [1] NCCL INFO Allocated shareable buffer 0x146717e00000 size 2097152 ipcDesc 0x1466bc00def0
rg31602:1354143:1354465 [1] NCCL INFO proxyProgressAsync opId=0x1466ef1ced80 op.type=3 op.reqBuff=0x1466bc00c960 op.respSize=88 done
rg31602:1354143:1354469 [1] NCCL INFO ncclPollProxyResponse Received new opId=0x1466ef1ced80
rg31602:1354143:1354465 [1] NCCL INFO Received and initiated operation=Setup res=0
rg31605:118364:118594 [1] NCCL INFO Channel 00/0 : 5[1] -> 4[0] via P2P/CUMEM
rg31602:1354143:1354469 [1] NCCL INFO resp.opId=0x1466ef1ced80 matches expected opId=0x1466ef1ced80
rg31602:1354143:1354469 [1] NCCL INFO Channel 02/0 : 1[1] -> 0[0] via P2P/CUMEM
rg31605:118364:118586 [1] NCCL INFO New proxy send connection 6 from local rank 1, transport 0
rg31605:118364:118586 [1] NCCL INFO proxyProgressAsync opId=0x14d7aea1cf90 op.type=1 op.reqBuff=0x14d77c00c940 op.respSize=16 done
rg31602:1354143:1354465 [1] NCCL INFO New proxy send connection 7 from local rank 1, transport 0
rg31602:1354143:1354465 [1] NCCL INFO proxyProgressAsync opId=0x1466ef1ced80 op.type=1 op.reqBuff=0x1466bc00c960 op.respSize=16 done
rg31602:1354143:1354469 [1] NCCL INFO ncclPollProxyResponse Received new opId=0x1466ef1ced80
rg31602:1354143:1354465 [1] NCCL INFO Received and initiated operation=Init res=0
rg31602:1354143:1354469 [1] NCCL INFO resp.opId=0x1466ef1ced80 matches expected opId=0x1466ef1ced80
rg31602:1354143:1354469 [1] NCCL INFO Connected to proxy localRank 1 -> connection 0x1466bc005288
rg31605:118366:118584 [3] NCCL INFO Allocated shareable buffer 0x1544c2400000 size 10485760 ipcDesc 0x15446800b7a0
rg31605:118366:118584 [3] NCCL INFO proxyProgressAsync opId=0x15449aa1cf90 op.type=3 op.reqBuff=0x15446800b770 op.respSize=88 done
rg31605:118366:118591 [3] NCCL INFO ncclPollProxyResponse Received new opId=0x15449aa1cf90
rg31605:118366:118584 [3] NCCL INFO Received and initiated operation=Setup res=0
rg31605:118366:118591 [3] NCCL INFO resp.opId=0x15449aa1cf90 matches expected opId=0x15449aa1cf90
rg31605:118364:118594 [1] NCCL INFO ncclPollProxyResponse Received new opId=0x14d7aea1cf90
rg31605:118364:118586 [1] NCCL INFO Received and initiated operation=Init res=0
rg31605:118364:118594 [1] NCCL INFO resp.opId=0x14d7aea1cf90 matches expected opId=0x14d7aea1cf90
rg31605:118364:118594 [1] NCCL INFO Connected to proxy localRank 1 -> connection 0x14d77c005210
rg31605:118366:118584 [3] NCCL INFO New proxy recv connection 4 from local rank 3, transport 0
rg31605:118366:118584 [3] NCCL INFO proxyProgressAsync opId=0x15449aa1cf90 op.type=1 op.reqBuff=0x15446800b770 op.respSize=16 done
rg31602:1354144:1354463 [2] NCCL INFO Allocated shareable buffer 0x153530e00000 size 2097152 ipcDesc 0x1534d400cec0
rg31602:1354144:1354463 [2] NCCL INFO proxyProgressAsync opId=0x1535071ced80 op.type=3 op.reqBuff=0x1534d400c820 op.respSize=88 done
rg31602:1354144:1354470 [2] NCCL INFO ncclPollProxyResponse Received new opId=0x1535071ced80
rg31602:1354144:1354463 [2] NCCL INFO Received and initiated operation=Setup res=0
rg31602:1354144:1354470 [2] NCCL INFO resp.opId=0x1535071ced80 matches expected opId=0x1535071ced80
rg31602:1354144:1354470 [2] NCCL INFO Channel 03/0 : 2[2] -> 0[0] via P2P/CUMEM
rg31602:1354143:1354465 [1] NCCL INFO Allocated shareable buffer 0x146718000000 size 2097152 ipcDesc 0x1466bc00f610
rg31602:1354143:1354465 [1] NCCL INFO proxyProgressAsync opId=0x1466ef1ced80 op.type=3 op.reqBuff=0x1466bc00f5e0 op.respSize=88 done
rg31602:1354143:1354469 [1] NCCL INFO ncclPollProxyResponse Received new opId=0x1466ef1ced80
rg31602:1354143:1354465 [1] NCCL INFO Received and initiated operation=Setup res=0
rg31602:1354143:1354469 [1] NCCL INFO resp.opId=0x1466ef1ced80 matches expected opId=0x1466ef1ced80
rg31605:118365:118583 [2] NCCL INFO Allocated shareable buffer 0x14a1c0e00000 size 2097152 ipcDesc 0x14a16400cec0
rg31605:118365:118583 [2] NCCL INFO proxyProgressAsync opId=0x14a1971ca6d0 op.type=3 op.reqBuff=0x14a16400c820 op.respSize=88 done
rg31602:1354144:1354463 [2] NCCL INFO New proxy send connection 5 from local rank 2, transport 0
rg31602:1354144:1354463 [2] NCCL INFO proxyProgressAsync opId=0x1535071ced80 op.type=1 op.reqBuff=0x1534d400c820 op.respSize=16 done
rg31602:1354144:1354470 [2] NCCL INFO ncclPollProxyResponse Received new opId=0x1535071ced80
rg31602:1354144:1354463 [2] NCCL INFO Received and initiated operation=Init res=0
rg31602:1354144:1354470 [2] NCCL INFO resp.opId=0x1535071ced80 matches expected opId=0x1535071ced80
rg31602:1354144:1354470 [2] NCCL INFO Connected to proxy localRank 2 -> connection 0x1534d4005198
rg31605:118366:118591 [3] NCCL INFO ncclPollProxyResponse Received new opId=0x15449aa1cf90
rg31605:118366:118584 [3] NCCL INFO Received and initiated operation=Init res=0
rg31605:118366:118591 [3] NCCL INFO resp.opId=0x15449aa1cf90 matches expected opId=0x15449aa1cf90
rg31605:118366:118591 [3] NCCL INFO Connected to proxy localRank 3 -> connection 0x154468005120
rg31605:118365:118592 [2] NCCL INFO ncclPollProxyResponse Received new opId=0x14a1971ca6d0
rg31605:118365:118583 [2] NCCL INFO Received and initiated operation=Setup res=0
rg31605:118365:118592 [2] NCCL INFO resp.opId=0x14a1971ca6d0 matches expected opId=0x14a1971ca6d0
rg31605:118365:118592 [2] NCCL INFO Channel 03/0 : 6[2] -> 4[0] via P2P/CUMEM
rg31605:118365:118583 [2] NCCL INFO New proxy send connection 5 from local rank 2, transport 0
rg31605:118365:118583 [2] NCCL INFO proxyProgressAsync opId=0x14a1971ca6d0 op.type=1 op.reqBuff=0x14a16400c820 op.respSize=16 done
rg31605:118365:118592 [2] NCCL INFO ncclPollProxyResponse Received new opId=0x14a1971ca6d0
rg31602:1354144:1354463 [2] NCCL INFO Allocated shareable buffer 0x153531000000 size 2097152 ipcDesc 0x1534d400e5e0
rg31602:1354144:1354463 [2] NCCL INFO proxyProgressAsync opId=0x1535071ced80 op.type=3 op.reqBuff=0x1534d400e5b0 op.respSize=88 done
rg31605:118365:118583 [2] NCCL INFO Received and initiated operation=Init res=0
rg31605:118365:118592 [2] NCCL INFO resp.opId=0x14a1971ca6d0 matches expected opId=0x14a1971ca6d0
rg31605:118365:118592 [2] NCCL INFO Connected to proxy localRank 2 -> connection 0x14a164005198
rg31602:1354144:1354470 [2] NCCL INFO ncclPollProxyResponse Received new opId=0x1535071ced80
rg31602:1354144:1354463 [2] NCCL INFO Received and initiated operation=Setup res=0
rg31602:1354144:1354470 [2] NCCL INFO resp.opId=0x1535071ced80 matches expected opId=0x1535071ced80
rg31605:118366:118584 [3] NCCL INFO Allocated shareable buffer 0x1544c2e00000 size 10485760 ipcDesc 0x15446800cec0
rg31605:118366:118584 [3] NCCL INFO proxyProgressAsync opId=0x15449aa1cf90 op.type=3 op.reqBuff=0x15446800ce90 op.respSize=88 done
rg31605:118366:118591 [3] NCCL INFO ncclPollProxyResponse Received new opId=0x15449aa1cf90
rg31605:118366:118584 [3] NCCL INFO Received and initiated operation=Setup res=0
rg31605:118366:118591 [3] NCCL INFO resp.opId=0x15449aa1cf90 matches expected opId=0x15449aa1cf90
rg31605:118364:118586 [1] NCCL INFO Allocated shareable buffer 0x14d7d5e00000 size 2097152 ipcDesc 0x14d77c00def0
rg31605:118364:118586 [1] NCCL INFO proxyProgressAsync opId=0x14d7aea1cf90 op.type=3 op.reqBuff=0x14d77c00c960 op.respSize=88 done
rg31605:118364:118594 [1] NCCL INFO ncclPollProxyResponse Received new opId=0x14d7aea1cf90
rg31602:1354142:1354462 [0] NCCL INFO New proxy recv connection 6 from local rank 0, transport 0
rg31602:1354142:1354462 [0] NCCL INFO proxyProgressAsync opId=0x1512971ca270 op.type=1 op.reqBuff=0x1512680101f0 op.respSize=16 done
rg31602:1354142:1354472 [0] NCCL INFO ncclPollProxyResponse Received new opId=0x1512971ca270
rg31605:118364:118586 [1] NCCL INFO Received and initiated operation=Setup res=0
rg31605:118364:118594 [1] NCCL INFO resp.opId=0x14d7aea1cf90 matches expected opId=0x14d7aea1cf90
rg31602:1354142:1354462 [0] NCCL INFO Received and initiated operation=Init res=0
rg31602:1354142:1354472 [0] NCCL INFO resp.opId=0x1512971ca270 matches expected opId=0x1512971ca270
rg31602:1354142:1354472 [0] NCCL INFO Connected to proxy localRank 0 -> connection 0x151268005210
rg31605:118366:118584 [3] NCCL INFO New proxy recv connection 5 from local rank 3, transport 0
rg31605:118366:118584 [3] NCCL INFO proxyProgressAsync opId=0x15449aa1cf90 op.type=1 op.reqBuff=0x15446800ce90 op.respSize=16 done
rg31605:118366:118591 [3] NCCL INFO ncclPollProxyResponse Received new opId=0x15449aa1cf90
rg31602:1354144:1354463 [2] NCCL INFO New proxy recv connection 6 from local rank 2, transport 0
rg31602:1354144:1354463 [2] NCCL INFO proxyProgressAsync opId=0x1535071ced80 op.type=1 op.reqBuff=0x1534d400e5b0 op.respSize=16 done
rg31602:1354144:1354470 [2] NCCL INFO ncclPollProxyResponse Received new opId=0x1535071ced80
rg31602:1354144:1354463 [2] NCCL INFO Received and initiated operation=Init res=0
rg31602:1354144:1354470 [2] NCCL INFO resp.opId=0x1535071ced80 matches expected opId=0x1535071ced80
rg31605:118364:118594 [1] NCCL INFO Channel 02/0 : 5[1] -> 4[0] via P2P/CUMEM
rg31602:1354144:1354470 [2] NCCL INFO Connected to proxy localRank 2 -> connection 0x1534d4005210
rg31605:118366:118584 [3] NCCL INFO Received and initiated operation=Init res=0
rg31605:118366:118591 [3] NCCL INFO resp.opId=0x15449aa1cf90 matches expected opId=0x15449aa1cf90
rg31605:118366:118591 [3] NCCL INFO Connected to proxy localRank 3 -> connection 0x154468005198
rg31605:118365:118583 [2] NCCL INFO Allocated shareable buffer 0x14a1c1000000 size 2097152 ipcDesc 0x14a16400e5e0
rg31605:118365:118583 [2] NCCL INFO proxyProgressAsync opId=0x14a1971ca6d0 op.type=3 op.reqBuff=0x14a16400e5b0 op.respSize=88 done
rg31605:118365:118592 [2] NCCL INFO ncclPollProxyResponse Received new opId=0x14a1971ca6d0
rg31605:118364:118586 [1] NCCL INFO New proxy send connection 7 from local rank 1, transport 0
rg31605:118364:118586 [1] NCCL INFO proxyProgressAsync opId=0x14d7aea1cf90 op.type=1 op.reqBuff=0x14d77c00c960 op.respSize=16 done
rg31605:118364:118594 [1] NCCL INFO ncclPollProxyResponse Received new opId=0x14d7aea1cf90
rg31605:118364:118586 [1] NCCL INFO Received and initiated operation=Init res=0
rg31605:118365:118583 [2] NCCL INFO Received and initiated operation=Setup res=0
rg31605:118365:118592 [2] NCCL INFO resp.opId=0x14a1971ca6d0 matches expected opId=0x14a1971ca6d0
rg31605:118364:118594 [1] NCCL INFO resp.opId=0x14d7aea1cf90 matches expected opId=0x14d7aea1cf90
rg31605:118364:118594 [1] NCCL INFO Connected to proxy localRank 1 -> connection 0x14d77c005288
rg31602:1354144:1354463 [2] NCCL INFO Allocated shareable buffer 0x153531200000 size 10485760 ipcDesc 0x1534d400fd00
rg31602:1354144:1354463 [2] NCCL INFO proxyProgressAsync opId=0x1535071ced80 op.type=3 op.reqBuff=0x1534d400fcd0 op.respSize=88 done
rg31605:118366:118584 [3] NCCL INFO Allocated shareable buffer 0x1544c3800000 size 10485760 ipcDesc 0x15446800e5e0
rg31605:118366:118584 [3] NCCL INFO proxyProgressAsync opId=0x15449aa1cf90 op.type=3 op.reqBuff=0x15446800e5b0 op.respSize=88 done
rg31605:118366:118591 [3] NCCL INFO ncclPollProxyResponse Received new opId=0x15449aa1cf90
rg31602:1354144:1354470 [2] NCCL INFO ncclPollProxyResponse Received new opId=0x1535071ced80
rg31602:1354144:1354463 [2] NCCL INFO Received and initiated operation=Setup res=0
rg31602:1354144:1354470 [2] NCCL INFO resp.opId=0x1535071ced80 matches expected opId=0x1535071ced80
rg31605:118366:118584 [3] NCCL INFO Received and initiated operation=Setup res=0
rg31605:118366:118591 [3] NCCL INFO resp.opId=0x15449aa1cf90 matches expected opId=0x15449aa1cf90
rg31602:1354142:1354462 [0] NCCL INFO Allocated shareable buffer 0x1512c3600000 size 10485760 ipcDesc 0x151268011940
rg31602:1354142:1354462 [0] NCCL INFO proxyProgressAsync opId=0x1512971ca270 op.type=3 op.reqBuff=0x151268011910 op.respSize=88 done
rg31602:1354142:1354472 [0] NCCL INFO ncclPollProxyResponse Received new opId=0x1512971ca270
rg31602:1354142:1354462 [0] NCCL INFO Received and initiated operation=Setup res=0
rg31605:118364:118586 [1] NCCL INFO Allocated shareable buffer 0x14d7d6000000 size 2097152 ipcDesc 0x14d77c00f610
rg31605:118364:118586 [1] NCCL INFO proxyProgressAsync opId=0x14d7aea1cf90 op.type=3 op.reqBuff=0x14d77c00f5e0 op.respSize=88 done
rg31602:1354142:1354472 [0] NCCL INFO resp.opId=0x1512971ca270 matches expected opId=0x1512971ca270
rg31605:118364:118594 [1] NCCL INFO ncclPollProxyResponse Received new opId=0x14d7aea1cf90
rg31605:118364:118586 [1] NCCL INFO Received and initiated operation=Setup res=0
rg31605:118364:118594 [1] NCCL INFO resp.opId=0x14d7aea1cf90 matches expected opId=0x14d7aea1cf90
rg31602:1354144:1354463 [2] NCCL INFO New proxy recv connection 7 from local rank 2, transport 0
rg31602:1354144:1354463 [2] NCCL INFO proxyProgressAsync opId=0x1535071ced80 op.type=1 op.reqBuff=0x1534d400fcd0 op.respSize=16 done
rg31602:1354144:1354470 [2] NCCL INFO ncclPollProxyResponse Received new opId=0x1535071ced80
rg31602:1354144:1354463 [2] NCCL INFO Received and initiated operation=Init res=0
rg31605:118366:118591 [3] NCCL INFO Channel 00/0 : 7[3] -> 6[2] via P2P/CUMEM
rg31602:1354142:1354462 [0] NCCL INFO New proxy recv connection 7 from local rank 0, transport 0
rg31602:1354142:1354462 [0] NCCL INFO proxyProgressAsync opId=0x1512971ca270 op.type=1 op.reqBuff=0x151268011910 op.respSize=16 done
rg31602:1354142:1354472 [0] NCCL INFO ncclPollProxyResponse Received new opId=0x1512971ca270
rg31602:1354142:1354462 [0] NCCL INFO Received and initiated operation=Init res=0
rg31605:118366:118584 [3] NCCL INFO New proxy send connection 6 from local rank 3, transport 0
rg31605:118366:118584 [3] NCCL INFO proxyProgressAsync opId=0x15449aa1cf90 op.type=1 op.reqBuff=0x15446800e5b0 op.respSize=16 done
rg31602:1354144:1354470 [2] NCCL INFO resp.opId=0x1535071ced80 matches expected opId=0x1535071ced80
rg31602:1354144:1354470 [2] NCCL INFO Connected to proxy localRank 2 -> connection 0x1534d4005288
rg31605:118363:118585 [0] NCCL INFO New proxy recv connection 4 from local rank 0, transport 0
rg31605:118363:118585 [0] NCCL INFO proxyProgressAsync opId=0x1535cf1cee90 op.type=1 op.reqBuff=0x15359c00d3b0 op.respSize=16 done
rg31602:1354142:1354472 [0] NCCL INFO resp.opId=0x1512971ca270 matches expected opId=0x1512971ca270
rg31602:1354142:1354472 [0] NCCL INFO Connected to proxy localRank 0 -> connection 0x151268005288
rg31605:118366:118591 [3] NCCL INFO ncclPollProxyResponse Received new opId=0x15449aa1cf90
rg31605:118366:118584 [3] NCCL INFO Received and initiated operation=Init res=0
rg31605:118366:118591 [3] NCCL INFO resp.opId=0x15449aa1cf90 matches expected opId=0x15449aa1cf90
rg31605:118366:118591 [3] NCCL INFO Connected to proxy localRank 3 -> connection 0x154468005210
rg31605:118363:118593 [0] NCCL INFO ncclPollProxyResponse Received new opId=0x1535cf1cee90
rg31605:118363:118585 [0] NCCL INFO Received and initiated operation=Init res=0
rg31605:118363:118593 [0] NCCL INFO resp.opId=0x1535cf1cee90 matches expected opId=0x1535cf1cee90
rg31605:118363:118593 [0] NCCL INFO Connected to proxy localRank 0 -> connection 0x15359c005120
rg31605:118366:118584 [3] NCCL INFO Allocated shareable buffer 0x1544c4200000 size 2097152 ipcDesc 0x15446800fd00
rg31605:118366:118584 [3] NCCL INFO proxyProgressAsync opId=0x15449aa1cf90 op.type=3 op.reqBuff=0x15446800fcd0 op.respSize=88 done
rg31605:118366:118591 [3] NCCL INFO ncclPollProxyResponse Received new opId=0x15449aa1cf90
rg31602:1354142:1354462 [0] NCCL INFO Allocated shareable buffer 0x1512c4000000 size 10485760 ipcDesc 0x151268013060
rg31602:1354142:1354462 [0] NCCL INFO proxyProgressAsync opId=0x1512971ca270 op.type=3 op.reqBuff=0x151268013030 op.respSize=88 done
rg31605:118366:118584 [3] NCCL INFO Received and initiated operation=Setup res=0
rg31605:118366:118591 [3] NCCL INFO resp.opId=0x15449aa1cf90 matches expected opId=0x15449aa1cf90
rg31602:1354142:1354472 [0] NCCL INFO ncclPollProxyResponse Received new opId=0x1512971ca270
rg31602:1354142:1354462 [0] NCCL INFO Received and initiated operation=Setup res=0
rg31602:1354142:1354472 [0] NCCL INFO resp.opId=0x1512971ca270 matches expected opId=0x1512971ca270
rg31605:118366:118591 [3] NCCL INFO Channel 02/0 : 7[3] -> 6[2] via P2P/CUMEM
rg31602:1354144:1354463 [2] NCCL INFO Allocated shareable buffer 0x153531c00000 size 10485760 ipcDesc 0x1534d4011420
rg31602:1354144:1354463 [2] NCCL INFO proxyProgressAsync opId=0x1535071ced80 op.type=3 op.reqBuff=0x1534d40113f0 op.respSize=88 done
rg31602:1354144:1354470 [2] NCCL INFO ncclPollProxyResponse Received new opId=0x1535071ced80
rg31602:1354144:1354463 [2] NCCL INFO Received and initiated operation=Setup res=0
rg31602:1354144:1354470 [2] NCCL INFO resp.opId=0x1535071ced80 matches expected opId=0x1535071ced80
rg31605:118363:118585 [0] NCCL INFO Allocated shareable buffer 0x1535f6200000 size 10485760 ipcDesc 0x15359c00eb00
rg31605:118363:118585 [0] NCCL INFO proxyProgressAsync opId=0x1535cf1cee90 op.type=3 op.reqBuff=0x15359c00ead0 op.respSize=88 done
rg31605:118363:118593 [0] NCCL INFO ncclPollProxyResponse Received new opId=0x1535cf1cee90
rg31605:118363:118585 [0] NCCL INFO Received and initiated operation=Setup res=0
rg31605:118363:118593 [0] NCCL INFO resp.opId=0x1535cf1cee90 matches expected opId=0x1535cf1cee90
rg31605:118366:118584 [3] NCCL INFO New proxy send connection 7 from local rank 3, transport 0
rg31605:118366:118584 [3] NCCL INFO proxyProgressAsync opId=0x15449aa1cf90 op.type=1 op.reqBuff=0x15446800fcd0 op.respSize=16 done
rg31605:118366:118591 [3] NCCL INFO ncclPollProxyResponse Received new opId=0x15449aa1cf90
rg31605:118366:118584 [3] NCCL INFO Received and initiated operation=Init res=0
rg31605:118366:118591 [3] NCCL INFO resp.opId=0x15449aa1cf90 matches expected opId=0x15449aa1cf90
rg31605:118366:118591 [3] NCCL INFO Connected to proxy localRank 3 -> connection 0x154468005288
rg31602:1354145:1354471 [3] NCCL INFO sendConnect ncclProxyCallAsync opId=0x14cd1741b5b8
rg31602:1354145:1354471 [3] NCCL INFO sendConnect ncclProxyCallAsync opId=0x14cd174275b8
rg31605:118363:118585 [0] NCCL INFO New proxy recv connection 5 from local rank 0, transport 0
rg31605:118363:118585 [0] NCCL INFO proxyProgressAsync opId=0x1535cf1cee90 op.type=1 op.reqBuff=0x15359c00ead0 op.respSize=16 done
rg31605:118363:118593 [0] NCCL INFO ncclPollProxyResponse Received new opId=0x1535cf1cee90
rg31605:118363:118585 [0] NCCL INFO Received and initiated operation=Init res=0
rg31605:118363:118593 [0] NCCL INFO resp.opId=0x1535cf1cee90 matches expected opId=0x1535cf1cee90
rg31605:118363:118593 [0] NCCL INFO Connected to proxy localRank 0 -> connection 0x15359c005198
rg31602:1354144:1354463 [2] NCCL INFO New proxy send connection 8 from local rank 1, transport 0
rg31602:1354144:1354463 [2] NCCL INFO proxyProgressAsync opId=0x1466ef1ced80 op.type=1 op.reqBuff=0x1534d40113f0 op.respSize=16 done
rg31602:1354143:1354465 [1] NCCL INFO New proxy send connection 8 from local rank 2, transport 0
rg31602:1354143:1354465 [1] NCCL INFO proxyProgressAsync opId=0x1535071ced80 op.type=1 op.reqBuff=0x1466bc00f5e0 op.respSize=16 done
rg31605:118366:118584 [3] NCCL INFO Allocated shareable buffer 0x1544c4400000 size 2097152 ipcDesc 0x154468011420
rg31605:118366:118584 [3] NCCL INFO proxyProgressAsync opId=0x15449aa1cf90 op.type=3 op.reqBuff=0x1544680113f0 op.respSize=88 done
rg31605:118366:118591 [3] NCCL INFO ncclPollProxyResponse Received new opId=0x15449aa1cf90
rg31605:118366:118584 [3] NCCL INFO Received and initiated operation=Setup res=0
rg31605:118366:118591 [3] NCCL INFO resp.opId=0x15449aa1cf90 matches expected opId=0x15449aa1cf90
rg31602:1354143:1354469 [1] NCCL INFO ncclPollProxyResponse Received new opId=0x1466ef1ced80
rg31602:1354143:1354465 [1] NCCL INFO Received and initiated operation=Init res=0
rg31602:1354143:1354469 [1] NCCL INFO resp.opId=0x1466ef1ced80 matches expected opId=0x1466ef1ced80
rg31602:1354143:1354469 [1] NCCL INFO Connected to proxy localRank 2 -> connection 0x1534d4005300
rg31602:1354144:1354463 [2] NCCL INFO Received and initiated operation=Init res=0
rg31602:1354144:1354470 [2] NCCL INFO ncclPollProxyResponse Received new opId=0x1535071ced80
rg31602:1354144:1354470 [2] NCCL INFO resp.opId=0x1535071ced80 matches expected opId=0x1535071ced80
rg31602:1354144:1354470 [2] NCCL INFO Connected to proxy localRank 1 -> connection 0x1466bc005300
rg31605:118363:118585 [0] NCCL INFO Allocated shareable buffer 0x1535f6c00000 size 10485760 ipcDesc 0x15359c010220
rg31605:118363:118585 [0] NCCL INFO proxyProgressAsync opId=0x1535cf1cee90 op.type=3 op.reqBuff=0x15359c0101f0 op.respSize=88 done
rg31605:118363:118593 [0] NCCL INFO ncclPollProxyResponse Received new opId=0x1535cf1cee90
rg31605:118363:118585 [0] NCCL INFO Received and initiated operation=Setup res=0
rg31605:118363:118593 [0] NCCL INFO resp.opId=0x1535cf1cee90 matches expected opId=0x1535cf1cee90
rg31602:1354142:1354462 [0] NCCL INFO New proxy send connection 8 from local rank 3, transport 0
rg31602:1354142:1354462 [0] NCCL INFO proxyProgressAsync opId=0x14cd171ca6d0 op.type=1 op.reqBuff=0x151268013030 op.respSize=16 done
rg31602:1354143:1354469 [1] NCCL INFO ProxyCall UDS comm 0x5555f5d97900 rank 1 tpRank 2(e989f7654845d1ea) reqSize 8 respSize 0 respFd 0x146746dddb48 opId 0x89d6ee375724e87
rg31602:1354144:1354470 [2] NCCL INFO ProxyCall UDS comm 0x557c02d82840 rank 2 tpRank 1(b6be2d560be2866a) reqSize 8 respSize 0 respFd 0x153564529b38 opId 0x66243d21dd57858b
rg31602:1354145:1354471 [3] NCCL INFO ncclPollProxyResponse Received new opId=0x14cd171ca6d0
rg31602:1354142:1354462 [0] NCCL INFO Received and initiated operation=Init res=0
rg31602:1354145:1354471 [3] NCCL INFO resp.opId=0x14cd171ca6d0 matches expected opId=0x14cd171ca6d0
rg31602:1354145:1354461 [3] NCCL INFO transport/net_ib.cc:1213 Ib Alloc Size 190080 pointer 0x14cce4014000
rg31602:1354145:1354471 [3] NCCL INFO Connected to proxy localRank 0 -> connection 0x151268005300
rg31602:1354143:1354468 [1] NCCL INFO proxyUDSRecvReq::ncclProxyMsgGetFd rank 2 opId 0x66243d21dd57858b handle=0x1466bc008bd0
rg31602:1354143:1354468 [1] NCCL INFO UDS proxyGetFd received handle 0x1466bc008bd0 peer 2 opId 66243d21dd57858b
rg31602:1354144:1354467 [2] NCCL INFO proxyUDSRecvReq::ncclProxyMsgGetFd rank 1 opId 0x89d6ee375724e87 handle=0x1534d4008bd0
rg31602:1354144:1354467 [2] NCCL INFO UDS proxyGetFd received handle 0x1534d4008bd0 peer 1 opId 89d6ee375724e87
rg31602:1354145:1354471 [3] NCCL INFO ProxyCall UDS comm 0x55fd064f5e40 rank 3 tpRank 0(a97a85be9205c536) reqSize 8 respSize 0 respFd 0x14cd6cb08b38 opId 0x3fd55a2a302e7121
rg31605:118363:118585 [0] NCCL INFO New proxy recv connection 6 from local rank 0, transport 0
rg31605:118363:118585 [0] NCCL INFO proxyProgressAsync opId=0x1535cf1cee90 op.type=1 op.reqBuff=0x15359c0101f0 op.respSize=16 done
rg31605:118363:118593 [0] NCCL INFO ncclPollProxyResponse Received new opId=0x1535cf1cee90
rg31602:1354142:1354466 [0] NCCL INFO proxyUDSRecvReq::ncclProxyMsgGetFd rank 3 opId 0x3fd55a2a302e7121 handle=0x151268008bd0
rg31602:1354142:1354466 [0] NCCL INFO UDS proxyGetFd received handle 0x151268008bd0 peer 3 opId 3fd55a2a302e7121
rg31605:118365:118583 [2] NCCL INFO New proxy recv connection 6 from local rank 2, transport 0
rg31605:118365:118583 [2] NCCL INFO proxyProgressAsync opId=0x14a1971ca6d0 op.type=1 op.reqBuff=0x14a16400e5b0 op.respSize=16 done
rg31605:118365:118592 [2] NCCL INFO ncclPollProxyResponse Received new opId=0x14a1971ca6d0
rg31605:118365:118583 [2] NCCL INFO Received and initiated operation=Init res=0
rg31602:1354145:1354461 [3] NCCL INFO transport/net_ib.cc:1238 Ib Alloc Size 3584 pointer 0x14cce4044000
rg31605:118363:118585 [0] NCCL INFO Received and initiated operation=Init res=0
rg31605:118363:118593 [0] NCCL INFO resp.opId=0x1535cf1cee90 matches expected opId=0x1535cf1cee90
rg31605:118363:118593 [0] NCCL INFO Connected to proxy localRank 0 -> connection 0x15359c005210
rg31602:1354145:1354461 [3] NCCL INFO Received and initiated operation=Connect res=0
rg31605:118365:118592 [2] NCCL INFO resp.opId=0x14a1971ca6d0 matches expected opId=0x14a1971ca6d0
rg31605:118365:118592 [2] NCCL INFO Connected to proxy localRank 2 -> connection 0x14a164005210
rg31602:1354145:1354461 [3] NCCL INFO transport/net_ib.cc:1213 Ib Alloc Size 190080 pointer 0x14cce4046000
rg31605:118363:118585 [0] NCCL INFO Allocated shareable buffer 0x1535f7600000 size 10485760 ipcDesc 0x15359c011940
rg31605:118363:118585 [0] NCCL INFO proxyProgressAsync opId=0x1535cf1cee90 op.type=3 op.reqBuff=0x15359c011910 op.respSize=88 done
rg31605:118363:118593 [0] NCCL INFO ncclPollProxyResponse Received new opId=0x1535cf1cee90
rg31605:118363:118585 [0] NCCL INFO Received and initiated operation=Setup res=0
rg31605:118363:118593 [0] NCCL INFO resp.opId=0x1535cf1cee90 matches expected opId=0x1535cf1cee90
rg31605:118365:118583 [2] NCCL INFO Allocated shareable buffer 0x14a1c1200000 size 10485760 ipcDesc 0x14a16400fd00
rg31605:118365:118583 [2] NCCL INFO proxyProgressAsync opId=0x14a1971ca6d0 op.type=3 op.reqBuff=0x14a16400fcd0 op.respSize=88 done
rg31602:1354145:1354461 [3] NCCL INFO transport/net_ib.cc:1238 Ib Alloc Size 3584 pointer 0x14cce4076000
rg31605:118365:118592 [2] NCCL INFO ncclPollProxyResponse Received new opId=0x14a1971ca6d0
rg31602:1354145:1354461 [3] NCCL INFO Received and initiated operation=Connect res=0
rg31605:118365:118583 [2] NCCL INFO Received and initiated operation=Setup res=0
rg31605:118365:118592 [2] NCCL INFO resp.opId=0x14a1971ca6d0 matches expected opId=0x14a1971ca6d0
rg31602:1354145:1354461 [3] NCCL INFO New proxy send connection 8 from local rank 0, transport 0
rg31602:1354145:1354461 [3] NCCL INFO proxyProgressAsync opId=0x1512971ca270 op.type=1 op.reqBuff=0x14cce40113f0 op.respSize=16 done
rg31605:118363:118585 [0] NCCL INFO New proxy recv connection 7 from local rank 0, transport 0
rg31605:118363:118585 [0] NCCL INFO proxyProgressAsync opId=0x1535cf1cee90 op.type=1 op.reqBuff=0x15359c011910 op.respSize=16 done
rg31605:118363:118593 [0] NCCL INFO ncclPollProxyResponse Received new opId=0x1535cf1cee90
rg31602:1354142:1354472 [0] NCCL INFO ncclPollProxyResponse Received new opId=0x1512971ca270
rg31605:118363:118585 [0] NCCL INFO Received and initiated operation=Init res=0
rg31605:118363:118593 [0] NCCL INFO resp.opId=0x1535cf1cee90 matches expected opId=0x1535cf1cee90
rg31605:118363:118593 [0] NCCL INFO Connected to proxy localRank 0 -> connection 0x15359c005288
rg31602:1354142:1354472 [0] NCCL INFO resp.opId=0x1512971ca270 matches expected opId=0x1512971ca270
rg31602:1354142:1354472 [0] NCCL INFO Connected to proxy localRank 3 -> connection 0x14cce4005300
rg31605:118365:118583 [2] NCCL INFO New proxy recv connection 7 from local rank 2, transport 0
rg31605:118365:118583 [2] NCCL INFO proxyProgressAsync opId=0x14a1971ca6d0 op.type=1 op.reqBuff=0x14a16400fcd0 op.respSize=16 done
rg31602:1354145:1354461 [3] NCCL INFO Received and initiated operation=Init res=0
rg31605:118365:118592 [2] NCCL INFO ncclPollProxyResponse Received new opId=0x14a1971ca6d0
rg31605:118365:118583 [2] NCCL INFO Received and initiated operation=Init res=0
rg31602:1354142:1354472 [0] NCCL INFO ProxyCall UDS comm 0x559210de1fc0 rank 0 tpRank 3(429286f31744ee78) reqSize 8 respSize 0 respFd 0x1512fc305b48 opId 0xaee29b345b5bf4aa
rg31605:118365:118592 [2] NCCL INFO resp.opId=0x14a1971ca6d0 matches expected opId=0x14a1971ca6d0
rg31605:118365:118592 [2] NCCL INFO Connected to proxy localRank 2 -> connection 0x14a164005288
rg31602:1354145:1354464 [3] NCCL INFO proxyUDSRecvReq::ncclProxyMsgGetFd rank 0 opId 0xaee29b345b5bf4aa handle=0x14cce4009e50
rg31602:1354145:1354464 [3] NCCL INFO UDS proxyGetFd received handle 0x14cce4009e50 peer 0 opId aee29b345b5bf4aa
rg31605:118363:118585 [0] NCCL INFO Allocated shareable buffer 0x1535f8000000 size 10485760 ipcDesc 0x15359c013060
rg31605:118363:118585 [0] NCCL INFO proxyProgressAsync opId=0x1535cf1cee90 op.type=3 op.reqBuff=0x15359c013030 op.respSize=88 done
rg31605:118363:118593 [0] NCCL INFO ncclPollProxyResponse Received new opId=0x1535cf1cee90
rg31605:118363:118585 [0] NCCL INFO Received and initiated operation=Setup res=0
rg31605:118363:118593 [0] NCCL INFO resp.opId=0x1535cf1cee90 matches expected opId=0x1535cf1cee90
rg31605:118365:118583 [2] NCCL INFO Allocated shareable buffer 0x14a1c1c00000 size 10485760 ipcDesc 0x14a164011420
rg31605:118365:118583 [2] NCCL INFO proxyProgressAsync opId=0x14a1971ca6d0 op.type=3 op.reqBuff=0x14a1640113f0 op.respSize=88 done
rg31605:118365:118592 [2] NCCL INFO ncclPollProxyResponse Received new opId=0x14a1971ca6d0
rg31605:118365:118583 [2] NCCL INFO Received and initiated operation=Setup res=0
rg31605:118365:118592 [2] NCCL INFO resp.opId=0x14a1971ca6d0 matches expected opId=0x14a1971ca6d0
rg31605:118366:118591 [3] NCCL INFO sendConnect ncclProxyCallAsync opId=0x15449b41f038
rg31605:118366:118591 [3] NCCL INFO sendConnect ncclProxyCallAsync opId=0x15449b42af48
rg31605:118365:118583 [2] NCCL INFO New proxy send connection 8 from local rank 1, transport 0
rg31605:118365:118583 [2] NCCL INFO proxyProgressAsync opId=0x14d7aea1cf90 op.type=1 op.reqBuff=0x14a1640113f0 op.respSize=16 done
rg31605:118364:118594 [1] NCCL INFO ncclPollProxyResponse Received new opId=0x14d7aea1cf90
rg31605:118364:118586 [1] NCCL INFO New proxy send connection 8 from local rank 2, transport 0
rg31605:118364:118586 [1] NCCL INFO proxyProgressAsync opId=0x14a1971ca6d0 op.type=1 op.reqBuff=0x14d77c00f5e0 op.respSize=16 done
rg31605:118364:118594 [1] NCCL INFO resp.opId=0x14d7aea1cf90 matches expected opId=0x14d7aea1cf90
rg31605:118364:118594 [1] NCCL INFO Connected to proxy localRank 2 -> connection 0x14a164005300
rg31605:118365:118583 [2] NCCL INFO Received and initiated operation=Init res=0
rg31605:118365:118592 [2] NCCL INFO ncclPollProxyResponse Received new opId=0x14a1971ca6d0
rg31605:118364:118586 [1] NCCL INFO Received and initiated operation=Init res=0
rg31605:118365:118592 [2] NCCL INFO resp.opId=0x14a1971ca6d0 matches expected opId=0x14a1971ca6d0
rg31605:118365:118592 [2] NCCL INFO Connected to proxy localRank 1 -> connection 0x14d77c005300
rg31605:118364:118594 [1] NCCL INFO ProxyCall UDS comm 0x563189210700 rank 1 tpRank 6(bb381d56cd11f9a7) reqSize 8 respSize 0 respFd 0x14d808708b48 opId 0xcb9f5a1d8c407b1b
rg31605:118363:118585 [0] NCCL INFO New proxy send connection 8 from local rank 3, transport 0
rg31605:118363:118585 [0] NCCL INFO proxyProgressAsync opId=0x15449aa1cf90 op.type=1 op.reqBuff=0x15359c013030 op.respSize=16 done
rg31605:118366:118584 [3] NCCL INFO transport/net_ib.cc:1213 Ib Alloc Size 190080 pointer 0x154468014000
rg31605:118363:118585 [0] NCCL INFO Received and initiated operation=Init res=0
rg31605:118365:118592 [2] NCCL INFO ProxyCall UDS comm 0x55f13dc41d40 rank 2 tpRank 5(64080527a681c810) reqSize 8 respSize 0 respFd 0x14a1ecb08b38 opId 0x5dfb25b1d99afb32
rg31605:118366:118591 [3] NCCL INFO ncclPollProxyResponse Received new opId=0x15449aa1cf90
rg31605:118366:118591 [3] NCCL INFO resp.opId=0x15449aa1cf90 matches expected opId=0x15449aa1cf90
rg31605:118366:118591 [3] NCCL INFO Connected to proxy localRank 0 -> connection 0x15359c005300
rg31605:118365:118588 [2] NCCL INFO proxyUDSRecvReq::ncclProxyMsgGetFd rank 1 opId 0xcb9f5a1d8c407b1b handle=0x14a164008bd0
rg31605:118365:118588 [2] NCCL INFO UDS proxyGetFd received handle 0x14a164008bd0 peer 1 opId cb9f5a1d8c407b1b
rg31605:118364:118590 [1] NCCL INFO proxyUDSRecvReq::ncclProxyMsgGetFd rank 2 opId 0x5dfb25b1d99afb32 handle=0x14d77c008bd0
rg31605:118364:118590 [1] NCCL INFO UDS proxyGetFd received handle 0x14d77c008bd0 peer 2 opId 5dfb25b1d99afb32
rg31605:118366:118591 [3] NCCL INFO ProxyCall UDS comm 0x55c467237300 rank 3 tpRank 4(501d536b633b12c2) reqSize 8 respSize 0 respFd 0x1544f42ddb38 opId 0x53ab47d68c36c915
rg31605:118363:118589 [0] NCCL INFO proxyUDSRecvReq::ncclProxyMsgGetFd rank 3 opId 0x53ab47d68c36c915 handle=0x15359c008bd0
rg31605:118363:118589 [0] NCCL INFO UDS proxyGetFd received handle 0x15359c008bd0 peer 3 opId 53ab47d68c36c915
rg31605:118366:118584 [3] NCCL INFO transport/net_ib.cc:1238 Ib Alloc Size 3584 pointer 0x154468044000
rg31605:118366:118584 [3] NCCL INFO Received and initiated operation=Connect res=0
rg31605:118366:118584 [3] NCCL INFO transport/net_ib.cc:1213 Ib Alloc Size 190080 pointer 0x154468046000
rg31605:118366:118584 [3] NCCL INFO transport/net_ib.cc:1238 Ib Alloc Size 3584 pointer 0x154468076000
rg31605:118366:118584 [3] NCCL INFO Received and initiated operation=Connect res=0
rg31605:118366:118584 [3] NCCL INFO New proxy send connection 8 from local rank 0, transport 0
rg31605:118366:118584 [3] NCCL INFO proxyProgressAsync opId=0x1535cf1cee90 op.type=1 op.reqBuff=0x1544680113f0 op.respSize=16 done
rg31605:118363:118593 [0] NCCL INFO ncclPollProxyResponse Received new opId=0x1535cf1cee90
rg31605:118366:118584 [3] NCCL INFO Received and initiated operation=Init res=0
rg31605:118363:118593 [0] NCCL INFO resp.opId=0x1535cf1cee90 matches expected opId=0x1535cf1cee90
rg31605:118363:118593 [0] NCCL INFO Connected to proxy localRank 3 -> connection 0x154468005300
rg31605:118363:118593 [0] NCCL INFO ProxyCall UDS comm 0x559f9552be80 rank 0 tpRank 7(1ab15181ff4999bb) reqSize 8 respSize 0 respFd 0x15362152ab48 opId 0x5b52f901e04811a
rg31605:118366:118587 [3] NCCL INFO proxyUDSRecvReq::ncclProxyMsgGetFd rank 0 opId 0x5b52f901e04811a handle=0x154468009e50
rg31605:118366:118587 [3] NCCL INFO UDS proxyGetFd received handle 0x154468009e50 peer 0 opId 5b52f901e04811a
rg31602:1354143:1354469 [1] NCCL INFO ProxyCall UDS comm 0x5555f5d97900 rank 1 tpRank 2(e989f7654845d1ea) reqSize 8 respSize 0 respFd 109 opId 0x89d6ee375724e87 - DONE
rg31602:1354143:1354469 [1] NCCL INFO UDS: ClientGetFd handle 0x1534d4008bd0 tpRank 2 returned fd 109 sameProcess 0
rg31602:1354143:1354469 [1] NCCL INFO UDS converted handle 0x1534d4008bd0 to fd 109 on remote peer 2
rg31605:118364:118594 [1] NCCL INFO ProxyCall UDS comm 0x563189210700 rank 1 tpRank 6(bb381d56cd11f9a7) reqSize 8 respSize 0 respFd 109 opId 0xcb9f5a1d8c407b1b - DONE
rg31605:118364:118594 [1] NCCL INFO UDS: ClientGetFd handle 0x14a164008bd0 tpRank 6 returned fd 109 sameProcess 0
rg31605:118364:118594 [1] NCCL INFO UDS converted handle 0x14a164008bd0 to fd 109 on remote peer 6
rg31602:1354144:1354470 [2] NCCL INFO ProxyCall UDS comm 0x557c02d82840 rank 2 tpRank 1(b6be2d560be2866a) reqSize 8 respSize 0 respFd 104 opId 0x66243d21dd57858b - DONE
rg31602:1354144:1354470 [2] NCCL INFO UDS: ClientGetFd handle 0x1466bc008bd0 tpRank 1 returned fd 104 sameProcess 0
rg31602:1354144:1354470 [2] NCCL INFO UDS converted handle 0x1466bc008bd0 to fd 104 on remote peer 1
rg31605:118365:118592 [2] NCCL INFO ProxyCall UDS comm 0x55f13dc41d40 rank 2 tpRank 5(64080527a681c810) reqSize 8 respSize 0 respFd 104 opId 0x5dfb25b1d99afb32 - DONE
rg31605:118365:118592 [2] NCCL INFO UDS: ClientGetFd handle 0x14d77c008bd0 tpRank 5 returned fd 104 sameProcess 0
rg31605:118365:118592 [2] NCCL INFO UDS converted handle 0x14d77c008bd0 to fd 104 on remote peer 5
rg31602:1354145:1354471 [3] NCCL INFO ProxyCall UDS comm 0x55fd064f5e40 rank 3 tpRank 0(a97a85be9205c536) reqSize 8 respSize 0 respFd 106 opId 0x3fd55a2a302e7121 - DONE
rg31602:1354145:1354471 [3] NCCL INFO UDS: ClientGetFd handle 0x151268008bd0 tpRank 0 returned fd 106 sameProcess 0
rg31602:1354145:1354471 [3] NCCL INFO UDS converted handle 0x151268008bd0 to fd 106 on remote peer 0
rg31605:118366:118591 [3] NCCL INFO ProxyCall UDS comm 0x55c467237300 rank 3 tpRank 4(501d536b633b12c2) reqSize 8 respSize 0 respFd 107 opId 0x53ab47d68c36c915 - DONE
rg31605:118366:118591 [3] NCCL INFO UDS: ClientGetFd handle 0x15359c008bd0 tpRank 4 returned fd 107 sameProcess 0
rg31605:118366:118591 [3] NCCL INFO UDS converted handle 0x15359c008bd0 to fd 107 on remote peer 4
rg31605:118363:118593 [0] NCCL INFO ProxyCall UDS comm 0x559f9552be80 rank 0 tpRank 7(1ab15181ff4999bb) reqSize 8 respSize 0 respFd 101 opId 0x5b52f901e04811a - DONE
rg31605:118363:118593 [0] NCCL INFO UDS: ClientGetFd handle 0x154468009e50 tpRank 7 returned fd 101 sameProcess 0
rg31605:118363:118593 [0] NCCL INFO UDS converted handle 0x154468009e50 to fd 101 on remote peer 7
rg31605:118364:118594 [1] NCCL INFO Imported shareable buffer device 1 size 10485760 ptr 0x14d7d6200000
rg31605:118364:118594 [1] NCCL INFO ProxyCall UDS comm 0x563189210700 rank 1 tpRank 6(bb381d56cd11f9a7) reqSize 8 respSize 0 respFd 0x14d808708b48 opId 0xec777a45a0274b11
rg31605:118365:118588 [2] NCCL INFO proxyUDSRecvReq::ncclProxyMsgGetFd rank 1 opId 0xec777a45a0274b11 handle=0x14a16400a590
rg31605:118365:118588 [2] NCCL INFO UDS proxyGetFd received handle 0x14a16400a590 peer 1 opId ec777a45a0274b11
rg31602:1354144:1354470 [2] NCCL INFO Imported shareable buffer device 2 size 2097152 ptr 0x153532600000
rg31602:1354144:1354470 [2] NCCL INFO ProxyCall UDS comm 0x557c02d82840 rank 2 tpRank 1(b6be2d560be2866a) reqSize 8 respSize 0 respFd 0x153564529b38 opId 0xa3eec8e1ef876c6f
rg31602:1354143:1354468 [1] NCCL INFO proxyUDSRecvReq::ncclProxyMsgGetFd rank 2 opId 0xa3eec8e1ef876c6f handle=0x1466bc00a590
rg31602:1354143:1354468 [1] NCCL INFO UDS proxyGetFd received handle 0x1466bc00a590 peer 2 opId a3eec8e1ef876c6f
rg31602:1354142:1354472 [0] NCCL INFO ProxyCall UDS comm 0x559210de1fc0 rank 0 tpRank 3(429286f31744ee78) reqSize 8 respSize 0 respFd 122 opId 0xaee29b345b5bf4aa - DONE
rg31602:1354142:1354472 [0] NCCL INFO UDS: ClientGetFd handle 0x14cce4009e50 tpRank 3 returned fd 122 sameProcess 0
rg31602:1354142:1354472 [0] NCCL INFO UDS converted handle 0x14cce4009e50 to fd 122 on remote peer 3
rg31605:118365:118592 [2] NCCL INFO Imported shareable buffer device 2 size 2097152 ptr 0x14a1c2600000
rg31605:118365:118592 [2] NCCL INFO ProxyCall UDS comm 0x55f13dc41d40 rank 2 tpRank 5(64080527a681c810) reqSize 8 respSize 0 respFd 0x14a1ecb08b38 opId 0x8eaf29b0368f8543
rg31605:118364:118590 [1] NCCL INFO proxyUDSRecvReq::ncclProxyMsgGetFd rank 2 opId 0x8eaf29b0368f8543 handle=0x14d77c00a590
rg31605:118364:118590 [1] NCCL INFO UDS proxyGetFd received handle 0x14d77c00a590 peer 2 opId 8eaf29b0368f8543
rg31602:1354143:1354469 [1] NCCL INFO Imported shareable buffer device 1 size 10485760 ptr 0x146718200000
rg31602:1354143:1354469 [1] NCCL INFO ProxyCall UDS comm 0x5555f5d97900 rank 1 tpRank 2(e989f7654845d1ea) reqSize 8 respSize 0 respFd 0x146746dddb48 opId 0xd91078336a35999e
rg31602:1354144:1354467 [2] NCCL INFO proxyUDSRecvReq::ncclProxyMsgGetFd rank 1 opId 0xd91078336a35999e handle=0x1534d400a590
rg31602:1354144:1354467 [2] NCCL INFO UDS proxyGetFd received handle 0x1534d400a590 peer 1 opId d91078336a35999e
rg31602:1354145:1354471 [3] NCCL INFO Imported shareable buffer device 3 size 2097152 ptr 0x14cd42600000
rg31602:1354145:1354471 [3] NCCL INFO ProxyCall UDS comm 0x55fd064f5e40 rank 3 tpRank 0(a97a85be9205c536) reqSize 8 respSize 0 respFd 0x14cd6cb08b38 opId 0x4a98bc3c15babd78
rg31602:1354142:1354466 [0] NCCL INFO proxyUDSRecvReq::ncclProxyMsgGetFd rank 3 opId 0x4a98bc3c15babd78 handle=0x15126800a590
rg31602:1354142:1354466 [0] NCCL INFO UDS proxyGetFd received handle 0x15126800a590 peer 3 opId 4a98bc3c15babd78
rg31605:118366:118591 [3] NCCL INFO Imported shareable buffer device 3 size 2097152 ptr 0x1544c4600000
rg31605:118366:118591 [3] NCCL INFO ProxyCall UDS comm 0x55c467237300 rank 3 tpRank 4(501d536b633b12c2) reqSize 8 respSize 0 respFd 0x1544f42ddb38 opId 0x73ef77350c8ad46c
rg31605:118363:118589 [0] NCCL INFO proxyUDSRecvReq::ncclProxyMsgGetFd rank 3 opId 0x73ef77350c8ad46c handle=0x15359c00a590
rg31605:118363:118589 [0] NCCL INFO UDS proxyGetFd received handle 0x15359c00a590 peer 3 opId 73ef77350c8ad46c
rg31602:1354144:1354470 [2] NCCL INFO ProxyCall UDS comm 0x557c02d82840 rank 2 tpRank 1(b6be2d560be2866a) reqSize 8 respSize 0 respFd 104 opId 0xa3eec8e1ef876c6f - DONE
rg31602:1354144:1354470 [2] NCCL INFO UDS: ClientGetFd handle 0x1466bc00a590 tpRank 1 returned fd 104 sameProcess 0
rg31602:1354144:1354470 [2] NCCL INFO UDS converted handle 0x1466bc00a590 to fd 104 on remote peer 1
rg31605:118364:118594 [1] NCCL INFO ProxyCall UDS comm 0x563189210700 rank 1 tpRank 6(bb381d56cd11f9a7) reqSize 8 respSize 0 respFd 108 opId 0xec777a45a0274b11 - DONE
rg31605:118364:118594 [1] NCCL INFO UDS: ClientGetFd handle 0x14a16400a590 tpRank 6 returned fd 108 sameProcess 0
rg31605:118364:118594 [1] NCCL INFO UDS converted handle 0x14a16400a590 to fd 108 on remote peer 6
rg31602:1354145:1354471 [3] NCCL INFO ProxyCall UDS comm 0x55fd064f5e40 rank 3 tpRank 0(a97a85be9205c536) reqSize 8 respSize 0 respFd 106 opId 0x4a98bc3c15babd78 - DONE
rg31602:1354145:1354471 [3] NCCL INFO UDS: ClientGetFd handle 0x15126800a590 tpRank 0 returned fd 106 sameProcess 0
rg31602:1354145:1354471 [3] NCCL INFO UDS converted handle 0x15126800a590 to fd 106 on remote peer 0
rg31602:1354142:1354472 [0] NCCL INFO Imported shareable buffer device 0 size 10485760 ptr 0x1512c4a00000
rg31602:1354142:1354472 [0] NCCL INFO ProxyCall UDS comm 0x559210de1fc0 rank 0 tpRank 3(429286f31744ee78) reqSize 8 respSize 0 respFd 0x1512fc305b48 opId 0xffef218cb9833f72
rg31602:1354145:1354464 [3] NCCL INFO proxyUDSRecvReq::ncclProxyMsgGetFd rank 0 opId 0xffef218cb9833f72 handle=0x14cce400b7f0
rg31602:1354145:1354464 [3] NCCL INFO UDS proxyGetFd received handle 0x14cce400b7f0 peer 0 opId ffef218cb9833f72
rg31602:1354143:1354469 [1] NCCL INFO ProxyCall UDS comm 0x5555f5d97900 rank 1 tpRank 2(e989f7654845d1ea) reqSize 8 respSize 0 respFd 108 opId 0xd91078336a35999e - DONE
rg31602:1354143:1354469 [1] NCCL INFO UDS: ClientGetFd handle 0x1534d400a590 tpRank 2 returned fd 108 sameProcess 0
rg31602:1354143:1354469 [1] NCCL INFO UDS converted handle 0x1534d400a590 to fd 108 on remote peer 2
rg31602:1354144:1354470 [2] NCCL INFO Imported shareable buffer device 2 size 2097152 ptr 0x153532800000
rg31602:1354144:1354470 [2] NCCL INFO sendConnect ncclProxyCallAsync opId=0x15350741a118
rg31602:1354144:1354470 [2] NCCL INFO sendConnect ncclProxyCallAsync opId=0x153507425c28
rg31602:1354145:1354471 [3] NCCL INFO Imported shareable buffer device 3 size 2097152 ptr 0x14cd42800000
rg31602:1354144:1354463 [2] NCCL INFO transport/net_ib.cc:1213 Ib Alloc Size 190080 pointer 0x1534d4014000
rg31602:1354142:1354462 [0] NCCL INFO New proxy send connection 9 from local rank 2, transport 0
rg31602:1354142:1354462 [0] NCCL INFO proxyProgressAsync opId=0x1535071ced80 op.type=1 op.reqBuff=0x151268014750 op.respSize=16 done
rg31602:1354144:1354470 [2] NCCL INFO ncclPollProxyResponse Received new opId=0x1535071ced80
rg31602:1354144:1354470 [2] NCCL INFO resp.opId=0x1535071ced80 matches expected opId=0x1535071ced80
rg31602:1354145:1354471 [3] NCCL INFO ProxyCall UDS comm 0x55fd064f5e40 rank 3 tpRank 0(a97a85be9205c536) reqSize 8 respSize 0 respFd 0x14cd6cb08b38 opId 0x2c96807a2a5aab29
rg31602:1354142:1354462 [0] NCCL INFO Received and initiated operation=Init res=0
rg31602:1354142:1354466 [0] NCCL INFO proxyUDSRecvReq::ncclProxyMsgGetFd rank 3 opId 0x2c96807a2a5aab29 handle=0x15126800bcf0
rg31602:1354142:1354466 [0] NCCL INFO UDS proxyGetFd received handle 0x15126800bcf0 peer 3 opId 2c96807a2a5aab29
rg31602:1354144:1354470 [2] NCCL INFO Connected to proxy localRank 0 -> connection 0x151268005378
rg31602:1354144:1354470 [2] NCCL INFO ProxyCall UDS comm 0x557c02d82840 rank 2 tpRank 0(a97a85be9205c536) reqSize 8 respSize 0 respFd 0x153564529b48 opId 0x226afa8b740c9224
rg31602:1354144:1354463 [2] NCCL INFO transport/net_ib.cc:1238 Ib Alloc Size 3584 pointer 0x1534d4044000
rg31602:1354144:1354463 [2] NCCL INFO Received and initiated operation=Connect res=0
rg31602:1354144:1354463 [2] NCCL INFO transport/net_ib.cc:1213 Ib Alloc Size 190080 pointer 0x1534d4046000
