rg32403:182438:182625 [1] NCCL INFO transport/net_ib.cc:1514 Ib Alloc Size 173024 pointer 0x146ef0012000
rg32403:182438:182625 [1] NCCL INFO transport/net_ib.cc:1524 Ib Alloc Size 3584 pointer 0x146ef003e000
rg32403:182438:182625 [1] NCCL INFO Received and initiated operation=Connect res=0
rg32403:182437:182624 [0] NCCL INFO New proxy send connection 9 from local rank 1, transport 0
rg32403:182437:182624 [0] NCCL INFO proxyProgressAsync opId=0x146f231ca6d0 op.type=1 op.reqBuff=0x1511b8014750 op.respSize=16 done
rg32403:182438:182631 [1] NCCL INFO ncclPollProxyResponse Received new opId=0x146f231ca6d0
rg32403:182437:182624 [0] NCCL INFO Received and initiated operation=Init res=0
rg32403:182438:182631 [1] NCCL INFO resp.opId=0x146f231ca6d0 matches expected opId=0x146f231ca6d0
rg32403:182438:182631 [1] NCCL INFO Connected to proxy localRank 0 -> connection 0x1511b8005378
rg32403:182438:182631 [1] NCCL INFO ProxyCall UDS comm 0x562d34fa7640 rank 1 tpRank 0(d20cc8987f2b216b) reqSize 8 respSize 0 respFd 0x146f807fdb48 opId 0x5cf3ad054de8aa1
rg32403:182438:182625 [1] NCCL INFO transport/net_ib.cc:1514 Ib Alloc Size 173024 pointer 0x146ef0040000
rg32403:182437:182629 [0] NCCL INFO proxyUDSRecvReq::ncclProxyMsgGetFd rank 1 opId 0x5cf3ad054de8aa1 handle=0x1511b8011990
rg32403:182437:182629 [0] NCCL INFO UDS proxyGetFd received handle 0x1511b8011990 peer 1 opId 5cf3ad054de8aa1
rg32403:182438:182625 [1] NCCL INFO transport/net_ib.cc:1524 Ib Alloc Size 3584 pointer 0x146ef006c000
rg32403:182438:182625 [1] NCCL INFO Received and initiated operation=Connect res=0
rg32403:182438:182625 [1] NCCL INFO transport/net_ib.cc:1514 Ib Alloc Size 173024 pointer 0x146ef006e000
rg32403:182438:182625 [1] NCCL INFO transport/net_ib.cc:1524 Ib Alloc Size 3584 pointer 0x146ef009a000
rg32403:182438:182625 [1] NCCL INFO Received and initiated operation=Connect res=0
rg32403:182438:182625 [1] NCCL INFO transport/net_ib.cc:1514 Ib Alloc Size 173024 pointer 0x146ef009c000
rg32403:182438:182625 [1] NCCL INFO transport/net_ib.cc:1524 Ib Alloc Size 3584 pointer 0x146ef00c8000
rg32403:182438:182625 [1] NCCL INFO Received and initiated operation=Connect res=0
rg32602:129030:129197 [0] NCCL INFO Imported shareable buffer device 0 size 10485760 ptr 0x154176a00000
rg32602:129030:129197 [0] NCCL INFO ProxyCall UDS comm 0x55f34816a180 rank 0 tpRank 7(812a7148f224f472) reqSize 8 respSize 0 respFd 0x1541a8283b48 opId 0x29d3e751a138ade9
rg32403:182437:182633 [0] NCCL INFO ProxyCall UDS comm 0x55872757f500 rank 0 tpRank 3(6b3c827026349a89) reqSize 8 respSize 0 respFd 124 opId 0xc29af9c2e5a33d24 - DONE
rg32403:182437:182633 [0] NCCL INFO UDS: ClientGetFd handle 0x1528c800b7f0 tpRank 3 returned fd 124 sameProcess 0
rg32403:182437:182633 [0] NCCL INFO UDS converted handle 0x1528c800b7f0 to fd 124 on remote peer 3
rg32403:182439:182634 [2] NCCL INFO Imported shareable buffer device 2 size 2097152 ptr 0x15500a800000
rg32602:129033:129192 [3] NCCL INFO proxyUDSRecvReq::ncclProxyMsgGetFd rank 0 opId 0x29d3e751a138ade9 handle=0x15096000b7f0
rg32602:129033:129192 [3] NCCL INFO UDS proxyGetFd received handle 0x15096000b7f0 peer 0 opId 29d3e751a138ade9
rg32403:182439:182634 [2] NCCL INFO sendConnect ncclProxyCallAsync opId=0x154fdf415938
rg32403:182439:182634 [2] NCCL INFO sendConnect ncclProxyCallAsync opId=0x154fdf421338
rg32403:182437:182624 [0] NCCL INFO New proxy send connection 10 from local rank 2, transport 0
rg32403:182437:182624 [0] NCCL INFO proxyProgressAsync opId=0x154fdf1ca6d0 op.type=1 op.reqBuff=0x1511b8013030 op.respSize=16 done
rg32403:182439:182626 [2] NCCL INFO transport/net_ib.cc:1213 Ib Alloc Size 190080 pointer 0x154fac014000
rg32403:182439:182634 [2] NCCL INFO ncclPollProxyResponse Received new opId=0x154fdf1ca6d0
rg32403:182440:182632 [3] NCCL INFO Imported shareable buffer device 3 size 2097152 ptr 0x152926800000
rg32403:182437:182624 [0] NCCL INFO Received and initiated operation=Init res=0
rg32403:182439:182634 [2] NCCL INFO resp.opId=0x154fdf1ca6d0 matches expected opId=0x154fdf1ca6d0
rg32403:182439:182634 [2] NCCL INFO Connected to proxy localRank 0 -> connection 0x1511b80053f0
rg32403:182439:182634 [2] NCCL INFO ProxyCall UDS comm 0x559eca9b6780 rank 2 tpRank 0(d20cc8987f2b216b) reqSize 8 respSize 0 respFd 0x15503c51db48 opId 0x2971bff53137efba
rg32403:182440:182632 [3] NCCL INFO ProxyCall UDS comm 0x55f1139ea640 rank 3 tpRank 0(d20cc8987f2b216b) reqSize 8 respSize 0 respFd 0x15295824db38 opId 0xef289df1de34d378
rg32403:182437:182629 [0] NCCL INFO proxyUDSRecvReq::ncclProxyMsgGetFd rank 3 opId 0xef289df1de34d378 handle=0x1511b800bcf0
rg32403:182437:182629 [0] NCCL INFO UDS proxyGetFd received handle 0x1511b800bcf0 peer 3 opId ef289df1de34d378
rg32403:182438:182631 [1] NCCL INFO ProxyCall UDS comm 0x562d34fa7640 rank 1 tpRank 0(d20cc8987f2b216b) reqSize 8 respSize 0 respFd 113 opId 0x5cf3ad054de8aa1 - DONE
rg32403:182438:182631 [1] NCCL INFO UDS: ClientGetFd handle 0x1511b8011990 tpRank 0 returned fd 113 sameProcess 0
rg32403:182438:182631 [1] NCCL INFO UDS converted handle 0x1511b8011990 to fd 113 on remote peer 0
rg32403:182439:182626 [2] NCCL INFO transport/net_ib.cc:1238 Ib Alloc Size 3584 pointer 0x154fac044000
rg32403:182439:182626 [2] NCCL INFO Received and initiated operation=Connect res=0
rg32403:182437:182633 [0] NCCL INFO Imported shareable buffer device 0 size 10485760 ptr 0x151211400000
rg32403:182437:182633 [0] NCCL INFO ProxyCall UDS comm 0x55872757f500 rank 0 tpRank 3(6b3c827026349a89) reqSize 8 respSize 0 respFd 0x151249b06b48 opId 0xdd52e75066ddaa28
rg32403:182439:182626 [2] NCCL INFO transport/net_ib.cc:1213 Ib Alloc Size 190080 pointer 0x154fac046000
rg32403:182440:182628 [3] NCCL INFO proxyUDSRecvReq::ncclProxyMsgGetFd rank 0 opId 0xdd52e75066ddaa28 handle=0x1528c800cf10
rg32403:182440:182628 [3] NCCL INFO UDS proxyGetFd received handle 0x1528c800cf10 peer 0 opId dd52e75066ddaa28
rg32403:182439:182626 [2] NCCL INFO transport/net_ib.cc:1238 Ib Alloc Size 3584 pointer 0x154fac076000
rg32403:182439:182626 [2] NCCL INFO Received and initiated operation=Connect res=0
rg32602:129032:129186 [2] NCCL INFO NET/IB: NCCL Dev 1 IbDev 0 Port 1 qpn 1573 mtu 5 LID 202 subnet-prefix 33022  FLID 0 fifoRkey=0x181cdb fifoLkey=0x181cdb
rg32602:129033:129188 [3] NCCL INFO NET/IB: NCCL Dev 1 IbDev 0 Port 1 qpn 1574 mtu 5 LID 202 subnet-prefix 33022  FLID 0 fifoRkey=0x1823e2 fifoLkey=0x1823e2
rg32602:129032:129186 [2] NCCL INFO NET/IB: NCCL Dev 1 IbDev 0 Port 1 qpn 1575 mtu 5 LID 202 subnet-prefix 33022  FLID 0 fifoRkey=0x1806c5 fifoLkey=0x1806c5
rg32602:129033:129188 [3] NCCL INFO NET/IB: NCCL Dev 1 IbDev 0 Port 1 qpn 1576 mtu 5 LID 202 subnet-prefix 33022  FLID 0 fifoRkey=0x1817d6 fifoLkey=0x1817d6
rg32602:129030:129193 [0] NCCL INFO proxyUDSRecvReq::ncclProxyMsgGetFd rank 2 opId 0x704de25bc11af132 handle=0x15411800eb50
rg32602:129030:129193 [0] NCCL INFO UDS proxyGetFd received handle 0x15411800eb50 peer 2 opId 704de25bc11af132
rg32602:129033:129196 [3] NCCL INFO ProxyCall UDS comm 0x564252ed56c0 rank 3 tpRank 4(fe7b3ad0c772c4d1) reqSize 8 respSize 0 respFd 106 opId 0xa1eea6e3f370f8c1 - DONE
rg32602:129033:129196 [3] NCCL INFO UDS: ClientGetFd handle 0x15411800bcf0 tpRank 4 returned fd 106 sameProcess 0
rg32602:129033:129196 [3] NCCL INFO UDS converted handle 0x15411800bcf0 to fd 106 on remote peer 4
rg32602:129031:129195 [1] NCCL INFO Imported shareable buffer device 1 size 10485760 ptr 0x15365cc00000
rg32602:129031:129195 [1] NCCL INFO recvConnect ncclProxyCallAsync opId=0x15363341f738 &recv->proxyConn=0x15363341f740 connectInfo=0x15363343cdf0
rg32602:129031:129195 [1] NCCL INFO recvConnect ncclProxyCallAsync opId=0x15363342b648 &recv->proxyConn=0x15363342b650 connectInfo=0x15363343cef0
rg32602:129031:129195 [1] NCCL INFO recvConnect ncclProxyCallAsync opId=0x153633419890 &recv->proxyConn=0x153633419898 connectInfo=0x153633444e00
rg32602:129031:129195 [1] NCCL INFO recvConnect ncclProxyCallAsync opId=0x1536334252e0 &recv->proxyConn=0x1536334252e8 connectInfo=0x153633444f00
rg32602:129031:129187 [1] NCCL INFO transport/net_ib.cc:1514 Ib Alloc Size 173024 pointer 0x153600012000
rg32602:129031:129187 [1] NCCL INFO transport/net_ib.cc:1524 Ib Alloc Size 3584 pointer 0x15360003e000
rg32602:129031:129187 [1] NCCL INFO Received and initiated operation=Connect res=0
rg32602:129030:129189 [0] NCCL INFO New proxy send connection 10 from local rank 1, transport 0
rg32602:129030:129189 [0] NCCL INFO proxyProgressAsync opId=0x1536331ced20 op.type=1 op.reqBuff=0x154118013030 op.respSize=16 done
rg32602:129030:129189 [0] NCCL INFO Received and initiated operation=Init res=0
rg32602:129031:129195 [1] NCCL INFO ncclPollProxyResponse Received new opId=0x1536331ced20
rg32602:129031:129195 [1] NCCL INFO resp.opId=0x1536331ced20 matches expected opId=0x1536331ced20
rg32602:129031:129195 [1] NCCL INFO Connected to proxy localRank 0 -> connection 0x1541180053f0
rg32602:129031:129187 [1] NCCL INFO transport/net_ib.cc:1514 Ib Alloc Size 173024 pointer 0x153600040000
rg32602:129031:129195 [1] NCCL INFO ProxyCall UDS comm 0x55fa03b65140 rank 1 tpRank 4(fe7b3ad0c772c4d1) reqSize 8 respSize 0 respFd 0x15368a308b48 opId 0xcf3e00fb8a552e0d
rg32602:129031:129187 [1] NCCL INFO transport/net_ib.cc:1524 Ib Alloc Size 3584 pointer 0x15360006c000
rg32602:129031:129187 [1] NCCL INFO Received and initiated operation=Connect res=0
rg32602:129031:129187 [1] NCCL INFO transport/net_ib.cc:1514 Ib Alloc Size 173024 pointer 0x15360006e000
rg32602:129031:129187 [1] NCCL INFO transport/net_ib.cc:1524 Ib Alloc Size 3584 pointer 0x15360009a000
rg32403:182437:182629 [0] NCCL INFO proxyUDSRecvReq::ncclProxyMsgGetFd rank 2 opId 0x2971bff53137efba handle=0x1511b800eb50
rg32403:182437:182629 [0] NCCL INFO UDS proxyGetFd received handle 0x1511b800eb50 peer 2 opId 2971bff53137efba
rg32602:129031:129187 [1] NCCL INFO Received and initiated operation=Connect res=0
rg32403:182440:182632 [3] NCCL INFO ProxyCall UDS comm 0x55f1139ea640 rank 3 tpRank 0(d20cc8987f2b216b) reqSize 8 respSize 0 respFd 106 opId 0xef289df1de34d378 - DONE
rg32403:182440:182632 [3] NCCL INFO UDS: ClientGetFd handle 0x1511b800bcf0 tpRank 0 returned fd 106 sameProcess 0
rg32403:182440:182632 [3] NCCL INFO UDS converted handle 0x1511b800bcf0 to fd 106 on remote peer 0
rg32602:129031:129187 [1] NCCL INFO transport/net_ib.cc:1514 Ib Alloc Size 173024 pointer 0x15360009c000
rg32602:129031:129187 [1] NCCL INFO transport/net_ib.cc:1524 Ib Alloc Size 3584 pointer 0x1536000c8000
rg32602:129031:129187 [1] NCCL INFO Received and initiated operation=Connect res=0
rg32602:129033:129196 [3] NCCL INFO Imported shareable buffer device 3 size 2097152 ptr 0x1509bea00000
rg32602:129033:129196 [3] NCCL INFO ProxyCall UDS comm 0x564252ed56c0 rank 3 tpRank 4(fe7b3ad0c772c4d1) reqSize 8 respSize 0 respFd 0x1509f0253b38 opId 0x107a896bc247b277
rg32403:182438:182625 [1] NCCL INFO transport/net_ib.cc:1718 Ib Alloc Size 3584 pointer 0x146ef0139000
rg32403:182439:182626 [2] NCCL INFO NET/IB: NCCL Dev 1 IbDev 0 Port 1 qpn 1534 mtu 5 LID 217 subnet-prefix 33022  FLID 0 fifoRkey=0x1820df fifoLkey=0x1820df
rg32403:182440:182623 [3] NCCL INFO NET/IB: NCCL Dev 1 IbDev 0 Port 1 qpn 1533 mtu 5 LID 217 subnet-prefix 33022  FLID 0 fifoRkey=0x17d291 fifoLkey=0x17d291
rg32602:129030:129197 [0] NCCL INFO ProxyCall UDS comm 0x55f34816a180 rank 0 tpRank 7(812a7148f224f472) reqSize 8 respSize 0 respFd 105 opId 0x29d3e751a138ade9 - DONE
rg32602:129030:129197 [0] NCCL INFO UDS: ClientGetFd handle 0x15096000b7f0 tpRank 7 returned fd 105 sameProcess 0
rg32602:129030:129197 [0] NCCL INFO UDS converted handle 0x15096000b7f0 to fd 105 on remote peer 7
rg32403:182439:182626 [2] NCCL INFO NET/IB: NCCL Dev 1 IbDev 0 Port 1 qpn 1536 mtu 5 LID 217 subnet-prefix 33022  FLID 0 fifoRkey=0x181edd fifoLkey=0x181edd
rg32403:182440:182623 [3] NCCL INFO NET/IB: NCCL Dev 1 IbDev 0 Port 1 qpn 1537 mtu 5 LID 217 subnet-prefix 33022  FLID 0 fifoRkey=0x17c684 fifoLkey=0x17c684
rg32602:129030:129193 [0] NCCL INFO proxyUDSRecvReq::ncclProxyMsgGetFd rank 1 opId 0xcf3e00fb8a552e0d handle=0x154118011990
rg32602:129030:129193 [0] NCCL INFO UDS proxyGetFd received handle 0x154118011990 peer 1 opId cf3e00fb8a552e0d
rg32602:129032:129194 [2] NCCL INFO ProxyCall UDS comm 0x564cc2374b40 rank 2 tpRank 4(fe7b3ad0c772c4d1) reqSize 8 respSize 0 respFd 107 opId 0x704de25bc11af132 - DONE
rg32602:129032:129194 [2] NCCL INFO UDS: ClientGetFd handle 0x15411800eb50 tpRank 4 returned fd 107 sameProcess 0
rg32602:129032:129194 [2] NCCL INFO UDS converted handle 0x15411800eb50 to fd 107 on remote peer 4
rg32403:182438:182625 [1] NCCL INFO transport/net_ib.cc:1718 Ib Alloc Size 3584 pointer 0x146ef01a0000
rg32602:129031:129187 [1] NCCL INFO transport/net_ib.cc:1718 Ib Alloc Size 3584 pointer 0x153600139000
rg32602:129030:129197 [0] NCCL INFO Imported shareable buffer device 0 size 10485760 ptr 0x154177400000
rg32602:129030:129197 [0] NCCL INFO ProxyCall UDS comm 0x55f34816a180 rank 0 tpRank 7(812a7148f224f472) reqSize 8 respSize 0 respFd 0x1541a8283b48 opId 0xa75dd25e0decc1d9
rg32602:129033:129192 [3] NCCL INFO proxyUDSRecvReq::ncclProxyMsgGetFd rank 0 opId 0xa75dd25e0decc1d9 handle=0x15096000cf10
rg32602:129033:129192 [3] NCCL INFO UDS proxyGetFd received handle 0x15096000cf10 peer 0 opId a75dd25e0decc1d9
rg32403:182438:182625 [1] NCCL INFO transport/net_ib.cc:1718 Ib Alloc Size 3584 pointer 0x146ef0207000
rg32602:129031:129187 [1] NCCL INFO transport/net_ib.cc:1718 Ib Alloc Size 3584 pointer 0x1536001a0000
rg32403:182438:182625 [1] NCCL INFO transport/net_ib.cc:1718 Ib Alloc Size 3584 pointer 0x146ef026e000
rg32602:129031:129187 [1] NCCL INFO transport/net_ib.cc:1718 Ib Alloc Size 3584 pointer 0x153600207000
rg32602:129031:129187 [1] NCCL INFO transport/net_ib.cc:1718 Ib Alloc Size 3584 pointer 0x15360026e000
rg32403:182439:182626 [2] NCCL INFO transport/net.cc:805 Cuda Host Alloc Size 9641984 pointer 0x15500aa00000
rg32403:182439:182626 [2] NCCL INFO Mem Realloc old size 0, new size 1024 pointer 0x154fac0926b0
rg32403:182440:182623 [3] NCCL INFO transport/net.cc:805 Cuda Host Alloc Size 9641984 pointer 0x152926a00000
rg32403:182440:182623 [3] NCCL INFO Mem Realloc old size 0, new size 1024 pointer 0x1528c8092690
rg32403:182438:182625 [1] NCCL INFO transport/net.cc:958 Cuda Host Alloc Size 9641984 pointer 0x146f4e000000
rg32403:182438:182625 [1] NCCL INFO Mem Realloc old size 0, new size 1024 pointer 0x146ef009b010
rg32403:182439:182634 [2] NCCL INFO ProxyCall UDS comm 0x559eca9b6780 rank 2 tpRank 0(d20cc8987f2b216b) reqSize 8 respSize 0 respFd 107 opId 0x2971bff53137efba - DONE
rg32403:182439:182634 [2] NCCL INFO UDS: ClientGetFd handle 0x1511b800eb50 tpRank 0 returned fd 107 sameProcess 0
rg32403:182439:182634 [2] NCCL INFO UDS converted handle 0x1511b800eb50 to fd 107 on remote peer 0
rg32403:182437:182633 [0] NCCL INFO ProxyCall UDS comm 0x55872757f500 rank 0 tpRank 3(6b3c827026349a89) reqSize 8 respSize 0 respFd 124 opId 0xdd52e75066ddaa28 - DONE
rg32403:182437:182633 [0] NCCL INFO UDS: ClientGetFd handle 0x1528c800cf10 tpRank 3 returned fd 124 sameProcess 0
rg32403:182437:182633 [0] NCCL INFO UDS converted handle 0x1528c800cf10 to fd 124 on remote peer 3
rg32403:182440:182632 [3] NCCL INFO Imported shareable buffer device 3 size 2097152 ptr 0x152927400000
rg32403:182440:182632 [3] NCCL INFO ProxyCall UDS comm 0x55f1139ea640 rank 3 tpRank 0(d20cc8987f2b216b) reqSize 8 respSize 0 respFd 0x15295824db38 opId 0xce50525c900d7b0
rg32403:182437:182629 [0] NCCL INFO proxyUDSRecvReq::ncclProxyMsgGetFd rank 3 opId 0xce50525c900d7b0 handle=0x1511b800d430
rg32403:182437:182629 [0] NCCL INFO UDS proxyGetFd received handle 0x1511b800d430 peer 3 opId ce50525c900d7b0
rg32403:182439:182626 [2] NCCL INFO proxyProgressAsync opId=0x154fdf415938 op.type=4 op.reqBuff=0x154fac012b30 op.respSize=1400 done
rg32403:182440:182623 [3] NCCL INFO proxyProgressAsync opId=0x1528fb41b428 op.type=4 op.reqBuff=0x1528c8012b10 op.respSize=1400 done
rg32403:182438:182625 [1] NCCL INFO proxyProgressAsync opId=0x146f23415e50 op.type=4 op.reqBuff=0x146ef003d8e0 op.respSize=1400 done
rg32602:129030:129193 [0] NCCL INFO proxyUDSRecvReq::ncclProxyMsgGetFd rank 3 opId 0x107a896bc247b277 handle=0x15411800d430
rg32602:129030:129193 [0] NCCL INFO UDS proxyGetFd received handle 0x15411800d430 peer 3 opId 107a896bc247b277
rg32602:129031:129195 [1] NCCL INFO ProxyCall UDS comm 0x55fa03b65140 rank 1 tpRank 4(fe7b3ad0c772c4d1) reqSize 8 respSize 0 respFd 101 opId 0xcf3e00fb8a552e0d - DONE
rg32602:129031:129195 [1] NCCL INFO UDS: ClientGetFd handle 0x154118011990 tpRank 4 returned fd 101 sameProcess 0
rg32602:129031:129195 [1] NCCL INFO UDS converted handle 0x154118011990 to fd 101 on remote peer 4
rg32602:129032:129186 [2] NCCL INFO transport/net.cc:805 Cuda Host Alloc Size 9641984 pointer 0x150190a00000
rg32602:129032:129186 [2] NCCL INFO Mem Realloc old size 0, new size 1024 pointer 0x1501340926b0
rg32602:129033:129188 [3] NCCL INFO transport/net.cc:805 Cuda Host Alloc Size 9641984 pointer 0x1509bec00000
rg32602:129033:129188 [3] NCCL INFO Mem Realloc old size 0, new size 1024 pointer 0x150960092690
rg32602:129031:129187 [1] NCCL INFO transport/net.cc:958 Cuda Host Alloc Size 9641984 pointer 0x15365d600000
rg32602:129031:129187 [1] NCCL INFO Mem Realloc old size 0, new size 1024 pointer 0x15360009b010
rg32602:129032:129186 [2] NCCL INFO proxyProgressAsync opId=0x150167419378 op.type=4 op.reqBuff=0x150134012b30 op.respSize=1400 done
rg32602:129033:129188 [3] NCCL INFO proxyProgressAsync opId=0x15099341eeb8 op.type=4 op.reqBuff=0x150960012b10 op.respSize=1400 done
rg32602:129031:129187 [1] NCCL INFO proxyProgressAsync opId=0x15363341f738 op.type=4 op.reqBuff=0x153600010d00 op.respSize=1400 done
rg32403:182438:182631 [1] NCCL INFO Imported shareable buffer device 1 size 10485760 ptr 0x146f4d600000
rg32403:182440:182623 [3] NCCL INFO transport/net.cc:805 Cuda Host Alloc Size 9641984 pointer 0x152927600000
rg32602:129032:129194 [2] NCCL INFO Imported shareable buffer device 2 size 10485760 ptr 0x150191400000
rg32403:182440:182623 [3] NCCL INFO proxyProgressAsync opId=0x1528fb427338 op.type=4 op.reqBuff=0x1528c80431a0 op.respSize=1400 done
rg32403:182440:182632 [3] NCCL INFO ProxyCall UDS comm 0x55f1139ea640 rank 3 tpRank 0(d20cc8987f2b216b) reqSize 8 respSize 0 respFd 106 opId 0xce50525c900d7b0 - DONE
rg32403:182440:182632 [3] NCCL INFO UDS: ClientGetFd handle 0x1511b800d430 tpRank 0 returned fd 106 sameProcess 0
rg32403:182440:182632 [3] NCCL INFO UDS converted handle 0x1511b800d430 to fd 106 on remote peer 0
rg32403:182437:182633 [0] NCCL INFO Imported shareable buffer device 0 size 10485760 ptr 0x151211e00000
rg32403:182437:182633 [0] NCCL INFO ProxyCall UDS comm 0x55872757f500 rank 0 tpRank 3(6b3c827026349a89) reqSize 8 respSize 0 respFd 0x151249b06b48 opId 0x957319e603ae9ac4
rg32403:182440:182628 [3] NCCL INFO proxyUDSRecvReq::ncclProxyMsgGetFd rank 0 opId 0x957319e603ae9ac4 handle=0x1528c800e630
rg32403:182440:182628 [3] NCCL INFO UDS proxyGetFd received handle 0x1528c800e630 peer 0 opId 957319e603ae9ac4
rg32602:129030:129197 [0] NCCL INFO ProxyCall UDS comm 0x55f34816a180 rank 0 tpRank 7(812a7148f224f472) reqSize 8 respSize 0 respFd 105 opId 0xa75dd25e0decc1d9 - DONE
rg32602:129030:129197 [0] NCCL INFO UDS: ClientGetFd handle 0x15096000cf10 tpRank 7 returned fd 105 sameProcess 0
rg32602:129030:129197 [0] NCCL INFO UDS converted handle 0x15096000cf10 to fd 105 on remote peer 7
rg32602:129033:129188 [3] NCCL INFO transport/net.cc:805 Cuda Host Alloc Size 9641984 pointer 0x1509bf600000
rg32602:129033:129196 [3] NCCL INFO ProxyCall UDS comm 0x564252ed56c0 rank 3 tpRank 4(fe7b3ad0c772c4d1) reqSize 8 respSize 0 respFd 104 opId 0x107a896bc247b277 - DONE
rg32602:129033:129196 [3] NCCL INFO UDS: ClientGetFd handle 0x15411800d430 tpRank 4 returned fd 104 sameProcess 0
rg32602:129033:129196 [3] NCCL INFO UDS converted handle 0x15411800d430 to fd 104 on remote peer 4
rg32602:129033:129188 [3] NCCL INFO proxyProgressAsync opId=0x15099342adc8 op.type=4 op.reqBuff=0x1509600431a0 op.respSize=1400 done
rg32403:182439:182626 [2] NCCL INFO transport/net.cc:805 Cuda Host Alloc Size 9641984 pointer 0x15500b400000
rg32403:182439:182626 [2] NCCL INFO proxyProgressAsync opId=0x154fdf421338 op.type=4 op.reqBuff=0x154fac0431c0 op.respSize=1400 done
rg32602:129031:129187 [1] NCCL INFO transport/net.cc:958 Cuda Host Alloc Size 9641984 pointer 0x15365e000000
rg32602:129031:129187 [1] NCCL INFO proxyProgressAsync opId=0x15363342b648 op.type=4 op.reqBuff=0x15360000f5e0 op.respSize=1400 done
rg32403:182439:182634 [2] NCCL INFO Imported shareable buffer device 2 size 10485760 ptr 0x15500be00000
rg32403:182440:182632 [3] NCCL INFO Imported shareable buffer device 3 size 2097152 ptr 0x152928000000
rg32403:182439:182634 [2] NCCL INFO ProxyCall UDS comm 0x559eca9b6780 rank 2 tpRank 0(d20cc8987f2b216b) reqSize 8 respSize 0 respFd 0x15503c51db48 opId 0xc8d4f54fa088afdb
rg32403:182438:182631 [1] NCCL INFO ProxyCall UDS comm 0x562d34fa7640 rank 1 tpRank 0(d20cc8987f2b216b) reqSize 8 respSize 0 respFd 0x146f807fdb48 opId 0xcaa46c69e94ae721
rg32403:182437:182629 [0] NCCL INFO proxyUDSRecvReq::ncclProxyMsgGetFd rank 2 opId 0xc8d4f54fa088afdb handle=0x1511b8010270
rg32403:182437:182629 [0] NCCL INFO UDS proxyGetFd received handle 0x1511b8010270 peer 2 opId c8d4f54fa088afdb
rg32403:182439:182626 [2] NCCL INFO New proxy send connection 9 from local rank 3, transport 0
rg32403:182439:182626 [2] NCCL INFO proxyProgressAsync opId=0x1528fb1ca6d0 op.type=1 op.reqBuff=0x154fac077fe0 op.respSize=16 done
rg32403:182439:182626 [2] NCCL INFO Received and initiated operation=Init res=0
rg32403:182440:182632 [3] NCCL INFO ncclPollProxyResponse Received new opId=0x1528fb1ca6d0
rg32403:182440:182632 [3] NCCL INFO resp.opId=0x1528fb1ca6d0 matches expected opId=0x1528fb1ca6d0
rg32403:182440:182632 [3] NCCL INFO Connected to proxy localRank 2 -> connection 0x154fac005378
rg32403:182440:182632 [3] NCCL INFO ProxyCall UDS comm 0x55f1139ea640 rank 3 tpRank 2(8d073d50176fbd8c) reqSize 8 respSize 0 respFd 0x15295824db48 opId 0x4c97a79d07e0c0b7
rg32403:182439:182630 [2] NCCL INFO proxyUDSRecvReq::ncclProxyMsgGetFd rank 3 opId 0x4c97a79d07e0c0b7 handle=0x154fac00fd50
rg32403:182439:182630 [2] NCCL INFO UDS proxyGetFd received handle 0x154fac00fd50 peer 3 opId 4c97a79d07e0c0b7
rg32403:182438:182625 [1] NCCL INFO transport/net.cc:958 Cuda Host Alloc Size 9641984 pointer 0x146f4ea00000
rg32403:182437:182633 [0] NCCL INFO ProxyCall UDS comm 0x55872757f500 rank 0 tpRank 3(6b3c827026349a89) reqSize 8 respSize 0 respFd 125 opId 0x957319e603ae9ac4 - DONE
rg32403:182437:182633 [0] NCCL INFO UDS: ClientGetFd handle 0x1528c800e630 tpRank 3 returned fd 125 sameProcess 0
rg32403:182437:182633 [0] NCCL INFO UDS converted handle 0x1528c800e630 to fd 125 on remote peer 3
rg32602:129031:129195 [1] NCCL INFO Imported shareable buffer device 1 size 10485760 ptr 0x15365ea00000
rg32602:129032:129194 [2] NCCL INFO ProxyCall UDS comm 0x564cc2374b40 rank 2 tpRank 4(fe7b3ad0c772c4d1) reqSize 8 respSize 0 respFd 0x1501c07dcb48 opId 0x26375bf4221d0643
rg32602:129030:129193 [0] NCCL INFO proxyUDSRecvReq::ncclProxyMsgGetFd rank 2 opId 0x26375bf4221d0643 handle=0x154118010270
rg32602:129030:129193 [0] NCCL INFO UDS proxyGetFd received handle 0x154118010270 peer 2 opId 26375bf4221d0643
rg32602:129032:129186 [2] NCCL INFO transport/net.cc:805 Cuda Host Alloc Size 9641984 pointer 0x150191e00000
rg32403:182438:182625 [1] NCCL INFO proxyProgressAsync opId=0x146f2341bc98 op.type=4 op.reqBuff=0x146ef0010d00 op.respSize=1400 done
rg32403:182437:182629 [0] NCCL INFO proxyUDSRecvReq::ncclProxyMsgGetFd rank 1 opId 0xcaa46c69e94ae721 handle=0x1511b80130b0
rg32403:182437:182629 [0] NCCL INFO UDS proxyGetFd received handle 0x1511b80130b0 peer 1 opId caa46c69e94ae721
rg32403:182439:182634 [2] NCCL INFO ProxyCall UDS comm 0x559eca9b6780 rank 2 tpRank 0(d20cc8987f2b216b) reqSize 8 respSize 0 respFd 109 opId 0xc8d4f54fa088afdb - DONE
rg32403:182439:182634 [2] NCCL INFO UDS: ClientGetFd handle 0x1511b8010270 tpRank 0 returned fd 109 sameProcess 0
rg32403:182439:182634 [2] NCCL INFO UDS converted handle 0x1511b8010270 to fd 109 on remote peer 0
rg32403:182440:182632 [3] NCCL INFO ProxyCall UDS comm 0x55f1139ea640 rank 3 tpRank 2(8d073d50176fbd8c) reqSize 8 respSize 0 respFd 103 opId 0x4c97a79d07e0c0b7 - DONE
rg32403:182440:182632 [3] NCCL INFO UDS: ClientGetFd handle 0x154fac00fd50 tpRank 2 returned fd 103 sameProcess 0
rg32403:182440:182632 [3] NCCL INFO UDS converted handle 0x154fac00fd50 to fd 103 on remote peer 2
rg32403:182437:182633 [0] NCCL INFO Imported shareable buffer device 0 size 10485760 ptr 0x151212800000
rg32602:129033:129196 [3] NCCL INFO Imported shareable buffer device 3 size 2097152 ptr 0x1509c0000000
rg32602:129030:129197 [0] NCCL INFO Imported shareable buffer device 0 size 10485760 ptr 0x154177e00000
rg32602:129030:129197 [0] NCCL INFO ProxyCall UDS comm 0x55f34816a180 rank 0 tpRank 7(812a7148f224f472) reqSize 8 respSize 0 respFd 0x1541a8283b48 opId 0x23949a4cc237f88d
rg32602:129033:129192 [3] NCCL INFO proxyUDSRecvReq::ncclProxyMsgGetFd rank 0 opId 0x23949a4cc237f88d handle=0x15096000e630
rg32602:129033:129192 [3] NCCL INFO UDS proxyGetFd received handle 0x15096000e630 peer 0 opId 23949a4cc237f88d
rg32602:129032:129186 [2] NCCL INFO proxyProgressAsync opId=0x150167424e18 op.type=4 op.reqBuff=0x1501340431c0 op.respSize=1400 done
rg32602:129032:129186 [2] NCCL INFO New proxy send connection 9 from local rank 3, transport 0
rg32602:129032:129186 [2] NCCL INFO proxyProgressAsync opId=0x1509931ced20 op.type=1 op.reqBuff=0x150134077fc0 op.respSize=16 done
rg32403:182439:182626 [2] NCCL INFO New proxy send connection 10 from local rank 0, transport 0
rg32403:182439:182626 [2] NCCL INFO proxyProgressAsync opId=0x1511e31ced80 op.type=1 op.reqBuff=0x154fac043250 op.respSize=16 done
rg32403:182437:182633 [0] NCCL INFO ncclPollProxyResponse Received new opId=0x1511e31ced80
rg32403:182437:182633 [0] NCCL INFO resp.opId=0x1511e31ced80 matches expected opId=0x1511e31ced80
rg32403:182437:182633 [0] NCCL INFO Connected to proxy localRank 2 -> connection 0x154fac0053f0
rg32403:182439:182626 [2] NCCL INFO Received and initiated operation=Init res=0
rg32403:182437:182633 [0] NCCL INFO ProxyCall UDS comm 0x55872757f500 rank 0 tpRank 2(8d073d50176fbd8c) reqSize 8 respSize 0 respFd 0x151249b06b38 opId 0xcbbc3a95214f3329
rg32602:129033:129196 [3] NCCL INFO ncclPollProxyResponse Received new opId=0x1509931ced20
rg32403:182439:182630 [2] NCCL INFO proxyUDSRecvReq::ncclProxyMsgGetFd rank 0 opId 0xcbbc3a95214f3329 handle=0x154fac00cf10
rg32403:182439:182630 [2] NCCL INFO UDS proxyGetFd received handle 0x154fac00cf10 peer 0 opId cbbc3a95214f3329
rg32602:129032:129186 [2] NCCL INFO Received and initiated operation=Init res=0
rg32602:129033:129196 [3] NCCL INFO resp.opId=0x1509931ced20 matches expected opId=0x1509931ced20
rg32602:129033:129196 [3] NCCL INFO Connected to proxy localRank 2 -> connection 0x150134005378
rg32602:129033:129196 [3] NCCL INFO ProxyCall UDS comm 0x564252ed56c0 rank 3 tpRank 6(7556dbf117707d4c) reqSize 8 respSize 0 respFd 0x1509f0253b48 opId 0x227bf5e13e1bc66f
rg32602:129032:129190 [2] NCCL INFO proxyUDSRecvReq::ncclProxyMsgGetFd rank 3 opId 0x227bf5e13e1bc66f handle=0x15013400fd50
rg32602:129032:129190 [2] NCCL INFO UDS proxyGetFd received handle 0x15013400fd50 peer 3 opId 227bf5e13e1bc66f
rg32602:129032:129194 [2] NCCL INFO ProxyCall UDS comm 0x564cc2374b40 rank 2 tpRank 4(fe7b3ad0c772c4d1) reqSize 8 respSize 0 respFd 108 opId 0x26375bf4221d0643 - DONE
rg32602:129032:129194 [2] NCCL INFO UDS: ClientGetFd handle 0x154118010270 tpRank 4 returned fd 108 sameProcess 0
rg32602:129032:129194 [2] NCCL INFO UDS converted handle 0x154118010270 to fd 108 on remote peer 4
rg32602:129031:129195 [1] NCCL INFO ProxyCall UDS comm 0x55fa03b65140 rank 1 tpRank 4(fe7b3ad0c772c4d1) reqSize 8 respSize 0 respFd 0x15368a308b48 opId 0x66d6ada46014a2e0
rg32602:129030:129193 [0] NCCL INFO proxyUDSRecvReq::ncclProxyMsgGetFd rank 1 opId 0x66d6ada46014a2e0 handle=0x1541180130b0
rg32602:129030:129193 [0] NCCL INFO UDS proxyGetFd received handle 0x1541180130b0 peer 1 opId 66d6ada46014a2e0
rg32403:182439:182634 [2] NCCL INFO Imported shareable buffer device 2 size 10485760 ptr 0x15500c800000
rg32602:129031:129187 [1] NCCL INFO transport/net.cc:958 Cuda Host Alloc Size 9641984 pointer 0x15365f400000
rg32403:182440:182623 [3] NCCL INFO New proxy send connection 9 from local rank 2, transport 0
rg32403:182440:182623 [3] NCCL INFO proxyProgressAsync opId=0x154fdf1ca6d0 op.type=1 op.reqBuff=0x1528c8077fc0 op.respSize=16 done
rg32403:182439:182634 [2] NCCL INFO ncclPollProxyResponse Received new opId=0x154fdf1ca6d0
rg32403:182439:182634 [2] NCCL INFO resp.opId=0x154fdf1ca6d0 matches expected opId=0x154fdf1ca6d0
rg32403:182439:182634 [2] NCCL INFO Connected to proxy localRank 3 -> connection 0x1528c8005378
rg32403:182440:182623 [3] NCCL INFO Received and initiated operation=Init res=0
rg32403:182439:182634 [2] NCCL INFO ProxyCall UDS comm 0x559eca9b6780 rank 2 tpRank 3(6b3c827026349a89) reqSize 8 respSize 0 respFd 0x15503c51db38 opId 0x2f57d9d4a8d2480
rg32403:182440:182628 [3] NCCL INFO proxyUDSRecvReq::ncclProxyMsgGetFd rank 2 opId 0x2f57d9d4a8d2480 handle=0x1528c800fd50
rg32403:182440:182628 [3] NCCL INFO UDS proxyGetFd received handle 0x1528c800fd50 peer 2 opId 2f57d9d4a8d2480
rg32602:129030:129197 [0] NCCL INFO ProxyCall UDS comm 0x55f34816a180 rank 0 tpRank 7(812a7148f224f472) reqSize 8 respSize 0 respFd 103 opId 0x23949a4cc237f88d - DONE
rg32602:129030:129197 [0] NCCL INFO UDS: ClientGetFd handle 0x15096000e630 tpRank 7 returned fd 103 sameProcess 0
rg32602:129030:129197 [0] NCCL INFO UDS converted handle 0x15096000e630 to fd 103 on remote peer 7
rg32602:129031:129187 [1] NCCL INFO proxyProgressAsync opId=0x153633419890 op.type=4 op.reqBuff=0x15360003d8e0 op.respSize=1400 done
rg32602:129033:129196 [3] NCCL INFO ProxyCall UDS comm 0x564252ed56c0 rank 3 tpRank 6(7556dbf117707d4c) reqSize 8 respSize 0 respFd 107 opId 0x227bf5e13e1bc66f - DONE
rg32602:129033:129196 [3] NCCL INFO UDS: ClientGetFd handle 0x15013400fd50 tpRank 6 returned fd 107 sameProcess 0
rg32602:129033:129196 [3] NCCL INFO UDS converted handle 0x15013400fd50 to fd 107 on remote peer 6
rg32602:129032:129194 [2] NCCL INFO Imported shareable buffer device 2 size 10485760 ptr 0x150192800000
rg32602:129033:129188 [3] NCCL INFO New proxy send connection 9 from local rank 2, transport 0
rg32602:129033:129188 [3] NCCL INFO proxyProgressAsync opId=0x1501664f6030 op.type=1 op.reqBuff=0x150960077fe0 op.respSize=16 done
rg32602:129032:129194 [2] NCCL INFO ncclPollProxyResponse Received new opId=0x1501664f6030
rg32602:129033:129188 [3] NCCL INFO Received and initiated operation=Init res=0
rg32602:129032:129194 [2] NCCL INFO resp.opId=0x1501664f6030 matches expected opId=0x1501664f6030
rg32602:129032:129194 [2] NCCL INFO Connected to proxy localRank 3 -> connection 0x150960005378
rg32602:129032:129194 [2] NCCL INFO ProxyCall UDS comm 0x564cc2374b40 rank 2 tpRank 7(812a7148f224f472) reqSize 8 respSize 0 respFd 0x1501c07dcb38 opId 0x34551522b230a536
rg32602:129033:129192 [3] NCCL INFO proxyUDSRecvReq::ncclProxyMsgGetFd rank 2 opId 0x34551522b230a536 handle=0x15096000fd50
rg32602:129033:129192 [3] NCCL INFO UDS proxyGetFd received handle 0x15096000fd50 peer 2 opId 34551522b230a536
rg32602:129031:129195 [1] NCCL INFO ProxyCall UDS comm 0x55fa03b65140 rank 1 tpRank 4(fe7b3ad0c772c4d1) reqSize 8 respSize 0 respFd 102 opId 0x66d6ada46014a2e0 - DONE
rg32602:129031:129195 [1] NCCL INFO UDS: ClientGetFd handle 0x1541180130b0 tpRank 4 returned fd 102 sameProcess 0
rg32602:129031:129195 [1] NCCL INFO UDS converted handle 0x1541180130b0 to fd 102 on remote peer 4
rg32602:129030:129197 [0] NCCL INFO Imported shareable buffer device 0 size 10485760 ptr 0x154178800000
rg32602:129032:129186 [2] NCCL INFO New proxy send connection 10 from local rank 0, transport 0
rg32602:129032:129186 [2] NCCL INFO proxyProgressAsync opId=0x15414b1ca6d0 op.type=1 op.reqBuff=0x150134077fe0 op.respSize=16 done
rg32602:129030:129197 [0] NCCL INFO ncclPollProxyResponse Received new opId=0x15414b1ca6d0
rg32602:129030:129197 [0] NCCL INFO resp.opId=0x15414b1ca6d0 matches expected opId=0x15414b1ca6d0
rg32602:129030:129197 [0] NCCL INFO Connected to proxy localRank 2 -> connection 0x1501340053f0
rg32602:129032:129186 [2] NCCL INFO Received and initiated operation=Init res=0
rg32602:129030:129197 [0] NCCL INFO ProxyCall UDS comm 0x55f34816a180 rank 0 tpRank 6(7556dbf117707d4c) reqSize 8 respSize 0 respFd 0x1541a8283b38 opId 0xc83bda02a1115f0c
rg32602:129032:129190 [2] NCCL INFO proxyUDSRecvReq::ncclProxyMsgGetFd rank 0 opId 0xc83bda02a1115f0c handle=0x15013400cf10
rg32602:129032:129190 [2] NCCL INFO UDS proxyGetFd received handle 0x15013400cf10 peer 0 opId c83bda02a1115f0c
rg32403:182438:182625 [1] NCCL INFO transport/net.cc:958 Cuda Host Alloc Size 9641984 pointer 0x146f4f400000
rg32403:182438:182631 [1] NCCL INFO ProxyCall UDS comm 0x562d34fa7640 rank 1 tpRank 0(d20cc8987f2b216b) reqSize 8 respSize 0 respFd 102 opId 0xcaa46c69e94ae721 - DONE
rg32403:182438:182631 [1] NCCL INFO UDS: ClientGetFd handle 0x1511b80130b0 tpRank 0 returned fd 102 sameProcess 0
rg32403:182438:182631 [1] NCCL INFO UDS converted handle 0x1511b80130b0 to fd 102 on remote peer 0
rg32403:182438:182625 [1] NCCL INFO proxyProgressAsync opId=0x146f23427ba8 op.type=4 op.reqBuff=0x146ef000f5e0 op.respSize=1400 done
rg32403:182440:182632 [3] NCCL INFO Imported shareable buffer device 3 size 10485760 ptr 0x152928200000
rg32403:182440:182632 [3] NCCL INFO ProxyCall UDS comm 0x55f1139ea640 rank 3 tpRank 2(8d073d50176fbd8c) reqSize 8 respSize 0 respFd 0x15295824db48 opId 0x5f7f7edb6f49205b
rg32403:182437:182633 [0] NCCL INFO ProxyCall UDS comm 0x55872757f500 rank 0 tpRank 2(8d073d50176fbd8c) reqSize 8 respSize 0 respFd 126 opId 0xcbbc3a95214f3329 - DONE
rg32403:182437:182633 [0] NCCL INFO UDS: ClientGetFd handle 0x154fac00cf10 tpRank 2 returned fd 126 sameProcess 0
rg32403:182437:182633 [0] NCCL INFO UDS converted handle 0x154fac00cf10 to fd 126 on remote peer 2
rg32403:182439:182630 [2] NCCL INFO proxyUDSRecvReq::ncclProxyMsgGetFd rank 3 opId 0x5f7f7edb6f49205b handle=0x154fac011470
rg32403:182439:182630 [2] NCCL INFO UDS proxyGetFd received handle 0x154fac011470 peer 3 opId 5f7f7edb6f49205b
rg32403:182438:182625 [1] NCCL INFO transport/net.cc:958 Cuda Host Alloc Size 9641984 pointer 0x146f4fe00000
rg32403:182439:182634 [2] NCCL INFO ProxyCall UDS comm 0x559eca9b6780 rank 2 tpRank 3(6b3c827026349a89) reqSize 8 respSize 0 respFd 110 opId 0x2f57d9d4a8d2480 - DONE
rg32403:182439:182634 [2] NCCL INFO UDS: ClientGetFd handle 0x1528c800fd50 tpRank 3 returned fd 110 sameProcess 0
rg32403:182439:182634 [2] NCCL INFO UDS converted handle 0x1528c800fd50 to fd 110 on remote peer 3
rg32403:182438:182625 [1] NCCL INFO proxyProgressAsync opId=0x146f23421840 op.type=4 op.reqBuff=0x146ef003dec0 op.respSize=1400 done
rg32602:129033:129196 [3] NCCL INFO Imported shareable buffer device 3 size 10485760 ptr 0x1509c0200000
rg32602:129033:129196 [3] NCCL INFO ProxyCall UDS comm 0x564252ed56c0 rank 3 tpRank 6(7556dbf117707d4c) reqSize 8 respSize 0 respFd 0x1509f0253b48 opId 0xd06ef77e63cce495
rg32602:129031:129187 [1] NCCL INFO transport/net.cc:958 Cuda Host Alloc Size 9641984 pointer 0x15365fe00000
rg32602:129032:129194 [2] NCCL INFO ProxyCall UDS comm 0x564cc2374b40 rank 2 tpRank 7(812a7148f224f472) reqSize 8 respSize 0 respFd 111 opId 0x34551522b230a536 - DONE
rg32602:129032:129194 [2] NCCL INFO UDS: ClientGetFd handle 0x15096000fd50 tpRank 7 returned fd 111 sameProcess 0
rg32602:129032:129194 [2] NCCL INFO UDS converted handle 0x15096000fd50 to fd 111 on remote peer 7
rg32602:129031:129195 [1] NCCL INFO Imported shareable buffer device 1 size 10485760 ptr 0x153660800000
rg32602:129031:129195 [1] NCCL INFO ncclPollProxyResponse Received new opId=0x15363341f738
rg32602:129031:129195 [1] NCCL INFO resp.opId=0x15363341f738 matches expected opId=0x15363341f738
rg32602:129031:129195 [1] NCCL INFO recvConnect ncclPollProxyResponse opId=0x15363341f738
rg32602:129031:129195 [1] NCCL INFO ncclPollProxyResponse Received new opId=0x15363342b648
rg32602:129031:129195 [1] NCCL INFO resp.opId=0x15363342b648 matches expected opId=0x15363342b648
rg32602:129031:129195 [1] NCCL INFO recvConnect ncclPollProxyResponse opId=0x15363342b648
rg32602:129031:129195 [1] NCCL INFO ncclPollProxyResponse Received new opId=0x153633419890
rg32602:129031:129195 [1] NCCL INFO resp.opId=0x153633419890 matches expected opId=0x153633419890
rg32602:129031:129195 [1] NCCL INFO recvConnect ncclPollProxyResponse opId=0x153633419890
rg32602:129030:129197 [0] NCCL INFO ProxyCall UDS comm 0x55f34816a180 rank 0 tpRank 6(7556dbf117707d4c) reqSize 8 respSize 0 respFd 105 opId 0xc83bda02a1115f0c - DONE
rg32602:129030:129197 [0] NCCL INFO UDS: ClientGetFd handle 0x15013400cf10 tpRank 6 returned fd 105 sameProcess 0
rg32602:129030:129197 [0] NCCL INFO UDS converted handle 0x15013400cf10 to fd 105 on remote peer 6
rg32602:129032:129190 [2] NCCL INFO proxyUDSRecvReq::ncclProxyMsgGetFd rank 3 opId 0xd06ef77e63cce495 handle=0x150134011470
rg32602:129032:129190 [2] NCCL INFO UDS proxyGetFd received handle 0x150134011470 peer 3 opId d06ef77e63cce495
rg32602:129031:129187 [1] NCCL INFO proxyProgressAsync opId=0x1536334252e0 op.type=4 op.reqBuff=0x15360003dec0 op.respSize=1400 done
rg32602:129031:129195 [1] NCCL INFO ncclPollProxyResponse Received new opId=0x1536334252e0
rg32602:129031:129195 [1] NCCL INFO resp.opId=0x1536334252e0 matches expected opId=0x1536334252e0
rg32602:129031:129195 [1] NCCL INFO recvConnect ncclPollProxyResponse opId=0x1536334252e0
rg32403:182438:182631 [1] NCCL INFO Imported shareable buffer device 1 size 10485760 ptr 0x146f50800000
rg32403:182438:182631 [1] NCCL INFO ncclPollProxyResponse Received new opId=0x146f23415e50
rg32403:182438:182631 [1] NCCL INFO Queuing opId=0x146f23415e50 respBuff=0x146f23452b80 respSize=1400
rg32403:182438:182631 [1] NCCL INFO ncclPollProxyResponse Received new opId=0x146f2341bc98
rg32403:182438:182631 [1] NCCL INFO Queuing opId=0x146f2341bc98 respBuff=0x146f23452b80 respSize=1400
rg32403:182438:182631 [1] NCCL INFO ncclPollProxyResponse Dequeued cached opId=0x146f23415e50
rg32403:182438:182631 [1] NCCL INFO recvConnect ncclPollProxyResponse opId=0x146f23415e50
rg32403:182438:182631 [1] NCCL INFO ncclPollProxyResponse Received new opId=0x146f23427ba8
rg32403:182438:182631 [1] NCCL INFO Queuing opId=0x146f23427ba8 respBuff=0x146f23401db0 respSize=1400
rg32403:182438:182631 [1] NCCL INFO ncclPollProxyResponse Dequeued cached opId=0x146f2341bc98
rg32403:182438:182631 [1] NCCL INFO recvConnect ncclPollProxyResponse opId=0x146f2341bc98
rg32403:182438:182631 [1] NCCL INFO ncclPollProxyResponse Dequeued cached opId=0x146f23427ba8
rg32403:182438:182631 [1] NCCL INFO recvConnect ncclPollProxyResponse opId=0x146f23427ba8
rg32403:182438:182631 [1] NCCL INFO ncclPollProxyResponse Received new opId=0x146f23421840
rg32403:182438:182631 [1] NCCL INFO resp.opId=0x146f23421840 matches expected opId=0x146f23421840
rg32403:182438:182631 [1] NCCL INFO recvConnect ncclPollProxyResponse opId=0x146f23421840
rg32403:182440:182632 [3] NCCL INFO ProxyCall UDS comm 0x55f1139ea640 rank 3 tpRank 2(8d073d50176fbd8c) reqSize 8 respSize 0 respFd 108 opId 0x5f7f7edb6f49205b - DONE
rg32403:182440:182632 [3] NCCL INFO UDS: ClientGetFd handle 0x154fac011470 tpRank 2 returned fd 108 sameProcess 0
rg32403:182440:182632 [3] NCCL INFO UDS converted handle 0x154fac011470 to fd 108 on remote peer 2
rg32403:182437:182633 [0] NCCL INFO Imported shareable buffer device 0 size 2097152 ptr 0x151213200000
rg32403:182437:182633 [0] NCCL INFO ProxyCall UDS comm 0x55872757f500 rank 0 tpRank 2(8d073d50176fbd8c) reqSize 8 respSize 0 respFd 0x151249b06b38 opId 0x2aed449705a038c1
rg32403:182439:182630 [2] NCCL INFO proxyUDSRecvReq::ncclProxyMsgGetFd rank 0 opId 0x2aed449705a038c1 handle=0x154fac00e630
rg32403:182439:182630 [2] NCCL INFO UDS proxyGetFd received handle 0x154fac00e630 peer 0 opId 2aed449705a038c1
rg32602:129032:129194 [2] NCCL INFO Imported shareable buffer device 2 size 2097152 ptr 0x150193200000
rg32602:129032:129194 [2] NCCL INFO ProxyCall UDS comm 0x564cc2374b40 rank 2 tpRank 7(812a7148f224f472) reqSize 8 respSize 0 respFd 0x1501c07dcb38 opId 0xe8a9d22cd36b8926
rg32602:129033:129192 [3] NCCL INFO proxyUDSRecvReq::ncclProxyMsgGetFd rank 2 opId 0xe8a9d22cd36b8926 handle=0x150960011470
rg32602:129033:129192 [3] NCCL INFO UDS proxyGetFd received handle 0x150960011470 peer 2 opId e8a9d22cd36b8926
rg32602:129033:129196 [3] NCCL INFO ProxyCall UDS comm 0x564252ed56c0 rank 3 tpRank 6(7556dbf117707d4c) reqSize 8 respSize 0 respFd 107 opId 0xd06ef77e63cce495 - DONE
rg32602:129033:129196 [3] NCCL INFO UDS: ClientGetFd handle 0x150134011470 tpRank 6 returned fd 107 sameProcess 0
rg32602:129033:129196 [3] NCCL INFO UDS converted handle 0x150134011470 to fd 107 on remote peer 6
rg32403:182439:182634 [2] NCCL INFO Imported shareable buffer device 2 size 2097152 ptr 0x15500d200000
rg32403:182439:182634 [2] NCCL INFO ProxyCall UDS comm 0x559eca9b6780 rank 2 tpRank 3(6b3c827026349a89) reqSize 8 respSize 0 respFd 0x15503c51db38 opId 0xb7a82af3437f594c
rg32403:182440:182628 [3] NCCL INFO proxyUDSRecvReq::ncclProxyMsgGetFd rank 2 opId 0xb7a82af3437f594c handle=0x1528c8011470
rg32403:182440:182628 [3] NCCL INFO UDS proxyGetFd received handle 0x1528c8011470 peer 2 opId b7a82af3437f594c
rg32403:182437:182633 [0] NCCL INFO ProxyCall UDS comm 0x55872757f500 rank 0 tpRank 2(8d073d50176fbd8c) reqSize 8 respSize 0 respFd 126 opId 0x2aed449705a038c1 - DONE
rg32403:182437:182633 [0] NCCL INFO UDS: ClientGetFd handle 0x154fac00e630 tpRank 2 returned fd 126 sameProcess 0
rg32403:182437:182633 [0] NCCL INFO UDS converted handle 0x154fac00e630 to fd 126 on remote peer 2
rg32403:182440:182632 [3] NCCL INFO Imported shareable buffer device 3 size 10485760 ptr 0x152928c00000
rg32403:182440:182632 [3] NCCL INFO ncclPollProxyResponse Received new opId=0x1528fb41b428
rg32403:182440:182632 [3] NCCL INFO resp.opId=0x1528fb41b428 matches expected opId=0x1528fb41b428
rg32403:182440:182632 [3] NCCL INFO sendConnect ncclPollProxyResponse opId=0x1528fb41b428
rg32403:182440:182632 [3] NCCL INFO ncclPollProxyResponse Received new opId=0x1528fb427338
rg32403:182440:182632 [3] NCCL INFO resp.opId=0x1528fb427338 matches expected opId=0x1528fb427338
rg32403:182440:182632 [3] NCCL INFO sendConnect ncclPollProxyResponse opId=0x1528fb427338
rg32403:182439:182634 [2] NCCL INFO ProxyCall UDS comm 0x559eca9b6780 rank 2 tpRank 3(6b3c827026349a89) reqSize 8 respSize 0 respFd 109 opId 0xb7a82af3437f594c - DONE
rg32403:182439:182634 [2] NCCL INFO UDS: ClientGetFd handle 0x1528c8011470 tpRank 3 returned fd 109 sameProcess 0
rg32403:182439:182634 [2] NCCL INFO UDS converted handle 0x1528c8011470 to fd 109 on remote peer 3
rg32403:182437:182633 [0] NCCL INFO Imported shareable buffer device 0 size 2097152 ptr 0x151213400000
rg32403:182438:182625 [1] NCCL INFO New proxy send connection 9 from local rank 0, transport 0
rg32403:182438:182625 [1] NCCL INFO proxyProgressAsync opId=0x1511e31ced80 op.type=1 op.reqBuff=0x146ef003dec0 op.respSize=16 done
rg32403:182438:182625 [1] NCCL INFO Received and initiated operation=Init res=0
rg32403:182437:182633 [0] NCCL INFO ncclPollProxyResponse Received new opId=0x1511e31ced80
rg32403:182437:182633 [0] NCCL INFO resp.opId=0x1511e31ced80 matches expected opId=0x1511e31ced80
rg32403:182437:182633 [0] NCCL INFO Connected to proxy localRank 1 -> connection 0x146ef0005378
rg32403:182437:182633 [0] NCCL INFO ProxyCall UDS comm 0x55872757f500 rank 0 tpRank 1(be88d3ebf1fc3ac5) reqSize 8 respSize 0 respFd 0x151249b06b38 opId 0xb7edfdc990f96430
rg32403:182438:182627 [1] NCCL INFO proxyUDSRecvReq::ncclProxyMsgGetFd rank 0 opId 0xb7edfdc990f96430 handle=0x146ef000df40
rg32403:182438:182627 [1] NCCL INFO UDS proxyGetFd received handle 0x146ef000df40 peer 0 opId b7edfdc990f96430
rg32602:129030:129197 [0] NCCL INFO Imported shareable buffer device 0 size 2097152 ptr 0x154179200000
rg32602:129030:129197 [0] NCCL INFO ProxyCall UDS comm 0x55f34816a180 rank 0 tpRank 6(7556dbf117707d4c) reqSize 8 respSize 0 respFd 0x1541a8283b38 opId 0x812d1b982a99584d
rg32602:129032:129190 [2] NCCL INFO proxyUDSRecvReq::ncclProxyMsgGetFd rank 0 opId 0x812d1b982a99584d handle=0x15013400e630
rg32602:129032:129190 [2] NCCL INFO UDS proxyGetFd received handle 0x15013400e630 peer 0 opId 812d1b982a99584d
rg32602:129032:129194 [2] NCCL INFO ProxyCall UDS comm 0x564cc2374b40 rank 2 tpRank 7(812a7148f224f472) reqSize 8 respSize 0 respFd 108 opId 0xe8a9d22cd36b8926 - DONE
rg32602:129032:129194 [2] NCCL INFO UDS: ClientGetFd handle 0x150960011470 tpRank 7 returned fd 108 sameProcess 0
rg32602:129032:129194 [2] NCCL INFO UDS converted handle 0x150960011470 to fd 108 on remote peer 7
rg32602:129033:129196 [3] NCCL INFO Imported shareable buffer device 3 size 10485760 ptr 0x1509c0c00000
rg32602:129033:129196 [3] NCCL INFO ncclPollProxyResponse Received new opId=0x15099341eeb8
rg32602:129030:129197 [0] NCCL INFO ProxyCall UDS comm 0x55f34816a180 rank 0 tpRank 6(7556dbf117707d4c) reqSize 8 respSize 0 respFd 105 opId 0x812d1b982a99584d - DONE
rg32602:129030:129197 [0] NCCL INFO UDS: ClientGetFd handle 0x15013400e630 tpRank 6 returned fd 105 sameProcess 0
rg32602:129033:129196 [3] NCCL INFO resp.opId=0x15099341eeb8 matches expected opId=0x15099341eeb8
rg32602:129033:129196 [3] NCCL INFO sendConnect ncclPollProxyResponse opId=0x15099341eeb8
rg32602:129033:129196 [3] NCCL INFO ncclPollProxyResponse Received new opId=0x15099342adc8
rg32602:129033:129196 [3] NCCL INFO resp.opId=0x15099342adc8 matches expected opId=0x15099342adc8
rg32602:129033:129196 [3] NCCL INFO sendConnect ncclPollProxyResponse opId=0x15099342adc8
rg32602:129030:129197 [0] NCCL INFO UDS converted handle 0x15013400e630 to fd 105 on remote peer 6
rg32602:129032:129194 [2] NCCL INFO Imported shareable buffer device 2 size 2097152 ptr 0x150193400000
rg32602:129032:129194 [2] NCCL INFO ncclPollProxyResponse Received new opId=0x150167419378
rg32602:129032:129194 [2] NCCL INFO resp.opId=0x150167419378 matches expected opId=0x150167419378
rg32602:129032:129194 [2] NCCL INFO sendConnect ncclPollProxyResponse opId=0x150167419378
rg32602:129032:129194 [2] NCCL INFO ncclPollProxyResponse Received new opId=0x150167424e18
rg32602:129032:129194 [2] NCCL INFO resp.opId=0x150167424e18 matches expected opId=0x150167424e18
rg32602:129032:129194 [2] NCCL INFO sendConnect ncclPollProxyResponse opId=0x150167424e18
rg32403:182437:182633 [0] NCCL INFO ProxyCall UDS comm 0x55872757f500 rank 0 tpRank 1(be88d3ebf1fc3ac5) reqSize 8 respSize 0 respFd 127 opId 0xb7edfdc990f96430 - DONE
rg32403:182437:182633 [0] NCCL INFO UDS: ClientGetFd handle 0x146ef000df40 tpRank 1 returned fd 127 sameProcess 0
rg32403:182437:182633 [0] NCCL INFO UDS converted handle 0x146ef000df40 to fd 127 on remote peer 1
rg32403:182439:182634 [2] NCCL INFO Imported shareable buffer device 2 size 2097152 ptr 0x15500d400000
rg32403:182439:182634 [2] NCCL INFO ncclPollProxyResponse Received new opId=0x154fdf415938
rg32403:182439:182634 [2] NCCL INFO resp.opId=0x154fdf415938 matches expected opId=0x154fdf415938
rg32403:182439:182634 [2] NCCL INFO sendConnect ncclPollProxyResponse opId=0x154fdf415938
rg32403:182439:182634 [2] NCCL INFO ncclPollProxyResponse Received new opId=0x154fdf421338
rg32403:182439:182634 [2] NCCL INFO resp.opId=0x154fdf421338 matches expected opId=0x154fdf421338
rg32403:182439:182634 [2] NCCL INFO sendConnect ncclPollProxyResponse opId=0x154fdf421338
rg32602:129030:129197 [0] NCCL INFO Imported shareable buffer device 0 size 2097152 ptr 0x154179400000
rg32602:129031:129187 [1] NCCL INFO New proxy send connection 9 from local rank 0, transport 0
rg32602:129031:129187 [1] NCCL INFO proxyProgressAsync opId=0x15414b1ca6d0 op.type=1 op.reqBuff=0x15360003dec0 op.respSize=16 done
rg32602:129031:129187 [1] NCCL INFO Received and initiated operation=Init res=0
rg32602:129030:129197 [0] NCCL INFO ncclPollProxyResponse Received new opId=0x15414b1ca6d0
rg32602:129030:129197 [0] NCCL INFO resp.opId=0x15414b1ca6d0 matches expected opId=0x15414b1ca6d0
rg32602:129030:129197 [0] NCCL INFO Connected to proxy localRank 1 -> connection 0x153600005378
rg32602:129030:129197 [0] NCCL INFO ProxyCall UDS comm 0x55f34816a180 rank 0 tpRank 5(15392001e5f8d0d7) reqSize 8 respSize 0 respFd 0x1541a8283b38 opId 0xfebdd31edbd3fab4
rg32602:129031:129191 [1] NCCL INFO proxyUDSRecvReq::ncclProxyMsgGetFd rank 0 opId 0xfebdd31edbd3fab4 handle=0x15360000df40
rg32602:129031:129191 [1] NCCL INFO UDS proxyGetFd received handle 0x15360000df40 peer 0 opId febdd31edbd3fab4
rg32602:129030:129197 [0] NCCL INFO ProxyCall UDS comm 0x55f34816a180 rank 0 tpRank 5(15392001e5f8d0d7) reqSize 8 respSize 0 respFd 106 opId 0xfebdd31edbd3fab4 - DONE
rg32602:129030:129197 [0] NCCL INFO UDS: ClientGetFd handle 0x15360000df40 tpRank 5 returned fd 106 sameProcess 0
rg32602:129030:129197 [0] NCCL INFO UDS converted handle 0x15360000df40 to fd 106 on remote peer 5
rg32403:182437:182633 [0] NCCL INFO Imported shareable buffer device 0 size 2097152 ptr 0x151213600000
rg32403:182437:182633 [0] NCCL INFO ProxyCall UDS comm 0x55872757f500 rank 0 tpRank 1(be88d3ebf1fc3ac5) reqSize 8 respSize 0 respFd 0x151249b06b38 opId 0xb0d69d1ec08bfe0f
rg32403:182438:182627 [1] NCCL INFO proxyUDSRecvReq::ncclProxyMsgGetFd rank 0 opId 0xb0d69d1ec08bfe0f handle=0x146ef000f660
rg32403:182438:182627 [1] NCCL INFO UDS proxyGetFd received handle 0x146ef000f660 peer 0 opId b0d69d1ec08bfe0f
rg32602:129030:129197 [0] NCCL INFO Imported shareable buffer device 0 size 2097152 ptr 0x154179600000
rg32602:129030:129197 [0] NCCL INFO ProxyCall UDS comm 0x55f34816a180 rank 0 tpRank 5(15392001e5f8d0d7) reqSize 8 respSize 0 respFd 0x1541a8283b38 opId 0x8fb472621fa692b7
