rg32403:182437:182598 [0] NCCL INFO Init timings - ncclCommInitRankConfig: rank 0 nranks 8 total 3.72 (kernels 0.90, alloc 1.73, bootstrap 1.05, allgathers 0.00, topo 0.02, graphs 0.00, connections 0.00, rest 0.00)
rg32403:182438:182601 [1] NCCL INFO Init timings - ncclCommInitRankConfig: rank 1 nranks 8 total 3.71 (kernels 0.89, alloc 1.73, bootstrap 1.05, allgathers 0.00, topo 0.02, graphs 0.00, connections 0.00, rest 0.00)
rg32602:129030:129171 [0] NCCL INFO TUNER/Plugin: Could not find: libnccl-tuner.so. Using internal tuner plugin.
rg32602:129030:129171 [0] NCCL INFO ncclCommInitRankConfig comm 0x55f34816a180 rank 4 nranks 8 cudaDev 0 nvmlDev 0 busId 4e000 commId 0xdef7480e5e13d4b8 - Init COMPLETE
rg32602:129030:129171 [0] NCCL INFO Init timings - ncclCommInitRankConfig: rank 4 nranks 8 total 3.70 (kernels 0.90, alloc 1.71, bootstrap 1.07, allgathers 0.00, topo 0.02, graphs 0.00, connections 0.00, rest 0.00)
rg32602:129031:129173 [1] NCCL INFO TUNER/Plugin: Could not find: libnccl-tuner.so. Using internal tuner plugin.
rg32602:129031:129173 [1] NCCL INFO ncclCommInitRankConfig comm 0x55fa03b65140 rank 5 nranks 8 cudaDev 1 nvmlDev 1 busId 5f000 commId 0xdef7480e5e13d4b8 - Init COMPLETE
rg32602:129031:129173 [1] NCCL INFO Init timings - ncclCommInitRankConfig: rank 5 nranks 8 total 3.70 (kernels 0.89, alloc 1.71, bootstrap 1.07, allgathers 0.00, topo 0.02, graphs 0.00, connections 0.00, rest 0.00)
rg32602:129032:129172 [2] NCCL INFO TUNER/Plugin: Could not find: libnccl-tuner.so. Using internal tuner plugin.
rg32602:129032:129172 [2] NCCL INFO ncclCommInitRankConfig comm 0x564cc2374b40 rank 6 nranks 8 cudaDev 2 nvmlDev 2 busId cb000 commId 0xdef7480e5e13d4b8 - Init COMPLETE
rg32602:129032:129172 [2] NCCL INFO Init timings - ncclCommInitRankConfig: rank 6 nranks 8 total 3.70 (kernels 0.89, alloc 1.71, bootstrap 1.07, allgathers 0.00, topo 0.02, graphs 0.00, connections 0.00, rest 0.00)
rg32602:129033:129174 [3] NCCL INFO TUNER/Plugin: Could not find: libnccl-tuner.so. Using internal tuner plugin.
rg32602:129033:129174 [3] NCCL INFO ncclCommInitRankConfig comm 0x564252ed56c0 rank 7 nranks 8 cudaDev 3 nvmlDev 3 busId db000 commId 0xdef7480e5e13d4b8 - Init COMPLETE
rg32602:129033:129174 [3] NCCL INFO Init timings - ncclCommInitRankConfig: rank 7 nranks 8 total 3.70 (kernels 0.89, alloc 1.71, bootstrap 1.07, allgathers 0.00, topo 0.02, graphs 0.00, connections 0.00, rest 0.00)
rg32403:182437:182437 [0] NCCL INFO AllGather: opCount 0 sendbuff 0x151226ff6a00 recvbuff 0x151226ff7c00 count 1 datatype 4 op 0 root 0 comm 0x55872757f500 [nranks=8] stream 0x55871ceaf180
rg32403:182437:182437 [0] NCCL INFO misc/utils.cc:233 memory stack hunk malloc(65536)
rg32403:182438:182438 [1] NCCL INFO AllGather: opCount 0 sendbuff 0x146f64ff6a00 recvbuff 0x146f64ff7c00 count 1 datatype 4 op 0 root 0 comm 0x562d34fa7640 [nranks=8] stream 0x562d344630c0
rg32403:182438:182438 [1] NCCL INFO misc/utils.cc:233 memory stack hunk malloc(65536)
rg32403:182439:182439 [2] NCCL INFO AllGather: opCount 0 sendbuff 0x155020ff6a00 recvbuff 0x155020ff7c00 count 1 datatype 4 op 0 root 0 comm 0x559eca9b6780 [nranks=8] stream 0x559ec9e3c250
rg32403:182439:182439 [2] NCCL INFO misc/utils.cc:233 memory stack hunk malloc(65536)
rg32403:182440:182440 [3] NCCL INFO AllGather: opCount 0 sendbuff 0x15293cff6a00 recvbuff 0x15293cff7c00 count 1 datatype 4 op 0 root 0 comm 0x55f1139ea640 [nranks=8] stream 0x55f113028eb0
rg32403:182440:182440 [3] NCCL INFO misc/utils.cc:233 memory stack hunk malloc(65536)
rg32403:182437:182633 [0] NCCL INFO Channel 00/0 : 0[0] -> 3[3] via P2P/CUMEM
rg32403:182438:182631 [1] NCCL INFO Channel 01/0 : 1[1] -> 2[2] via P2P/CUMEM
rg32602:129031:129031 [1] NCCL INFO AllGather: opCount 0 sendbuff 0x153674ff6a00 recvbuff 0x153674ff7c00 count 1 datatype 4 op 0 root 0 comm 0x55fa03b65140 [nranks=8] stream 0x55fa031a4090
rg32602:129031:129031 [1] NCCL INFO misc/utils.cc:233 memory stack hunk malloc(65536)
rg32602:129032:129032 [2] NCCL INFO AllGather: opCount 0 sendbuff 0x1501a6ff6a00 recvbuff 0x1501a6ff7c00 count 1 datatype 4 op 0 root 0 comm 0x564cc2374b40 [nranks=8] stream 0x564cc19b3ef0
rg32602:129032:129032 [2] NCCL INFO misc/utils.cc:233 memory stack hunk malloc(65536)
rg32602:129033:129033 [3] NCCL INFO AllGather: opCount 0 sendbuff 0x1509d4ff6a00 recvbuff 0x1509d4ff7c00 count 1 datatype 4 op 0 root 0 comm 0x564252ed56c0 [nranks=8] stream 0x56425235b820
rg32602:129033:129033 [3] NCCL INFO misc/utils.cc:233 memory stack hunk malloc(65536)
rg32403:182438:182625 [1] NCCL INFO Mem Realloc old size 0, new size 8 pointer 0x146ef0004f20
rg32403:182438:182625 [1] NCCL INFO New proxy send connection 0 from local rank 1, transport 0
rg32403:182438:182625 [1] NCCL INFO proxyProgressAsync opId=0x146f231ca6d0 op.type=1 op.reqBuff=0x146ef0004ee0 op.respSize=16 done
rg32403:182438:182631 [1] NCCL INFO ncclPollProxyResponse Received new opId=0x146f231ca6d0
rg32403:182438:182625 [1] NCCL INFO Received and initiated operation=Init res=0
rg32403:182438:182631 [1] NCCL INFO resp.opId=0x146f231ca6d0 matches expected opId=0x146f231ca6d0
rg32403:182438:182631 [1] NCCL INFO Connected to proxy localRank 1 -> connection 0x146ef0004f40
rg32403:182440:182623 [3] NCCL INFO Mem Realloc old size 0, new size 8 pointer 0x1528c8004f20
rg32403:182437:182624 [0] NCCL INFO Mem Realloc old size 0, new size 8 pointer 0x1511b8004f20
rg32403:182437:182624 [0] NCCL INFO New proxy send connection 0 from local rank 0, transport 0
rg32403:182437:182624 [0] NCCL INFO proxyProgressAsync opId=0x1511e31ced80 op.type=1 op.reqBuff=0x1511b8004ee0 op.respSize=16 done
rg32403:182437:182624 [0] NCCL INFO Received and initiated operation=Init res=0
rg32403:182437:182633 [0] NCCL INFO ncclPollProxyResponse Received new opId=0x1511e31ced80
rg32602:129030:129030 [0] NCCL INFO AllGather: opCount 0 sendbuff 0x15418cff6a00 recvbuff 0x15418cff7c00 count 1 datatype 4 op 0 root 0 comm 0x55f34816a180 [nranks=8] stream 0x55f349840b80
rg32602:129030:129030 [0] NCCL INFO misc/utils.cc:233 memory stack hunk malloc(65536)
rg32602:129030:129197 [0] NCCL INFO Channel 00/0 : 4[0] -> 7[3] via P2P/CUMEM
rg32403:182439:182626 [2] NCCL INFO Mem Realloc old size 0, new size 8 pointer 0x154fac004f20
rg32602:129031:129195 [1] NCCL INFO Channel 01/0 : 5[1] -> 6[2] via P2P/CUMEM
rg32403:182437:182633 [0] NCCL INFO resp.opId=0x1511e31ced80 matches expected opId=0x1511e31ced80
rg32403:182437:182633 [0] NCCL INFO Connected to proxy localRank 0 -> connection 0x1511b8004f40
rg32403:182439:182626 [2] NCCL INFO New proxy recv connection 0 from local rank 2, transport 0
rg32403:182439:182626 [2] NCCL INFO proxyProgressAsync opId=0x154fdf1ca6d0 op.type=1 op.reqBuff=0x154fac004ee0 op.respSize=16 done
rg32602:129033:129188 [3] NCCL INFO Mem Realloc old size 0, new size 8 pointer 0x150960004f20
rg32403:182439:182634 [2] NCCL INFO ncclPollProxyResponse Received new opId=0x154fdf1ca6d0
rg32403:182439:182626 [2] NCCL INFO Received and initiated operation=Init res=0
rg32403:182439:182634 [2] NCCL INFO resp.opId=0x154fdf1ca6d0 matches expected opId=0x154fdf1ca6d0
rg32403:182439:182634 [2] NCCL INFO Connected to proxy localRank 2 -> connection 0x154fac004f40
rg32602:129031:129187 [1] NCCL INFO Mem Realloc old size 0, new size 8 pointer 0x153600004f20
rg32602:129031:129187 [1] NCCL INFO New proxy send connection 0 from local rank 1, transport 0
rg32602:129031:129187 [1] NCCL INFO proxyProgressAsync opId=0x1536331ced20 op.type=1 op.reqBuff=0x153600004ee0 op.respSize=16 done
rg32602:129032:129186 [2] NCCL INFO Mem Realloc old size 0, new size 8 pointer 0x150134004f20
rg32602:129032:129186 [2] NCCL INFO New proxy recv connection 0 from local rank 2, transport 0
rg32602:129032:129186 [2] NCCL INFO proxyProgressAsync opId=0x1501664f6030 op.type=1 op.reqBuff=0x150134004ee0 op.respSize=16 done
rg32602:129031:129195 [1] NCCL INFO ncclPollProxyResponse Received new opId=0x1536331ced20
rg32602:129031:129187 [1] NCCL INFO Received and initiated operation=Init res=0
rg32602:129031:129195 [1] NCCL INFO resp.opId=0x1536331ced20 matches expected opId=0x1536331ced20
rg32602:129031:129195 [1] NCCL INFO Connected to proxy localRank 1 -> connection 0x153600004f40
rg32602:129030:129189 [0] NCCL INFO Mem Realloc old size 0, new size 8 pointer 0x154118004f20
rg32602:129030:129189 [0] NCCL INFO New proxy send connection 0 from local rank 0, transport 0
rg32602:129032:129194 [2] NCCL INFO ncclPollProxyResponse Received new opId=0x1501664f6030
rg32602:129032:129186 [2] NCCL INFO Received and initiated operation=Init res=0
rg32602:129032:129194 [2] NCCL INFO resp.opId=0x1501664f6030 matches expected opId=0x1501664f6030
rg32602:129032:129194 [2] NCCL INFO Connected to proxy localRank 2 -> connection 0x150134004f40
rg32602:129030:129189 [0] NCCL INFO proxyProgressAsync opId=0x15414b1ca6d0 op.type=1 op.reqBuff=0x154118004ee0 op.respSize=16 done
rg32602:129030:129197 [0] NCCL INFO ncclPollProxyResponse Received new opId=0x15414b1ca6d0
rg32602:129030:129197 [0] NCCL INFO resp.opId=0x15414b1ca6d0 matches expected opId=0x15414b1ca6d0
rg32602:129030:129189 [0] NCCL INFO Received and initiated operation=Init res=0
rg32602:129030:129197 [0] NCCL INFO Connected to proxy localRank 0 -> connection 0x154118004f40
rg32403:182437:182624 [0] NCCL INFO Allocated shareable buffer 0x15120da00000 size 2097152 ipcDesc 0x1511b8008b80
rg32403:182437:182624 [0] NCCL INFO proxyProgressAsync opId=0x1511e31ced80 op.type=3 op.reqBuff=0x1511b8008b50 op.respSize=88 done
rg32403:182437:182633 [0] NCCL INFO ncclPollProxyResponse Received new opId=0x1511e31ced80
rg32403:182437:182624 [0] NCCL INFO Received and initiated operation=Setup res=0
rg32403:182437:182633 [0] NCCL INFO resp.opId=0x1511e31ced80 matches expected opId=0x1511e31ced80
rg32403:182437:182633 [0] NCCL INFO Channel 01/0 : 0[0] -> 3[3] via P2P/CUMEM
rg32403:182438:182625 [1] NCCL INFO Allocated shareable buffer 0x146f4ba00000 size 2097152 ipcDesc 0x146ef0008b80
rg32403:182438:182625 [1] NCCL INFO proxyProgressAsync opId=0x146f231ca6d0 op.type=3 op.reqBuff=0x146ef0008b50 op.respSize=88 done
rg32403:182438:182631 [1] NCCL INFO ncclPollProxyResponse Received new opId=0x146f231ca6d0
rg32403:182438:182625 [1] NCCL INFO Received and initiated operation=Setup res=0
rg32403:182438:182631 [1] NCCL INFO resp.opId=0x146f231ca6d0 matches expected opId=0x146f231ca6d0
rg32403:182437:182624 [0] NCCL INFO New proxy send connection 1 from local rank 0, transport 0
rg32403:182437:182624 [0] NCCL INFO proxyProgressAsync opId=0x1511e31ced80 op.type=1 op.reqBuff=0x1511b800a4d0 op.respSize=16 done
rg32403:182437:182633 [0] NCCL INFO ncclPollProxyResponse Received new opId=0x1511e31ced80
rg32403:182437:182624 [0] NCCL INFO Received and initiated operation=Init res=0
rg32403:182438:182631 [1] NCCL INFO Channel 03/0 : 1[1] -> 2[2] via P2P/CUMEM
rg32403:182437:182633 [0] NCCL INFO resp.opId=0x1511e31ced80 matches expected opId=0x1511e31ced80
rg32403:182437:182633 [0] NCCL INFO Connected to proxy localRank 0 -> connection 0x1511b8004fb8
rg32403:182438:182625 [1] NCCL INFO New proxy send connection 1 from local rank 1, transport 0
rg32403:182438:182625 [1] NCCL INFO proxyProgressAsync opId=0x146f231ca6d0 op.type=1 op.reqBuff=0x146ef000a4d0 op.respSize=16 done
rg32403:182438:182631 [1] NCCL INFO ncclPollProxyResponse Received new opId=0x146f231ca6d0
rg32403:182438:182625 [1] NCCL INFO Received and initiated operation=Init res=0
rg32403:182438:182631 [1] NCCL INFO resp.opId=0x146f231ca6d0 matches expected opId=0x146f231ca6d0
rg32403:182439:182626 [2] NCCL INFO Allocated shareable buffer 0x155007a00000 size 10485760 ipcDesc 0x154fac008b80
rg32403:182439:182626 [2] NCCL INFO proxyProgressAsync opId=0x154fdf1ca6d0 op.type=3 op.reqBuff=0x154fac008b50 op.respSize=88 done
rg32403:182439:182634 [2] NCCL INFO ncclPollProxyResponse Received new opId=0x154fdf1ca6d0
rg32403:182439:182626 [2] NCCL INFO Received and initiated operation=Setup res=0
rg32403:182439:182634 [2] NCCL INFO resp.opId=0x154fdf1ca6d0 matches expected opId=0x154fdf1ca6d0
rg32403:182438:182631 [1] NCCL INFO Connected to proxy localRank 1 -> connection 0x146ef0004fb8
rg32403:182439:182626 [2] NCCL INFO New proxy recv connection 1 from local rank 2, transport 0
rg32403:182439:182626 [2] NCCL INFO proxyProgressAsync opId=0x154fdf1ca6d0 op.type=1 op.reqBuff=0x154fac00a4d0 op.respSize=16 done
rg32403:182439:182634 [2] NCCL INFO ncclPollProxyResponse Received new opId=0x154fdf1ca6d0
rg32403:182439:182626 [2] NCCL INFO Received and initiated operation=Init res=0
rg32403:182439:182634 [2] NCCL INFO resp.opId=0x154fdf1ca6d0 matches expected opId=0x154fdf1ca6d0
rg32403:182439:182634 [2] NCCL INFO Connected to proxy localRank 2 -> connection 0x154fac004fb8
rg32403:182437:182624 [0] NCCL INFO Allocated shareable buffer 0x15120dc00000 size 2097152 ipcDesc 0x1511b800a540
rg32403:182437:182624 [0] NCCL INFO proxyProgressAsync opId=0x1511e31ced80 op.type=3 op.reqBuff=0x1511b800a510 op.respSize=88 done
rg32602:129030:129189 [0] NCCL INFO Allocated shareable buffer 0x154173a00000 size 2097152 ipcDesc 0x154118008b80
rg32602:129030:129189 [0] NCCL INFO proxyProgressAsync opId=0x15414b1ca6d0 op.type=3 op.reqBuff=0x154118008b50 op.respSize=88 done
rg32602:129030:129197 [0] NCCL INFO ncclPollProxyResponse Received new opId=0x15414b1ca6d0
rg32602:129030:129189 [0] NCCL INFO Received and initiated operation=Setup res=0
rg32602:129030:129197 [0] NCCL INFO resp.opId=0x15414b1ca6d0 matches expected opId=0x15414b1ca6d0
rg32602:129030:129197 [0] NCCL INFO Channel 01/0 : 4[0] -> 7[3] via P2P/CUMEM
rg32403:182437:182633 [0] NCCL INFO ncclPollProxyResponse Received new opId=0x1511e31ced80
rg32403:182437:182624 [0] NCCL INFO Received and initiated operation=Setup res=0
rg32602:129032:129186 [2] NCCL INFO Allocated shareable buffer 0x15018da00000 size 10485760 ipcDesc 0x150134008b80
rg32602:129032:129186 [2] NCCL INFO proxyProgressAsync opId=0x1501664f6030 op.type=3 op.reqBuff=0x150134008b50 op.respSize=88 done
rg32602:129032:129194 [2] NCCL INFO ncclPollProxyResponse Received new opId=0x1501664f6030
rg32403:182437:182633 [0] NCCL INFO resp.opId=0x1511e31ced80 matches expected opId=0x1511e31ced80
rg32403:182437:182633 [0] NCCL INFO Channel 02/0 : 0[0] -> 3[3] via P2P/CUMEM
rg32403:182438:182625 [1] NCCL INFO Allocated shareable buffer 0x146f4bc00000 size 2097152 ipcDesc 0x146ef000a540
rg32403:182438:182625 [1] NCCL INFO proxyProgressAsync opId=0x146f231ca6d0 op.type=3 op.reqBuff=0x146ef000a510 op.respSize=88 done
rg32403:182438:182631 [1] NCCL INFO ncclPollProxyResponse Received new opId=0x146f231ca6d0
rg32403:182438:182625 [1] NCCL INFO Received and initiated operation=Setup res=0
rg32403:182437:182624 [0] NCCL INFO New proxy send connection 2 from local rank 0, transport 0
rg32403:182437:182624 [0] NCCL INFO proxyProgressAsync opId=0x1511e31ced80 op.type=1 op.reqBuff=0x1511b800bc50 op.respSize=16 done
rg32403:182437:182633 [0] NCCL INFO ncclPollProxyResponse Received new opId=0x1511e31ced80
rg32403:182438:182631 [1] NCCL INFO resp.opId=0x146f231ca6d0 matches expected opId=0x146f231ca6d0
rg32403:182437:182624 [0] NCCL INFO Received and initiated operation=Init res=0
rg32403:182437:182633 [0] NCCL INFO resp.opId=0x1511e31ced80 matches expected opId=0x1511e31ced80
rg32403:182437:182633 [0] NCCL INFO Connected to proxy localRank 0 -> connection 0x1511b8005030
rg32602:129031:129187 [1] NCCL INFO Allocated shareable buffer 0x15365ba00000 size 2097152 ipcDesc 0x153600008b80
rg32602:129031:129187 [1] NCCL INFO proxyProgressAsync opId=0x1536331ced20 op.type=3 op.reqBuff=0x153600008b50 op.respSize=88 done
rg32403:182439:182626 [2] NCCL INFO Allocated shareable buffer 0x155008400000 size 10485760 ipcDesc 0x154fac00a540
rg32403:182439:182626 [2] NCCL INFO proxyProgressAsync opId=0x154fdf1ca6d0 op.type=3 op.reqBuff=0x154fac00a510 op.respSize=88 done
rg32403:182439:182634 [2] NCCL INFO ncclPollProxyResponse Received new opId=0x154fdf1ca6d0
rg32403:182439:182626 [2] NCCL INFO Received and initiated operation=Setup res=0
rg32403:182439:182634 [2] NCCL INFO resp.opId=0x154fdf1ca6d0 matches expected opId=0x154fdf1ca6d0
rg32602:129032:129186 [2] NCCL INFO Received and initiated operation=Setup res=0
rg32602:129032:129194 [2] NCCL INFO resp.opId=0x1501664f6030 matches expected opId=0x1501664f6030
rg32403:182437:182624 [0] NCCL INFO Allocated shareable buffer 0x15120de00000 size 2097152 ipcDesc 0x1511b800bca0
rg32403:182437:182624 [0] NCCL INFO proxyProgressAsync opId=0x1511e31ced80 op.type=3 op.reqBuff=0x1511b800bc70 op.respSize=88 done
rg32602:129030:129189 [0] NCCL INFO New proxy send connection 1 from local rank 0, transport 0
rg32602:129030:129189 [0] NCCL INFO proxyProgressAsync opId=0x15414b1ca6d0 op.type=1 op.reqBuff=0x15411800a4d0 op.respSize=16 done
rg32602:129030:129197 [0] NCCL INFO ncclPollProxyResponse Received new opId=0x15414b1ca6d0
rg32602:129030:129189 [0] NCCL INFO Received and initiated operation=Init res=0
rg32403:182437:182633 [0] NCCL INFO ncclPollProxyResponse Received new opId=0x1511e31ced80
rg32403:182437:182624 [0] NCCL INFO Received and initiated operation=Setup res=0
rg32403:182437:182633 [0] NCCL INFO resp.opId=0x1511e31ced80 matches expected opId=0x1511e31ced80
rg32602:129031:129195 [1] NCCL INFO ncclPollProxyResponse Received new opId=0x1536331ced20
rg32602:129031:129187 [1] NCCL INFO Received and initiated operation=Setup res=0
rg32602:129031:129195 [1] NCCL INFO resp.opId=0x1536331ced20 matches expected opId=0x1536331ced20
rg32602:129031:129195 [1] NCCL INFO Channel 03/0 : 5[1] -> 6[2] via P2P/CUMEM
rg32403:182437:182633 [0] NCCL INFO Channel 03/0 : 0[0] -> 3[3] via P2P/CUMEM
rg32602:129030:129197 [0] NCCL INFO resp.opId=0x15414b1ca6d0 matches expected opId=0x15414b1ca6d0
rg32602:129030:129197 [0] NCCL INFO Connected to proxy localRank 0 -> connection 0x154118004fb8
rg32403:182437:182624 [0] NCCL INFO New proxy send connection 3 from local rank 0, transport 0
rg32403:182437:182624 [0] NCCL INFO proxyProgressAsync opId=0x1511e31ced80 op.type=1 op.reqBuff=0x1511b800bc70 op.respSize=16 done
rg32602:129032:129186 [2] NCCL INFO New proxy recv connection 1 from local rank 2, transport 0
rg32602:129032:129186 [2] NCCL INFO proxyProgressAsync opId=0x1501664f6030 op.type=1 op.reqBuff=0x15013400a4d0 op.respSize=16 done
rg32602:129032:129194 [2] NCCL INFO ncclPollProxyResponse Received new opId=0x1501664f6030
rg32403:182437:182633 [0] NCCL INFO ncclPollProxyResponse Received new opId=0x1511e31ced80
rg32403:182437:182624 [0] NCCL INFO Received and initiated operation=Init res=0
rg32403:182437:182633 [0] NCCL INFO resp.opId=0x1511e31ced80 matches expected opId=0x1511e31ced80
rg32602:129032:129186 [2] NCCL INFO Received and initiated operation=Init res=0
rg32602:129032:129194 [2] NCCL INFO resp.opId=0x1501664f6030 matches expected opId=0x1501664f6030
rg32602:129032:129194 [2] NCCL INFO Connected to proxy localRank 2 -> connection 0x150134004fb8
rg32403:182437:182633 [0] NCCL INFO Connected to proxy localRank 0 -> connection 0x1511b80050a8
rg32602:129031:129187 [1] NCCL INFO New proxy send connection 1 from local rank 1, transport 0
rg32602:129031:129187 [1] NCCL INFO proxyProgressAsync opId=0x1536331ced20 op.type=1 op.reqBuff=0x15360000a4d0 op.respSize=16 done
rg32602:129031:129195 [1] NCCL INFO ncclPollProxyResponse Received new opId=0x1536331ced20
rg32602:129031:129187 [1] NCCL INFO Received and initiated operation=Init res=0
rg32602:129031:129195 [1] NCCL INFO resp.opId=0x1536331ced20 matches expected opId=0x1536331ced20
rg32602:129031:129195 [1] NCCL INFO Connected to proxy localRank 1 -> connection 0x153600004fb8
rg32602:129030:129189 [0] NCCL INFO Allocated shareable buffer 0x154173c00000 size 2097152 ipcDesc 0x15411800a540
rg32602:129030:129189 [0] NCCL INFO proxyProgressAsync opId=0x15414b1ca6d0 op.type=3 op.reqBuff=0x15411800a510 op.respSize=88 done
rg32403:182437:182624 [0] NCCL INFO Allocated shareable buffer 0x15120e000000 size 2097152 ipcDesc 0x1511b800d3e0
rg32403:182437:182624 [0] NCCL INFO proxyProgressAsync opId=0x1511e31ced80 op.type=3 op.reqBuff=0x1511b800d3b0 op.respSize=88 done
rg32403:182437:182633 [0] NCCL INFO ncclPollProxyResponse Received new opId=0x1511e31ced80
rg32403:182437:182624 [0] NCCL INFO Received and initiated operation=Setup res=0
rg32403:182437:182633 [0] NCCL INFO resp.opId=0x1511e31ced80 matches expected opId=0x1511e31ced80
rg32602:129030:129197 [0] NCCL INFO ncclPollProxyResponse Received new opId=0x15414b1ca6d0
rg32602:129030:129189 [0] NCCL INFO Received and initiated operation=Setup res=0
rg32602:129030:129197 [0] NCCL INFO resp.opId=0x15414b1ca6d0 matches expected opId=0x15414b1ca6d0
rg32602:129030:129197 [0] NCCL INFO Channel 02/0 : 4[0] -> 7[3] via P2P/CUMEM
rg32602:129030:129189 [0] NCCL INFO New proxy send connection 2 from local rank 0, transport 0
rg32602:129030:129189 [0] NCCL INFO proxyProgressAsync opId=0x15414b1ca6d0 op.type=1 op.reqBuff=0x15411800bc50 op.respSize=16 done
rg32602:129030:129197 [0] NCCL INFO ncclPollProxyResponse Received new opId=0x15414b1ca6d0
rg32602:129032:129186 [2] NCCL INFO Allocated shareable buffer 0x15018e400000 size 10485760 ipcDesc 0x15013400a540
rg32602:129032:129186 [2] NCCL INFO proxyProgressAsync opId=0x1501664f6030 op.type=3 op.reqBuff=0x15013400a510 op.respSize=88 done
rg32602:129030:129189 [0] NCCL INFO Received and initiated operation=Init res=0
rg32602:129030:129197 [0] NCCL INFO resp.opId=0x15414b1ca6d0 matches expected opId=0x15414b1ca6d0
rg32602:129030:129197 [0] NCCL INFO Connected to proxy localRank 0 -> connection 0x154118005030
rg32602:129032:129194 [2] NCCL INFO ncclPollProxyResponse Received new opId=0x1501664f6030
rg32602:129032:129186 [2] NCCL INFO Received and initiated operation=Setup res=0
rg32602:129032:129194 [2] NCCL INFO resp.opId=0x1501664f6030 matches expected opId=0x1501664f6030
rg32602:129031:129187 [1] NCCL INFO Allocated shareable buffer 0x15365bc00000 size 2097152 ipcDesc 0x15360000a540
rg32602:129031:129187 [1] NCCL INFO proxyProgressAsync opId=0x1536331ced20 op.type=3 op.reqBuff=0x15360000a510 op.respSize=88 done
rg32602:129031:129195 [1] NCCL INFO ncclPollProxyResponse Received new opId=0x1536331ced20
rg32602:129031:129187 [1] NCCL INFO Received and initiated operation=Setup res=0
rg32602:129031:129195 [1] NCCL INFO resp.opId=0x1536331ced20 matches expected opId=0x1536331ced20
rg32602:129030:129189 [0] NCCL INFO Allocated shareable buffer 0x154173e00000 size 2097152 ipcDesc 0x15411800bca0
rg32602:129030:129189 [0] NCCL INFO proxyProgressAsync opId=0x15414b1ca6d0 op.type=3 op.reqBuff=0x15411800bc70 op.respSize=88 done
rg32602:129030:129197 [0] NCCL INFO ncclPollProxyResponse Received new opId=0x15414b1ca6d0
rg32602:129030:129189 [0] NCCL INFO Received and initiated operation=Setup res=0
rg32602:129030:129197 [0] NCCL INFO resp.opId=0x15414b1ca6d0 matches expected opId=0x15414b1ca6d0
rg32602:129030:129197 [0] NCCL INFO Channel 03/0 : 4[0] -> 7[3] via P2P/CUMEM
rg32602:129030:129189 [0] NCCL INFO New proxy send connection 3 from local rank 0, transport 0
rg32602:129030:129189 [0] NCCL INFO proxyProgressAsync opId=0x15414b1ca6d0 op.type=1 op.reqBuff=0x15411800bc70 op.respSize=16 done
rg32602:129030:129197 [0] NCCL INFO ncclPollProxyResponse Received new opId=0x15414b1ca6d0
rg32602:129030:129189 [0] NCCL INFO Received and initiated operation=Init res=0
rg32602:129030:129197 [0] NCCL INFO resp.opId=0x15414b1ca6d0 matches expected opId=0x15414b1ca6d0
rg32602:129030:129197 [0] NCCL INFO Connected to proxy localRank 0 -> connection 0x1541180050a8
rg32602:129030:129189 [0] NCCL INFO Allocated shareable buffer 0x154174000000 size 2097152 ipcDesc 0x15411800d3e0
rg32602:129030:129189 [0] NCCL INFO proxyProgressAsync opId=0x15414b1ca6d0 op.type=3 op.reqBuff=0x15411800d3b0 op.respSize=88 done
rg32602:129030:129197 [0] NCCL INFO ncclPollProxyResponse Received new opId=0x15414b1ca6d0
rg32602:129030:129189 [0] NCCL INFO Received and initiated operation=Setup res=0
rg32602:129030:129197 [0] NCCL INFO resp.opId=0x15414b1ca6d0 matches expected opId=0x15414b1ca6d0
rg32403:182440:182623 [3] NCCL INFO Allocated 33030532 bytes of shared memory in /dev/shm/nccl-o5QeB7
rg32602:129033:129188 [3] NCCL INFO Allocated 33030532 bytes of shared memory in /dev/shm/nccl-3G6SvO
rg32403:182439:182626 [2] NCCL INFO Allocated 33030532 bytes of shared memory in /dev/shm/nccl-QT6T89
rg32403:182438:182625 [1] NCCL INFO Allocated 33030532 bytes of shared memory in /dev/shm/nccl-BQjlDS
rg32602:129032:129186 [2] NCCL INFO Allocated 33030532 bytes of shared memory in /dev/shm/nccl-7tFGaD
rg32602:129031:129187 [1] NCCL INFO Allocated 33030532 bytes of shared memory in /dev/shm/nccl-yMZE2O
rg32403:182440:182623 [3] NCCL INFO New proxy send connection 0 from local rank 3, transport 2
rg32403:182440:182623 [3] NCCL INFO proxyProgressAsync opId=0x1528fb1ca6d0 op.type=1 op.reqBuff=0x1528c8004ee0 op.respSize=16 done
rg32403:182440:182632 [3] NCCL INFO ncclPollProxyResponse Received new opId=0x1528fb1ca6d0
rg32403:182440:182632 [3] NCCL INFO resp.opId=0x1528fb1ca6d0 matches expected opId=0x1528fb1ca6d0
rg32403:182440:182623 [3] NCCL INFO Received and initiated operation=Init res=0
rg32403:182440:182635 [3] NCCL INFO [Proxy Progress] Device 3 CPU core 42
rg32403:182440:182632 [3] NCCL INFO Connected to proxy localRank 3 -> connection 0x1528c8004f40
rg32403:182440:182623 [3] NCCL INFO proxyProgressAsync opId=0x1528fb1ca6d0 op.type=3 op.reqBuff=0x1528c8009070 op.respSize=0 done
rg32403:182440:182623 [3] NCCL INFO Received and initiated operation=Setup res=0
rg32403:182440:182632 [3] NCCL INFO ncclPollProxyResponse Received new opId=0x1528fb1ca6d0
rg32403:182440:182632 [3] NCCL INFO resp.opId=0x1528fb1ca6d0 matches expected opId=0x1528fb1ca6d0
rg32403:182440:182632 [3] NCCL INFO Channel 01/0 : 3[3] -> 5[1] [send] via NET/IB/1
rg32403:182440:182623 [3] NCCL INFO New proxy send connection 1 from local rank 3, transport 2
rg32403:182440:182623 [3] NCCL INFO proxyProgressAsync opId=0x1528fb1ca6d0 op.type=1 op.reqBuff=0x1528c80096e0 op.respSize=16 done
rg32403:182440:182632 [3] NCCL INFO ncclPollProxyResponse Received new opId=0x1528fb1ca6d0
rg32403:182440:182623 [3] NCCL INFO Received and initiated operation=Init res=0
rg32403:182440:182632 [3] NCCL INFO resp.opId=0x1528fb1ca6d0 matches expected opId=0x1528fb1ca6d0
rg32403:182440:182632 [3] NCCL INFO Connected to proxy localRank 3 -> connection 0x1528c8004fb8
rg32403:182440:182623 [3] NCCL INFO proxyProgressAsync opId=0x1528fb1ca6d0 op.type=3 op.reqBuff=0x1528c8009720 op.respSize=0 done
rg32403:182440:182632 [3] NCCL INFO ncclPollProxyResponse Received new opId=0x1528fb1ca6d0
rg32403:182440:182632 [3] NCCL INFO resp.opId=0x1528fb1ca6d0 matches expected opId=0x1528fb1ca6d0
rg32403:182440:182623 [3] NCCL INFO Received and initiated operation=Setup res=0
rg32403:182440:182632 [3] NCCL INFO Channel 03/0 : 3[3] -> 5[1] [send] via NET/IB/1
rg32602:129033:129188 [3] NCCL INFO New proxy send connection 0 from local rank 3, transport 2
rg32602:129033:129188 [3] NCCL INFO proxyProgressAsync opId=0x1509931ced20 op.type=1 op.reqBuff=0x150960004ee0 op.respSize=16 done
rg32602:129033:129196 [3] NCCL INFO ncclPollProxyResponse Received new opId=0x1509931ced20
rg32602:129033:129196 [3] NCCL INFO resp.opId=0x1509931ced20 matches expected opId=0x1509931ced20
rg32602:129033:129188 [3] NCCL INFO Received and initiated operation=Init res=0
rg32602:129033:129198 [3] NCCL INFO [Proxy Progress] Device 3 CPU core 40
rg32602:129033:129196 [3] NCCL INFO Connected to proxy localRank 3 -> connection 0x150960004f40
rg32602:129033:129188 [3] NCCL INFO proxyProgressAsync opId=0x1509931ced20 op.type=3 op.reqBuff=0x150960009070 op.respSize=0 done
rg32602:129033:129188 [3] NCCL INFO Received and initiated operation=Setup res=0
rg32602:129033:129196 [3] NCCL INFO ncclPollProxyResponse Received new opId=0x1509931ced20
rg32602:129033:129196 [3] NCCL INFO resp.opId=0x1509931ced20 matches expected opId=0x1509931ced20
rg32602:129033:129196 [3] NCCL INFO Channel 01/0 : 7[3] -> 1[1] [send] via NET/IB/1
rg32602:129033:129188 [3] NCCL INFO New proxy send connection 1 from local rank 3, transport 2
rg32602:129033:129188 [3] NCCL INFO proxyProgressAsync opId=0x1509931ced20 op.type=1 op.reqBuff=0x1509600096e0 op.respSize=16 done
rg32602:129033:129196 [3] NCCL INFO ncclPollProxyResponse Received new opId=0x1509931ced20
rg32602:129033:129188 [3] NCCL INFO Received and initiated operation=Init res=0
rg32602:129033:129196 [3] NCCL INFO resp.opId=0x1509931ced20 matches expected opId=0x1509931ced20
rg32602:129033:129196 [3] NCCL INFO Connected to proxy localRank 3 -> connection 0x150960004fb8
rg32602:129033:129188 [3] NCCL INFO proxyProgressAsync opId=0x1509931ced20 op.type=3 op.reqBuff=0x150960009720 op.respSize=0 done
rg32602:129033:129188 [3] NCCL INFO Received and initiated operation=Setup res=0
rg32403:182439:182626 [2] NCCL INFO New proxy send connection 2 from local rank 2, transport 2
rg32403:182439:182626 [2] NCCL INFO proxyProgressAsync opId=0x154fdf1ca6d0 op.type=1 op.reqBuff=0x154fac00bc50 op.respSize=16 done
rg32403:182439:182634 [2] NCCL INFO ncclPollProxyResponse Received new opId=0x154fdf1ca6d0
rg32403:182439:182626 [2] NCCL INFO Received and initiated operation=Init res=0
rg32602:129033:129196 [3] NCCL INFO ncclPollProxyResponse Received new opId=0x1509931ced20
rg32602:129033:129196 [3] NCCL INFO resp.opId=0x1509931ced20 matches expected opId=0x1509931ced20
rg32602:129033:129196 [3] NCCL INFO Channel 03/0 : 7[3] -> 1[1] [send] via NET/IB/1
rg32403:182439:182634 [2] NCCL INFO resp.opId=0x154fdf1ca6d0 matches expected opId=0x154fdf1ca6d0
rg32403:182439:182636 [2] NCCL INFO [Proxy Progress] Device 2 CPU core 8
rg32602:129032:129186 [2] NCCL INFO New proxy send connection 2 from local rank 2, transport 2
rg32602:129032:129186 [2] NCCL INFO proxyProgressAsync opId=0x1501664f6030 op.type=1 op.reqBuff=0x15013400bc50 op.respSize=16 done
rg32403:182439:182634 [2] NCCL INFO Connected to proxy localRank 2 -> connection 0x154fac005030
rg32602:129032:129194 [2] NCCL INFO ncclPollProxyResponse Received new opId=0x1501664f6030
rg32602:129032:129186 [2] NCCL INFO Received and initiated operation=Init res=0
rg32403:182439:182626 [2] NCCL INFO proxyProgressAsync opId=0x154fdf1ca6d0 op.type=3 op.reqBuff=0x154fac00c190 op.respSize=0 done
rg32602:129032:129194 [2] NCCL INFO resp.opId=0x1501664f6030 matches expected opId=0x1501664f6030
rg32403:182439:182626 [2] NCCL INFO Received and initiated operation=Setup res=0
rg32403:182439:182634 [2] NCCL INFO ncclPollProxyResponse Received new opId=0x154fdf1ca6d0
rg32403:182439:182634 [2] NCCL INFO resp.opId=0x154fdf1ca6d0 matches expected opId=0x154fdf1ca6d0
rg32403:182439:182634 [2] NCCL INFO Channel 00/0 : 2[2] -> 5[1] [send] via NET/IB/1
rg32403:182439:182626 [2] NCCL INFO New proxy send connection 3 from local rank 2, transport 2
rg32403:182439:182626 [2] NCCL INFO proxyProgressAsync opId=0x154fdf1ca6d0 op.type=1 op.reqBuff=0x154fac00c800 op.respSize=16 done
rg32403:182439:182634 [2] NCCL INFO ncclPollProxyResponse Received new opId=0x154fdf1ca6d0
rg32403:182439:182626 [2] NCCL INFO Received and initiated operation=Init res=0
rg32403:182439:182634 [2] NCCL INFO resp.opId=0x154fdf1ca6d0 matches expected opId=0x154fdf1ca6d0
rg32403:182439:182634 [2] NCCL INFO Connected to proxy localRank 2 -> connection 0x154fac0050a8
rg32403:182439:182626 [2] NCCL INFO proxyProgressAsync opId=0x154fdf1ca6d0 op.type=3 op.reqBuff=0x154fac00c840 op.respSize=0 done
rg32602:129032:129194 [2] NCCL INFO Connected to proxy localRank 2 -> connection 0x150134005030
rg32602:129032:129199 [2] NCCL INFO [Proxy Progress] Device 2 CPU core 15
rg32403:182439:182626 [2] NCCL INFO Received and initiated operation=Setup res=0
rg32403:182439:182634 [2] NCCL INFO ncclPollProxyResponse Received new opId=0x154fdf1ca6d0
rg32403:182439:182634 [2] NCCL INFO resp.opId=0x154fdf1ca6d0 matches expected opId=0x154fdf1ca6d0
rg32403:182439:182634 [2] NCCL INFO Channel 02/0 : 2[2] -> 5[1] [send] via NET/IB/1
rg32602:129032:129186 [2] NCCL INFO proxyProgressAsync opId=0x1501664f6030 op.type=3 op.reqBuff=0x15013400c190 op.respSize=0 done
rg32602:129032:129194 [2] NCCL INFO ncclPollProxyResponse Received new opId=0x1501664f6030
rg32602:129032:129194 [2] NCCL INFO resp.opId=0x1501664f6030 matches expected opId=0x1501664f6030
rg32602:129032:129186 [2] NCCL INFO Received and initiated operation=Setup res=0
rg32602:129032:129194 [2] NCCL INFO Channel 00/0 : 6[2] -> 1[1] [send] via NET/IB/1
rg32602:129032:129186 [2] NCCL INFO New proxy send connection 3 from local rank 2, transport 2
rg32602:129032:129186 [2] NCCL INFO proxyProgressAsync opId=0x1501664f6030 op.type=1 op.reqBuff=0x15013400c800 op.respSize=16 done
rg32602:129032:129194 [2] NCCL INFO ncclPollProxyResponse Received new opId=0x1501664f6030
rg32602:129032:129186 [2] NCCL INFO Received and initiated operation=Init res=0
rg32602:129032:129194 [2] NCCL INFO resp.opId=0x1501664f6030 matches expected opId=0x1501664f6030
rg32602:129032:129194 [2] NCCL INFO Connected to proxy localRank 2 -> connection 0x1501340050a8
rg32602:129032:129186 [2] NCCL INFO proxyProgressAsync opId=0x1501664f6030 op.type=3 op.reqBuff=0x15013400c840 op.respSize=0 done
rg32602:129032:129186 [2] NCCL INFO Received and initiated operation=Setup res=0
rg32602:129032:129194 [2] NCCL INFO ncclPollProxyResponse Received new opId=0x1501664f6030
rg32602:129032:129194 [2] NCCL INFO resp.opId=0x1501664f6030 matches expected opId=0x1501664f6030
rg32602:129032:129194 [2] NCCL INFO Channel 02/0 : 6[2] -> 1[1] [send] via NET/IB/1
rg32403:182438:182625 [1] NCCL INFO New proxy recv connection 2 from local rank 1, transport 2
rg32403:182438:182625 [1] NCCL INFO proxyProgressAsync opId=0x146f231ca6d0 op.type=1 op.reqBuff=0x146ef000bc50 op.respSize=16 done
rg32403:182438:182631 [1] NCCL INFO ncclPollProxyResponse Received new opId=0x146f231ca6d0
rg32403:182438:182625 [1] NCCL INFO Received and initiated operation=Init res=0
rg32403:182438:182631 [1] NCCL INFO resp.opId=0x146f231ca6d0 matches expected opId=0x146f231ca6d0
rg32403:182438:182631 [1] NCCL INFO Connected to proxy localRank 1 -> connection 0x146ef0005030
rg32403:182438:182637 [1] NCCL INFO [Proxy Progress] Device 1 CPU core 38
rg32403:182438:182625 [1] NCCL INFO proxyProgressAsync opId=0x146f231ca6d0 op.type=3 op.reqBuff=0x146ef000c190 op.respSize=128 done
rg32403:182438:182631 [1] NCCL INFO ncclPollProxyResponse Received new opId=0x146f231ca6d0
rg32403:182438:182625 [1] NCCL INFO Received and initiated operation=Setup res=0
rg32403:182438:182631 [1] NCCL INFO resp.opId=0x146f231ca6d0 matches expected opId=0x146f231ca6d0
rg32403:182438:182631 [1] NCCL INFO Channel 01/0 : 7[3] -> 1[1] [receive] via NET/IB/1
rg32602:129031:129187 [1] NCCL INFO New proxy recv connection 2 from local rank 1, transport 2
rg32602:129031:129187 [1] NCCL INFO proxyProgressAsync opId=0x1536331ced20 op.type=1 op.reqBuff=0x15360000bc50 op.respSize=16 done
rg32602:129031:129195 [1] NCCL INFO ncclPollProxyResponse Received new opId=0x1536331ced20
rg32403:182438:182625 [1] NCCL INFO New proxy recv connection 3 from local rank 1, transport 2
rg32403:182438:182625 [1] NCCL INFO proxyProgressAsync opId=0x146f231ca6d0 op.type=1 op.reqBuff=0x146ef000c940 op.respSize=16 done
rg32602:129031:129187 [1] NCCL INFO Received and initiated operation=Init res=0
rg32602:129031:129195 [1] NCCL INFO resp.opId=0x1536331ced20 matches expected opId=0x1536331ced20
rg32403:182438:182631 [1] NCCL INFO ncclPollProxyResponse Received new opId=0x146f231ca6d0
rg32403:182438:182625 [1] NCCL INFO Received and initiated operation=Init res=0
rg32403:182438:182631 [1] NCCL INFO resp.opId=0x146f231ca6d0 matches expected opId=0x146f231ca6d0
rg32602:129031:129200 [1] NCCL INFO [Proxy Progress] Device 1 CPU core 37
rg32403:182438:182631 [1] NCCL INFO Connected to proxy localRank 1 -> connection 0x146ef00050a8
rg32602:129031:129195 [1] NCCL INFO Connected to proxy localRank 1 -> connection 0x153600005030
rg32403:182438:182625 [1] NCCL INFO proxyProgressAsync opId=0x146f231ca6d0 op.type=3 op.reqBuff=0x146ef000c980 op.respSize=128 done
rg32403:182438:182631 [1] NCCL INFO ncclPollProxyResponse Received new opId=0x146f231ca6d0
rg32403:182438:182625 [1] NCCL INFO Received and initiated operation=Setup res=0
rg32403:182438:182631 [1] NCCL INFO resp.opId=0x146f231ca6d0 matches expected opId=0x146f231ca6d0
rg32403:182438:182631 [1] NCCL INFO Channel 03/0 : 7[3] -> 1[1] [receive] via NET/IB/1
rg32602:129031:129187 [1] NCCL INFO proxyProgressAsync opId=0x1536331ced20 op.type=3 op.reqBuff=0x15360000c190 op.respSize=128 done
rg32602:129031:129195 [1] NCCL INFO ncclPollProxyResponse Received new opId=0x1536331ced20
rg32602:129031:129187 [1] NCCL INFO Received and initiated operation=Setup res=0
rg32602:129031:129195 [1] NCCL INFO resp.opId=0x1536331ced20 matches expected opId=0x1536331ced20
rg32602:129031:129195 [1] NCCL INFO Channel 01/0 : 3[3] -> 5[1] [receive] via NET/IB/1
rg32602:129031:129187 [1] NCCL INFO New proxy recv connection 3 from local rank 1, transport 2
rg32602:129031:129187 [1] NCCL INFO proxyProgressAsync opId=0x1536331ced20 op.type=1 op.reqBuff=0x15360000c940 op.respSize=16 done
rg32602:129031:129195 [1] NCCL INFO ncclPollProxyResponse Received new opId=0x1536331ced20
rg32602:129031:129187 [1] NCCL INFO Received and initiated operation=Init res=0
rg32602:129031:129195 [1] NCCL INFO resp.opId=0x1536331ced20 matches expected opId=0x1536331ced20
rg32602:129031:129195 [1] NCCL INFO Connected to proxy localRank 1 -> connection 0x1536000050a8
rg32403:182438:182625 [1] NCCL INFO New proxy recv connection 4 from local rank 1, transport 2
rg32403:182438:182625 [1] NCCL INFO proxyProgressAsync opId=0x146f231ca6d0 op.type=1 op.reqBuff=0x146ef000c940 op.respSize=16 done
rg32403:182438:182631 [1] NCCL INFO ncclPollProxyResponse Received new opId=0x146f231ca6d0
rg32403:182438:182625 [1] NCCL INFO Received and initiated operation=Init res=0
rg32602:129031:129187 [1] NCCL INFO proxyProgressAsync opId=0x1536331ced20 op.type=3 op.reqBuff=0x15360000c980 op.respSize=128 done
rg32602:129031:129195 [1] NCCL INFO ncclPollProxyResponse Received new opId=0x1536331ced20
rg32403:182438:182631 [1] NCCL INFO resp.opId=0x146f231ca6d0 matches expected opId=0x146f231ca6d0
rg32403:182438:182631 [1] NCCL INFO Connected to proxy localRank 1 -> connection 0x146ef0005120
rg32602:129031:129187 [1] NCCL INFO Received and initiated operation=Setup res=0
rg32602:129031:129195 [1] NCCL INFO resp.opId=0x1536331ced20 matches expected opId=0x1536331ced20
rg32602:129031:129195 [1] NCCL INFO Channel 03/0 : 3[3] -> 5[1] [receive] via NET/IB/1
rg32403:182438:182625 [1] NCCL INFO proxyProgressAsync opId=0x146f231ca6d0 op.type=3 op.reqBuff=0x146ef000d0a0 op.respSize=128 done
rg32403:182438:182631 [1] NCCL INFO ncclPollProxyResponse Received new opId=0x146f231ca6d0
rg32403:182438:182625 [1] NCCL INFO Received and initiated operation=Setup res=0
rg32403:182438:182631 [1] NCCL INFO resp.opId=0x146f231ca6d0 matches expected opId=0x146f231ca6d0
rg32403:182438:182631 [1] NCCL INFO Channel 00/0 : 6[2] -> 1[1] [receive] via NET/IB/1
rg32403:182440:182623 [3] NCCL INFO New proxy recv connection 2 from local rank 3, transport 0
rg32403:182440:182623 [3] NCCL INFO proxyProgressAsync opId=0x1528fb1ca6d0 op.type=1 op.reqBuff=0x1528c8009d90 op.respSize=16 done
rg32403:182440:182632 [3] NCCL INFO ncclPollProxyResponse Received new opId=0x1528fb1ca6d0
rg32403:182440:182623 [3] NCCL INFO Received and initiated operation=Init res=0
rg32403:182440:182632 [3] NCCL INFO resp.opId=0x1528fb1ca6d0 matches expected opId=0x1528fb1ca6d0
rg32403:182440:182632 [3] NCCL INFO Connected to proxy localRank 3 -> connection 0x1528c8005030
rg32403:182438:182625 [1] NCCL INFO New proxy recv connection 5 from local rank 1, transport 2
rg32403:182438:182625 [1] NCCL INFO proxyProgressAsync opId=0x146f231ca6d0 op.type=1 op.reqBuff=0x146ef000c940 op.respSize=16 done
rg32403:182438:182631 [1] NCCL INFO ncclPollProxyResponse Received new opId=0x146f231ca6d0
rg32403:182438:182625 [1] NCCL INFO Received and initiated operation=Init res=0
rg32403:182438:182631 [1] NCCL INFO resp.opId=0x146f231ca6d0 matches expected opId=0x146f231ca6d0
rg32403:182438:182631 [1] NCCL INFO Connected to proxy localRank 1 -> connection 0x146ef0005198
rg32403:182438:182625 [1] NCCL INFO proxyProgressAsync opId=0x146f231ca6d0 op.type=3 op.reqBuff=0x146ef000d7c0 op.respSize=128 done
rg32602:129033:129188 [3] NCCL INFO New proxy recv connection 2 from local rank 3, transport 0
rg32602:129033:129188 [3] NCCL INFO proxyProgressAsync opId=0x1509931ced20 op.type=1 op.reqBuff=0x150960009d90 op.respSize=16 done
rg32403:182438:182631 [1] NCCL INFO ncclPollProxyResponse Received new opId=0x146f231ca6d0
rg32403:182438:182625 [1] NCCL INFO Received and initiated operation=Setup res=0
rg32403:182438:182631 [1] NCCL INFO resp.opId=0x146f231ca6d0 matches expected opId=0x146f231ca6d0
rg32403:182438:182631 [1] NCCL INFO Channel 02/0 : 6[2] -> 1[1] [receive] via NET/IB/1
rg32602:129033:129196 [3] NCCL INFO ncclPollProxyResponse Received new opId=0x1509931ced20
rg32602:129033:129188 [3] NCCL INFO Received and initiated operation=Init res=0
rg32602:129033:129196 [3] NCCL INFO resp.opId=0x1509931ced20 matches expected opId=0x1509931ced20
rg32602:129033:129196 [3] NCCL INFO Connected to proxy localRank 3 -> connection 0x150960005030
rg32403:182438:182631 [1] NCCL INFO Channel 00/0 : 1[1] -> 0[0] via P2P/CUMEM
rg32403:182438:182625 [1] NCCL INFO New proxy send connection 6 from local rank 1, transport 0
rg32403:182438:182625 [1] NCCL INFO proxyProgressAsync opId=0x146f231ca6d0 op.type=1 op.reqBuff=0x146ef000c940 op.respSize=16 done
rg32403:182438:182631 [1] NCCL INFO ncclPollProxyResponse Received new opId=0x146f231ca6d0
rg32403:182438:182625 [1] NCCL INFO Received and initiated operation=Init res=0
rg32403:182438:182631 [1] NCCL INFO resp.opId=0x146f231ca6d0 matches expected opId=0x146f231ca6d0
rg32403:182438:182631 [1] NCCL INFO Connected to proxy localRank 1 -> connection 0x146ef0005210
rg32403:182440:182623 [3] NCCL INFO Allocated shareable buffer 0x152923a00000 size 10485760 ipcDesc 0x1528c8009e00
rg32403:182440:182623 [3] NCCL INFO proxyProgressAsync opId=0x1528fb1ca6d0 op.type=3 op.reqBuff=0x1528c8009dd0 op.respSize=88 done
rg32403:182440:182632 [3] NCCL INFO ncclPollProxyResponse Received new opId=0x1528fb1ca6d0
rg32403:182440:182623 [3] NCCL INFO Received and initiated operation=Setup res=0
rg32403:182440:182632 [3] NCCL INFO resp.opId=0x1528fb1ca6d0 matches expected opId=0x1528fb1ca6d0
rg32403:182440:182623 [3] NCCL INFO New proxy recv connection 3 from local rank 3, transport 0
rg32403:182440:182623 [3] NCCL INFO proxyProgressAsync opId=0x1528fb1ca6d0 op.type=1 op.reqBuff=0x1528c800b750 op.respSize=16 done
rg32602:129033:129188 [3] NCCL INFO Allocated shareable buffer 0x1509bba00000 size 10485760 ipcDesc 0x150960009e00
rg32602:129033:129188 [3] NCCL INFO proxyProgressAsync opId=0x1509931ced20 op.type=3 op.reqBuff=0x150960009dd0 op.respSize=88 done
rg32403:182440:182632 [3] NCCL INFO ncclPollProxyResponse Received new opId=0x1528fb1ca6d0
rg32403:182440:182623 [3] NCCL INFO Received and initiated operation=Init res=0
rg32602:129033:129196 [3] NCCL INFO ncclPollProxyResponse Received new opId=0x1509931ced20
rg32602:129033:129188 [3] NCCL INFO Received and initiated operation=Setup res=0
rg32403:182440:182632 [3] NCCL INFO resp.opId=0x1528fb1ca6d0 matches expected opId=0x1528fb1ca6d0
rg32403:182440:182632 [3] NCCL INFO Connected to proxy localRank 3 -> connection 0x1528c80050a8
rg32602:129032:129194 [2] NCCL INFO Channel 01/0 : 6[2] -> 4[0] via P2P/CUMEM
rg32403:182438:182625 [1] NCCL INFO Allocated shareable buffer 0x146f4be00000 size 2097152 ipcDesc 0x146ef000def0
rg32403:182438:182625 [1] NCCL INFO proxyProgressAsync opId=0x146f231ca6d0 op.type=3 op.reqBuff=0x146ef000c960 op.respSize=88 done
rg32602:129033:129196 [3] NCCL INFO resp.opId=0x1509931ced20 matches expected opId=0x1509931ced20
rg32602:129033:129188 [3] NCCL INFO New proxy recv connection 3 from local rank 3, transport 0
rg32403:182438:182631 [1] NCCL INFO ncclPollProxyResponse Received new opId=0x146f231ca6d0
rg32403:182438:182625 [1] NCCL INFO Received and initiated operation=Setup res=0
rg32602:129032:129186 [2] NCCL INFO New proxy send connection 4 from local rank 2, transport 0
rg32602:129032:129186 [2] NCCL INFO proxyProgressAsync opId=0x1501664f6030 op.type=1 op.reqBuff=0x15013400c800 op.respSize=16 done
rg32403:182440:182623 [3] NCCL INFO Allocated shareable buffer 0x152924400000 size 10485760 ipcDesc 0x1528c800b7a0
rg32403:182440:182623 [3] NCCL INFO proxyProgressAsync opId=0x1528fb1ca6d0 op.type=3 op.reqBuff=0x1528c800b770 op.respSize=88 done
rg32403:182440:182632 [3] NCCL INFO ncclPollProxyResponse Received new opId=0x1528fb1ca6d0
rg32602:129033:129188 [3] NCCL INFO proxyProgressAsync opId=0x1509931ced20 op.type=1 op.reqBuff=0x15096000b750 op.respSize=16 done
rg32602:129033:129196 [3] NCCL INFO ncclPollProxyResponse Received new opId=0x1509931ced20
rg32602:129033:129188 [3] NCCL INFO Received and initiated operation=Init res=0
rg32403:182438:182631 [1] NCCL INFO resp.opId=0x146f231ca6d0 matches expected opId=0x146f231ca6d0
rg32403:182438:182631 [1] NCCL INFO Channel 02/0 : 1[1] -> 0[0] via P2P/CUMEM
rg32602:129032:129194 [2] NCCL INFO ncclPollProxyResponse Received new opId=0x1501664f6030
rg32602:129032:129186 [2] NCCL INFO Received and initiated operation=Init res=0
rg32602:129032:129194 [2] NCCL INFO resp.opId=0x1501664f6030 matches expected opId=0x1501664f6030
rg32602:129032:129194 [2] NCCL INFO Connected to proxy localRank 2 -> connection 0x150134005120
rg32403:182440:182623 [3] NCCL INFO Received and initiated operation=Setup res=0
rg32403:182440:182632 [3] NCCL INFO resp.opId=0x1528fb1ca6d0 matches expected opId=0x1528fb1ca6d0
rg32602:129033:129196 [3] NCCL INFO resp.opId=0x1509931ced20 matches expected opId=0x1509931ced20
rg32602:129033:129196 [3] NCCL INFO Connected to proxy localRank 3 -> connection 0x1509600050a8
rg32403:182438:182625 [1] NCCL INFO New proxy send connection 7 from local rank 1, transport 0
rg32403:182438:182625 [1] NCCL INFO proxyProgressAsync opId=0x146f231ca6d0 op.type=1 op.reqBuff=0x146ef000c960 op.respSize=16 done
rg32403:182438:182631 [1] NCCL INFO ncclPollProxyResponse Received new opId=0x146f231ca6d0
rg32602:129033:129188 [3] NCCL INFO Allocated shareable buffer 0x1509bc400000 size 10485760 ipcDesc 0x15096000b7a0
rg32602:129033:129188 [3] NCCL INFO proxyProgressAsync opId=0x1509931ced20 op.type=3 op.reqBuff=0x15096000b770 op.respSize=88 done
rg32403:182438:182625 [1] NCCL INFO Received and initiated operation=Init res=0
rg32403:182438:182631 [1] NCCL INFO resp.opId=0x146f231ca6d0 matches expected opId=0x146f231ca6d0
rg32403:182438:182631 [1] NCCL INFO Connected to proxy localRank 1 -> connection 0x146ef0005288
rg32602:129033:129196 [3] NCCL INFO ncclPollProxyResponse Received new opId=0x1509931ced20
rg32602:129033:129188 [3] NCCL INFO Received and initiated operation=Setup res=0
rg32602:129033:129196 [3] NCCL INFO resp.opId=0x1509931ced20 matches expected opId=0x1509931ced20
rg32403:182440:182623 [3] NCCL INFO New proxy recv connection 4 from local rank 3, transport 0
rg32403:182440:182623 [3] NCCL INFO proxyProgressAsync opId=0x1528fb1ca6d0 op.type=1 op.reqBuff=0x1528c800b770 op.respSize=16 done
rg32403:182440:182632 [3] NCCL INFO ncclPollProxyResponse Received new opId=0x1528fb1ca6d0
rg32403:182440:182623 [3] NCCL INFO Received and initiated operation=Init res=0
rg32403:182440:182632 [3] NCCL INFO resp.opId=0x1528fb1ca6d0 matches expected opId=0x1528fb1ca6d0
rg32403:182440:182632 [3] NCCL INFO Connected to proxy localRank 3 -> connection 0x1528c8005120
rg32403:182440:182623 [3] NCCL INFO Allocated shareable buffer 0x152924e00000 size 10485760 ipcDesc 0x1528c800cec0
rg32403:182440:182623 [3] NCCL INFO proxyProgressAsync opId=0x1528fb1ca6d0 op.type=3 op.reqBuff=0x1528c800ce90 op.respSize=88 done
rg32403:182440:182632 [3] NCCL INFO ncclPollProxyResponse Received new opId=0x1528fb1ca6d0
rg32403:182440:182623 [3] NCCL INFO Received and initiated operation=Setup res=0
rg32403:182438:182625 [1] NCCL INFO Allocated shareable buffer 0x146f4c000000 size 2097152 ipcDesc 0x146ef000f610
rg32403:182438:182625 [1] NCCL INFO proxyProgressAsync opId=0x146f231ca6d0 op.type=3 op.reqBuff=0x146ef000f5e0 op.respSize=88 done
rg32403:182438:182631 [1] NCCL INFO ncclPollProxyResponse Received new opId=0x146f231ca6d0
rg32602:129033:129188 [3] NCCL INFO New proxy recv connection 4 from local rank 3, transport 0
rg32602:129033:129188 [3] NCCL INFO proxyProgressAsync opId=0x1509931ced20 op.type=1 op.reqBuff=0x15096000b770 op.respSize=16 done
rg32602:129033:129196 [3] NCCL INFO ncclPollProxyResponse Received new opId=0x1509931ced20
rg32403:182440:182632 [3] NCCL INFO resp.opId=0x1528fb1ca6d0 matches expected opId=0x1528fb1ca6d0
rg32602:129033:129188 [3] NCCL INFO Received and initiated operation=Init res=0
rg32602:129033:129196 [3] NCCL INFO resp.opId=0x1509931ced20 matches expected opId=0x1509931ced20
rg32602:129033:129196 [3] NCCL INFO Connected to proxy localRank 3 -> connection 0x150960005120
rg32403:182438:182625 [1] NCCL INFO Received and initiated operation=Setup res=0
rg32403:182438:182631 [1] NCCL INFO resp.opId=0x146f231ca6d0 matches expected opId=0x146f231ca6d0
rg32602:129032:129186 [2] NCCL INFO Allocated shareable buffer 0x15018ee00000 size 2097152 ipcDesc 0x15013400cec0
rg32602:129032:129186 [2] NCCL INFO proxyProgressAsync opId=0x1501664f6030 op.type=3 op.reqBuff=0x15013400c820 op.respSize=88 done
rg32602:129032:129194 [2] NCCL INFO ncclPollProxyResponse Received new opId=0x1501664f6030
rg32602:129032:129186 [2] NCCL INFO Received and initiated operation=Setup res=0
rg32602:129032:129194 [2] NCCL INFO resp.opId=0x1501664f6030 matches expected opId=0x1501664f6030
rg32403:182440:182623 [3] NCCL INFO New proxy recv connection 5 from local rank 3, transport 0
