rg31605:118365:118571 [2] NCCL INFO TUNER/Plugin: Could not find: libnccl-tuner.so. Using internal tuner plugin.
rg31605:118365:118571 [2] NCCL INFO ncclCommInitRankConfig comm 0x55f13dc41d40 rank 6 nranks 8 cudaDev 2 nvmlDev 2 busId cb000 commId 0x337c7a56ba6ce5e7 - Init COMPLETE
rg31605:118365:118571 [2] NCCL INFO Init timings - ncclCommInitRankConfig: rank 6 nranks 8 total 3.66 (kernels 0.90, alloc 1.72, bootstrap 1.01, allgathers 0.00, topo 0.02, graphs 0.00, connections 0.00, rest 0.00)
rg31605:118366:118573 [3] NCCL INFO TUNER/Plugin: Could not find: libnccl-tuner.so. Using internal tuner plugin.
rg31605:118366:118573 [3] NCCL INFO ncclCommInitRankConfig comm 0x55c467237300 rank 7 nranks 8 cudaDev 3 nvmlDev 3 busId db000 commId 0x337c7a56ba6ce5e7 - Init COMPLETE
rg31605:118366:118573 [3] NCCL INFO Init timings - ncclCommInitRankConfig: rank 7 nranks 8 total 3.65 (kernels 0.89, alloc 1.73, bootstrap 1.01, allgathers 0.00, topo 0.02, graphs 0.00, connections 0.00, rest 0.00)
rg31605:118363:118570 [0] NCCL INFO Init timings - ncclCommInitRankConfig: rank 4 nranks 8 total 3.66 (kernels 0.91, alloc 1.72, bootstrap 1.01, allgathers 0.00, topo 0.02, graphs 0.00, connections 0.00, rest 0.00)
rg31602:1354143:1354426 [1] NCCL INFO TUNER/Plugin: Could not find: libnccl-tuner.so. Using internal tuner plugin.
rg31602:1354143:1354426 [1] NCCL INFO ncclCommInitRankConfig comm 0x5555f5d97900 rank 1 nranks 8 cudaDev 1 nvmlDev 1 busId 5f000 commId 0x337c7a56ba6ce5e7 - Init COMPLETE
rg31602:1354142:1354422 [0] NCCL INFO TUNER/Plugin: Could not find: libnccl-tuner.so. Using internal tuner plugin.
rg31602:1354142:1354422 [0] NCCL INFO ncclCommInitRankConfig comm 0x559210de1fc0 rank 0 nranks 8 cudaDev 0 nvmlDev 0 busId 4e000 commId 0x337c7a56ba6ce5e7 - Init COMPLETE
rg31602:1354143:1354426 [1] NCCL INFO Init timings - ncclCommInitRankConfig: rank 1 nranks 8 total 3.67 (kernels 0.21, alloc 1.70, bootstrap 1.73, allgathers 0.00, topo 0.02, graphs 0.00, connections 0.00, rest 0.00)
rg31602:1354144:1354425 [2] NCCL INFO TUNER/Plugin: Could not find: libnccl-tuner.so. Using internal tuner plugin.
rg31602:1354144:1354425 [2] NCCL INFO ncclCommInitRankConfig comm 0x557c02d82840 rank 2 nranks 8 cudaDev 2 nvmlDev 2 busId cb000 commId 0x337c7a56ba6ce5e7 - Init COMPLETE
rg31602:1354144:1354425 [2] NCCL INFO Init timings - ncclCommInitRankConfig: rank 2 nranks 8 total 3.67 (kernels 0.21, alloc 1.69, bootstrap 1.73, allgathers 0.00, topo 0.02, graphs 0.00, connections 0.00, rest 0.00)
rg31602:1354145:1354424 [3] NCCL INFO TUNER/Plugin: Could not find: libnccl-tuner.so. Using internal tuner plugin.
rg31602:1354145:1354424 [3] NCCL INFO ncclCommInitRankConfig comm 0x55fd064f5e40 rank 3 nranks 8 cudaDev 3 nvmlDev 3 busId db000 commId 0x337c7a56ba6ce5e7 - Init COMPLETE
rg31602:1354145:1354424 [3] NCCL INFO Init timings - ncclCommInitRankConfig: rank 3 nranks 8 total 3.67 (kernels 0.22, alloc 1.70, bootstrap 1.73, allgathers 0.00, topo 0.02, graphs 0.00, connections 0.00, rest 0.00)
rg31602:1354142:1354422 [0] NCCL INFO Init timings - ncclCommInitRankConfig: rank 0 nranks 8 total 3.68 (kernels 0.22, alloc 1.69, bootstrap 1.73, allgathers 0.00, topo 0.02, graphs 0.00, connections 0.00, rest 0.00)
rg31605:118363:118363 [0] NCCL INFO AllGather: opCount 0 sendbuff 0x15360eff6a00 recvbuff 0x15360eff7c00 count 1 datatype 4 op 0 root 0 comm 0x559f9552be80 [nranks=8] stream 0x559f97157ad0
rg31605:118363:118363 [0] NCCL INFO misc/utils.cc:233 memory stack hunk malloc(65536)
rg31605:118364:118364 [1] NCCL INFO AllGather: opCount 0 sendbuff 0x14d7eeff6a00 recvbuff 0x14d7eeff7c00 count 1 datatype 4 op 0 root 0 comm 0x563189210700 [nranks=8] stream 0x56318884e690
rg31605:118364:118364 [1] NCCL INFO misc/utils.cc:233 memory stack hunk malloc(65536)
rg31605:118365:118365 [2] NCCL INFO AllGather: opCount 0 sendbuff 0x14a1d8ff6a00 recvbuff 0x14a1d8ff7c00 count 1 datatype 4 op 0 root 0 comm 0x55f13dc41d40 [nranks=8] stream 0x55f13d280580
rg31605:118365:118365 [2] NCCL INFO misc/utils.cc:233 memory stack hunk malloc(65536)
rg31605:118366:118366 [3] NCCL INFO AllGather: opCount 0 sendbuff 0x1544daff6a00 recvbuff 0x1544daff7c00 count 1 datatype 4 op 0 root 0 comm 0x55c467237300 [nranks=8] stream 0x55c466874de0
rg31605:118366:118366 [3] NCCL INFO misc/utils.cc:233 memory stack hunk malloc(65536)
rg31605:118363:118593 [0] NCCL INFO Channel 00/0 : 4[0] -> 7[3] via P2P/CUMEM
rg31605:118364:118594 [1] NCCL INFO Channel 01/0 : 5[1] -> 6[2] via P2P/CUMEM
rg31605:118366:118584 [3] NCCL INFO Mem Realloc old size 0, new size 8 pointer 0x154468004f20
rg31605:118365:118583 [2] NCCL INFO Mem Realloc old size 0, new size 8 pointer 0x14a164004f20
rg31605:118365:118583 [2] NCCL INFO New proxy recv connection 0 from local rank 2, transport 0
rg31605:118365:118583 [2] NCCL INFO proxyProgressAsync opId=0x14a1971ca6d0 op.type=1 op.reqBuff=0x14a164004ee0 op.respSize=16 done
rg31605:118364:118586 [1] NCCL INFO Mem Realloc old size 0, new size 8 pointer 0x14d77c004f20
rg31605:118364:118586 [1] NCCL INFO New proxy send connection 0 from local rank 1, transport 0
rg31605:118364:118586 [1] NCCL INFO proxyProgressAsync opId=0x14d7aea1cf90 op.type=1 op.reqBuff=0x14d77c004ee0 op.respSize=16 done
rg31605:118365:118592 [2] NCCL INFO ncclPollProxyResponse Received new opId=0x14a1971ca6d0
rg31605:118365:118583 [2] NCCL INFO Received and initiated operation=Init res=0
rg31605:118365:118592 [2] NCCL INFO resp.opId=0x14a1971ca6d0 matches expected opId=0x14a1971ca6d0
rg31605:118365:118592 [2] NCCL INFO Connected to proxy localRank 2 -> connection 0x14a164004f40
rg31605:118363:118585 [0] NCCL INFO Mem Realloc old size 0, new size 8 pointer 0x15359c004f20
rg31605:118363:118585 [0] NCCL INFO New proxy send connection 0 from local rank 0, transport 0
rg31605:118364:118594 [1] NCCL INFO ncclPollProxyResponse Received new opId=0x14d7aea1cf90
rg31605:118364:118586 [1] NCCL INFO Received and initiated operation=Init res=0
rg31605:118364:118594 [1] NCCL INFO resp.opId=0x14d7aea1cf90 matches expected opId=0x14d7aea1cf90
rg31605:118364:118594 [1] NCCL INFO Connected to proxy localRank 1 -> connection 0x14d77c004f40
rg31605:118363:118585 [0] NCCL INFO proxyProgressAsync opId=0x1535cf1cee90 op.type=1 op.reqBuff=0x15359c004ee0 op.respSize=16 done
rg31605:118363:118593 [0] NCCL INFO ncclPollProxyResponse Received new opId=0x1535cf1cee90
rg31605:118363:118585 [0] NCCL INFO Received and initiated operation=Init res=0
rg31605:118363:118593 [0] NCCL INFO resp.opId=0x1535cf1cee90 matches expected opId=0x1535cf1cee90
rg31605:118363:118593 [0] NCCL INFO Connected to proxy localRank 0 -> connection 0x15359c004f40
rg31605:118365:118583 [2] NCCL INFO Allocated shareable buffer 0x14a1bfa00000 size 10485760 ipcDesc 0x14a164008b80
rg31605:118365:118583 [2] NCCL INFO proxyProgressAsync opId=0x14a1971ca6d0 op.type=3 op.reqBuff=0x14a164008b50 op.respSize=88 done
rg31605:118365:118592 [2] NCCL INFO ncclPollProxyResponse Received new opId=0x14a1971ca6d0
rg31605:118365:118583 [2] NCCL INFO Received and initiated operation=Setup res=0
rg31605:118364:118586 [1] NCCL INFO Allocated shareable buffer 0x14d7d5a00000 size 2097152 ipcDesc 0x14d77c008b80
rg31605:118364:118586 [1] NCCL INFO proxyProgressAsync opId=0x14d7aea1cf90 op.type=3 op.reqBuff=0x14d77c008b50 op.respSize=88 done
rg31605:118365:118592 [2] NCCL INFO resp.opId=0x14a1971ca6d0 matches expected opId=0x14a1971ca6d0
rg31605:118364:118594 [1] NCCL INFO ncclPollProxyResponse Received new opId=0x14d7aea1cf90
rg31605:118364:118586 [1] NCCL INFO Received and initiated operation=Setup res=0
rg31605:118364:118594 [1] NCCL INFO resp.opId=0x14d7aea1cf90 matches expected opId=0x14d7aea1cf90
rg31605:118363:118585 [0] NCCL INFO Allocated shareable buffer 0x1535f5a00000 size 2097152 ipcDesc 0x15359c008b80
rg31605:118363:118585 [0] NCCL INFO proxyProgressAsync opId=0x1535cf1cee90 op.type=3 op.reqBuff=0x15359c008b50 op.respSize=88 done
rg31605:118363:118593 [0] NCCL INFO ncclPollProxyResponse Received new opId=0x1535cf1cee90
rg31605:118364:118594 [1] NCCL INFO Channel 03/0 : 5[1] -> 6[2] via P2P/CUMEM
rg31605:118363:118585 [0] NCCL INFO Received and initiated operation=Setup res=0
rg31605:118363:118593 [0] NCCL INFO resp.opId=0x1535cf1cee90 matches expected opId=0x1535cf1cee90
rg31605:118365:118583 [2] NCCL INFO New proxy recv connection 1 from local rank 2, transport 0
rg31605:118365:118583 [2] NCCL INFO proxyProgressAsync opId=0x14a1971ca6d0 op.type=1 op.reqBuff=0x14a16400a4d0 op.respSize=16 done
rg31605:118365:118592 [2] NCCL INFO ncclPollProxyResponse Received new opId=0x14a1971ca6d0
rg31605:118365:118583 [2] NCCL INFO Received and initiated operation=Init res=0
rg31605:118365:118592 [2] NCCL INFO resp.opId=0x14a1971ca6d0 matches expected opId=0x14a1971ca6d0
rg31605:118363:118593 [0] NCCL INFO Channel 01/0 : 4[0] -> 7[3] via P2P/CUMEM
rg31605:118364:118586 [1] NCCL INFO New proxy send connection 1 from local rank 1, transport 0
rg31605:118364:118586 [1] NCCL INFO proxyProgressAsync opId=0x14d7aea1cf90 op.type=1 op.reqBuff=0x14d77c00a4d0 op.respSize=16 done
rg31605:118364:118594 [1] NCCL INFO ncclPollProxyResponse Received new opId=0x14d7aea1cf90
rg31605:118364:118586 [1] NCCL INFO Received and initiated operation=Init res=0
rg31605:118364:118594 [1] NCCL INFO resp.opId=0x14d7aea1cf90 matches expected opId=0x14d7aea1cf90
rg31605:118364:118594 [1] NCCL INFO Connected to proxy localRank 1 -> connection 0x14d77c004fb8
rg31605:118365:118592 [2] NCCL INFO Connected to proxy localRank 2 -> connection 0x14a164004fb8
rg31605:118363:118585 [0] NCCL INFO New proxy send connection 1 from local rank 0, transport 0
rg31605:118363:118585 [0] NCCL INFO proxyProgressAsync opId=0x1535cf1cee90 op.type=1 op.reqBuff=0x15359c00a4d0 op.respSize=16 done
rg31605:118363:118593 [0] NCCL INFO ncclPollProxyResponse Received new opId=0x1535cf1cee90
rg31605:118363:118585 [0] NCCL INFO Received and initiated operation=Init res=0
rg31605:118363:118593 [0] NCCL INFO resp.opId=0x1535cf1cee90 matches expected opId=0x1535cf1cee90
rg31605:118363:118593 [0] NCCL INFO Connected to proxy localRank 0 -> connection 0x15359c004fb8
rg31605:118363:118585 [0] NCCL INFO Allocated shareable buffer 0x1535f5c00000 size 2097152 ipcDesc 0x15359c00a540
rg31605:118363:118585 [0] NCCL INFO proxyProgressAsync opId=0x1535cf1cee90 op.type=3 op.reqBuff=0x15359c00a510 op.respSize=88 done
rg31605:118363:118593 [0] NCCL INFO ncclPollProxyResponse Received new opId=0x1535cf1cee90
rg31605:118363:118585 [0] NCCL INFO Received and initiated operation=Setup res=0
rg31605:118363:118593 [0] NCCL INFO resp.opId=0x1535cf1cee90 matches expected opId=0x1535cf1cee90
rg31605:118363:118593 [0] NCCL INFO Channel 02/0 : 4[0] -> 7[3] via P2P/CUMEM
rg31605:118365:118583 [2] NCCL INFO Allocated shareable buffer 0x14a1c0400000 size 10485760 ipcDesc 0x14a16400a540
rg31605:118365:118583 [2] NCCL INFO proxyProgressAsync opId=0x14a1971ca6d0 op.type=3 op.reqBuff=0x14a16400a510 op.respSize=88 done
rg31605:118365:118592 [2] NCCL INFO ncclPollProxyResponse Received new opId=0x14a1971ca6d0
rg31605:118365:118583 [2] NCCL INFO Received and initiated operation=Setup res=0
rg31605:118364:118586 [1] NCCL INFO Allocated shareable buffer 0x14d7d5c00000 size 2097152 ipcDesc 0x14d77c00a540
rg31605:118364:118586 [1] NCCL INFO proxyProgressAsync opId=0x14d7aea1cf90 op.type=3 op.reqBuff=0x14d77c00a510 op.respSize=88 done
rg31605:118365:118592 [2] NCCL INFO resp.opId=0x14a1971ca6d0 matches expected opId=0x14a1971ca6d0
rg31605:118363:118585 [0] NCCL INFO New proxy send connection 2 from local rank 0, transport 0
rg31605:118363:118585 [0] NCCL INFO proxyProgressAsync opId=0x1535cf1cee90 op.type=1 op.reqBuff=0x15359c00bc50 op.respSize=16 done
rg31605:118363:118593 [0] NCCL INFO ncclPollProxyResponse Received new opId=0x1535cf1cee90
rg31605:118363:118585 [0] NCCL INFO Received and initiated operation=Init res=0
rg31605:118364:118594 [1] NCCL INFO ncclPollProxyResponse Received new opId=0x14d7aea1cf90
rg31605:118364:118586 [1] NCCL INFO Received and initiated operation=Setup res=0
rg31605:118364:118594 [1] NCCL INFO resp.opId=0x14d7aea1cf90 matches expected opId=0x14d7aea1cf90
rg31605:118363:118593 [0] NCCL INFO resp.opId=0x1535cf1cee90 matches expected opId=0x1535cf1cee90
rg31605:118363:118593 [0] NCCL INFO Connected to proxy localRank 0 -> connection 0x15359c005030
rg31605:118363:118585 [0] NCCL INFO Allocated shareable buffer 0x1535f5e00000 size 2097152 ipcDesc 0x15359c00bca0
rg31605:118363:118585 [0] NCCL INFO proxyProgressAsync opId=0x1535cf1cee90 op.type=3 op.reqBuff=0x15359c00bc70 op.respSize=88 done
rg31605:118363:118593 [0] NCCL INFO ncclPollProxyResponse Received new opId=0x1535cf1cee90
rg31605:118363:118585 [0] NCCL INFO Received and initiated operation=Setup res=0
rg31605:118363:118593 [0] NCCL INFO resp.opId=0x1535cf1cee90 matches expected opId=0x1535cf1cee90
rg31605:118363:118593 [0] NCCL INFO Channel 03/0 : 4[0] -> 7[3] via P2P/CUMEM
rg31605:118363:118585 [0] NCCL INFO New proxy send connection 3 from local rank 0, transport 0
rg31605:118363:118585 [0] NCCL INFO proxyProgressAsync opId=0x1535cf1cee90 op.type=1 op.reqBuff=0x15359c00bc70 op.respSize=16 done
rg31605:118363:118593 [0] NCCL INFO ncclPollProxyResponse Received new opId=0x1535cf1cee90
rg31605:118363:118585 [0] NCCL INFO Received and initiated operation=Init res=0
rg31605:118363:118593 [0] NCCL INFO resp.opId=0x1535cf1cee90 matches expected opId=0x1535cf1cee90
rg31605:118363:118593 [0] NCCL INFO Connected to proxy localRank 0 -> connection 0x15359c0050a8
rg31605:118363:118585 [0] NCCL INFO Allocated shareable buffer 0x1535f6000000 size 2097152 ipcDesc 0x15359c00d3e0
rg31605:118363:118585 [0] NCCL INFO proxyProgressAsync opId=0x1535cf1cee90 op.type=3 op.reqBuff=0x15359c00d3b0 op.respSize=88 done
rg31605:118363:118593 [0] NCCL INFO ncclPollProxyResponse Received new opId=0x1535cf1cee90
rg31605:118363:118585 [0] NCCL INFO Received and initiated operation=Setup res=0
rg31605:118363:118593 [0] NCCL INFO resp.opId=0x1535cf1cee90 matches expected opId=0x1535cf1cee90
rg31602:1354143:1354143 [1] NCCL INFO AllGather: opCount 0 sendbuff 0x146730ff6a00 recvbuff 0x146730ff7c00 count 1 datatype 4 op 0 root 0 comm 0x5555f5d97900 [nranks=8] stream 0x5555f53d6350
rg31602:1354143:1354143 [1] NCCL INFO misc/utils.cc:233 memory stack hunk malloc(65536)
rg31602:1354144:1354144 [2] NCCL INFO AllGather: opCount 0 sendbuff 0x153548ff6a00 recvbuff 0x153548ff7c00 count 1 datatype 4 op 0 root 0 comm 0x557c02d82840 [nranks=8] stream 0x557c02084890
rg31602:1354144:1354144 [2] NCCL INFO misc/utils.cc:233 memory stack hunk malloc(65536)
rg31602:1354145:1354145 [3] NCCL INFO AllGather: opCount 0 sendbuff 0x14cd58ff6a00 recvbuff 0x14cd58ff7c00 count 1 datatype 4 op 0 root 0 comm 0x55fd064f5e40 [nranks=8] stream 0x55fd059bc7a0
rg31602:1354145:1354145 [3] NCCL INFO misc/utils.cc:233 memory stack hunk malloc(65536)
rg31602:1354142:1354142 [0] NCCL INFO AllGather: opCount 0 sendbuff 0x1512daff6a00 recvbuff 0x1512daff7c00 count 1 datatype 4 op 0 root 0 comm 0x559210de1fc0 [nranks=8] stream 0x55920638dea0
rg31602:1354142:1354142 [0] NCCL INFO misc/utils.cc:233 memory stack hunk malloc(65536)
rg31602:1354142:1354472 [0] NCCL INFO Channel 00/0 : 0[0] -> 3[3] via P2P/CUMEM
rg31602:1354143:1354469 [1] NCCL INFO Channel 01/0 : 1[1] -> 2[2] via P2P/CUMEM
rg31602:1354144:1354463 [2] NCCL INFO Mem Realloc old size 0, new size 8 pointer 0x1534d4004f20
rg31602:1354144:1354463 [2] NCCL INFO New proxy recv connection 0 from local rank 2, transport 0
rg31602:1354144:1354463 [2] NCCL INFO proxyProgressAsync opId=0x1535071ced80 op.type=1 op.reqBuff=0x1534d4004ee0 op.respSize=16 done
rg31602:1354144:1354470 [2] NCCL INFO ncclPollProxyResponse Received new opId=0x1535071ced80
rg31602:1354144:1354470 [2] NCCL INFO resp.opId=0x1535071ced80 matches expected opId=0x1535071ced80
rg31602:1354144:1354463 [2] NCCL INFO Received and initiated operation=Init res=0
rg31602:1354144:1354470 [2] NCCL INFO Connected to proxy localRank 2 -> connection 0x1534d4004f40
rg31602:1354145:1354461 [3] NCCL INFO Mem Realloc old size 0, new size 8 pointer 0x14cce4004f20
rg31602:1354143:1354465 [1] NCCL INFO Mem Realloc old size 0, new size 8 pointer 0x1466bc004f20
rg31602:1354142:1354462 [0] NCCL INFO Mem Realloc old size 0, new size 8 pointer 0x151268004f20
rg31602:1354142:1354462 [0] NCCL INFO New proxy send connection 0 from local rank 0, transport 0
rg31602:1354142:1354462 [0] NCCL INFO proxyProgressAsync opId=0x1512971ca270 op.type=1 op.reqBuff=0x151268004ee0 op.respSize=16 done
rg31602:1354143:1354465 [1] NCCL INFO New proxy send connection 0 from local rank 1, transport 0
rg31602:1354143:1354465 [1] NCCL INFO proxyProgressAsync opId=0x1466ef1ced80 op.type=1 op.reqBuff=0x1466bc004ee0 op.respSize=16 done
rg31602:1354143:1354469 [1] NCCL INFO ncclPollProxyResponse Received new opId=0x1466ef1ced80
rg31602:1354142:1354472 [0] NCCL INFO ncclPollProxyResponse Received new opId=0x1512971ca270
rg31602:1354142:1354472 [0] NCCL INFO resp.opId=0x1512971ca270 matches expected opId=0x1512971ca270
rg31602:1354142:1354462 [0] NCCL INFO Received and initiated operation=Init res=0
rg31602:1354142:1354472 [0] NCCL INFO Connected to proxy localRank 0 -> connection 0x151268004f40
rg31602:1354143:1354469 [1] NCCL INFO resp.opId=0x1466ef1ced80 matches expected opId=0x1466ef1ced80
rg31602:1354143:1354465 [1] NCCL INFO Received and initiated operation=Init res=0
rg31602:1354143:1354469 [1] NCCL INFO Connected to proxy localRank 1 -> connection 0x1466bc004f40
rg31602:1354144:1354463 [2] NCCL INFO Allocated shareable buffer 0x15352fa00000 size 10485760 ipcDesc 0x1534d4008b80
rg31602:1354144:1354463 [2] NCCL INFO proxyProgressAsync opId=0x1535071ced80 op.type=3 op.reqBuff=0x1534d4008b50 op.respSize=88 done
rg31602:1354144:1354470 [2] NCCL INFO ncclPollProxyResponse Received new opId=0x1535071ced80
rg31602:1354142:1354462 [0] NCCL INFO Allocated shareable buffer 0x1512c1a00000 size 2097152 ipcDesc 0x151268008b80
rg31602:1354142:1354462 [0] NCCL INFO proxyProgressAsync opId=0x1512971ca270 op.type=3 op.reqBuff=0x151268008b50 op.respSize=88 done
rg31602:1354142:1354472 [0] NCCL INFO ncclPollProxyResponse Received new opId=0x1512971ca270
rg31602:1354144:1354463 [2] NCCL INFO Received and initiated operation=Setup res=0
rg31602:1354144:1354470 [2] NCCL INFO resp.opId=0x1535071ced80 matches expected opId=0x1535071ced80
rg31602:1354142:1354462 [0] NCCL INFO Received and initiated operation=Setup res=0
rg31602:1354142:1354472 [0] NCCL INFO resp.opId=0x1512971ca270 matches expected opId=0x1512971ca270
rg31602:1354142:1354472 [0] NCCL INFO Channel 01/0 : 0[0] -> 3[3] via P2P/CUMEM
rg31602:1354143:1354465 [1] NCCL INFO Allocated shareable buffer 0x146717a00000 size 2097152 ipcDesc 0x1466bc008b80
rg31602:1354143:1354465 [1] NCCL INFO proxyProgressAsync opId=0x1466ef1ced80 op.type=3 op.reqBuff=0x1466bc008b50 op.respSize=88 done
rg31602:1354143:1354469 [1] NCCL INFO ncclPollProxyResponse Received new opId=0x1466ef1ced80
rg31602:1354143:1354465 [1] NCCL INFO Received and initiated operation=Setup res=0
rg31602:1354143:1354469 [1] NCCL INFO resp.opId=0x1466ef1ced80 matches expected opId=0x1466ef1ced80
rg31602:1354144:1354463 [2] NCCL INFO New proxy recv connection 1 from local rank 2, transport 0
rg31602:1354144:1354463 [2] NCCL INFO proxyProgressAsync opId=0x1535071ced80 op.type=1 op.reqBuff=0x1534d400a4d0 op.respSize=16 done
rg31602:1354144:1354470 [2] NCCL INFO ncclPollProxyResponse Received new opId=0x1535071ced80
rg31602:1354144:1354463 [2] NCCL INFO Received and initiated operation=Init res=0
rg31602:1354144:1354470 [2] NCCL INFO resp.opId=0x1535071ced80 matches expected opId=0x1535071ced80
rg31602:1354144:1354470 [2] NCCL INFO Connected to proxy localRank 2 -> connection 0x1534d4004fb8
rg31602:1354142:1354462 [0] NCCL INFO New proxy send connection 1 from local rank 0, transport 0
rg31602:1354142:1354462 [0] NCCL INFO proxyProgressAsync opId=0x1512971ca270 op.type=1 op.reqBuff=0x15126800a4d0 op.respSize=16 done
rg31602:1354142:1354472 [0] NCCL INFO ncclPollProxyResponse Received new opId=0x1512971ca270
rg31602:1354142:1354462 [0] NCCL INFO Received and initiated operation=Init res=0
rg31602:1354142:1354472 [0] NCCL INFO resp.opId=0x1512971ca270 matches expected opId=0x1512971ca270
rg31602:1354142:1354472 [0] NCCL INFO Connected to proxy localRank 0 -> connection 0x151268004fb8
rg31602:1354143:1354469 [1] NCCL INFO Channel 03/0 : 1[1] -> 2[2] via P2P/CUMEM
rg31602:1354143:1354465 [1] NCCL INFO New proxy send connection 1 from local rank 1, transport 0
rg31602:1354143:1354465 [1] NCCL INFO proxyProgressAsync opId=0x1466ef1ced80 op.type=1 op.reqBuff=0x1466bc00a4d0 op.respSize=16 done
rg31602:1354143:1354469 [1] NCCL INFO ncclPollProxyResponse Received new opId=0x1466ef1ced80
rg31602:1354143:1354465 [1] NCCL INFO Received and initiated operation=Init res=0
rg31602:1354143:1354469 [1] NCCL INFO resp.opId=0x1466ef1ced80 matches expected opId=0x1466ef1ced80
rg31602:1354143:1354469 [1] NCCL INFO Connected to proxy localRank 1 -> connection 0x1466bc004fb8
rg31602:1354144:1354463 [2] NCCL INFO Allocated shareable buffer 0x153530400000 size 10485760 ipcDesc 0x1534d400a540
rg31602:1354144:1354463 [2] NCCL INFO proxyProgressAsync opId=0x1535071ced80 op.type=3 op.reqBuff=0x1534d400a510 op.respSize=88 done
rg31602:1354144:1354470 [2] NCCL INFO ncclPollProxyResponse Received new opId=0x1535071ced80
rg31602:1354144:1354463 [2] NCCL INFO Received and initiated operation=Setup res=0
rg31602:1354142:1354462 [0] NCCL INFO Allocated shareable buffer 0x1512c1c00000 size 2097152 ipcDesc 0x15126800a540
rg31602:1354142:1354462 [0] NCCL INFO proxyProgressAsync opId=0x1512971ca270 op.type=3 op.reqBuff=0x15126800a510 op.respSize=88 done
rg31602:1354142:1354472 [0] NCCL INFO ncclPollProxyResponse Received new opId=0x1512971ca270
rg31602:1354142:1354462 [0] NCCL INFO Received and initiated operation=Setup res=0
rg31602:1354142:1354472 [0] NCCL INFO resp.opId=0x1512971ca270 matches expected opId=0x1512971ca270
rg31602:1354144:1354470 [2] NCCL INFO resp.opId=0x1535071ced80 matches expected opId=0x1535071ced80
rg31602:1354142:1354472 [0] NCCL INFO Channel 02/0 : 0[0] -> 3[3] via P2P/CUMEM
rg31602:1354142:1354462 [0] NCCL INFO New proxy send connection 2 from local rank 0, transport 0
rg31602:1354142:1354462 [0] NCCL INFO proxyProgressAsync opId=0x1512971ca270 op.type=1 op.reqBuff=0x15126800bc50 op.respSize=16 done
rg31602:1354143:1354465 [1] NCCL INFO Allocated shareable buffer 0x146717c00000 size 2097152 ipcDesc 0x1466bc00a540
rg31602:1354143:1354465 [1] NCCL INFO proxyProgressAsync opId=0x1466ef1ced80 op.type=3 op.reqBuff=0x1466bc00a510 op.respSize=88 done
rg31602:1354143:1354469 [1] NCCL INFO ncclPollProxyResponse Received new opId=0x1466ef1ced80
rg31602:1354143:1354465 [1] NCCL INFO Received and initiated operation=Setup res=0
rg31602:1354142:1354472 [0] NCCL INFO ncclPollProxyResponse Received new opId=0x1512971ca270
rg31602:1354142:1354462 [0] NCCL INFO Received and initiated operation=Init res=0
rg31602:1354142:1354472 [0] NCCL INFO resp.opId=0x1512971ca270 matches expected opId=0x1512971ca270
rg31602:1354142:1354472 [0] NCCL INFO Connected to proxy localRank 0 -> connection 0x151268005030
rg31602:1354143:1354469 [1] NCCL INFO resp.opId=0x1466ef1ced80 matches expected opId=0x1466ef1ced80
rg31602:1354142:1354462 [0] NCCL INFO Allocated shareable buffer 0x1512c1e00000 size 2097152 ipcDesc 0x15126800bca0
rg31602:1354142:1354462 [0] NCCL INFO proxyProgressAsync opId=0x1512971ca270 op.type=3 op.reqBuff=0x15126800bc70 op.respSize=88 done
rg31602:1354142:1354472 [0] NCCL INFO ncclPollProxyResponse Received new opId=0x1512971ca270
rg31602:1354142:1354462 [0] NCCL INFO Received and initiated operation=Setup res=0
rg31602:1354142:1354472 [0] NCCL INFO resp.opId=0x1512971ca270 matches expected opId=0x1512971ca270
rg31602:1354142:1354472 [0] NCCL INFO Channel 03/0 : 0[0] -> 3[3] via P2P/CUMEM
rg31602:1354142:1354462 [0] NCCL INFO New proxy send connection 3 from local rank 0, transport 0
rg31602:1354142:1354462 [0] NCCL INFO proxyProgressAsync opId=0x1512971ca270 op.type=1 op.reqBuff=0x15126800bc70 op.respSize=16 done
rg31602:1354142:1354472 [0] NCCL INFO ncclPollProxyResponse Received new opId=0x1512971ca270
rg31602:1354142:1354462 [0] NCCL INFO Received and initiated operation=Init res=0
rg31602:1354142:1354472 [0] NCCL INFO resp.opId=0x1512971ca270 matches expected opId=0x1512971ca270
rg31602:1354142:1354472 [0] NCCL INFO Connected to proxy localRank 0 -> connection 0x1512680050a8
rg31602:1354142:1354462 [0] NCCL INFO Allocated shareable buffer 0x1512c2000000 size 2097152 ipcDesc 0x15126800d3e0
rg31602:1354142:1354462 [0] NCCL INFO proxyProgressAsync opId=0x1512971ca270 op.type=3 op.reqBuff=0x15126800d3b0 op.respSize=88 done
rg31602:1354142:1354472 [0] NCCL INFO ncclPollProxyResponse Received new opId=0x1512971ca270
rg31602:1354142:1354462 [0] NCCL INFO Received and initiated operation=Setup res=0
rg31602:1354142:1354472 [0] NCCL INFO resp.opId=0x1512971ca270 matches expected opId=0x1512971ca270
rg31605:118366:118584 [3] NCCL INFO Allocated 33030532 bytes of shared memory in /dev/shm/nccl-OiUcnm
rg31605:118365:118583 [2] NCCL INFO Allocated 33030532 bytes of shared memory in /dev/shm/nccl-3lKcVA
rg31605:118364:118586 [1] NCCL INFO Allocated 33030532 bytes of shared memory in /dev/shm/nccl-ay0BOn
rg31602:1354145:1354461 [3] NCCL INFO Allocated 33030532 bytes of shared memory in /dev/shm/nccl-Jd8sdZ
rg31602:1354143:1354465 [1] NCCL INFO Allocated 33030532 bytes of shared memory in /dev/shm/nccl-SzYvXf
rg31602:1354144:1354463 [2] NCCL INFO Allocated 33030532 bytes of shared memory in /dev/shm/nccl-ajB5eI
rg31605:118366:118584 [3] NCCL INFO New proxy send connection 0 from local rank 3, transport 2
rg31605:118366:118584 [3] NCCL INFO proxyProgressAsync opId=0x15449aa1cf90 op.type=1 op.reqBuff=0x154468004ee0 op.respSize=16 done
rg31605:118366:118584 [3] NCCL INFO Received and initiated operation=Init res=0
rg31605:118366:118591 [3] NCCL INFO ncclPollProxyResponse Received new opId=0x15449aa1cf90
rg31605:118366:118591 [3] NCCL INFO resp.opId=0x15449aa1cf90 matches expected opId=0x15449aa1cf90
rg31605:118366:118591 [3] NCCL INFO Connected to proxy localRank 3 -> connection 0x154468004f40
rg31605:118366:118595 [3] NCCL INFO [Proxy Progress] Device 3 CPU core 46
rg31605:118366:118584 [3] NCCL INFO proxyProgressAsync opId=0x15449aa1cf90 op.type=3 op.reqBuff=0x154468009070 op.respSize=0 done
rg31605:118366:118584 [3] NCCL INFO Received and initiated operation=Setup res=0
rg31605:118366:118591 [3] NCCL INFO ncclPollProxyResponse Received new opId=0x15449aa1cf90
rg31605:118366:118591 [3] NCCL INFO resp.opId=0x15449aa1cf90 matches expected opId=0x15449aa1cf90
rg31605:118366:118591 [3] NCCL INFO Channel 01/0 : 7[3] -> 1[1] [send] via NET/IB/1
rg31605:118366:118584 [3] NCCL INFO New proxy send connection 1 from local rank 3, transport 2
rg31605:118366:118584 [3] NCCL INFO proxyProgressAsync opId=0x15449aa1cf90 op.type=1 op.reqBuff=0x1544680096e0 op.respSize=16 done
rg31605:118366:118591 [3] NCCL INFO ncclPollProxyResponse Received new opId=0x15449aa1cf90
rg31605:118366:118584 [3] NCCL INFO Received and initiated operation=Init res=0
rg31605:118366:118591 [3] NCCL INFO resp.opId=0x15449aa1cf90 matches expected opId=0x15449aa1cf90
rg31605:118366:118591 [3] NCCL INFO Connected to proxy localRank 3 -> connection 0x154468004fb8
rg31605:118366:118584 [3] NCCL INFO proxyProgressAsync opId=0x15449aa1cf90 op.type=3 op.reqBuff=0x154468009720 op.respSize=0 done
rg31605:118366:118584 [3] NCCL INFO Received and initiated operation=Setup res=0
rg31605:118366:118591 [3] NCCL INFO ncclPollProxyResponse Received new opId=0x15449aa1cf90
rg31605:118366:118591 [3] NCCL INFO resp.opId=0x15449aa1cf90 matches expected opId=0x15449aa1cf90
rg31605:118366:118591 [3] NCCL INFO Channel 03/0 : 7[3] -> 1[1] [send] via NET/IB/1
rg31605:118365:118583 [2] NCCL INFO New proxy send connection 2 from local rank 2, transport 2
rg31605:118365:118583 [2] NCCL INFO proxyProgressAsync opId=0x14a1971ca6d0 op.type=1 op.reqBuff=0x14a16400bc50 op.respSize=16 done
rg31605:118365:118592 [2] NCCL INFO ncclPollProxyResponse Received new opId=0x14a1971ca6d0
rg31605:118365:118583 [2] NCCL INFO Received and initiated operation=Init res=0
rg31605:118365:118592 [2] NCCL INFO resp.opId=0x14a1971ca6d0 matches expected opId=0x14a1971ca6d0
rg31605:118365:118592 [2] NCCL INFO Connected to proxy localRank 2 -> connection 0x14a164005030
rg31605:118365:118596 [2] NCCL INFO [Proxy Progress] Device 2 CPU core 8
rg31605:118365:118583 [2] NCCL INFO proxyProgressAsync opId=0x14a1971ca6d0 op.type=3 op.reqBuff=0x14a16400c190 op.respSize=0 done
rg31605:118365:118583 [2] NCCL INFO Received and initiated operation=Setup res=0
rg31605:118365:118592 [2] NCCL INFO ncclPollProxyResponse Received new opId=0x14a1971ca6d0
rg31605:118365:118592 [2] NCCL INFO resp.opId=0x14a1971ca6d0 matches expected opId=0x14a1971ca6d0
rg31605:118365:118592 [2] NCCL INFO Channel 00/0 : 6[2] -> 1[1] [send] via NET/IB/1
rg31605:118365:118583 [2] NCCL INFO New proxy send connection 3 from local rank 2, transport 2
rg31605:118365:118583 [2] NCCL INFO proxyProgressAsync opId=0x14a1971ca6d0 op.type=1 op.reqBuff=0x14a16400c800 op.respSize=16 done
rg31605:118365:118592 [2] NCCL INFO ncclPollProxyResponse Received new opId=0x14a1971ca6d0
rg31605:118365:118583 [2] NCCL INFO Received and initiated operation=Init res=0
rg31605:118365:118592 [2] NCCL INFO resp.opId=0x14a1971ca6d0 matches expected opId=0x14a1971ca6d0
rg31605:118365:118592 [2] NCCL INFO Connected to proxy localRank 2 -> connection 0x14a1640050a8
rg31605:118364:118586 [1] NCCL INFO New proxy recv connection 2 from local rank 1, transport 2
rg31605:118364:118586 [1] NCCL INFO proxyProgressAsync opId=0x14d7aea1cf90 op.type=1 op.reqBuff=0x14d77c00bc50 op.respSize=16 done
rg31605:118365:118583 [2] NCCL INFO proxyProgressAsync opId=0x14a1971ca6d0 op.type=3 op.reqBuff=0x14a16400c840 op.respSize=0 done
rg31605:118365:118583 [2] NCCL INFO Received and initiated operation=Setup res=0
rg31605:118364:118594 [1] NCCL INFO ncclPollProxyResponse Received new opId=0x14d7aea1cf90
rg31605:118364:118586 [1] NCCL INFO Received and initiated operation=Init res=0
rg31605:118365:118592 [2] NCCL INFO ncclPollProxyResponse Received new opId=0x14a1971ca6d0
rg31605:118365:118592 [2] NCCL INFO resp.opId=0x14a1971ca6d0 matches expected opId=0x14a1971ca6d0
rg31605:118365:118592 [2] NCCL INFO Channel 02/0 : 6[2] -> 1[1] [send] via NET/IB/1
rg31605:118364:118594 [1] NCCL INFO resp.opId=0x14d7aea1cf90 matches expected opId=0x14d7aea1cf90
rg31605:118364:118594 [1] NCCL INFO Connected to proxy localRank 1 -> connection 0x14d77c005030
rg31605:118364:118597 [1] NCCL INFO [Proxy Progress] Device 1 CPU core 34
rg31605:118364:118586 [1] NCCL INFO proxyProgressAsync opId=0x14d7aea1cf90 op.type=3 op.reqBuff=0x14d77c00c190 op.respSize=128 done
rg31605:118364:118594 [1] NCCL INFO ncclPollProxyResponse Received new opId=0x14d7aea1cf90
rg31605:118364:118586 [1] NCCL INFO Received and initiated operation=Setup res=0
rg31605:118364:118594 [1] NCCL INFO resp.opId=0x14d7aea1cf90 matches expected opId=0x14d7aea1cf90
rg31605:118364:118594 [1] NCCL INFO Channel 01/0 : 3[3] -> 5[1] [receive] via NET/IB/1
rg31605:118364:118586 [1] NCCL INFO New proxy recv connection 3 from local rank 1, transport 2
rg31605:118364:118586 [1] NCCL INFO proxyProgressAsync opId=0x14d7aea1cf90 op.type=1 op.reqBuff=0x14d77c00c940 op.respSize=16 done
rg31605:118364:118594 [1] NCCL INFO ncclPollProxyResponse Received new opId=0x14d7aea1cf90
rg31605:118364:118586 [1] NCCL INFO Received and initiated operation=Init res=0
rg31605:118364:118594 [1] NCCL INFO resp.opId=0x14d7aea1cf90 matches expected opId=0x14d7aea1cf90
rg31605:118364:118594 [1] NCCL INFO Connected to proxy localRank 1 -> connection 0x14d77c0050a8
rg31605:118364:118586 [1] NCCL INFO proxyProgressAsync opId=0x14d7aea1cf90 op.type=3 op.reqBuff=0x14d77c00c980 op.respSize=128 done
rg31605:118364:118594 [1] NCCL INFO ncclPollProxyResponse Received new opId=0x14d7aea1cf90
rg31605:118364:118586 [1] NCCL INFO Received and initiated operation=Setup res=0
rg31605:118364:118594 [1] NCCL INFO resp.opId=0x14d7aea1cf90 matches expected opId=0x14d7aea1cf90
rg31605:118364:118594 [1] NCCL INFO Channel 03/0 : 3[3] -> 5[1] [receive] via NET/IB/1
rg31602:1354145:1354461 [3] NCCL INFO New proxy send connection 0 from local rank 3, transport 2
rg31602:1354145:1354461 [3] NCCL INFO proxyProgressAsync opId=0x14cd171ca6d0 op.type=1 op.reqBuff=0x14cce4004ee0 op.respSize=16 done
rg31602:1354145:1354471 [3] NCCL INFO ncclPollProxyResponse Received new opId=0x14cd171ca6d0
rg31602:1354145:1354461 [3] NCCL INFO Received and initiated operation=Init res=0
rg31602:1354145:1354471 [3] NCCL INFO resp.opId=0x14cd171ca6d0 matches expected opId=0x14cd171ca6d0
rg31602:1354145:1354473 [3] NCCL INFO [Proxy Progress] Device 3 CPU core 47
rg31602:1354145:1354471 [3] NCCL INFO Connected to proxy localRank 3 -> connection 0x14cce4004f40
rg31602:1354145:1354461 [3] NCCL INFO proxyProgressAsync opId=0x14cd171ca6d0 op.type=3 op.reqBuff=0x14cce4009070 op.respSize=0 done
rg31602:1354145:1354461 [3] NCCL INFO Received and initiated operation=Setup res=0
rg31602:1354145:1354471 [3] NCCL INFO ncclPollProxyResponse Received new opId=0x14cd171ca6d0
rg31602:1354145:1354471 [3] NCCL INFO resp.opId=0x14cd171ca6d0 matches expected opId=0x14cd171ca6d0
rg31602:1354145:1354471 [3] NCCL INFO Channel 01/0 : 3[3] -> 5[1] [send] via NET/IB/1
rg31602:1354145:1354461 [3] NCCL INFO New proxy send connection 1 from local rank 3, transport 2
rg31602:1354145:1354461 [3] NCCL INFO proxyProgressAsync opId=0x14cd171ca6d0 op.type=1 op.reqBuff=0x14cce40096e0 op.respSize=16 done
rg31602:1354145:1354471 [3] NCCL INFO ncclPollProxyResponse Received new opId=0x14cd171ca6d0
rg31602:1354145:1354461 [3] NCCL INFO Received and initiated operation=Init res=0
rg31602:1354145:1354471 [3] NCCL INFO resp.opId=0x14cd171ca6d0 matches expected opId=0x14cd171ca6d0
rg31602:1354145:1354471 [3] NCCL INFO Connected to proxy localRank 3 -> connection 0x14cce4004fb8
rg31602:1354145:1354461 [3] NCCL INFO proxyProgressAsync opId=0x14cd171ca6d0 op.type=3 op.reqBuff=0x14cce4009720 op.respSize=0 done
rg31602:1354145:1354461 [3] NCCL INFO Received and initiated operation=Setup res=0
rg31602:1354145:1354471 [3] NCCL INFO ncclPollProxyResponse Received new opId=0x14cd171ca6d0
rg31602:1354145:1354471 [3] NCCL INFO resp.opId=0x14cd171ca6d0 matches expected opId=0x14cd171ca6d0
rg31602:1354145:1354471 [3] NCCL INFO Channel 03/0 : 3[3] -> 5[1] [send] via NET/IB/1
rg31602:1354145:1354461 [3] NCCL INFO New proxy recv connection 2 from local rank 3, transport 0
rg31602:1354145:1354461 [3] NCCL INFO proxyProgressAsync opId=0x14cd171ca6d0 op.type=1 op.reqBuff=0x14cce4009d90 op.respSize=16 done
rg31602:1354145:1354471 [3] NCCL INFO ncclPollProxyResponse Received new opId=0x14cd171ca6d0
rg31602:1354145:1354461 [3] NCCL INFO Received and initiated operation=Init res=0
rg31602:1354145:1354471 [3] NCCL INFO resp.opId=0x14cd171ca6d0 matches expected opId=0x14cd171ca6d0
rg31602:1354145:1354471 [3] NCCL INFO Connected to proxy localRank 3 -> connection 0x14cce4005030
rg31605:118364:118586 [1] NCCL INFO New proxy recv connection 4 from local rank 1, transport 2
rg31605:118364:118586 [1] NCCL INFO proxyProgressAsync opId=0x14d7aea1cf90 op.type=1 op.reqBuff=0x14d77c00c940 op.respSize=16 done
rg31605:118364:118594 [1] NCCL INFO ncclPollProxyResponse Received new opId=0x14d7aea1cf90
rg31605:118364:118586 [1] NCCL INFO Received and initiated operation=Init res=0
rg31605:118364:118594 [1] NCCL INFO resp.opId=0x14d7aea1cf90 matches expected opId=0x14d7aea1cf90
rg31605:118364:118594 [1] NCCL INFO Connected to proxy localRank 1 -> connection 0x14d77c005120
rg31605:118364:118586 [1] NCCL INFO proxyProgressAsync opId=0x14d7aea1cf90 op.type=3 op.reqBuff=0x14d77c00d0a0 op.respSize=128 done
rg31605:118364:118594 [1] NCCL INFO ncclPollProxyResponse Received new opId=0x14d7aea1cf90
rg31605:118364:118586 [1] NCCL INFO Received and initiated operation=Setup res=0
rg31602:1354145:1354461 [3] NCCL INFO Allocated shareable buffer 0x14cd3fa00000 size 10485760 ipcDesc 0x14cce4009e00
rg31602:1354145:1354461 [3] NCCL INFO proxyProgressAsync opId=0x14cd171ca6d0 op.type=3 op.reqBuff=0x14cce4009dd0 op.respSize=88 done
rg31602:1354145:1354471 [3] NCCL INFO ncclPollProxyResponse Received new opId=0x14cd171ca6d0
rg31602:1354145:1354461 [3] NCCL INFO Received and initiated operation=Setup res=0
rg31605:118364:118594 [1] NCCL INFO resp.opId=0x14d7aea1cf90 matches expected opId=0x14d7aea1cf90
rg31605:118364:118594 [1] NCCL INFO Channel 00/0 : 2[2] -> 5[1] [receive] via NET/IB/1
rg31602:1354145:1354471 [3] NCCL INFO resp.opId=0x14cd171ca6d0 matches expected opId=0x14cd171ca6d0
rg31605:118364:118586 [1] NCCL INFO New proxy recv connection 5 from local rank 1, transport 2
rg31605:118364:118586 [1] NCCL INFO proxyProgressAsync opId=0x14d7aea1cf90 op.type=1 op.reqBuff=0x14d77c00c940 op.respSize=16 done
rg31605:118364:118594 [1] NCCL INFO ncclPollProxyResponse Received new opId=0x14d7aea1cf90
rg31605:118364:118586 [1] NCCL INFO Received and initiated operation=Init res=0
rg31605:118364:118594 [1] NCCL INFO resp.opId=0x14d7aea1cf90 matches expected opId=0x14d7aea1cf90
rg31605:118364:118594 [1] NCCL INFO Connected to proxy localRank 1 -> connection 0x14d77c005198
rg31602:1354145:1354461 [3] NCCL INFO New proxy recv connection 3 from local rank 3, transport 0
rg31602:1354145:1354461 [3] NCCL INFO proxyProgressAsync opId=0x14cd171ca6d0 op.type=1 op.reqBuff=0x14cce400b750 op.respSize=16 done
rg31605:118364:118586 [1] NCCL INFO proxyProgressAsync opId=0x14d7aea1cf90 op.type=3 op.reqBuff=0x14d77c00d7c0 op.respSize=128 done
rg31605:118364:118594 [1] NCCL INFO ncclPollProxyResponse Received new opId=0x14d7aea1cf90
rg31602:1354145:1354471 [3] NCCL INFO ncclPollProxyResponse Received new opId=0x14cd171ca6d0
rg31602:1354145:1354461 [3] NCCL INFO Received and initiated operation=Init res=0
rg31602:1354145:1354471 [3] NCCL INFO resp.opId=0x14cd171ca6d0 matches expected opId=0x14cd171ca6d0
rg31602:1354145:1354471 [3] NCCL INFO Connected to proxy localRank 3 -> connection 0x14cce40050a8
rg31605:118364:118586 [1] NCCL INFO Received and initiated operation=Setup res=0
rg31605:118364:118594 [1] NCCL INFO resp.opId=0x14d7aea1cf90 matches expected opId=0x14d7aea1cf90
rg31605:118364:118594 [1] NCCL INFO Channel 02/0 : 2[2] -> 5[1] [receive] via NET/IB/1
rg31602:1354145:1354461 [3] NCCL INFO Allocated shareable buffer 0x14cd40400000 size 10485760 ipcDesc 0x14cce400b7a0
rg31602:1354145:1354461 [3] NCCL INFO proxyProgressAsync opId=0x14cd171ca6d0 op.type=3 op.reqBuff=0x14cce400b770 op.respSize=88 done
rg31602:1354145:1354471 [3] NCCL INFO ncclPollProxyResponse Received new opId=0x14cd171ca6d0
rg31602:1354145:1354461 [3] NCCL INFO Received and initiated operation=Setup res=0
rg31602:1354145:1354471 [3] NCCL INFO resp.opId=0x14cd171ca6d0 matches expected opId=0x14cd171ca6d0
rg31602:1354145:1354461 [3] NCCL INFO New proxy recv connection 4 from local rank 3, transport 0
rg31602:1354145:1354461 [3] NCCL INFO proxyProgressAsync opId=0x14cd171ca6d0 op.type=1 op.reqBuff=0x14cce400b770 op.respSize=16 done
rg31602:1354145:1354471 [3] NCCL INFO ncclPollProxyResponse Received new opId=0x14cd171ca6d0
rg31602:1354145:1354461 [3] NCCL INFO Received and initiated operation=Init res=0
rg31602:1354145:1354471 [3] NCCL INFO resp.opId=0x14cd171ca6d0 matches expected opId=0x14cd171ca6d0
rg31602:1354145:1354471 [3] NCCL INFO Connected to proxy localRank 3 -> connection 0x14cce4005120
rg31602:1354145:1354461 [3] NCCL INFO Allocated shareable buffer 0x14cd40e00000 size 10485760 ipcDesc 0x14cce400cec0
rg31602:1354145:1354461 [3] NCCL INFO proxyProgressAsync opId=0x14cd171ca6d0 op.type=3 op.reqBuff=0x14cce400ce90 op.respSize=88 done
rg31602:1354145:1354471 [3] NCCL INFO ncclPollProxyResponse Received new opId=0x14cd171ca6d0
rg31602:1354145:1354461 [3] NCCL INFO Received and initiated operation=Setup res=0
rg31602:1354145:1354471 [3] NCCL INFO resp.opId=0x14cd171ca6d0 matches expected opId=0x14cd171ca6d0
rg31602:1354145:1354461 [3] NCCL INFO New proxy recv connection 5 from local rank 3, transport 0
rg31602:1354145:1354461 [3] NCCL INFO proxyProgressAsync opId=0x14cd171ca6d0 op.type=1 op.reqBuff=0x14cce400ce90 op.respSize=16 done
rg31602:1354143:1354465 [1] NCCL INFO New proxy recv connection 2 from local rank 1, transport 2
rg31602:1354143:1354465 [1] NCCL INFO proxyProgressAsync opId=0x1466ef1ced80 op.type=1 op.reqBuff=0x1466bc00bc50 op.respSize=16 done
rg31602:1354145:1354471 [3] NCCL INFO ncclPollProxyResponse Received new opId=0x14cd171ca6d0
rg31602:1354145:1354461 [3] NCCL INFO Received and initiated operation=Init res=0
rg31602:1354145:1354471 [3] NCCL INFO resp.opId=0x14cd171ca6d0 matches expected opId=0x14cd171ca6d0
rg31602:1354143:1354469 [1] NCCL INFO ncclPollProxyResponse Received new opId=0x1466ef1ced80
rg31602:1354143:1354465 [1] NCCL INFO Received and initiated operation=Init res=0
rg31602:1354145:1354471 [3] NCCL INFO Connected to proxy localRank 3 -> connection 0x14cce4005198
rg31602:1354143:1354469 [1] NCCL INFO resp.opId=0x1466ef1ced80 matches expected opId=0x1466ef1ced80
rg31602:1354143:1354469 [1] NCCL INFO Connected to proxy localRank 1 -> connection 0x1466bc005030
rg31602:1354143:1354474 [1] NCCL INFO [Proxy Progress] Device 1 CPU core 34
rg31602:1354143:1354465 [1] NCCL INFO proxyProgressAsync opId=0x1466ef1ced80 op.type=3 op.reqBuff=0x1466bc00c190 op.respSize=128 done
rg31602:1354143:1354469 [1] NCCL INFO ncclPollProxyResponse Received new opId=0x1466ef1ced80
rg31602:1354145:1354461 [3] NCCL INFO Allocated shareable buffer 0x14cd41800000 size 10485760 ipcDesc 0x14cce400e5e0
rg31602:1354145:1354461 [3] NCCL INFO proxyProgressAsync opId=0x14cd171ca6d0 op.type=3 op.reqBuff=0x14cce400e5b0 op.respSize=88 done
rg31602:1354145:1354471 [3] NCCL INFO ncclPollProxyResponse Received new opId=0x14cd171ca6d0
rg31602:1354143:1354465 [1] NCCL INFO Received and initiated operation=Setup res=0
rg31602:1354143:1354469 [1] NCCL INFO resp.opId=0x1466ef1ced80 matches expected opId=0x1466ef1ced80
rg31602:1354143:1354469 [1] NCCL INFO Channel 01/0 : 7[3] -> 1[1] [receive] via NET/IB/1
rg31602:1354145:1354461 [3] NCCL INFO Received and initiated operation=Setup res=0
rg31602:1354145:1354471 [3] NCCL INFO resp.opId=0x14cd171ca6d0 matches expected opId=0x14cd171ca6d0
rg31602:1354143:1354465 [1] NCCL INFO New proxy recv connection 3 from local rank 1, transport 2
rg31602:1354143:1354465 [1] NCCL INFO proxyProgressAsync opId=0x1466ef1ced80 op.type=1 op.reqBuff=0x1466bc00c940 op.respSize=16 done
rg31602:1354143:1354469 [1] NCCL INFO ncclPollProxyResponse Received new opId=0x1466ef1ced80
rg31602:1354143:1354465 [1] NCCL INFO Received and initiated operation=Init res=0
rg31602:1354143:1354469 [1] NCCL INFO resp.opId=0x1466ef1ced80 matches expected opId=0x1466ef1ced80
rg31602:1354143:1354469 [1] NCCL INFO Connected to proxy localRank 1 -> connection 0x1466bc0050a8
rg31602:1354143:1354465 [1] NCCL INFO proxyProgressAsync opId=0x1466ef1ced80 op.type=3 op.reqBuff=0x1466bc00c980 op.respSize=128 done
rg31602:1354143:1354469 [1] NCCL INFO ncclPollProxyResponse Received new opId=0x1466ef1ced80
rg31602:1354143:1354465 [1] NCCL INFO Received and initiated operation=Setup res=0
rg31602:1354143:1354469 [1] NCCL INFO resp.opId=0x1466ef1ced80 matches expected opId=0x1466ef1ced80
rg31602:1354143:1354469 [1] NCCL INFO Channel 03/0 : 7[3] -> 1[1] [receive] via NET/IB/1
rg31602:1354145:1354471 [3] NCCL INFO Channel 00/0 : 3[3] -> 2[2] via P2P/CUMEM
rg31602:1354145:1354461 [3] NCCL INFO New proxy send connection 6 from local rank 3, transport 0
rg31602:1354145:1354461 [3] NCCL INFO proxyProgressAsync opId=0x14cd171ca6d0 op.type=1 op.reqBuff=0x14cce400e5b0 op.respSize=16 done
rg31602:1354145:1354471 [3] NCCL INFO ncclPollProxyResponse Received new opId=0x14cd171ca6d0
rg31602:1354145:1354461 [3] NCCL INFO Received and initiated operation=Init res=0
rg31602:1354145:1354471 [3] NCCL INFO resp.opId=0x14cd171ca6d0 matches expected opId=0x14cd171ca6d0
rg31602:1354145:1354471 [3] NCCL INFO Connected to proxy localRank 3 -> connection 0x14cce4005210
rg31602:1354145:1354461 [3] NCCL INFO Allocated shareable buffer 0x14cd42200000 size 2097152 ipcDesc 0x14cce400fd00
rg31602:1354145:1354461 [3] NCCL INFO proxyProgressAsync opId=0x14cd171ca6d0 op.type=3 op.reqBuff=0x14cce400fcd0 op.respSize=88 done
rg31602:1354145:1354471 [3] NCCL INFO ncclPollProxyResponse Received new opId=0x14cd171ca6d0
rg31602:1354145:1354461 [3] NCCL INFO Received and initiated operation=Setup res=0
rg31602:1354143:1354465 [1] NCCL INFO New proxy recv connection 4 from local rank 1, transport 2
rg31602:1354143:1354465 [1] NCCL INFO proxyProgressAsync opId=0x1466ef1ced80 op.type=1 op.reqBuff=0x1466bc00c940 op.respSize=16 done
rg31602:1354143:1354469 [1] NCCL INFO ncclPollProxyResponse Received new opId=0x1466ef1ced80
rg31602:1354145:1354471 [3] NCCL INFO resp.opId=0x14cd171ca6d0 matches expected opId=0x14cd171ca6d0
rg31602:1354145:1354471 [3] NCCL INFO Channel 02/0 : 3[3] -> 2[2] via P2P/CUMEM
rg31602:1354143:1354465 [1] NCCL INFO Received and initiated operation=Init res=0
rg31602:1354143:1354469 [1] NCCL INFO resp.opId=0x1466ef1ced80 matches expected opId=0x1466ef1ced80
rg31602:1354143:1354469 [1] NCCL INFO Connected to proxy localRank 1 -> connection 0x1466bc005120
rg31602:1354145:1354461 [3] NCCL INFO New proxy send connection 7 from local rank 3, transport 0
rg31602:1354145:1354461 [3] NCCL INFO proxyProgressAsync opId=0x14cd171ca6d0 op.type=1 op.reqBuff=0x14cce400fcd0 op.respSize=16 done
rg31602:1354143:1354465 [1] NCCL INFO proxyProgressAsync opId=0x1466ef1ced80 op.type=3 op.reqBuff=0x1466bc00d0a0 op.respSize=128 done
rg31602:1354145:1354471 [3] NCCL INFO ncclPollProxyResponse Received new opId=0x14cd171ca6d0
rg31602:1354145:1354461 [3] NCCL INFO Received and initiated operation=Init res=0
rg31602:1354145:1354471 [3] NCCL INFO resp.opId=0x14cd171ca6d0 matches expected opId=0x14cd171ca6d0
rg31602:1354145:1354471 [3] NCCL INFO Connected to proxy localRank 3 -> connection 0x14cce4005288
rg31602:1354143:1354469 [1] NCCL INFO ncclPollProxyResponse Received new opId=0x1466ef1ced80
rg31602:1354143:1354465 [1] NCCL INFO Received and initiated operation=Setup res=0
rg31602:1354143:1354469 [1] NCCL INFO resp.opId=0x1466ef1ced80 matches expected opId=0x1466ef1ced80
rg31602:1354143:1354469 [1] NCCL INFO Channel 00/0 : 6[2] -> 1[1] [receive] via NET/IB/1
rg31602:1354143:1354465 [1] NCCL INFO New proxy recv connection 5 from local rank 1, transport 2
rg31602:1354143:1354465 [1] NCCL INFO proxyProgressAsync opId=0x1466ef1ced80 op.type=1 op.reqBuff=0x1466bc00c940 op.respSize=16 done
rg31602:1354142:1354462 [0] NCCL INFO New proxy recv connection 4 from local rank 0, transport 0
rg31602:1354142:1354462 [0] NCCL INFO proxyProgressAsync opId=0x1512971ca270 op.type=1 op.reqBuff=0x15126800d3b0 op.respSize=16 done
rg31602:1354143:1354469 [1] NCCL INFO ncclPollProxyResponse Received new opId=0x1466ef1ced80
rg31602:1354143:1354465 [1] NCCL INFO Received and initiated operation=Init res=0
rg31602:1354143:1354469 [1] NCCL INFO resp.opId=0x1466ef1ced80 matches expected opId=0x1466ef1ced80
rg31602:1354143:1354469 [1] NCCL INFO Connected to proxy localRank 1 -> connection 0x1466bc005198
rg31602:1354142:1354472 [0] NCCL INFO ncclPollProxyResponse Received new opId=0x1512971ca270
rg31602:1354142:1354462 [0] NCCL INFO Received and initiated operation=Init res=0
rg31602:1354142:1354472 [0] NCCL INFO resp.opId=0x1512971ca270 matches expected opId=0x1512971ca270
rg31602:1354142:1354472 [0] NCCL INFO Connected to proxy localRank 0 -> connection 0x151268005120
rg31605:118366:118584 [3] NCCL INFO New proxy recv connection 2 from local rank 3, transport 0
rg31605:118366:118584 [3] NCCL INFO proxyProgressAsync opId=0x15449aa1cf90 op.type=1 op.reqBuff=0x154468009d90 op.respSize=16 done
rg31605:118366:118591 [3] NCCL INFO ncclPollProxyResponse Received new opId=0x15449aa1cf90
rg31602:1354143:1354465 [1] NCCL INFO proxyProgressAsync opId=0x1466ef1ced80 op.type=3 op.reqBuff=0x1466bc00d7c0 op.respSize=128 done
rg31602:1354143:1354469 [1] NCCL INFO ncclPollProxyResponse Received new opId=0x1466ef1ced80
rg31602:1354143:1354465 [1] NCCL INFO Received and initiated operation=Setup res=0
rg31602:1354143:1354469 [1] NCCL INFO resp.opId=0x1466ef1ced80 matches expected opId=0x1466ef1ced80
rg31602:1354143:1354469 [1] NCCL INFO Channel 02/0 : 6[2] -> 1[1] [receive] via NET/IB/1
rg31602:1354145:1354461 [3] NCCL INFO Allocated shareable buffer 0x14cd42400000 size 2097152 ipcDesc 0x14cce4011420
rg31602:1354145:1354461 [3] NCCL INFO proxyProgressAsync opId=0x14cd171ca6d0 op.type=3 op.reqBuff=0x14cce40113f0 op.respSize=88 done
rg31602:1354145:1354471 [3] NCCL INFO ncclPollProxyResponse Received new opId=0x14cd171ca6d0
rg31602:1354145:1354461 [3] NCCL INFO Received and initiated operation=Setup res=0
rg31602:1354145:1354471 [3] NCCL INFO resp.opId=0x14cd171ca6d0 matches expected opId=0x14cd171ca6d0
rg31602:1354144:1354463 [2] NCCL INFO New proxy send connection 2 from local rank 2, transport 2
rg31602:1354144:1354463 [2] NCCL INFO proxyProgressAsync opId=0x1535071ced80 op.type=1 op.reqBuff=0x1534d400bc50 op.respSize=16 done
rg31602:1354144:1354470 [2] NCCL INFO ncclPollProxyResponse Received new opId=0x1535071ced80
rg31602:1354144:1354463 [2] NCCL INFO Received and initiated operation=Init res=0
rg31602:1354144:1354470 [2] NCCL INFO resp.opId=0x1535071ced80 matches expected opId=0x1535071ced80
rg31605:118366:118584 [3] NCCL INFO Received and initiated operation=Init res=0
rg31605:118366:118591 [3] NCCL INFO resp.opId=0x15449aa1cf90 matches expected opId=0x15449aa1cf90
rg31605:118366:118591 [3] NCCL INFO Connected to proxy localRank 3 -> connection 0x154468005030
rg31602:1354144:1354470 [2] NCCL INFO Connected to proxy localRank 2 -> connection 0x1534d4005030
